07-17 13:05:53.819     0     0 W         : (5)[293:mtk-tpd][FTS]touch_event_handler start
07-17 13:05:53.820     0     0 W (5)[293:mtk-tpd][FTS][B]P0(168, 1253)[p: 63,tm:4] DOWN!
07-17 13:05:53.828     0     0 W         : (5)[293:mtk-tpd][FTS]touch_event_handler start
07-17 13:05:53.829     0     0 W (5)[293:mtk-tpd][FTS][B]P0(168, 1253)[p: 64,tm:4] DOWN!
07-17 13:05:53.837     0     0 W         : (5)[293:mtk-tpd][FTS]touch_event_handler start
07-17 13:05:53.838     0     0 W (5)[293:mtk-tpd][FTS][B]P0(168, 1253)[p: 65,tm:4] DOWN!
07-17 13:05:53.844   329   329 I (0)[329:recovery]mtk-tpd: [tpd_fb_notifier_callback:428] tpd_fb_notifier_callback
07-17 13:05:53.846     0     0 W         : (5)[293:mtk-tpd][FTS]touch_event_handler start
07-17 13:05:53.847     0     0 W (4)[293:mtk-tpd][FTS][B]P0(168, 1253)[p: 66,tm:4] DOWN!
07-17 13:05:53.854     0     0 W         : (4)[293:mtk-tpd][FTS]touch_event_handler start
07-17 13:05:53.855     0     0 W (4)[293:mtk-tpd][FTS][B]P0(168, 1253)[p: 67,tm:4] DOWN!
07-17 13:05:53.863     0     0 W         : (4)[293:mtk-tpd][FTS]touch_event_handler start
07-17 13:05:53.864     0     0 W (4)[293:mtk-tpd][FTS][B]P0(168, 1253)[p: 68,tm:4] DOWN!
07-17 13:05:53.872     0     0 W         : (4)[293:mtk-tpd][FTS]touch_event_handler start
07-17 13:05:53.873     0     0 W (4)[293:mtk-tpd][FTS][B]P0(168, 1253)[p: 68,tm:4] DOWN!
07-17 13:05:53.881     0     0 W         : (4)[293:mtk-tpd][FTS]touch_event_handler start
07-17 13:05:53.882     0     0 W (4)[293:mtk-tpd][FTS][B]P0(168, 1253)[p: 68,tm:4] DOWN!
07-17 13:05:53.889     0     0 W         : (4)[293:mtk-tpd][FTS]touch_event_handler start
07-17 13:05:53.890   329   329 I (0)[329:recovery]mtk-tpd: [tpd_fb_notifier_callback:428] tpd_fb_notifier_callback
07-17 13:05:53.891     0     0 W (4)[293:mtk-tpd][FTS][B]P0(168, 1253)[p: 68,tm:4] DOWN!
07-17 13:05:53.898     0     0 W         : (4)[293:mtk-tpd][FTS]touch_event_handler start
07-17 13:05:53.899     0     0 W         : (4)[293:mtk-tpd][FTS][B]P0 UP!
07-17 13:05:53.899     0     0 W         : (4)[293:mtk-tpd][FTS][B]Points All Up!
07-17 13:05:53.937   329   329 I (0)[329:recovery]mtk-tpd: [tpd_fb_notifier_callback:428] tpd_fb_notifier_callback
07-17 13:05:53.969   329   329 I (0)[329:recovery]mtk-tpd: [tpd_fb_notifier_callback:428] tpd_fb_notifier_callback
07-17 13:05:54.102   382   382 I         : (6)[382:kworker/6:2]usb_state<DISCONNECTED>
07-17 13:05:55.002     0     0 I         : -(0)[0:swapper/0]tick broadcast enter counter cpu: 196, 15, 21, 5, 300, 315, 259, 118, success counter cpu: 12, 7, 7, 0, 107, 157, 108, 58, fail counter cpu: 0, 0, 0, 0, 0, 0, 0, 0, interrupt counter cpu: 22, 8, 12, 5, 176, 211, 177, 104, o: 1-7, p: , f: , t:  50520952001, 61895376156, 55772000000, 50780000000, 50505640309, 50052155156, 50172000000, 51537178002,
07-17 13:05:55.015     0     0 I -(5)[0:swapper/5]Power/swap CNT(soidle): [0] = (0), [1] = (0), [2] = (0), [3] = (0), [4] = (0), [5] = (0), [6] = (0), [7] = (0),
07-17 13:05:55.015     0     0 I -(5)[0:swapper/5]Power/swap soidle_block_cnt: [BY_FRM] = 3136,
07-17 13:05:55.015     0     0 I -(5)[0:swapper/5]Power/swap soidle_block_mask: 0x00000000, 0x00000000, 0x00000000, 0x00000000, 0x00000000, 0x00000000, idle_pll_block_mask: 0x00000000
07-17 13:05:55.015     0     0 I -(5)[0:swapper/5][resource_req_block] user: 0x4, 0x0
07-17 13:05:55.108     0     0 W         : (4)[293:mtk-tpd][FTS]touch_event_handler start
07-17 13:05:55.109     0     0 W (4)[293:mtk-tpd][FTS][B]P0(460, 627)[p: 127,tm:8] DOWN!
07-17 13:05:55.117     0     0 W         : (4)[293:mtk-tpd][FTS]touch_event_handler start
07-17 13:05:55.118     0     0 W (4)[293:mtk-tpd][FTS][B]P0(460, 627)[p: 127,tm:8] DOWN!
07-17 13:05:55.126     0     0 W         : (4)[293:mtk-tpd][FTS]touch_event_handler start
07-17 13:05:55.127     0     0 W (5)[293:mtk-tpd][FTS][B]P0(460, 627)[p: 127,tm:8] DOWN!
07-17 13:05:55.134     0     0 W         : (5)[293:mtk-tpd][FTS]touch_event_handler start
07-17 13:05:55.135     0     0 W (5)[293:mtk-tpd][FTS][B]P0(460, 627)[p: 127,tm:8] DOWN!
07-17 13:05:55.143     0     0 W         : (5)[293:mtk-tpd][FTS]touch_event_handler start
07-17 13:05:55.144     0     0 W (5)[293:mtk-tpd][FTS][B]P0(460, 627)[p: 127,tm:8] DOWN!
07-17 13:05:55.152     0     0 W         : (5)[293:mtk-tpd][FTS]touch_event_handler start
07-17 13:05:55.153     0     0 W (5)[293:mtk-tpd][FTS][B]P0(460, 627)[p: 127,tm:8] DOWN!
07-17 13:05:55.161     0     0 W         : (5)[293:mtk-tpd][FTS]touch_event_handler start
07-17 13:05:55.162     0     0 W (5)[293:mtk-tpd][FTS][B]P0(460, 627)[p: 127,tm:8] DOWN!
07-17 13:05:55.170     0     0 W         : (5)[293:mtk-tpd][FTS]touch_event_handler start
07-17 13:05:55.170     0     0 W (5)[293:mtk-tpd][FTS][B]P0(460, 627)[p: 127,tm:8] DOWN!
07-17 13:05:55.174   329   329 I (0)[329:recovery]mtk-tpd: [tpd_fb_notifier_callback:428] tpd_fb_notifier_callback
07-17 13:05:55.178     0     0 W         : (5)[293:mtk-tpd][FTS]touch_event_handler start
07-17 13:05:55.179     0     0 W (5)[293:mtk-tpd][FTS][B]P0(460, 627)[p: 126,tm:7] DOWN!
07-17 13:05:55.187     0     0 W         : (5)[293:mtk-tpd][FTS]touch_event_handler start
07-17 13:05:55.188     0     0 W (5)[293:mtk-tpd][FTS][B]P0(460, 627)[p: 126,tm:7] DOWN!
07-17 13:05:55.195     0     0 W         : (5)[293:mtk-tpd][FTS]touch_event_handler start
07-17 13:05:55.196     0     0 W         : (5)[293:mtk-tpd][FTS][B]P0 UP!
07-17 13:05:55.196     0     0 W         : (5)[293:mtk-tpd][FTS][B]Points All Up!
07-17 13:05:55.237   329   329 I (0)[329:recovery]mtk-tpd: [tpd_fb_notifier_callback:428] tpd_fb_notifier_callback
07-17 13:05:55.284   329   329 I (0)[329:recovery]mtk-tpd: [tpd_fb_notifier_callback:428] tpd_fb_notifier_callback
07-17 13:05:56.435     0     0 I (6)[0:swapper/6]Power/swap DP: No enter --- SODI3: No enter --- SODI: No enter ---
07-17 13:05:56.436     0     0 I (6)[0:swapper/6]mcdi cpu: 194, 15, 18, 5, 400, 304, 97, 75, cluster : 165, 487, pause = 331, multi core = 32, latency = 0, residency = 1, last core = 330, avail cpu = 00ff, cluster = 0003, enabled = 1, max_s_state = 5, system_idle_hint = 00000000
07-17 13:05:56.492   236   236 I         : (7)[236:battery_thread][fg_drv_update_hw_status]=>
07-17 13:05:56.492   236   236 I         : (7)[236:battery_thread][fgauge_read_current] final current=3886 (ratio=920)
07-17 13:05:56.492   236   236 I         : (7)[236:battery_thread][CH3_DBG] bat_cur = -3886
07-17 13:05:56.493   236   236 I (7)[236:battery_thread]mt635x-auxadc mt-pmic: mt635x-auxadc: name:BAT_TEMP, channel=3, adc_out=0x484, adc_result=508
07-17 13:05:56.493   236   236 I         : (7)[236:battery_thread][fgauge_read_current] final current=3886 (ratio=920)
07-17 13:05:56.493   236   236 I         : (7)[236:battery_thread][BattVoltToTemp] 514 16900 1800 6
07-17 13:05:56.493   236   236 I         : (7)[236:battery_thread][force_get_tbat] 508,514,0,388,100,358 r:75 100 0
07-17 13:05:56.493   236   236 I (7)[236:battery_thread][force_get_tbat] t: 35 precise:358
07-17 13:05:56.493   236   236 I         : (7)[236:battery_thread][fg_bat_temp_int_sw_check] tmp 35 lt 65535 ht 65535
07-17 13:05:56.493   236   236 I         : (7)[236:battery_thread][fg_bat_sw_temp_int_l_handler]
07-17 13:05:56.493   236   236 I         : (7)[236:battery_thread][fgauge_read_current] final current=3756 (ratio=920)
07-17 13:05:56.493   236   236 I         : (7)[236:battery_thread][CH3_DBG] bat_cur = -3756
07-17 13:05:56.494   236   236 I (7)[236:battery_thread]mt635x-auxadc mt-pmic: mt635x-auxadc: name:BAT_TEMP, channel=3, adc_out=0x485, adc_result=508
07-17 13:05:56.494   236   236 I         : (7)[236:battery_thread][fgauge_read_current] final current=3756 (ratio=920)
07-17 13:05:56.494   236   236 I         : (7)[236:battery_thread][BattVoltToTemp] 514 16900 1800 6
07-17 13:05:56.494   236   236 I         : (7)[236:battery_thread][force_get_tbat] 508,514,0,375,100,358 r:75 100 0
07-17 13:05:56.494   236   236 I (7)[236:battery_thread][force_get_tbat] t: 35 precise:358
07-17 13:05:56.495   236   236 I         : (7)[236:battery_thread]mtk_battery boot mode =2
07-17 13:05:56.495   236   236 I         : (7)[236:battery_thread][fgauge_read_current] final current=3756 (ratio=920)
07-17 13:05:56.495   236   236 I         : (7)[236:battery_thread][CH3_DBG] bat_cur = -3756
07-17 13:05:56.496   236   236 I (7)[236:battery_thread]mt635x-auxadc mt-pmic: mt635x-auxadc: name:BAT_TEMP, channel=3, adc_out=0x485, adc_result=508
07-17 13:05:56.496   236   236 I         : (7)[236:battery_thread][fgauge_read_current] final current=3701 (ratio=920)
07-17 13:05:56.496   236   236 I         : (7)[236:battery_thread][BattVoltToTemp] 514 16900 1800 6
07-17 13:05:56.496   236   236 I         : (7)[236:battery_thread][force_get_tbat] 508,514,0,370,100,358 r:75 100 0
07-17 13:05:56.496   236   236 I (7)[236:battery_thread][force_get_tbat] t: 35 precise:358
07-17 13:05:56.496   236   236 I (7)[236:battery_thread]act: 5 table: 50 25 10 0 -10 -25 -30 -35 -40 -45
07-17 13:05:56.496   236   236 I         : (7)[236:battery_thread]active_table_no is 5, 0 1
07-17 13:05:56.496   236   236 I (7)[236:battery_thread]table[0]: 50
07-17 13:05:56.496   236   236 I (7)[236:battery_thread]table[1]: 25
07-17 13:05:56.496   236   236 I (7)[236:battery_thread]table[2]: 10
07-17 13:05:56.496   236   236 I (7)[236:battery_thread]table[3]: 0
07-17 13:05:56.496   236   236 I (7)[236:battery_thread]table[4]: -10
07-17 13:05:56.496   236   236 I         : (7)[236:battery_thread][fr] FG_DAEMON_CMD_GET_RAC = 201
07-17 13:05:56.496   236   236 I (7)[236:battery_thread]send_to_kernel=FG_DAEMON_CMD_GET_RAC: 0 201
07-17 13:05:56.502   236   236 I         : (7)[236:battery_thread][fgauge_read_IM_current] final current=3935 (ratio=920)
07-17 13:05:56.502   236   236 I (7)[236:battery_thread]do_ptim_internal: bat 39021 cur 3935
07-17 13:05:56.502   236   236 I         : (7)[236:battery_thread][fr] PTIM V 39021 I -3935
07-17 13:05:56.502   236   236 I (7)[236:battery_thread]send_to_kernel=FG_DAEMON_CMD_GET_PTIM_VBAT: 0 39021
07-17 13:05:56.503   236   236 I         : (7)[236:battery_thread][fr] FG_DAEMON_CMD_GET_PTIM_I = -3935
07-17 13:05:56.503   236   236 I (7)[236:battery_thread]send_to_kernel=FG_DAEMON_CMD_GET_PTIM_I: 0 -3935
07-17 13:05:56.503   236   236 I         : (7)[236:battery_thread][fgauge_read_current] final current=3935 (ratio=920)
07-17 13:05:56.503   236   236 I         : (7)[236:battery_thread][CH3_DBG] bat_cur = -3935
07-17 13:05:56.503   236   236 I (7)[236:battery_thread]mt635x-auxadc mt-pmic: mt635x-auxadc: name:BAT_TEMP, channel=3, adc_out=0x485, adc_result=508
07-17 13:05:56.504   236   236 I         : (7)[236:battery_thread][fgauge_read_current] final current=3819 (ratio=920)
07-17 13:05:56.504   236   236 I         : (7)[236:battery_thread][BattVoltToTemp] 514 16900 1800 6
07-17 13:05:56.504   236   236 I         : (7)[236:battery_thread][force_get_tbat] 508,514,0,381,100,358 r:75 100 0
07-17 13:05:56.504   236   236 I (7)[236:battery_thread][force_get_tbat] t: 35 precise:358
07-17 13:05:56.504   236   236 I         : (7)[236:battery_thread][fg_construct_vboot] idx 254 T_NEW 35 T_table 0 T_table_c 35 qmax_sel 1
07-17 13:05:56.504   236   236 I         : (7)[236:battery_thread][fg_construct_by_vboot]index 254 idx:100 _vboot:33600 0 qmax_t_0ma_tb1:44020
07-17 13:05:56.504   236   236 I (7)[236:battery_thread][fg_compensate_battery_voltage_from_low]size: 100 oriv=33500 I:-5000
07-17 13:05:56.504   236   236 I         : (7)[236:battery_thread][fg_compensate_battery_voltage_from_low]find high=99,[10000][9898]
07-17 13:05:56.504   236   236 I         : (7)[236:battery_thread][fg_compensate_battery_voltage_from_low] h_percent=[9898,9798],high=98,fg_volt_withIR=33997 > oriv=33500
07-17 13:05:56.504   236   236 I (7)[236:battery_thread][fg_compensate_battery_voltage_from_low]fg_volt=34671,98,IR=-1153,orig_33500,+IR=33518,percent=9878,
07-17 13:05:56.504   236   236 I         : (7)[236:battery_thread][fg_construct_by_vboot]index 254 idx:98 _vboot:34671 34556 qmax_t_0ma_tb1:43486
07-17 13:05:56.504   236   236 I         : (7)[236:battery_thread][fg_construct_vboot]idx 254 T_NEW 35 T_table 0 T_table_c 35 qmax_sel 1 vboot_t=[33600:0:34671] 33500 5000 rac 201
07-17 13:05:56.504   236   236 I         : (7)[236:battery_thread][fg_construct_vboot] qmax_sel=1 iboot_sel=0 iboot:5000 vbat:39021 i:-3935 vboot:0 34671 33600
07-17 13:05:56.504   236   236 I         : (7)[236:battery_thread][fg_construct_vboot][by_vboot]qmax_sel 1 vboot_t 33600 vboot 0 34671 pmic_min_vol 33500 iboot 5000 rac 201
07-17 13:05:56.504   236   236 I         : (7)[236:battery_thread][fg_update_c_dod]
07-17 13:05:56.504   236   236 I         : (7)[236:battery_thread][fgauge_read_columb_internal] CAR=-59 r_fg_value=100 car_tune_value=920
07-17 13:05:56.504   236   236 I         : (7)[236:battery_thread][fr] BATTERY_METER_CMD_GET_FG_HW_CAR = -59
07-17 13:05:56.504   236   236 I (7)[236:battery_thread]send_to_kernel=FG_DAEMON_CMD_GET_FG_HW_CAR: 0 -59
07-17 13:05:56.504   236   236 I         : (7)[236:battery_thread][fg_update_quse]aging_sel 0 qmax_t_0ma_tb1 43486 quse_tb1 [43486] aging[10000]
07-17 13:05:56.504   236   236 I (7)[236:battery_thread][FGADC] OCV_to_DOD: voltage:39878 dod:3598 highidx:36
07-17 13:05:56.504   236   236 I         : (7)[236:battery_thread][fg_update_c_dod] fg_c_dod 3611 fg_c_d0_dod 3598 car -59 quse_tb1 43486 fg_c_soc 6389
07-17 13:05:56.505   236   236 I         : (7)[236:battery_thread][fgauge_read_current] final current=3819 (ratio=920)
07-17 13:05:56.505   236   236 I         : (7)[236:battery_thread][CH3_DBG] bat_cur = -3819
07-17 13:05:56.505   236   236 I (7)[236:battery_thread]mt635x-auxadc mt-pmic: mt635x-auxadc: name:BAT_TEMP, channel=3, adc_out=0x484, adc_result=508
07-17 13:05:56.506   236   236 I         : (7)[236:battery_thread][fgauge_read_current] final current=3749 (ratio=920)
07-17 13:05:56.506   236   236 I         : (7)[236:battery_thread][BattVoltToTemp] 514 16900 1800 6
07-17 13:05:56.506   236   236 I         : (7)[236:battery_thread][force_get_tbat] 508,514,0,374,100,358 r:75 100 0
07-17 13:05:56.506   236   236 I (7)[236:battery_thread][force_get_tbat] t: 35 precise:358
07-17 13:05:56.506   236   236 I         : (7)[236:battery_thread][fr][FG_TEMP_INT] FG_DAEMON_CMD_SET_FG_BAT_TMP_C_GAP = 1 ht:36 lt:34
07-17 13:05:56.506   236   236 I         : (7)[236:battery_thread]send_to_kernel=FG_DAEMON_CMD_SET_FG_BAT_TMP_C_GAP 1 1
07-17 13:05:56.506   236   236 I         : (7)[236:battery_thread][fgauge_read_columb_internal] CAR=-59 r_fg_value=100 car_tune_value=920
07-17 13:05:56.506   236   236 I         : (7)[236:battery_thread][fr] BATTERY_METER_CMD_GET_FG_HW_CAR = -59
07-17 13:05:56.506   236   236 I (7)[236:battery_thread]send_to_kernel=FG_DAEMON_CMD_GET_FG_HW_CAR: 0 -59
07-17 13:05:56.507   236   236 I         : (7)[236:battery_thread][fgauge_read_columb_internal] CAR=-59 r_fg_value=100 car_tune_value=920
07-17 13:05:56.507   236   236 I         : (7)[236:battery_thread][read_fg_hw_info] curr_1 -3749 curr_2 -3753 car -59
07-17 13:05:56.507   236   236 I (7)[236:battery_thread]send_to_kernel=FG_DAEMON_CMD_GET_HW_INFO: 1024 1024
07-17 13:05:56.508   236   236 I         : (7)[236:battery_thread][MDRT_ADC] OLD = 0x2deb, NOW = 0x2e1d, CNT = 0
07-17 13:05:56.508   236   236 I         : (7)[236:battery_thread][fr] FG_DAEMON_CMD_GET_VBAT = 39000
07-17 13:05:56.509   236   236 I (7)[236:battery_thread]send_to_kernel=FG_DAEMON_CMD_GET_VBAT: 0 39000
07-17 13:05:56.509   236   236 I         : (7)[236:battery_thread][fgauge_read_current] final current=3761 (ratio=920)
07-17 13:05:56.509   236   236 I         : (7)[236:battery_thread][CH3_DBG] bat_cur = -3761
07-17 13:05:56.510   236   236 I         : (7)[236:battery_thread][fgauge_read_current] final current=3802 (ratio=920)
07-17 13:05:56.510   236   236 I         : (7)[236:battery_thread][BattVoltToTemp] 514 16900 1800 6
07-17 13:05:56.510   236   236 I         : (7)[236:battery_thread][force_get_tbat] 508,514,0,380,100,358 r:75 100 0
07-17 13:05:56.510   236   236 I (7)[236:battery_thread][force_get_tbat] t: 35 precise:358
07-17 13:05:56.510   236   236 I         : (7)[236:battery_thread][fg_res]FG_DAEMON_CMD_SET_KERNEL_SOC = 6389 64, type:0
07-17 13:05:56.510   236   236 I         : (7)[236:battery_thread]send_to_kernel=FG_DAEMON_CMD_SET_KERNEL_SOC 6389 6389
07-17 13:05:56.510   236   236 I         : (7)[236:battery_thread][fg_res] FG_DAEMON_CMD_SET_KERNEL_UISOC = 7000 70 GM3:0
07-17 13:05:56.512   236   236 I         : (7)[236:battery_thread][fgauge_read_current] final current=3840 (ratio=920)
07-17 13:05:56.512   236   236 I         : (7)[236:battery_thread][CH3_DBG] bat_cur = -3840
07-17 13:05:56.514   236   236 I         : (7)[236:battery_thread][fgauge_read_current] final current=3807 (ratio=920)
07-17 13:05:56.514   236   236 I         : (7)[236:battery_thread][BattVoltToTemp] 514 16900 1800 6
07-17 13:05:56.514   236   236 I         : (7)[236:battery_thread][force_get_tbat] 508,514,0,380,100,358 r:75 100 0
07-17 13:05:56.514   236   236 I (7)[236:battery_thread][force_get_tbat] t: 35 precise:358
07-17 13:05:56.514   236   236 I         : (7)[236:battery_thread]send_to_kernel=FG_DAEMON_CMD_SET_KERNEL_UISOC 7000 7000
07-17 13:05:56.515   295   295 I         : (7)[295:kworker/7:1][fgauge_read_current] final current=3807 (ratio=920)
07-17 13:05:56.515   236   236 I -(7)[236:battery_thread]mtk_rtc_hal_common: hal_rtc_get_spare_register: cmd[0], get rg[0x5aa, 0xff , 8] = 0xc6
07-17 13:05:56.515   236   236 I -(7)[236:battery_thread]mtk_rtc_hal_common: hal_rtc_set_spare_register: cmd[0], set rg[0x5aa, 0xff , 8] = 0xc6
07-17 13:05:56.515   236   236 I         : (7)[236:battery_thread][fg_set_rtc_ui_soc] rtc_ui_soc 70 spare3_reg 0xc6 new_spare3_reg 0xc6
07-17 13:05:56.515   236   236 I         : (7)[236:battery_thread][fr] BATTERY_METER_CMD_SET_RTC_UI_SOC=70
07-17 13:05:56.515   236   236 I         : (7)[236:battery_thread]send_to_kernel=FG_DAEMON_CMD_SET_RTC_UI_SOC 70 70
07-17 13:05:56.515   236   236 I         : (7)[236:battery_thread][fg_res] FG_DAEMON_CMD_SET_CON0_SOC = 6389
07-17 13:05:56.515   236   236 I         : (7)[236:battery_thread]send_to_kernel=FG_DAEMON_CMD_SET_CON0_SOC 6389 6389
07-17 13:05:56.517   236   236 I (7)[236:battery_thread]get_shutdown_cond ret: 0 0 0 0 vbat:3896
07-17 13:05:56.517   236   236 I (7)[236:battery_thread][FGADC_intr_end][FG_INTR_BAT_TEMP_LT]soc: 6389, c_soc:6389 ui_soc:7000 VBAT 39000 T:[35 C:35] car:-59
07-17 13:05:56.517   236   236 I         : (7)[236:battery_thread][wakeup_fg_algo_recovery] intr_num=0x800000
07-17 13:05:56.517   236   236 I         : (7)[236:battery_thread]mtk_battery boot mode =2
07-17 13:05:56.517   236   236 I         : (7)[236:battery_thread][wakeup_fg_algo_recovery] intr_num=0x400
07-17 13:05:56.517   236   236 I         : (7)[236:battery_thread][TempConverBattThermistor] [6726] 35 6948 40 5834 36
07-17 13:05:56.518   236   236 I         : (7)[236:battery_thread][fgauge_read_current] final current=3883 (ratio=920)
07-17 13:05:56.518   236   236 I         : (7)[236:battery_thread][TempToBattVolt] temp 36 R_NTC 6726 V(5124 5057) I 3883 CHG 0
07-17 13:05:56.518   236   236 I         : (7)[236:battery_thread][TempConverBattThermistor] [7222] 30 8315 35 6948 34
07-17 13:05:56.518   236   236 I         : (7)[236:battery_thread][TempToBattVolt] temp 34 R_NTC 7222 V(5389 5322) I 3883 CHG 0
07-17 13:05:56.518   236   236 I         : (7)[236:battery_thread][fg_bat_temp_int_internal][FG_TEMP_INT] T[35] V[65535 65535] C[36 34] h[5322 5057]
07-17 13:05:56.520   236   236 I         : (7)[236:battery_thread][fgauge_read_current] final current=3946 (ratio=920)
07-17 13:05:56.520   236   236 I         : (7)[236:battery_thread][CH3_DBG] bat_cur = -3946
07-17 13:05:56.521   236   236 I         : (7)[236:battery_thread][fgauge_read_current] final current=4030 (ratio=920)
07-17 13:05:56.521   236   236 I         : (7)[236:battery_thread][BattVoltToTemp] 515 16900 1800 7
07-17 13:05:56.521   236   236 I         : (7)[236:battery_thread][force_get_tbat] 508,515,0,403,100,357 r:75 100 0
07-17 13:05:56.521   236   236 I (7)[236:battery_thread][force_get_tbat] t: 35 precise:357
07-17 13:05:56.521   236   236 I (7)[236:battery_thread][fg_update_sw_iavg]diff time: 50 iavg:0
07-17 13:05:56.521   295   295 I         : (7)[295:kworker/7:1][fgauge_read_current] final current=4030 (ratio=920)
07-17 13:05:56.521   236   236 I         : (7)[236:battery_thread][read_boot_battery_plug_out_status] rtc_invalid 0 plugout 0 bat_plug_out_time 31 sp3:0xc6 pl:0 0
07-17 13:05:56.522   236   236 I         : (7)[236:battery_thread][fgauge_read_current] final current=4030 (ratio=920)
07-17 13:05:56.522   236   236 I         : (7)[236:battery_thread][fgauge_read_columb_internal] CAR=-59 r_fg_value=100 car_tune_value=920
07-17 13:05:56.524   236   236 I         : (7)[236:battery_thread][fgauge_read_current] final current=4080 (ratio=920)
07-17 13:05:56.524   236   236 I         : (7)[236:battery_thread][CH3_DBG] bat_cur = -4080
07-17 13:05:56.525   236   236 I (7)[236:battery_thread]BAT_TEMP_PREV: 508,BAT_TEMP:508,VBIF28:1795
07-17 13:05:56.526   236   236 I         : (7)[236:battery_thread][fgauge_read_current] final current=3946 (ratio=920)
07-17 13:05:56.526   236   236 I         : (7)[236:battery_thread][BattVoltToTemp] 514 16900 1800 6
07-17 13:05:56.526   236   236 I         : (7)[236:battery_thread][force_get_tbat] 508,514,0,394,100,358 r:75 100 0
07-17 13:05:56.526   236   236 I (7)[236:battery_thread][force_get_tbat] t: 35 precise:358
07-17 13:05:56.526   236   236 I         : (7)[236:battery_thread]lbat 0 0 1 34500
07-17 13:05:56.526   236   236 I (7)[236:battery_thread]car[-59,217,-217,434,-198, cycle_car:0,ncar:13] c: 0 4030 vbat:3892 vbus:0 soc:64 70 gm3:0 0 0 0
07-17 13:05:56.526   236   236 I         : (7)[236:battery_thread][fgauge_read_columb_internal] CAR=-59 r_fg_value=100 car_tune_value=920
07-17 13:05:56.526   236   236 I         : (7)[236:battery_thread][fg_bat_nafg][fgauge_get_nafg_cnt] 0 [25_16 0 15_0 0]
07-17 13:05:56.526   236   236 I (7)[236:battery_thread][fg_nafg_monitor]time: 51 nafg_cnt:0, now:51, last_t:0
07-17 13:05:56.526   236   236 I (7)[236:battery_thread]tmp: 35 65535 65535 hcar2:434 lcar2:198 time:51 sw_iavg:0 0 0 nafg_m:0 0 0
07-17 13:05:56.527   236   236 I         : (7)[236:battery_thread][fgauge_read_columb_internal] CAR=-59 r_fg_value=100 car_tune_value=920
07-17 13:05:56.529   236   236 I         : (7)[236:battery_thread][fgauge_read_current] final current=4080 (ratio=920)
07-17 13:05:56.529   236   236 I         : (7)[236:battery_thread][fgauge_read_current] final current=4080 (ratio=920)
07-17 13:05:56.529   236   236 I         : (7)[236:battery_thread][CH3_DBG] bat_cur = -4080
07-17 13:05:56.530   236   236 I         : (7)[236:battery_thread][fgauge_read_current] final current=4080 (ratio=920)
07-17 13:05:56.530   236   236 I         : (7)[236:battery_thread][BattVoltToTemp] 515 16900 1800 7
07-17 13:05:56.530   236   236 I         : (7)[236:battery_thread][force_get_tbat] 508,515,0,408,100,357 r:75 100 0
07-17 13:05:56.530   236   236 I (7)[236:battery_thread][force_get_tbat] t: 35 precise:357
07-17 13:05:56.530   236   236 I         : (7)[236:battery_thread][fg_is_battery_exist] PMIC_RGS_BATON_UNDET = 1
07-17 13:05:56.530   236   236 I         : (7)[236:battery_thread]GM3log1 51 51 3899 -4080 0 43570 -72 35 0 1 201 1 0
07-17 13:05:56.530   236   236 I         : (4)[236:battery_thread]GM3log2 51 0 0 0 0 39021 3935 0 0
07-17 13:05:56.530   236   236 I         : (4)[236:battery_thread]GM3log3 51 0 38949 -5129 0
07-17 13:05:56.530   236   236 I         : (4)[236:battery_thread]GM3log4 0 70 0 0 31 0 0 1 1 1 64
07-17 13:05:56.530   236   236 I         : (4)[236:battery_thread]GM3log int 51 51 0 0 0 0
07-17 13:05:56.530   236   236 I         : (4)[236:battery_thread]GM3log phone_state 0 0
07-17 13:05:56.530   236   236 I (4)[236:battery_thread]GM3 car: -59 car_diff:-13
07-17 13:05:56.531   236   236 I (4)[236:battery_thread][fg_bat_nafg][fgauge_get_nafg_dltv] mV: Reg [15652:9498]
07-17 13:05:56.531   236   236 I         : (4)[236:battery_thread][fg_bat_nafg][fgauge_get_nafg_cnt] 0 [25_16 0 15_0 0]
07-17 13:05:56.531   236   236 I (4)[236:battery_thread][fg_bat_nafg][fgauge_get_nafg_c_dltv] mV: Reg[0:0][b10:0][26_16(0x0000) 15_00(0x0000)]
07-17 13:05:56.531   236   236 I         : (4)[236:battery_thread]GM3log-nint-nafg 51 51 0 38347 15652 0 0
07-17 13:05:56.531   236   236 I         : (4)[236:battery_thread]mtk_battery boot mode =2
07-17 13:05:56.531   236   236 I         : (4)[236:battery_thread][wakeup_fg_algo_recovery] intr_num=0x2000000
07-17 13:05:56.607     0     0 W         : (5)[293:mtk-tpd][FTS]touch_event_handler start
07-17 13:05:56.609     0     0 W (5)[293:mtk-tpd][FTS][B]P0(87, 646)[p: 79,tm:6] DOWN!
07-17 13:05:56.616     0     0 W         : (5)[293:mtk-tpd][FTS]touch_event_handler start
07-17 13:05:56.617     0     0 W (5)[293:mtk-tpd][FTS][B]P0(87, 646)[p: 79,tm:6] DOWN!
07-17 13:05:56.625     0     0 W         : (5)[293:mtk-tpd][FTS]touch_event_handler start
07-17 13:05:56.626     0     0 W (5)[293:mtk-tpd][FTS][B]P0(87, 646)[p: 79,tm:6] DOWN!
07-17 13:05:56.634     0     0 W         : (5)[293:mtk-tpd][FTS]touch_event_handler start
07-17 13:05:56.635     0     0 W (5)[293:mtk-tpd][FTS][B]P0(87, 646)[p: 79,tm:6] DOWN!
07-17 13:05:56.642     0     0 W         : (5)[293:mtk-tpd][FTS]touch_event_handler start
07-17 13:05:56.643     0     0 W (5)[293:mtk-tpd][FTS][B]P0(87, 646)[p: 79,tm:6] DOWN!
07-17 13:05:56.651     0     0 W         : (5)[293:mtk-tpd][FTS]touch_event_handler start
07-17 13:05:56.652     0     0 W (5)[293:mtk-tpd][FTS][B]P0(87, 646)[p: 79,tm:6] DOWN!
07-17 13:05:56.660     0     0 W         : (5)[293:mtk-tpd][FTS]touch_event_handler start
07-17 13:05:56.661     0     0 W (5)[293:mtk-tpd][FTS][B]P0(87, 646)[p: 79,tm:6] DOWN!
07-17 13:05:56.669     0     0 W         : (5)[293:mtk-tpd][FTS]touch_event_handler start
07-17 13:05:56.670     0     0 W (5)[293:mtk-tpd][FTS][B]P0(87, 646)[p: 78,tm:6] DOWN!
07-17 13:05:56.677   329   329 I (0)[329:recovery]mtk-tpd: [tpd_fb_notifier_callback:428] tpd_fb_notifier_callback
07-17 13:05:56.677     0     0 W         : (5)[293:mtk-tpd][FTS]touch_event_handler start
07-17 13:05:56.678     0     0 W (4)[293:mtk-tpd][FTS][B]P0(87, 646)[p: 78,tm:6] DOWN!
07-17 13:05:56.686     0     0 W         : (4)[293:mtk-tpd][FTS]touch_event_handler start
07-17 13:05:56.687     0     0 W         : (4)[293:mtk-tpd][FTS][B]P0 UP!
07-17 13:05:56.687     0     0 W         : (4)[293:mtk-tpd][FTS][B]Points All Up!
07-17 13:05:56.708   329   329 I recovery: type=1400 audit(0.0:936): avc: denied { getattr } for path="/data/tombstones" dev="mmcblk0p37" ino=1441795 scontext=u:r:recovery:s0 tcontext=u:object_r:tombstone_data_file:s0 tclass=dir permissive=1
07-17 13:05:56.708   329   329 I recovery: type=1400 audit(0.0:937): avc: denied { getattr } for path="/data/.layout_version" dev="mmcblk0p37" ino=22 scontext=u:r:recovery:s0 tcontext=u:object_r:install_data_file:s0 tclass=file permissive=1
07-17 13:05:56.708   329   329 I recovery: type=1400 audit(0.0:938): avc: denied { getattr } for path="/data/anr" dev="mmcblk0p37" ino=786436 scontext=u:r:recovery:s0 tcontext=u:object_r:anr_data_file:s0 tclass=dir permissive=1
07-17 13:05:56.708   329   329 I recovery: type=1400 audit(0.0:939): avc: denied { getattr } for path="/data/drm" dev="mmcblk0p37" ino=262147 scontext=u:r:recovery:s0 tcontext=u:object_r:drm_data_file:s0 tclass=dir permissive=1
07-17 13:05:56.708   329   329 I recovery: type=1400 audit(0.0:940): avc: denied { getattr } for path="/data/mediadrm" dev="mmcblk0p37" ino=655364 scontext=u:r:recovery:s0 tcontext=u:object_r:media_data_file:s0 tclass=dir permissive=1
07-17 13:05:56.708   329   329 I recovery: type=1400 audit(0.0:941): avc: denied { getattr } for path="/data/app-asec" dev="mmcblk0p37" ino=1310722 scontext=u:r:recovery:s0 tcontext=u:object_r:asec_image_file:s0 tclass=dir permissive=1
07-17 13:05:56.708   329   329 I recovery: type=1400 audit(0.0:942): avc: denied { getattr } for path="/data/bootchart" dev="mmcblk0p37" ino=1441793 scontext=u:r:recovery:s0 tcontext=u:object_r:bootchart_data_file:s0 tclass=dir permissive=1
07-17 13:05:56.708   329   329 I recovery: type=1400 audit(0.0:943): avc: denied { getattr } for path="/data/ota" dev="mmcblk0p37" ino=131083 scontext=u:r:recovery:s0 tcontext=u:object_r:ota_data_file:s0 tclass=dir permissive=1
07-17 13:05:56.708   329   329 I recovery: type=1400 audit(0.0:944): avc: denied { getattr } for path="/data/resource-cache" dev="mmcblk0p37" ino=1179651 scontext=u:r:recovery:s0 tcontext=u:object_r:resourcecache_data_file:s0 tclass=dir permissive=1
07-17 13:05:56.739   329   329 I (0)[329:recovery]mtk-tpd: [tpd_fb_notifier_callback:428] tpd_fb_notifier_callback
07-17 13:05:57.399   248   248 I         : (5)[248:kworker/u16:4][fgauge_read_current] final current=3761 (ratio=920)
07-17 13:05:57.399   248   248 I         : (5)[248:kworker/u16:4][CH3_DBG] bat_cur = -3761
07-17 13:05:57.400   248   248 I         : (5)[248:kworker/u16:4][fgauge_read_current] final current=3747 (ratio=920)
07-17 13:05:57.400   248   248 I         : (5)[248:kworker/u16:4][BattVoltToTemp] 514 16900 1800 6
07-17 13:05:57.400   248   248 I         : (5)[248:kworker/u16:4][force_get_tbat] 508,514,0,374,100,358 r:75 100 0
07-17 13:05:57.400   248   248 I (5)[248:kworker/u16:4][force_get_tbat] t: 35 precise:358
07-17 13:05:57.554     0     0 W         : (4)[293:mtk-tpd][FTS]touch_event_handler start
07-17 13:05:57.556     0     0 W (4)[293:mtk-tpd][FTS][B]P0(65, 855)[p: 62,tm:4] DOWN!
07-17 13:05:57.563     0     0 W         : (4)[293:mtk-tpd][FTS]touch_event_handler start
07-17 13:05:57.564     0     0 W (4)[293:mtk-tpd][FTS][B]P0(65, 855)[p: 62,tm:4] DOWN!
07-17 13:05:57.572     0     0 W         : (4)[293:mtk-tpd][FTS]touch_event_handler start
07-17 13:05:57.573     0     0 W (4)[293:mtk-tpd][FTS][B]P0(65, 855)[p: 62,tm:4] DOWN!
07-17 13:05:57.581     0     0 W         : (4)[293:mtk-tpd][FTS]touch_event_handler start
07-17 13:05:57.582     0     0 W (4)[293:mtk-tpd][FTS][B]P0(65, 855)[p: 62,tm:4] DOWN!
07-17 13:05:57.589     0     0 W         : (4)[293:mtk-tpd][FTS]touch_event_handler start
07-17 13:05:57.591     0     0 W (5)[293:mtk-tpd][FTS][B]P0(65, 855)[p: 62,tm:4] DOWN!
07-17 13:05:57.598     0     0 W         : (5)[293:mtk-tpd][FTS]touch_event_handler start
07-17 13:05:57.600     0     0 W (5)[293:mtk-tpd][FTS][B]P0(65, 855)[p: 62,tm:4] DOWN!
07-17 13:05:57.600   329   329 I (0)[329:recovery]mtk-tpd: [tpd_fb_notifier_callback:428] tpd_fb_notifier_callback
07-17 13:05:57.607     0     0 W         : (5)[293:mtk-tpd][FTS]touch_event_handler start
07-17 13:05:57.608     0     0 W (5)[293:mtk-tpd][FTS][B]P0(65, 855)[p: 63,tm:4] DOWN!
07-17 13:05:57.616     0     0 W         : (5)[293:mtk-tpd][FTS]touch_event_handler start
07-17 13:05:57.617     0     0 W (5)[293:mtk-tpd][FTS][B]P0(65, 854)[p: 64,tm:4] DOWN!
07-17 13:05:57.625     0     0 W         : (5)[293:mtk-tpd][FTS]touch_event_handler start
07-17 13:05:57.626     0     0 W (5)[293:mtk-tpd][FTS][B]P0(65, 852)[p: 65,tm:4] DOWN!
07-17 13:05:57.633     0     0 W         : (5)[293:mtk-tpd][FTS]touch_event_handler start
07-17 13:05:57.634     0     0 W (5)[293:mtk-tpd][FTS][B]P0(65, 848)[p: 66,tm:4] DOWN!
07-17 13:05:57.642     0     0 W         : (5)[293:mtk-tpd][FTS]touch_event_handler start
07-17 13:05:57.643     0     0 W (5)[293:mtk-tpd][FTS][B]P0(66, 843)[p: 67,tm:4] DOWN!
07-17 13:05:57.651     0     0 W         : (5)[293:mtk-tpd][FTS]touch_event_handler start
07-17 13:05:57.652     0     0 W (5)[293:mtk-tpd][FTS][B]P0(67, 837)[p: 68,tm:4] DOWN!
07-17 13:05:57.655   101   101 W -(7)[101:kworker/u16:1]mt635x_auxadc_read_raw: 14 callbacks suppressed
07-17 13:05:57.655   101   101 I (7)[101:kworker/u16:1]mt635x-auxadc mt-pmic: mt635x-auxadc: name:VPROC_TEMP, channel=4, adc_out=0x5cf, adc_result=653
07-17 13:05:57.655   248   248 I (6)[248:kworker/u16:4]mt635x-auxadc mt-pmic: mt635x-auxadc: name:VCORE_TEMP, channel=4, adc_out=0x5dc, adc_result=659
07-17 13:05:57.660     0     0 W         : (5)[293:mtk-tpd][FTS]touch_event_handler start
07-17 13:05:57.661     0     0 W (5)[293:mtk-tpd][FTS][B]P0(68, 830)[p: 69,tm:4] DOWN!
07-17 13:05:57.663   329   329 I (0)[329:recovery]mtk-tpd: [tpd_fb_notifier_callback:428] tpd_fb_notifier_callback
07-17 13:05:57.668     0     0 W         : (5)[293:mtk-tpd][FTS]touch_event_handler start
07-17 13:05:57.669     0     0 W (5)[293:mtk-tpd][FTS][B]P0(69, 823)[p: 70,tm:4] DOWN!
07-17 13:05:57.677     0     0 W         : (5)[293:mtk-tpd][FTS]touch_event_handler start
07-17 13:05:57.678     0     0 W (6)[293:mtk-tpd][FTS][B]P0(70, 816)[p: 71,tm:4] DOWN!
07-17 13:05:57.686     0     0 W         : (6)[293:mtk-tpd][FTS]touch_event_handler start
07-17 13:05:57.687     0     0 W (6)[293:mtk-tpd][FTS][B]P0(71, 810)[p: 72,tm:4] DOWN!
07-17 13:05:57.695     0     0 W         : (6)[293:mtk-tpd][FTS]touch_event_handler start
07-17 13:05:57.696     0     0 W (6)[293:mtk-tpd][FTS][B]P0(71, 805)[p: 73,tm:4] DOWN!
07-17 13:05:57.704     0     0 W         : (6)[293:mtk-tpd][FTS]touch_event_handler start
07-17 13:05:57.705     0     0 W (6)[293:mtk-tpd][FTS][B]P0(71, 800)[p: 74,tm:4] DOWN!
07-17 13:05:57.710   329   329 I (0)[329:recovery]mtk-tpd: [tpd_fb_notifier_callback:428] tpd_fb_notifier_callback
07-17 13:05:57.712     0     0 W         : (6)[293:mtk-tpd][FTS]touch_event_handler start
07-17 13:05:57.713     0     0 W (6)[293:mtk-tpd][FTS][B]P0(72, 794)[p: 75,tm:4] DOWN!
07-17 13:05:57.721     0     0 W         : (6)[293:mtk-tpd][FTS]touch_event_handler start
07-17 13:05:57.722     0     0 W (6)[293:mtk-tpd][FTS][B]P0(72, 789)[p: 76,tm:4] DOWN!
07-17 13:05:57.730     0     0 W         : (6)[293:mtk-tpd][FTS]touch_event_handler start
07-17 13:05:57.731     0     0 W (6)[293:mtk-tpd][FTS][B]P0(72, 784)[p: 77,tm:4] DOWN!
07-17 13:05:57.739     0     0 W         : (6)[293:mtk-tpd][FTS]touch_event_handler start
07-17 13:05:57.741     0     0 W (6)[293:mtk-tpd][FTS][B]P0(72, 780)[p: 78,tm:4] DOWN!
07-17 13:05:57.741   329   329 I (0)[329:recovery]mtk-tpd: [tpd_fb_notifier_callback:428] tpd_fb_notifier_callback
07-17 13:05:57.747     0     0 W         : (6)[293:mtk-tpd][FTS]touch_event_handler start
07-17 13:05:57.748     0     0 W (6)[293:mtk-tpd][FTS][B]P0(73, 775)[p: 79,tm:4] DOWN!
07-17 13:05:57.756     0     0 W         : (6)[293:mtk-tpd][FTS]touch_event_handler start
07-17 13:05:57.757     0     0 W (6)[293:mtk-tpd][FTS][B]P0(73, 770)[p: 80,tm:4] DOWN!
07-17 13:05:57.765     0     0 W         : (6)[293:mtk-tpd][FTS]touch_event_handler start
07-17 13:05:57.766     0     0 W (6)[293:mtk-tpd][FTS][B]P0(73, 764)[p: 81,tm:4] DOWN!
07-17 13:05:57.772   329   329 I (0)[329:recovery]mtk-tpd: [tpd_fb_notifier_callback:428] tpd_fb_notifier_callback
07-17 13:05:57.774     0     0 W         : (6)[293:mtk-tpd][FTS]touch_event_handler start
07-17 13:05:57.775     0     0 W (6)[293:mtk-tpd][FTS][B]P0(72, 758)[p: 81,tm:4] DOWN!
07-17 13:05:57.783     0     0 W         : (6)[293:mtk-tpd][FTS]touch_event_handler start
07-17 13:05:57.784     0     0 W (6)[293:mtk-tpd][FTS][B]P0(72, 753)[p: 82,tm:4] DOWN!
07-17 13:05:57.791     0     0 W         : (6)[293:mtk-tpd][FTS]touch_event_handler start
07-17 13:05:57.792     0     0 W (6)[293:mtk-tpd][FTS][B]P0(71, 748)[p: 82,tm:4] DOWN!
07-17 13:05:57.800     0     0 W         : (6)[293:mtk-tpd][FTS]touch_event_handler start
07-17 13:05:57.802     0     0 W (6)[293:mtk-tpd][FTS][B]P0(71, 743)[p: 83,tm:4] DOWN!
07-17 13:05:57.804   329   329 I (0)[329:recovery]mtk-tpd: [tpd_fb_notifier_callback:428] tpd_fb_notifier_callback
07-17 13:05:57.809     0     0 W         : (6)[293:mtk-tpd][FTS]touch_event_handler start
07-17 13:05:57.811     0     0 W (6)[293:mtk-tpd][FTS][B]P0(71, 739)[p: 84,tm:4] DOWN!
07-17 13:05:57.818     0     0 W         : (6)[293:mtk-tpd][FTS]touch_event_handler start
07-17 13:05:57.819     0     0 W (6)[293:mtk-tpd][FTS][B]P0(71, 735)[p: 84,tm:4] DOWN!
07-17 13:05:57.827     0     0 W         : (6)[293:mtk-tpd][FTS]touch_event_handler start
07-17 13:05:57.828     0     0 W (6)[293:mtk-tpd][FTS][B]P0(71, 732)[p: 85,tm:4] DOWN!
07-17 13:05:57.835     0     0 W         : (6)[293:mtk-tpd][FTS]touch_event_handler start
07-17 13:05:57.836     0     0 W (6)[293:mtk-tpd][FTS][B]P0(70, 729)[p: 86,tm:4] DOWN!
07-17 13:05:57.844     0     0 W         : (6)[293:mtk-tpd][FTS]touch_event_handler start
07-17 13:05:57.845     0     0 W (6)[293:mtk-tpd][FTS][B]P0(70, 726)[p: 87,tm:4] DOWN!
07-17 13:05:57.851   329   329 I (0)[329:recovery]mtk-tpd: [tpd_fb_notifier_callback:428] tpd_fb_notifier_callback
07-17 13:05:57.853     0     0 W         : (6)[293:mtk-tpd][FTS]touch_event_handler start
07-17 13:05:57.854     0     0 W (6)[293:mtk-tpd][FTS][B]P0(70, 722)[p: 88,tm:4] DOWN!
07-17 13:05:57.862     0     0 W         : (6)[293:mtk-tpd][FTS]touch_event_handler start
07-17 13:05:57.863     0     0 W (6)[293:mtk-tpd][FTS][B]P0(70, 718)[p: 89,tm:4] DOWN!
07-17 13:05:57.871     0     0 W         : (6)[293:mtk-tpd][FTS]touch_event_handler start
07-17 13:05:57.872     0     0 W (6)[293:mtk-tpd][FTS][B]P0(68, 712)[p: 89,tm:4] DOWN!
07-17 13:05:57.879     0     0 W         : (6)[293:mtk-tpd][FTS]touch_event_handler start
07-17 13:05:57.880     0     0 W (6)[293:mtk-tpd][FTS][B]P0(65, 705)[p: 89,tm:4] DOWN!
07-17 13:05:57.882   329   329 I (0)[329:recovery]mtk-tpd: [tpd_fb_notifier_callback:428] tpd_fb_notifier_callback
07-17 13:05:57.888     0     0 W         : (6)[293:mtk-tpd][FTS]touch_event_handler start
07-17 13:05:57.889     0     0 W (6)[293:mtk-tpd][FTS][B]P0(62, 696)[p: 89,tm:4] DOWN!
07-17 13:05:57.897     0     0 W         : (6)[293:mtk-tpd][FTS]touch_event_handler start
07-17 13:05:57.898     0     0 W (6)[293:mtk-tpd][FTS][B]P0(60, 688)[p: 89,tm:4] DOWN!
07-17 13:05:57.906     0     0 W         : (6)[293:mtk-tpd][FTS]touch_event_handler start
07-17 13:05:57.907     0     0 W (6)[293:mtk-tpd][FTS][B]P0(58, 680)[p: 89,tm:4] DOWN!
07-17 13:05:57.913   329   329 I (0)[329:recovery]mtk-tpd: [tpd_fb_notifier_callback:428] tpd_fb_notifier_callback
07-17 13:05:57.915     0     0 W         : (6)[293:mtk-tpd][FTS]touch_event_handler start
07-17 13:05:57.916     0     0 W (6)[293:mtk-tpd][FTS][B]P0(58, 673)[p: 90,tm:4] DOWN!
07-17 13:05:57.923     0     0 W         : (6)[293:mtk-tpd][FTS]touch_event_handler start
07-17 13:05:57.925     0     0 W (6)[293:mtk-tpd][FTS][B]P0(58, 667)[p: 91,tm:4] DOWN!
07-17 13:05:57.932     0     0 W         : (6)[293:mtk-tpd][FTS]touch_event_handler start
07-17 13:05:57.933     0     0 W (6)[293:mtk-tpd][FTS][B]P0(60, 663)[p: 92,tm:4] DOWN!
07-17 13:05:57.941     0     0 W         : (6)[293:mtk-tpd][FTS]touch_event_handler start
07-17 13:05:57.942     0     0 W (6)[293:mtk-tpd][FTS][B]P0(61, 659)[p: 93,tm:4] DOWN!
07-17 13:05:57.945   329   329 I (0)[329:recovery]mtk-tpd: [tpd_fb_notifier_callback:428] tpd_fb_notifier_callback
07-17 13:05:57.950     0     0 W         : (6)[293:mtk-tpd][FTS]touch_event_handler start
07-17 13:05:57.951     0     0 W (6)[293:mtk-tpd][FTS][B]P0(62, 655)[p: 94,tm:4] DOWN!
07-17 13:05:57.958     0     0 W         : (6)[293:mtk-tpd][FTS]touch_event_handler start
07-17 13:05:57.959     0     0 W (6)[293:mtk-tpd][FTS][B]P0(62, 652)[p: 95,tm:4] DOWN!
07-17 13:05:57.967     0     0 W         : (6)[293:mtk-tpd][FTS]touch_event_handler start
07-17 13:05:57.968     0     0 W (6)[293:mtk-tpd][FTS][B]P0(62, 649)[p: 95,tm:4] DOWN!
07-17 13:05:57.976     0     0 W         : (6)[293:mtk-tpd][FTS]touch_event_handler start
07-17 13:05:57.977     0     0 W (6)[293:mtk-tpd][FTS][B]P0(61, 646)[p: 95,tm:4] DOWN!
07-17 13:05:57.985     0     0 W         : (6)[293:mtk-tpd][FTS]touch_event_handler start
07-17 13:05:57.987     0     0 W (6)[293:mtk-tpd][FTS][B]P0(60, 643)[p: 95,tm:4] DOWN!
07-17 13:05:57.991   329   329 I (0)[329:recovery]mtk-tpd: [tpd_fb_notifier_callback:428] tpd_fb_notifier_callback
07-17 13:05:57.994     0     0 W         : (6)[293:mtk-tpd][FTS]touch_event_handler start
07-17 13:05:57.995     0     0 W (6)[293:mtk-tpd][FTS][B]P0(59, 640)[p: 95,tm:4] DOWN!
07-17 13:05:58.002     0     0 W         : (6)[293:mtk-tpd][FTS]touch_event_handler start
07-17 13:05:58.003     0     0 W (6)[293:mtk-tpd][FTS][B]P0(57, 637)[p: 95,tm:4] DOWN!
07-17 13:05:58.011     0     0 W         : (6)[293:mtk-tpd][FTS]touch_event_handler start
07-17 13:05:58.012     0     0 W (6)[293:mtk-tpd][FTS][B]P0(56, 633)[p: 95,tm:4] DOWN!
07-17 13:05:58.020     0     0 W         : (6)[293:mtk-tpd][FTS]touch_event_handler start
07-17 13:05:58.021     0     0 W (6)[293:mtk-tpd][FTS][B]P0(55, 629)[p: 95,tm:4] DOWN!
07-17 13:05:58.023   329   329 I (0)[329:recovery]mtk-tpd: [tpd_fb_notifier_callback:428] tpd_fb_notifier_callback
07-17 13:05:58.029     0     0 W         : (6)[293:mtk-tpd][FTS]touch_event_handler start
07-17 13:05:58.030     0     0 W (6)[293:mtk-tpd][FTS][B]P0(55, 623)[p: 95,tm:4] DOWN!
07-17 13:05:58.037     0     0 W         : (6)[293:mtk-tpd][FTS]touch_event_handler start
07-17 13:05:58.039     0     0 W (6)[293:mtk-tpd][FTS][B]P0(54, 617)[p: 95,tm:4] DOWN!
07-17 13:05:58.046     0     0 W         : (6)[293:mtk-tpd][FTS]touch_event_handler start
07-17 13:05:58.047     0     0 W (6)[293:mtk-tpd][FTS][B]P0(52, 610)[p: 95,tm:4] DOWN!
07-17 13:05:58.054   329   329 I (0)[329:recovery]mtk-tpd: [tpd_fb_notifier_callback:428] tpd_fb_notifier_callback
07-17 13:05:58.055     0     0 W         : (6)[293:mtk-tpd][FTS]touch_event_handler start
07-17 13:05:58.056     0     0 W (6)[293:mtk-tpd][FTS][B]P0(50, 603)[p: 95,tm:4] DOWN!
07-17 13:05:58.064     0     0 W         : (6)[293:mtk-tpd][FTS]touch_event_handler start
07-17 13:05:58.065     0     0 W (6)[293:mtk-tpd][FTS][B]P0(49, 596)[p: 95,tm:4] DOWN!
07-17 13:05:58.073     0     0 W         : (6)[293:mtk-tpd][FTS]touch_event_handler start
07-17 13:05:58.074     0     0 W (6)[293:mtk-tpd][FTS][B]P0(48, 590)[p: 95,tm:4] DOWN!
07-17 13:05:58.081     0     0 W         : (6)[293:mtk-tpd][FTS]touch_event_handler start
07-17 13:05:58.083     0     0 W (6)[293:mtk-tpd][FTS][B]P0(47, 584)[p: 95,tm:4] DOWN!
07-17 13:05:58.085   329   329 I (0)[329:recovery]mtk-tpd: [tpd_fb_notifier_callback:428] tpd_fb_notifier_callback
07-17 13:05:58.090     0     0 W         : (6)[293:mtk-tpd][FTS]touch_event_handler start
07-17 13:05:58.091     0     0 W (6)[293:mtk-tpd][FTS][B]P0(46, 579)[p: 95,tm:4] DOWN!
07-17 13:05:58.099     0     0 W         : (6)[293:mtk-tpd][FTS]touch_event_handler start
07-17 13:05:58.100     0     0 W (6)[293:mtk-tpd][FTS][B]P0(45, 574)[p: 95,tm:4] DOWN!
07-17 13:05:58.108     0     0 W         : (6)[293:mtk-tpd][FTS]touch_event_handler start
07-17 13:05:58.109     0     0 W (6)[293:mtk-tpd][FTS][B]P0(44, 569)[p: 95,tm:4] DOWN!
07-17 13:05:58.117     0     0 W         : (6)[293:mtk-tpd][FTS]touch_event_handler start
07-17 13:05:58.118     0     0 W (6)[293:mtk-tpd][FTS][B]P0(43, 565)[p: 95,tm:4] DOWN!
07-17 13:05:58.125     0     0 W         : (6)[293:mtk-tpd][FTS]touch_event_handler start
07-17 13:05:58.126     0     0 W (6)[293:mtk-tpd][FTS][B]P0(42, 561)[p: 95,tm:4] DOWN!
07-17 13:05:58.132   329   329 I (0)[329:recovery]mtk-tpd: [tpd_fb_notifier_callback:428] tpd_fb_notifier_callback
07-17 13:05:58.134     0     0 W         : (6)[293:mtk-tpd][FTS]touch_event_handler start
07-17 13:05:58.135     0     0 W (6)[293:mtk-tpd][FTS][B]P0(41, 557)[p: 94,tm:4] DOWN!
07-17 13:05:58.143     0     0 W         : (6)[293:mtk-tpd][FTS]touch_event_handler start
07-17 13:05:58.144     0     0 W (6)[293:mtk-tpd][FTS][B]P0(39, 552)[p: 93,tm:4] DOWN!
07-17 13:05:58.151     0     0 W         : (6)[293:mtk-tpd][FTS]touch_event_handler start
07-17 13:05:58.152     0     0 W (6)[293:mtk-tpd][FTS][B]P0(36, 546)[p: 93,tm:4] DOWN!
07-17 13:05:58.160     0     0 W         : (6)[293:mtk-tpd][FTS]touch_event_handler start
07-17 13:05:58.162     0     0 W         : (6)[293:mtk-tpd][FTS][B]P0 UP!
07-17 13:05:58.162     0     0 W         : (6)[293:mtk-tpd][FTS][B]Points All Up!
07-17 13:05:58.164   329   329 I (0)[329:recovery]mtk-tpd: [tpd_fb_notifier_callback:428] tpd_fb_notifier_callback
07-17 13:05:58.445   329   329 I chatty  : uid=0(root) identical 8 lines
07-17 13:05:58.477   329   329 I (0)[329:recovery]mtk-tpd: [tpd_fb_notifier_callback:428] tpd_fb_notifier_callback
07-17 13:05:58.484     0     0 W         : (6)[293:mtk-tpd][FTS]touch_event_handler start
07-17 13:05:58.485     0     0 W (6)[293:mtk-tpd][FTS][B]P0(71, 811)[p: 39,tm:2] DOWN!
07-17 13:05:58.493     0     0 W         : (6)[293:mtk-tpd][FTS]touch_event_handler start
07-17 13:05:58.495     0     0 W (5)[293:mtk-tpd][FTS][B]P0(71, 811)[p: 39,tm:2] DOWN!
07-17 13:05:58.502     0     0 W         : (5)[293:mtk-tpd][FTS]touch_event_handler start
07-17 13:05:58.504     0     0 W (5)[293:mtk-tpd][FTS][B]P0(71, 811)[p: 40,tm:3] DOWN!
07-17 13:05:58.508   329   329 I (0)[329:recovery]mtk-tpd: [tpd_fb_notifier_callback:428] tpd_fb_notifier_callback
07-17 13:05:58.511     0     0 W         : (5)[293:mtk-tpd][FTS]touch_event_handler start
07-17 13:05:58.512     0     0 W (5)[293:mtk-tpd][FTS][B]P0(71, 811)[p: 41,tm:4] DOWN!
07-17 13:05:58.520     0     0 W         : (5)[293:mtk-tpd][FTS]touch_event_handler start
07-17 13:05:58.521     0     0 W (5)[293:mtk-tpd][FTS][B]P0(71, 811)[p: 42,tm:4] DOWN!
07-17 13:05:58.529     0     0 W         : (5)[293:mtk-tpd][FTS]touch_event_handler start
07-17 13:05:58.530     0     0 W (5)[293:mtk-tpd][FTS][B]P0(71, 810)[p: 43,tm:4] DOWN!
07-17 13:05:58.538     0     0 W         : (5)[293:mtk-tpd][FTS]touch_event_handler start
07-17 13:05:58.539     0     0 W (5)[293:mtk-tpd][FTS][B]P0(71, 807)[p: 44,tm:4] DOWN!
07-17 13:05:58.546     0     0 W         : (5)[293:mtk-tpd][FTS]touch_event_handler start
07-17 13:05:58.547     0     0 W (5)[293:mtk-tpd][FTS][B]P0(71, 803)[p: 45,tm:4] DOWN!
07-17 13:05:58.555   329   329 I (0)[329:recovery]mtk-tpd: [tpd_fb_notifier_callback:428] tpd_fb_notifier_callback
07-17 13:05:58.555     0     0 W         : (5)[293:mtk-tpd][FTS]touch_event_handler start
07-17 13:05:58.556     0     0 W (5)[293:mtk-tpd][FTS][B]P0(72, 798)[p: 46,tm:4] DOWN!
07-17 13:05:58.564     0     0 W         : (5)[293:mtk-tpd][FTS]touch_event_handler start
07-17 13:05:58.565     0     0 W (5)[293:mtk-tpd][FTS][B]P0(73, 792)[p: 47,tm:4] DOWN!
07-17 13:05:58.573     0     0 W         : (5)[293:mtk-tpd][FTS]touch_event_handler start
07-17 13:05:58.574     0     0 W (5)[293:mtk-tpd][FTS][B]P0(75, 785)[p: 48,tm:4] DOWN!
07-17 13:05:58.582     0     0 W         : (5)[293:mtk-tpd][FTS]touch_event_handler start
07-17 13:05:58.583     0     0 W (5)[293:mtk-tpd][FTS][B]P0(77, 778)[p: 49,tm:4] DOWN!
07-17 13:05:58.586   329   329 I (0)[329:recovery]mtk-tpd: [tpd_fb_notifier_callback:428] tpd_fb_notifier_callback
07-17 13:05:58.590     0     0 W         : (5)[293:mtk-tpd][FTS]touch_event_handler start
07-17 13:05:58.592     0     0 W (5)[293:mtk-tpd][FTS][B]P0(78, 770)[p: 50,tm:4] DOWN!
07-17 13:05:58.599     0     0 W         : (5)[293:mtk-tpd][FTS]touch_event_handler start
07-17 13:05:58.600     0     0 W (5)[293:mtk-tpd][FTS][B]P0(79, 762)[p: 51,tm:4] DOWN!
07-17 13:05:58.608     0     0 W         : (5)[293:mtk-tpd][FTS]touch_event_handler start
07-17 13:05:58.609     0     0 W (5)[293:mtk-tpd][FTS][B]P0(80, 755)[p: 52,tm:4] DOWN!
07-17 13:05:58.617     0     0 W         : (5)[293:mtk-tpd][FTS]touch_event_handler start
07-17 13:05:58.618   329   329 I (0)[329:recovery]mtk-tpd: [tpd_fb_notifier_callback:428] tpd_fb_notifier_callback
07-17 13:05:58.618     0     0 W (5)[293:mtk-tpd][FTS][B]P0(81, 748)[p: 53,tm:4] DOWN!
07-17 13:05:58.625     0     0 W         : (5)[293:mtk-tpd][FTS]touch_event_handler start
07-17 13:05:58.626     0     0 W (4)[293:mtk-tpd][FTS][B]P0(82, 741)[p: 54,tm:4] DOWN!
07-17 13:05:58.634     0     0 W         : (4)[293:mtk-tpd][FTS]touch_event_handler start
07-17 13:05:58.635     0     0 W (4)[293:mtk-tpd][FTS][B]P0(82, 734)[p: 55,tm:4] DOWN!
07-17 13:05:58.643     0     0 W         : (4)[293:mtk-tpd][FTS]touch_event_handler start
07-17 13:05:58.644     0     0 W (4)[293:mtk-tpd][FTS][B]P0(82, 727)[p: 56,tm:4] DOWN!
07-17 13:05:58.649   329   329 I (0)[329:recovery]mtk-tpd: [tpd_fb_notifier_callback:428] tpd_fb_notifier_callback
07-17 13:05:58.652     0     0 W         : (4)[293:mtk-tpd][FTS]touch_event_handler start
07-17 13:05:58.653     0     0 W (4)[293:mtk-tpd][FTS][B]P0(82, 722)[p: 57,tm:4] DOWN!
07-17 13:05:58.660     0     0 W         : (4)[293:mtk-tpd][FTS]touch_event_handler start
07-17 13:05:58.661     0     0 W (4)[293:mtk-tpd][FTS][B]P0(83, 717)[p: 58,tm:4] DOWN!
07-17 13:05:58.670     0     0 W         : (4)[293:mtk-tpd][FTS]touch_event_handler start
07-17 13:05:58.671     0     0 W (6)[293:mtk-tpd][FTS][B]P0(83, 712)[p: 59,tm:4] DOWN!
07-17 13:05:58.678     0     0 W         : (6)[293:mtk-tpd][FTS]touch_event_handler start
07-17 13:05:58.679     0     0 W (6)[293:mtk-tpd][FTS][B]P0(83, 708)[p: 60,tm:4] DOWN!
07-17 13:05:58.687     0     0 W         : (6)[293:mtk-tpd][FTS]touch_event_handler start
07-17 13:05:58.688     0     0 W (6)[293:mtk-tpd][FTS][B]P0(83, 705)[p: 61,tm:4] DOWN!
07-17 13:05:58.696   329   329 I (0)[329:recovery]mtk-tpd: [tpd_fb_notifier_callback:428] tpd_fb_notifier_callback
07-17 13:05:58.696     0     0 W         : (6)[293:mtk-tpd][FTS]touch_event_handler start
07-17 13:05:58.697     0     0 W (6)[293:mtk-tpd][FTS][B]P0(82, 702)[p: 62,tm:4] DOWN!
07-17 13:05:58.705     0     0 W         : (6)[293:mtk-tpd][FTS]touch_event_handler start
07-17 13:05:58.706     0     0 W (6)[293:mtk-tpd][FTS][B]P0(82, 700)[p: 63,tm:4] DOWN!
07-17 13:05:58.713     0     0 W         : (6)[293:mtk-tpd][FTS]touch_event_handler start
07-17 13:05:58.714     0     0 W (6)[293:mtk-tpd][FTS][B]P0(82, 698)[p: 64,tm:5] DOWN!
07-17 13:05:58.722     0     0 W         : (6)[293:mtk-tpd][FTS]touch_event_handler start
