08-07 14:32:55.004     0     0 I -(4)[0:swapper/4]Power/swap CNT(dpidle): [0] = (0), [1] = (0), [2] = (0), [3] = (0), [4] = (0), [5] = (0), [6] = (0), [7] = (0),
08-07 14:32:55.004     0     0 I -(4)[0:swapper/4]Power/swap dpidle_block_cnt: [BY_FRM] = 5491,
08-07 14:32:55.004     0     0 I -(4)[0:swapper/4]Power/swap dpidle_block_mask: 0x00000000, 0x00000000, 0x00000000, 0x00000000, 0x00000000, 0x00000000, idle_pll_block_mask: 0x00000000
08-07 14:32:55.004     0     0 I -(4)[0:swapper/4][resource_req_block] user: 0x4, 0x0
08-07 14:32:55.362   336   336 W HidlServiceManagement: Waited one second for android.hardware.keymaster@4.0::IKeymasterDevice/default
08-07 14:32:55.363   327   327 I hwservicemanager: Since android.hardware.keymaster@4.0::IKeymasterDevice/default is not registered, trying to start it as a lazy HAL.
08-07 14:32:55.364   336   336 I HidlServiceManagement: getService: Trying again for android.hardware.keymaster@4.0::IKeymasterDevice/default...
08-07 14:32:55.365   327   416 W libc    : Unable to set property "ctl.interface_start" to "android.hardware.keymaster@4.0::IKeymasterDevice/default": error code: 0x20
08-07 14:32:55.370     1     1 E (5)[1:init]: Control message: Could not find 'android.hardware.keymaster@4.0::IKeymasterDevice/default' for ctl.interface_start from pid: 327 (/system/bin/hwservicemanager)
08-07 14:32:55.508   242   242 I (5)[242:kworker/u16:3][SCP] scp_ipi_send: SCP A not ready
08-07 14:32:55.508   242   242 E         : (5)[242:kworker/u16:3][sensorHub] scp_ipi_send fail
08-07 14:32:55.508   244   244 E         : (2)[244:kworker/2:2][sensorHub] scp_sensorHub_req_send fail!
08-07 14:32:56.364   336   336 W HidlServiceManagement: Waited one second for android.hardware.keymaster@4.0::IKeymasterDevice/default
08-07 14:32:56.365   327   327 I hwservicemanager: Since android.hardware.keymaster@4.0::IKeymasterDevice/default is not registered, trying to start it as a lazy HAL.
08-07 14:32:56.366   336   336 I HidlServiceManagement: getService: Trying again for android.hardware.keymaster@4.0::IKeymasterDevice/default...
08-07 14:32:56.367   327   417 W libc    : Unable to set property "ctl.interface_start" to "android.hardware.keymaster@4.0::IKeymasterDevice/default": error code: 0x20
08-07 14:32:56.372     1     1 E (5)[1:init]: Control message: Could not find 'android.hardware.keymaster@4.0::IKeymasterDevice/default' for ctl.interface_start from pid: 327 (/system/bin/hwservicemanager)
08-07 14:32:56.448     0     0 I (5)[0:swapper/5]Power/swap DP: No enter --- SODI3: No enter --- SODI: No enter ---
08-07 14:32:56.449     0     0 I (5)[0:swapper/5]mcdi cpu: 259, 1, 9, 2, 392, 192, 96, 17, cluster : 269, 495, pause = 755, multi core = 28, latency = 0, residency = 0, last core = 753, avail cpu = 00ff, cluster = 0003, enabled = 1, max_s_state = 5, system_idle_hint = 00000000
08-07 14:32:57.300   242   242 I         : (4)[242:kworker/u16:3][fgauge_read_current] final current=994 (ratio=920)
08-07 14:32:57.300   242   242 I         : (4)[242:kworker/u16:3][CH3_DBG] bat_cur = -994
08-07 14:32:57.302   242   242 W -(4)[242:kworker/u16:3]mt635x_auxadc_read_raw: 8 callbacks suppressed
08-07 14:32:57.302   242   242 I (4)[242:kworker/u16:3]mt635x-auxadc mt-pmic: mt635x-auxadc: name:BAT_TEMP, channel=3, adc_out=0x4e5, adc_result=550
08-07 14:32:57.303   242   242 I         : (4)[242:kworker/u16:3][fgauge_read_current] final current=1124 (ratio=920)
08-07 14:32:57.303   242   242 I         : (4)[242:kworker/u16:3][BattVoltToTemp] 551 16900 1800 1
08-07 14:32:57.303   242   242 I         : (4)[242:kworker/u16:3][force_get_tbat] 550,551,0,112,100,331 r:75 100 0
08-07 14:32:57.303   242   242 I (4)[242:kworker/u16:3][force_get_tbat] t: 33 precise:331
08-07 14:32:57.366   336   336 W HidlServiceManagement: Waited one second for android.hardware.keymaster@4.0::IKeymasterDevice/default
08-07 14:32:57.367   327   327 I hwservicemanager: Since android.hardware.keymaster@4.0::IKeymasterDevice/default is not registered, trying to start it as a lazy HAL.
08-07 14:32:57.368   336   336 I HidlServiceManagement: getService: Trying again for android.hardware.keymaster@4.0::IKeymasterDevice/default...
08-07 14:32:57.369   327   418 W libc    : Unable to set property "ctl.interface_start" to "android.hardware.keymaster@4.0::IKeymasterDevice/default": error code: 0x20
08-07 14:32:57.374     1     1 E (4)[1:init]: Control message: Could not find 'android.hardware.keymaster@4.0::IKeymasterDevice/default' for ctl.interface_start from pid: 327 (/system/bin/hwservicemanager)
08-07 14:32:57.556   242   242 I (5)[242:kworker/u16:3]mt635x-auxadc mt-pmic: mt635x-auxadc: name:VCORE_TEMP, channel=4, adc_out=0x5eb, adc_result=665
08-07 14:32:57.557     5     5 I (4)[5:kworker/u16:0]mt635x-auxadc mt-pmic: mt635x-auxadc: name:VPROC_TEMP, channel=4, adc_out=0x5dd, adc_result=659
08-07 14:32:58.368   336   336 W HidlServiceManagement: Waited one second for android.hardware.keymaster@4.0::IKeymasterDevice/default
08-07 14:32:58.369   327   327 I hwservicemanager: Since android.hardware.keymaster@4.0::IKeymasterDevice/default is not registered, trying to start it as a lazy HAL.
08-07 14:32:58.369   336   336 I HidlServiceManagement: getService: Trying again for android.hardware.keymaster@4.0::IKeymasterDevice/default...
08-07 14:32:58.371   327   419 W libc    : Unable to set property "ctl.interface_start" to "android.hardware.keymaster@4.0::IKeymasterDevice/default": error code: 0x20
08-07 14:32:58.376     1     1 E (4)[1:init]: Control message: Could not find 'android.hardware.keymaster@4.0::IKeymasterDevice/default' for ctl.interface_start from pid: 327 (/system/bin/hwservicemanager)
08-07 14:32:59.370   336   336 W HidlServiceManagement: Waited one second for android.hardware.keymaster@4.0::IKeymasterDevice/default
08-07 14:32:59.371   327   327 I hwservicemanager: Since android.hardware.keymaster@4.0::IKeymasterDevice/default is not registered, trying to start it as a lazy HAL.
08-07 14:32:59.372   336   336 I HidlServiceManagement: getService: Trying again for android.hardware.keymaster@4.0::IKeymasterDevice/default...
08-07 14:32:59.373   327   420 W libc    : Unable to set property "ctl.interface_start" to "android.hardware.keymaster@4.0::IKeymasterDevice/default": error code: 0x20
08-07 14:32:59.378     1     1 E (6)[1:init]: Control message: Could not find 'android.hardware.keymaster@4.0::IKeymasterDevice/default' for ctl.interface_start from pid: 327 (/system/bin/hwservicemanager)
08-07 14:32:59.757     0     0 I -(5)[0:swapper/5]mtk_charger_alarm_timer_func: not suspend, wake up charger
08-07 14:32:59.757   298   298 I         : (5)[298:charger_thread][fgauge_read_current] final current=1167 (ratio=920)
08-07 14:32:59.759   298   298 I (5)[298:charger_thread]mt635x-auxadc mt-pmic: mt635x-auxadc: name:ISENSE, channel=0, adc_out=0x5a5b, adc_result=3811
08-07 14:32:59.763   298   298 I         : (5)[298:charger_thread][MDRT_ADC] OLD = 0x3239, NOW = 0x3242, CNT = 0
08-07 14:32:59.763   298   298 I (5)[298:charger_thread]mt635x-auxadc mt-pmic: mt635x-auxadc: name:BATADC, channel=0, adc_out=0x5a3a, adc_result=3806
08-07 14:32:59.765   298   298 I (5)[298:charger_thread]mt635x-auxadc mt-pmic: mt635x-auxadc: name:BATADC, channel=0, adc_out=0x5a3d, adc_result=3806
08-07 14:32:59.765   298   298 I (5)[298:charger_thread]mt635x-auxadc mt-pmic: mt635x-auxadc: name:VCDT, channel=2, adc_out=0x3e5, adc_result=438
08-07 14:32:59.765   298   298 I         : (5)[298:charger_thread][fgauge_read_current] final current=1184 (ratio=920)
08-07 14:32:59.765   298   298 I         : (5)[298:charger_thread][CH3_DBG] bat_cur = -1184
08-07 14:32:59.766   298   298 I (5)[298:charger_thread]mt635x-auxadc mt-pmic: mt635x-auxadc: name:BAT_TEMP, channel=3, adc_out=0x4e3, adc_result=549
08-07 14:32:59.766   298   298 I         : (5)[298:charger_thread][fgauge_read_current] final current=1260 (ratio=920)
08-07 14:32:59.766   298   298 I         : (5)[298:charger_thread][BattVoltToTemp] 551 16900 1800 2
08-07 14:32:59.766   298   298 I         : (5)[298:charger_thread][force_get_tbat] 549,551,0,126,100,331 r:75 100 0
08-07 14:32:59.766   298   298 I (5)[298:charger_thread][force_get_tbat] t: 33 precise:331
08-07 14:32:59.766   298   298 I (5)[298:charger_thread]Vbat=3806,Ibat=-1167,I=89,VChr=4144,T=33,Soc=41: 47,CT:1:1 hv:1 pd:0:0
08-07 14:32:59.766   298   298 I (5)[298:charger_thread]mtk_charger_start_timer: alarm timer start:0, 59 790847617
08-07 14:32:59.766   298   298 I         : -(5)[298:charger_thread]alarmtimer_enqueue, 59790847617
08-07 14:32:59.767   298   298 I         : (5)[298:charger_thread][fgauge_read_current] final current=1260 (ratio=920)
08-07 14:32:59.767   298   298 I         : (5)[298:charger_thread][CH3_DBG] bat_cur = -1260
08-07 14:32:59.768   298   298 I (5)[298:charger_thread]BAT_TEMP_PREV: 549,BAT_TEMP:549,VBIF28:1795
08-07 14:32:59.768   298   298 I         : (5)[298:charger_thread][fgauge_read_current] final current=1156 (ratio=920)
08-07 14:32:59.768   298   298 I         : (5)[298:charger_thread][BattVoltToTemp] 551 16900 1800 2
08-07 14:32:59.768   298   298 I         : (5)[298:charger_thread][force_get_tbat] 549,551,0,115,100,331 r:75 100 0
08-07 14:32:59.768   298   298 I (5)[298:charger_thread][force_get_tbat] t: 33 precise:331
08-07 14:32:59.768   298   298 I         : (5)[298:charger_thread][fg_is_battery_exist] PMIC_RGS_BATON_UNDET = 1
08-07 14:32:59.768   298   298 I chatty  : uid=1036(auditd) identical 1 line
08-07 14:32:59.768   298   298 I         : (5)[298:charger_thread][fg_is_battery_exist] PMIC_RGS_BATON_UNDET = 1
08-07 14:32:59.769   298   298 I (5)[298:charger_thread]tmp: 33 (jeita:0 sm:0 cv:0 en:0) (sm:1) en:1 c:0 s:0 ov:0 1 1
08-07 14:32:59.769   298   298 I         : (5)[298:charger_thread]info->chr_type =1
08-07 14:32:59.769   298   298 I         : (5)[298:charger_thread]mtk_switch_charging_run [1 0], timer=30
08-07 14:32:59.769   298   298 I         : (5)[298:charger_thread][fgauge_read_current] final current=1156 (ratio=920)
08-07 14:32:59.770   298   298 I         : (5)[298:charger_thread][CH3_DBG] bat_cur = -1156
08-07 14:32:59.770   298   298 I         : (5)[298:charger_thread][fgauge_read_current] final current=1098 (ratio=920)
08-07 14:32:59.770   298   298 I         : (5)[298:charger_thread][BattVoltToTemp] 549 16900 1800 1
08-07 14:32:59.770   298   298 I         : (5)[298:charger_thread][force_get_tbat] 548,549,0,109,100,332 r:75 100 0
08-07 14:32:59.770   298   298 I (5)[298:charger_thread][force_get_tbat] t: 33 precise:332
08-07 14:32:59.770   298   298 I (5)[298:charger_thread]pe40_ready: 0 hv:1 thermal:-1,-1 tmp:33,39,16 pps:0 en:0 ibus:0 80
08-07 14:32:59.771   298   298 W         : (5)[298:charger_thread]PRIZE master  charge current 500000:500000
08-07 14:32:59.771   298   298 I (5)[298:charger_thread]force: 0 thermal:-1,-1 pe4:-1,-1,0 setting:500 500 type:1 usb_unlimited:0 usbif:0 usbsm:2 aicl:-1 atm:0
08-07 14:32:59.771   298   298 I         : (5)[298:charger_thread]Can't find closest level
08-07 14:32:59.774   298   298 I         : (5)[298:charger_thread]charging_set_cv_voltage register_value=0x2e 4420000 4420000
08-07 14:32:59.778   298   298 W (5)[298:charger_thread][HL7005]dump:  
08-07 14:32:59.778   298   298 W         : (5)[298:charger_thread][0x0]=0xd0
08-07 14:32:59.778   298   298 W         : (5)[298:charger_thread][0x1]=0xb8
08-07 14:32:59.778   298   298 W         : (5)[298:charger_thread][0x2]=0xba
08-07 14:32:59.778   298   298 W         : (5)[298:charger_thread][0x3]=0x54
08-07 14:32:59.778   298   298 W         : (5)[298:charger_thread][0x4]=0x1
08-07 14:32:59.778   298   298 W         : (5)[298:charger_thread][0x5]=0x13
08-07 14:32:59.778   298   298 W         : (5)[298:charger_thread][0x6]=0x8a
08-07 14:32:59.778   298   298 W         : (5)[298:charger_thread][0x7]=0x9
08-07 14:32:59.778     0     0 W         : (5)[298:charger_thread]
08-07 14:33:00.006     0     0 I         : -(4)[0:swapper/4]tick broadcast enter counter cpu: 250, 0, 8, 0, 191, 396, 138, 22, success counter cpu: 0, 0, 1, 0, 72, 245, 77, 4, fail counter cpu: 0, 0, 0, 0, 0, 0, 0, 0, interrupt counter cpu: 0, 0, 7, 0, 124, 316, 111, 11, o: 0-3,5-7, p: , f: 4, t:  61870543463, 61870515617, 50812000000, 61870514771, 50030432002, 50108000000, 52444000000, 61870531309,
08-07 14:33:00.007     0     0 I -(6)[0:swapper/6]Power/swap CNT(soidle): [0] = (0), [1] = (0), [2] = (0), [3] = (0), [4] = (0), [5] = (0), [6] = (0), [7] = (0),
08-07 14:33:00.007     0     0 I -(6)[0:swapper/6]Power/swap soidle_block_cnt: [BY_FRM] = 6256,
08-07 14:33:00.007     0     0 I -(6)[0:swapper/6]Power/swap soidle_block_mask: 0x00000000, 0x00000000, 0x00000000, 0x00000000, 0x00000000, 0x00000000, idle_pll_block_mask: 0x00000000
08-07 14:33:00.007     0     0 I -(6)[0:swapper/6][resource_req_block] user: 0x4, 0x0
08-07 14:33:00.372   336   336 W HidlServiceManagement: Waited one second for android.hardware.keymaster@4.0::IKeymasterDevice/default
08-07 14:33:00.373   327   327 I hwservicemanager: Since android.hardware.keymaster@4.0::IKeymasterDevice/default is not registered, trying to start it as a lazy HAL.
08-07 14:33:00.374   336   336 I HidlServiceManagement: getService: Trying again for android.hardware.keymaster@4.0::IKeymasterDevice/default...
08-07 14:33:00.375   327   421 W libc    : Unable to set property "ctl.interface_start" to "android.hardware.keymaster@4.0::IKeymasterDevice/default": error code: 0x20
08-07 14:33:00.380     1     1 E (6)[1:init]: Control message: Could not find 'android.hardware.keymaster@4.0::IKeymasterDevice/default' for ctl.interface_start from pid: 327 (/system/bin/hwservicemanager)
08-07 14:33:01.374   336   336 W HidlServiceManagement: Waited one second for android.hardware.keymaster@4.0::IKeymasterDevice/default
08-07 14:33:01.375   327   327 I hwservicemanager: Since android.hardware.keymaster@4.0::IKeymasterDevice/default is not registered, trying to start it as a lazy HAL.
08-07 14:33:01.376   336   336 I HidlServiceManagement: getService: Trying again for android.hardware.keymaster@4.0::IKeymasterDevice/default...
08-07 14:33:01.377   327   422 W libc    : Unable to set property "ctl.interface_start" to "android.hardware.keymaster@4.0::IKeymasterDevice/default": error code: 0x20
08-07 14:33:01.382     1     1 E (4)[1:init]: Control message: Could not find 'android.hardware.keymaster@4.0::IKeymasterDevice/default' for ctl.interface_start from pid: 327 (/system/bin/hwservicemanager)
08-07 14:33:01.450     0     0 I (0)[0:swapper/0]Power/swap DP: No enter --- SODI3: No enter --- SODI: No enter ---
08-07 14:33:01.450     0     0 I (0)[0:swapper/0]mcdi cpu: 251, 0, 5, 0, 201, 349, 186, 18, cluster : 256, 509, pause = 779, multi core = 20, latency = 0, residency = 1, last core = 779, avail cpu = 00ff, cluster = 0003, enabled = 1, max_s_state = 5, system_idle_hint = 00000000
08-07 14:33:01.476   237   237 I         : (5)[237:battery_thread][fg_drv_update_hw_status]=>
08-07 14:33:01.476   237   237 I         : (5)[237:battery_thread][fgauge_read_current] final current=1161 (ratio=920)
08-07 14:33:01.476   237   237 I         : (5)[237:battery_thread][CH3_DBG] bat_cur = -1161
08-07 14:33:01.477   237   237 W -(5)[237:battery_thread]mt635x_auxadc_read_raw: 4 callbacks suppressed
08-07 14:33:01.477   237   237 I (5)[237:battery_thread]mt635x-auxadc mt-pmic: mt635x-auxadc: name:BAT_TEMP, channel=3, adc_out=0x4e2, adc_result=549
08-07 14:33:01.477   237   237 I         : (5)[237:battery_thread][fgauge_read_current] final current=1196 (ratio=920)
08-07 14:33:01.477   237   237 I         : (5)[237:battery_thread][BattVoltToTemp] 551 16900 1800 2
08-07 14:33:01.477   237   237 I         : (5)[237:battery_thread][force_get_tbat] 549,551,0,119,100,331 r:75 100 0
08-07 14:33:01.477   237   237 I (5)[237:battery_thread][force_get_tbat] t: 33 precise:331
08-07 14:33:01.477   237   237 I         : (5)[237:battery_thread][fg_bat_temp_int_sw_check] tmp 33 lt 65535 ht 65535
08-07 14:33:01.478   237   237 I         : (5)[237:battery_thread][fg_bat_sw_temp_int_l_handler]
08-07 14:33:01.478   237   237 I         : (5)[237:battery_thread][fgauge_read_current] final current=1196 (ratio=920)
08-07 14:33:01.478   237   237 I         : (5)[237:battery_thread][CH3_DBG] bat_cur = -1196
08-07 14:33:01.478   237   237 I (5)[237:battery_thread]mt635x-auxadc mt-pmic: mt635x-auxadc: name:BAT_TEMP, channel=3, adc_out=0x4e2, adc_result=549
08-07 14:33:01.479   237   237 I         : (5)[237:battery_thread][fgauge_read_current] final current=1086 (ratio=920)
08-07 14:33:01.479   237   237 I         : (5)[237:battery_thread][BattVoltToTemp] 550 16900 1800 1
08-07 14:33:01.479   237   237 I         : (5)[237:battery_thread][force_get_tbat] 549,550,0,108,100,332 r:75 100 0
08-07 14:33:01.479   237   237 I (5)[237:battery_thread][force_get_tbat] t: 33 precise:332
08-07 14:33:01.479   237   237 I         : (5)[237:battery_thread]mtk_battery boot mode =2
08-07 14:33:01.479   237   237 I         : (5)[237:battery_thread][wakeup_fg_algo_recovery] intr_num=0x400
08-07 14:33:01.479   237   237 I         : (5)[237:battery_thread][TempConverBattThermistor] [7222] 30 8315 35 6948 34
08-07 14:33:01.479   237   237 I         : (5)[237:battery_thread][fgauge_read_current] final current=1086 (ratio=920)
08-07 14:33:01.479   237   237 I         : (5)[237:battery_thread][TempToBattVolt] temp 34 R_NTC 7222 V(5389 5370) I 1086 CHG 0
08-07 14:33:01.479   237   237 I         : (5)[237:battery_thread][TempConverBattThermistor] [7769] 30 8315 35 6948 32
08-07 14:33:01.479   237   237 I         : (5)[237:battery_thread][TempToBattVolt] temp 32 R_NTC 7769 V(5668 5649) I 1086 CHG 0
08-07 14:33:01.479   237   237 I         : (5)[237:battery_thread][fg_bat_temp_int_internal][FG_TEMP_INT] T[33] V[65535 65535] C[34 32] h[5649 5370]
08-07 14:33:01.481   237   237 I (5)[237:battery_thread]mt635x-auxadc mt-pmic: mt635x-auxadc: name:BATADC, channel=0, adc_out=0x5a36, adc_result=3805
08-07 14:33:01.481   237   237 I         : (5)[237:battery_thread][fgauge_read_current] final current=1124 (ratio=920)
08-07 14:33:01.481   237   237 I         : (5)[237:battery_thread][CH3_DBG] bat_cur = -1124
08-07 14:33:01.482   237   237 I (5)[237:battery_thread]mt635x-auxadc mt-pmic: mt635x-auxadc: name:BAT_TEMP, channel=3, adc_out=0x4e3, adc_result=549
08-07 14:33:01.482   237   237 I         : (5)[237:battery_thread][fgauge_read_current] final current=1124 (ratio=920)
08-07 14:33:01.482   237   237 I         : (5)[237:battery_thread][BattVoltToTemp] 550 16900 1800 1
08-07 14:33:01.482   237   237 I         : (5)[237:battery_thread][force_get_tbat] 549,550,0,112,100,332 r:75 100 0
08-07 14:33:01.482   237   237 I (5)[237:battery_thread][force_get_tbat] t: 33 precise:332
08-07 14:33:01.482   237   237 I (5)[237:battery_thread][fg_update_sw_iavg]diff time: 50 iavg:0
08-07 14:33:01.482   237   237 I         : (5)[237:battery_thread][read_boot_battery_plug_out_status] rtc_invalid 0 plugout 0 bat_plug_out_time 31 sp3:0xaf pl:0 0
08-07 14:33:01.483   237   237 I         : (5)[237:battery_thread][fgauge_read_current] final current=1237 (ratio=920)
08-07 14:33:01.483   237   237 I         : (5)[237:battery_thread][fgauge_read_columb_internal] CAR=-17 r_fg_value=100 car_tune_value=920
08-07 14:33:01.485   295   295 I         : (5)[295:kworker/5:1][fgauge_read_current] final current=1205 (ratio=920)
08-07 14:33:01.486   237   237 I (4)[237:battery_thread]mt635x-auxadc mt-pmic: mt635x-auxadc: name:BATADC, channel=0, adc_out=0x5a29, adc_result=3803
08-07 14:33:01.487   237   237 I         : (5)[237:battery_thread][fgauge_read_current] final current=1110 (ratio=920)
08-07 14:33:01.487   237   237 I         : (5)[237:battery_thread][CH3_DBG] bat_cur = -1110
08-07 14:33:01.488   237   237 I         : (5)[237:battery_thread][fgauge_read_current] final current=1110 (ratio=920)
08-07 14:33:01.488   237   237 I         : (5)[237:battery_thread][BattVoltToTemp] 549 16900 1800 1
08-07 14:33:01.488   237   237 I         : (5)[237:battery_thread][force_get_tbat] 548,549,0,111,100,332 r:75 100 0
08-07 14:33:01.488   237   237 I (5)[237:battery_thread][force_get_tbat] t: 33 precise:332
08-07 14:33:01.488   237   237 I         : (5)[237:battery_thread]lbat 0 0 1 34500
08-07 14:33:01.488   237   237 I (5)[237:battery_thread]car[-17,217,-217,434,-189, cycle_car:-3,ncar:5] c: 0 1237 vbat:3803 vbus:4134 soc:41 47 gm3:0 0 0 0
08-07 14:33:01.488   237   237 I         : (5)[237:battery_thread][fgauge_read_columb_internal] CAR=-17 r_fg_value=100 car_tune_value=920
08-07 14:33:01.488   237   237 I         : (5)[237:battery_thread][fg_bat_nafg][fgauge_get_nafg_cnt] 0 [25_16 0 15_0 0]
08-07 14:33:01.488   237   237 I (5)[237:battery_thread][fg_nafg_monitor]time: 51 nafg_cnt:0, now:51, last_t:0
08-07 14:33:01.488   237   237 I (5)[237:battery_thread]tmp: 33 65535 65535 hcar2:434 lcar2:189 time:51 sw_iavg:0 0 0 nafg_m:0 0 0
08-07 14:33:01.488   237   237 I         : (5)[237:battery_thread][fgauge_read_columb_internal] CAR=-17 r_fg_value=100 car_tune_value=920
08-07 14:33:01.491   237   237 I         : (5)[237:battery_thread][fgauge_read_current] final current=1460 (ratio=920)
08-07 14:33:01.491   237   237 I         : (5)[237:battery_thread][fgauge_read_current] final current=1460 (ratio=920)
08-07 14:33:01.491   237   237 I         : (5)[237:battery_thread][CH3_DBG] bat_cur = -1460
08-07 14:33:01.492   237   237 I         : (5)[237:battery_thread][fgauge_read_current] final current=1460 (ratio=920)
08-07 14:33:01.492   237   237 I         : (5)[237:battery_thread][BattVoltToTemp] 551 16900 1800 2
08-07 14:33:01.492   237   237 I         : (5)[237:battery_thread][force_get_tbat] 549,551,0,146,100,331 r:75 100 0
08-07 14:33:01.492   237   237 I (5)[237:battery_thread][force_get_tbat] t: 33 precise:331
08-07 14:33:01.492   237   237 I         : (5)[237:battery_thread][fg_is_battery_exist] PMIC_RGS_BATON_UNDET = 1
08-07 14:33:01.492   237   237 I         : (5)[237:battery_thread]GM3log1 51 51 3805 -1460 0 0 -19 33 1 1 216 1 0
08-07 14:33:01.492   237   237 I         : (5)[237:battery_thread]GM3log2 51 0 0 0 0 38074 1252 0 4125
08-07 14:33:01.492   237   237 I         : (5)[237:battery_thread]GM3log3 51 0 37232 -5135 0
08-07 14:33:01.492   237   237 I         : (5)[237:battery_thread]GM3log4 0 47 0 0 31 0 0 1 1 1 41
08-07 14:33:01.492   237   237 I         : (5)[237:battery_thread]GM3log int 51 51 0 0 0 0
08-07 14:33:01.492   237   237 I         : (5)[237:battery_thread]GM3log phone_state 0 0
08-07 14:33:01.492   237   237 I (5)[237:battery_thread]GM3 car: -17 car_diff:-2
08-07 14:33:01.492   237   237 I (5)[237:battery_thread][fg_bat_nafg][fgauge_get_nafg_dltv] mV: Reg [15894:9645]
08-07 14:33:01.493   237   237 I         : (5)[237:battery_thread][fg_bat_nafg][fgauge_get_nafg_cnt] 0 [25_16 0 15_0 0]
08-07 14:33:01.493   237   237 I (5)[237:battery_thread][fg_bat_nafg][fgauge_get_nafg_c_dltv] mV: Reg[0:0][b10:0][26_16(0x0000) 15_00(0x0000)]
08-07 14:33:01.493   237   237 I         : (5)[237:battery_thread]GM3log-nint-nafg 51 51 0 38105 15894 0 0
08-07 14:33:01.493   237   237 I         : (5)[237:battery_thread]mtk_battery boot mode =2
08-07 14:33:01.493   237   237 I         : (5)[237:battery_thread][wakeup_fg_algo_recovery] intr_num=0x2000000
08-07 14:33:02.376   336   336 W HidlServiceManagement: Waited one second for android.hardware.keymaster@4.0::IKeymasterDevice/default
08-07 14:33:02.377   327   327 I hwservicemanager: Since android.hardware.keymaster@4.0::IKeymasterDevice/default is not registered, trying to start it as a lazy HAL.
08-07 14:33:02.378   336   336 I HidlServiceManagement: getService: Trying again for android.hardware.keymaster@4.0::IKeymasterDevice/default...
08-07 14:33:02.379   327   423 W libc    : Unable to set property "ctl.interface_start" to "android.hardware.keymaster@4.0::IKeymasterDevice/default": error code: 0x20
08-07 14:33:02.384     1     1 E (4)[1:init]: Control message: Could not find 'android.hardware.keymaster@4.0::IKeymasterDevice/default' for ctl.interface_start from pid: 327 (/system/bin/hwservicemanager)
08-07 14:33:02.420   242   242 I         : (5)[242:kworker/u16:3][fgauge_read_current] final current=1171 (ratio=920)
08-07 14:33:02.420   242   242 I         : (5)[242:kworker/u16:3][CH3_DBG] bat_cur = -1171
08-07 14:33:02.421   242   242 I         : (5)[242:kworker/u16:3][fgauge_read_current] final current=1171 (ratio=920)
08-07 14:33:02.421   242   242 I         : (5)[242:kworker/u16:3][BattVoltToTemp] 551 16900 1800 2
08-07 14:33:02.421   242   242 I         : (5)[242:kworker/u16:3][force_get_tbat] 549,551,0,117,100,331 r:75 100 0
08-07 14:33:02.421   242   242 I (5)[242:kworker/u16:3][force_get_tbat] t: 33 precise:331
08-07 14:33:02.676   101   101 W -(4)[101:kworker/u16:1]mt635x_auxadc_read_raw: 6 callbacks suppressed
08-07 14:33:02.676   101   101 I (4)[101:kworker/u16:1]mt635x-auxadc mt-pmic: mt635x-auxadc: name:VPROC_TEMP, channel=4, adc_out=0x5dd, adc_result=659
08-07 14:33:02.677   242   242 I (5)[242:kworker/u16:3]mt635x-auxadc mt-pmic: mt635x-auxadc: name:VCORE_TEMP, channel=4, adc_out=0x5ea, adc_result=665
08-07 14:33:03.379   336   336 W HidlServiceManagement: Waited one second for android.hardware.keymaster@4.0::IKeymasterDevice/default
08-07 14:33:03.380   327   327 I hwservicemanager: Since android.hardware.keymaster@4.0::IKeymasterDevice/default is not registered, trying to start it as a lazy HAL.
08-07 14:33:03.380   336   336 I HidlServiceManagement: getService: Trying again for android.hardware.keymaster@4.0::IKeymasterDevice/default...
08-07 14:33:03.381   327   424 W libc    : Unable to set property "ctl.interface_start" to "android.hardware.keymaster@4.0::IKeymasterDevice/default": error code: 0x20
08-07 14:33:03.387     1     1 E (5)[1:init]: Control message: Could not find 'android.hardware.keymaster@4.0::IKeymasterDevice/default' for ctl.interface_start from pid: 327 (/system/bin/hwservicemanager)
08-07 14:33:04.381   336   336 W HidlServiceManagement: Waited one second for android.hardware.keymaster@4.0::IKeymasterDevice/default
08-07 14:33:04.382   327   327 I hwservicemanager: Since android.hardware.keymaster@4.0::IKeymasterDevice/default is not registered, trying to start it as a lazy HAL.
08-07 14:33:04.382   336   336 I HidlServiceManagement: getService: Trying again for android.hardware.keymaster@4.0::IKeymasterDevice/default...
08-07 14:33:04.384   327   425 W libc    : Unable to set property "ctl.interface_start" to "android.hardware.keymaster@4.0::IKeymasterDevice/default": error code: 0x20
08-07 14:33:04.389     1     1 E (4)[1:init]: Control message: Could not find 'android.hardware.keymaster@4.0::IKeymasterDevice/default' for ctl.interface_start from pid: 327 (/system/bin/hwservicemanager)
08-07 14:33:05.009     0     0 I         : -(6)[0:swapper/6]tick broadcast enter counter cpu: 270, 0, 5, 0, 235, 146, 366, 11, success counter cpu: 0, 0, 0, 0, 116, 15, 246, 0, fail counter cpu: 0, 0, 0, 0, 0, 0, 0, 0, interrupt counter cpu: 0, 0, 5, 0, 180, 75, 338, 2, o: 0-5,7, p: , f: 6, t:  61870543463, 61870515617, 55772000000, 61870514771, 55060000000, 55140055465, 55033336618, 61870531309,
08-07 14:33:05.383   336   336 W HidlServiceManagement: Waited one second for android.hardware.keymaster@4.0::IKeymasterDevice/default
08-07 14:33:05.384   327   327 I hwservicemanager: Since android.hardware.keymaster@4.0::IKeymasterDevice/default is not registered, trying to start it as a lazy HAL.
08-07 14:33:05.384   336   336 I HidlServiceManagement: getService: Trying again for android.hardware.keymaster@4.0::IKeymasterDevice/default...
08-07 14:33:05.385   327   426 W libc    : Unable to set property "ctl.interface_start" to "android.hardware.keymaster@4.0::IKeymasterDevice/default": error code: 0x20
08-07 14:33:05.391     1     1 E (4)[1:init]: Control message: Could not find 'android.hardware.keymaster@4.0::IKeymasterDevice/default' for ctl.interface_start from pid: 327 (/system/bin/hwservicemanager)
08-07 14:33:05.748   101   101 I (4)[101:kworker/u16:1][SCP] scp_ipi_send: SCP A not ready
08-07 14:33:05.748   101   101 E         : (4)[101:kworker/u16:1][sensorHub] scp_ipi_send fail
08-07 14:33:05.749   244   244 E         : (2)[244:kworker/2:2][sensorHub] scp_sensorHub_req_send fail!
08-07 14:33:06.385   336   336 W HidlServiceManagement: Waited one second for android.hardware.keymaster@4.0::IKeymasterDevice/default
08-07 14:33:06.385   327   327 I hwservicemanager: Since android.hardware.keymaster@4.0::IKeymasterDevice/default is not registered, trying to start it as a lazy HAL.
08-07 14:33:06.386   336   336 I HidlServiceManagement: getService: Trying again for android.hardware.keymaster@4.0::IKeymasterDevice/default...
08-07 14:33:06.387   327   427 W libc    : Unable to set property "ctl.interface_start" to "android.hardware.keymaster@4.0::IKeymasterDevice/default": error code: 0x20
08-07 14:33:06.393     1     1 E (4)[1:init]: Control message: Could not find 'android.hardware.keymaster@4.0::IKeymasterDevice/default' for ctl.interface_start from pid: 327 (/system/bin/hwservicemanager)
08-07 14:33:06.451     0     0 I (6)[0:swapper/6]Power/swap DP: No enter --- SODI3: No enter --- SODI: No enter ---
08-07 14:33:06.451     0     0 I (6)[0:swapper/6]mcdi cpu: 267, 0, 8, 0, 210, 144, 407, 14, cluster : 275, 556, pause = 827, multi core = 26, latency = 0, residency = 0, last core = 823, avail cpu = 00ff, cluster = 0003, enabled = 1, max_s_state = 5, system_idle_hint = 00000000
08-07 14:33:07.387   336   336 W HidlServiceManagement: Waited one second for android.hardware.keymaster@4.0::IKeymasterDevice/default
08-07 14:33:07.388   327   327 I hwservicemanager: Since android.hardware.keymaster@4.0::IKeymasterDevice/default is not registered, trying to start it as a lazy HAL.
08-07 14:33:07.388   336   336 I HidlServiceManagement: getService: Trying again for android.hardware.keymaster@4.0::IKeymasterDevice/default...
08-07 14:33:07.390   327   428 W libc    : Unable to set property "ctl.interface_start" to "android.hardware.keymaster@4.0::IKeymasterDevice/default": error code: 0x20
08-07 14:33:07.395     1     1 E (4)[1:init]: Control message: Could not find 'android.hardware.keymaster@4.0::IKeymasterDevice/default' for ctl.interface_start from pid: 327 (/system/bin/hwservicemanager)
08-07 14:33:07.540   101   101 I         : (4)[101:kworker/u16:1][fgauge_read_current] final current=1130 (ratio=920)
08-07 14:33:07.540   101   101 I         : (4)[101:kworker/u16:1][CH3_DBG] bat_cur = -1130
08-07 14:33:07.541   101   101 I (4)[101:kworker/u16:1]mt635x-auxadc mt-pmic: mt635x-auxadc: name:BAT_TEMP, channel=3, adc_out=0x4e2, adc_result=549
08-07 14:33:07.541   101   101 I         : (4)[101:kworker/u16:1][fgauge_read_current] final current=1066 (ratio=920)
08-07 14:33:07.541   101   101 I         : (4)[101:kworker/u16:1][BattVoltToTemp] 550 16900 1800 1
08-07 14:33:07.541   101   101 I         : (4)[101:kworker/u16:1][force_get_tbat] 549,550,0,106,100,332 r:75 100 0
08-07 14:33:07.541   101   101 I (4)[101:kworker/u16:1][force_get_tbat] t: 33 precise:332
08-07 14:33:07.796   242   242 I (4)[242:kworker/u16:3]mt635x-auxadc mt-pmic: mt635x-auxadc: name:VPROC_TEMP, channel=4, adc_out=0x5dd, adc_result=659
08-07 14:33:07.797   101   101 I (6)[101:kworker/u16:1]mt635x-auxadc mt-pmic: mt635x-auxadc: name:VCORE_TEMP, channel=4, adc_out=0x5eb, adc_result=665
08-07 14:33:08.389   336   336 W HidlServiceManagement: Waited one second for android.hardware.keymaster@4.0::IKeymasterDevice/default
08-07 14:33:08.390   327   327 I hwservicemanager: Since android.hardware.keymaster@4.0::IKeymasterDevice/default is not registered, trying to start it as a lazy HAL.
08-07 14:33:08.391   336   336 I HidlServiceManagement: getService: Trying again for android.hardware.keymaster@4.0::IKeymasterDevice/default...
08-07 14:33:08.392   327   429 W libc    : Unable to set property "ctl.interface_start" to "android.hardware.keymaster@4.0::IKeymasterDevice/default": error code: 0x20
08-07 14:33:08.397     1     1 E (7)[1:init]: Control message: Could not find 'android.hardware.keymaster@4.0::IKeymasterDevice/default' for ctl.interface_start from pid: 327 (/system/bin/hwservicemanager)
08-07 14:33:09.391   336   336 W HidlServiceManagement: Waited one second for android.hardware.keymaster@4.0::IKeymasterDevice/default
08-07 14:33:09.392   327   327 I hwservicemanager: Since android.hardware.keymaster@4.0::IKeymasterDevice/default is not registered, trying to start it as a lazy HAL.
08-07 14:33:09.393   336   336 I HidlServiceManagement: getService: Trying again for android.hardware.keymaster@4.0::IKeymasterDevice/default...
08-07 14:33:09.394   327   430 W libc    : Unable to set property "ctl.interface_start" to "android.hardware.keymaster@4.0::IKeymasterDevice/default": error code: 0x20
08-07 14:33:09.399     1     1 E (7)[1:init]: Control message: Could not find 'android.hardware.keymaster@4.0::IKeymasterDevice/default' for ctl.interface_start from pid: 327 (/system/bin/hwservicemanager)
08-07 14:33:09.766     0     0 I -(5)[0:swapper/5]mtk_charger_alarm_timer_func: not suspend, wake up charger
08-07 14:33:09.767   298   298 I         : (5)[298:charger_thread][fgauge_read_current] final current=1058 (ratio=920)
08-07 14:33:09.769   298   298 I (5)[298:charger_thread]mt635x-auxadc mt-pmic: mt635x-auxadc: name:ISENSE, channel=0, adc_out=0x5a41, adc_result=3807
08-07 14:33:09.771   298   298 I         : (5)[298:charger_thread][MDRT_ADC] OLD = 0x3242, NOW = 0x3249, CNT = 0
08-07 14:33:09.771   298   298 I (5)[298:charger_thread]mt635x-auxadc mt-pmic: mt635x-auxadc: name:BATADC, channel=0, adc_out=0x5a39, adc_result=3806
08-07 14:33:09.773   298   298 I (5)[298:charger_thread]mt635x-auxadc mt-pmic: mt635x-auxadc: name:BATADC, channel=0, adc_out=0x5a3d, adc_result=3806
08-07 14:33:09.773   298   298 I (5)[298:charger_thread]mt635x-auxadc mt-pmic: mt635x-auxadc: name:VCDT, channel=2, adc_out=0x3e4, adc_result=437
08-07 14:33:09.773   298   298 I         : (5)[298:charger_thread][fgauge_read_current] final current=1286 (ratio=920)
08-07 14:33:09.773   298   298 I         : (5)[298:charger_thread][CH3_DBG] bat_cur = -1286
08-07 14:33:09.774   298   298 I (5)[298:charger_thread]mt635x-auxadc mt-pmic: mt635x-auxadc: name:BAT_TEMP, channel=3, adc_out=0x4e3, adc_result=549
08-07 14:33:09.774   298   298 I         : (5)[298:charger_thread][fgauge_read_current] final current=1217 (ratio=920)
08-07 14:33:09.774   298   298 I         : (5)[298:charger_thread][BattVoltToTemp] 551 16900 1800 2
08-07 14:33:09.774   298   298 I         : (5)[298:charger_thread][force_get_tbat] 549,551,0,121,100,331 r:75 100 0
08-07 14:33:09.774   298   298 I (5)[298:charger_thread][force_get_tbat] t: 33 precise:331
08-07 14:33:09.774   298   298 I (5)[298:charger_thread]Vbat=3806,Ibat=-1058,I=17,VChr=4134,T=33,Soc=41: 47,CT:1:1 hv:1 pd:0:0
08-07 14:33:09.774   298   298 I (5)[298:charger_thread]mtk_charger_start_timer: alarm timer start:0, 69 798906849
08-07 14:33:09.774   298   298 I         : -(5)[298:charger_thread]alarmtimer_enqueue, 69798906849
08-07 14:33:09.775   298   298 I         : (5)[298:charger_thread][fgauge_read_current] final current=1217 (ratio=920)
08-07 14:33:09.775   298   298 I         : (5)[298:charger_thread][CH3_DBG] bat_cur = -1217
08-07 14:33:09.776   298   298 I         : (5)[298:charger_thread][fgauge_read_current] final current=1092 (ratio=920)
08-07 14:33:09.776   298   298 I         : (5)[298:charger_thread][BattVoltToTemp] 550 16900 1800 1
08-07 14:33:09.776   298   298 I         : (5)[298:charger_thread][force_get_tbat] 549,550,0,109,100,332 r:75 100 0
08-07 14:33:09.776   298   298 I (5)[298:charger_thread][force_get_tbat] t: 33 precise:332
08-07 14:33:09.776   298   298 I         : (5)[298:charger_thread][fg_is_battery_exist] PMIC_RGS_BATON_UNDET = 1
08-07 14:33:09.776   298   298 I chatty  : uid=1036(auditd) identical 1 line
08-07 14:33:09.776   298   298 I         : (5)[298:charger_thread][fg_is_battery_exist] PMIC_RGS_BATON_UNDET = 1
08-07 14:33:09.777   298   298 I (5)[298:charger_thread]tmp: 33 (jeita:0 sm:0 cv:0 en:0) (sm:1) en:1 c:0 s:0 ov:0 1 1
08-07 14:33:09.777   298   298 I         : (5)[298:charger_thread]info->chr_type =1
08-07 14:33:09.777   298   298 I         : (5)[298:charger_thread]mtk_switch_charging_run [1 0], timer=40
08-07 14:33:09.777   298   298 I         : (5)[298:charger_thread][fgauge_read_current] final current=1092 (ratio=920)
08-07 14:33:09.777   298   298 I         : (5)[298:charger_thread][CH3_DBG] bat_cur = -1092
08-07 14:33:09.778   298   298 I         : (5)[298:charger_thread][fgauge_read_current] final current=1069 (ratio=920)
08-07 14:33:09.778   298   298 I         : (5)[298:charger_thread][BattVoltToTemp] 550 16900 1800 1
08-07 14:33:09.778   298   298 I         : (5)[298:charger_thread][force_get_tbat] 549,550,0,106,100,332 r:75 100 0
08-07 14:33:09.778   298   298 I (5)[298:charger_thread][force_get_tbat] t: 33 precise:332
08-07 14:33:09.778   298   298 I (5)[298:charger_thread]pe40_ready: 0 hv:1 thermal:-1,-1 tmp:33,39,16 pps:0 en:0 ibus:0 80
08-07 14:33:09.778   298   298 W         : (5)[298:charger_thread]PRIZE master  charge current 500000:500000
08-07 14:33:09.778   298   298 I (5)[298:charger_thread]force: 0 thermal:-1,-1 pe4:-1,-1,0 setting:500 500 type:1 usb_unlimited:0 usbif:0 usbsm:2 aicl:-1 atm:0
08-07 14:33:09.779   298   298 I         : (5)[298:charger_thread]Can't find closest level
08-07 14:33:09.782   298   298 I         : (5)[298:charger_thread]charging_set_cv_voltage register_value=0x2e 4420000 4420000
08-07 14:33:09.785   298   298 W (4)[298:charger_thread][HL7005]dump:  
08-07 14:33:09.785   298   298 W         : (4)[298:charger_thread][0x0]=0xd0
08-07 14:33:09.786   298   298 W         : (4)[298:charger_thread][0x1]=0xb8
08-07 14:33:09.786   298   298 W         : (4)[298:charger_thread][0x2]=0xba
08-07 14:33:09.786   298   298 W         : (4)[298:charger_thread][0x3]=0x54
08-07 14:33:09.786   298   298 W         : (4)[298:charger_thread][0x4]=0x1
08-07 14:33:09.786   298   298 W         : (4)[298:charger_thread][0x5]=0x13
08-07 14:33:09.786   298   298 W         : (4)[298:charger_thread][0x6]=0x8a
08-07 14:33:09.786   298   298 W         : (4)[298:charger_thread][0x7]=0x9
08-07 14:33:09.786     0     0 W         : (4)[298:charger_thread]
08-07 14:33:10.012     0     0 I         : -(5)[0:swapper/5]tick broadcast enter counter cpu: 255, 0, 9, 0, 162, 168, 456, 11, success counter cpu: 0, 0, 1, 0, 32, 21, 317, 0, fail counter cpu: 0, 0, 0, 0, 0, 0, 0, 0, interrupt counter cpu: 0, 0, 8, 0, 90, 81, 431, 0, o: 0-4,6-7, p: , f: 5, t:  61870543463, 61870515617, 60796000000, 61870514771, 60252000000, 60036000000, 60040606233, 61870531309,
08-07 14:33:10.393   336   336 W HidlServiceManagement: Waited one second for android.hardware.keymaster@4.0::IKeymasterDevice/default
08-07 14:33:10.394   327   327 I hwservicemanager: Since android.hardware.keymaster@4.0::IKeymasterDevice/default is not registered, trying to start it as a lazy HAL.
08-07 14:33:10.395   336   336 I HidlServiceManagement: getService: Trying again for android.hardware.keymaster@4.0::IKeymasterDevice/default...
08-07 14:33:10.396   327   431 W libc    : Unable to set property "ctl.interface_start" to "android.hardware.keymaster@4.0::IKeymasterDevice/default": error code: 0x20
08-07 14:33:10.401     1     1 E (7)[1:init]: Control message: Could not find 'android.hardware.keymaster@4.0::IKeymasterDevice/default' for ctl.interface_start from pid: 327 (/system/bin/hwservicemanager)
08-07 14:33:11.395   336   336 W HidlServiceManagement: Waited one second for android.hardware.keymaster@4.0::IKeymasterDevice/default
08-07 14:33:11.396   327   327 I hwservicemanager: Since android.hardware.keymaster@4.0::IKeymasterDevice/default is not registered, trying to start it as a lazy HAL.
08-07 14:33:11.397   336   336 I HidlServiceManagement: getService: Trying again for android.hardware.keymaster@4.0::IKeymasterDevice/default...
08-07 14:33:11.398   327   432 W libc    : Unable to set property "ctl.interface_start" to "android.hardware.keymaster@4.0::IKeymasterDevice/default": error code: 0x20
08-07 14:33:11.404     1     1 E (7)[1:init]: Control message: Could not find 'android.hardware.keymaster@4.0::IKeymasterDevice/default' for ctl.interface_start from pid: 327 (/system/bin/hwservicemanager)
08-07 14:33:11.452     0     0 I (0)[0:swapper/0]Power/swap DP: No enter --- SODI3: No enter --- SODI: No enter ---
08-07 14:33:11.452     0     0 I (0)[0:swapper/0]mcdi cpu: 259, 0, 6, 0, 163, 167, 358, 108, cluster : 264, 550, pause = 819, multi core = 17, latency = 0, residency = 1, last core = 816, avail cpu = 00ff, cluster = 0003, enabled = 1, max_s_state = 5, system_idle_hint = 00000000
08-07 14:33:11.493   237   237 I         : (5)[237:battery_thread][fg_drv_update_hw_status]=>
08-07 14:33:11.493   237   237 I         : (5)[237:battery_thread][fgauge_read_current] final current=1017 (ratio=920)
08-07 14:33:11.493   237   237 I         : (5)[237:battery_thread][CH3_DBG] bat_cur = -1017
08-07 14:33:11.494   237   237 W -(5)[237:battery_thread]mt635x_auxadc_read_raw: 4 callbacks suppressed
08-07 14:33:11.494   237   237 I (5)[237:battery_thread]mt635x-auxadc mt-pmic: mt635x-auxadc: name:BAT_TEMP, channel=3, adc_out=0x4e2, adc_result=549
08-07 14:33:11.494   237   237 I         : (5)[237:battery_thread][fgauge_read_current] final current=1032 (ratio=920)
08-07 14:33:11.494   237   237 I         : (5)[237:battery_thread][BattVoltToTemp] 550 16900 1800 1
08-07 14:33:11.494   237   237 I         : (5)[237:battery_thread][force_get_tbat] 549,550,0,103,100,332 r:75 100 0
08-07 14:33:11.494   237   237 I (5)[237:battery_thread][force_get_tbat] t: 33 precise:332
08-07 14:33:11.494   237   237 I         : (5)[237:battery_thread][fg_bat_temp_int_sw_check] tmp 33 lt 65535 ht 65535
08-07 14:33:11.494   237   237 I         : (5)[237:battery_thread][fg_bat_sw_temp_int_l_handler]
08-07 14:33:11.495   237   237 I         : (5)[237:battery_thread][fgauge_read_current] final current=1032 (ratio=920)
08-07 14:33:11.495   237   237 I         : (5)[237:battery_thread][CH3_DBG] bat_cur = -1032
08-07 14:33:11.495   237   237 I (5)[237:battery_thread]mt635x-auxadc mt-pmic: mt635x-auxadc: name:BAT_TEMP, channel=3, adc_out=0x4e3, adc_result=549
08-07 14:33:11.496   237   237 I         : (5)[237:battery_thread][fgauge_read_current] final current=1032 (ratio=920)
08-07 14:33:11.496   237   237 I         : (5)[237:battery_thread][BattVoltToTemp] 550 16900 1800 1
08-07 14:33:11.496   237   237 I         : (5)[237:battery_thread][force_get_tbat] 549,550,0,103,100,332 r:75 100 0
08-07 14:33:11.496   237   237 I (5)[237:battery_thread][force_get_tbat] t: 33 precise:332
08-07 14:33:11.496   237   237 I         : (5)[237:battery_thread]mtk_battery boot mode =2
08-07 14:33:11.496   237   237 I         : (5)[237:battery_thread][wakeup_fg_algo_recovery] intr_num=0x400
08-07 14:33:11.496   237   237 I         : (5)[237:battery_thread][TempConverBattThermistor] [7222] 30 8315 35 6948 34
08-07 14:33:11.496   237   237 I         : (5)[237:battery_thread][fgauge_read_current] final current=1144 (ratio=920)
08-07 14:33:11.496   237   237 I         : (5)[237:battery_thread][TempToBattVolt] temp 34 R_NTC 7222 V(5389 5369) I 1144 CHG 0
08-07 14:33:11.496   237   237 I         : (5)[237:battery_thread][TempConverBattThermistor] [7769] 30 8315 35 6948 32
08-07 14:33:11.496   237   237 I         : (5)[237:battery_thread][TempToBattVolt] temp 32 R_NTC 7769 V(5668 5648) I 1144 CHG 0
08-07 14:33:11.496   237   237 I         : (5)[237:battery_thread][fg_bat_temp_int_internal][FG_TEMP_INT] T[33] V[65535 65535] C[34 32] h[5648 5369]
08-07 14:33:11.498   237   237 I (5)[237:battery_thread]mt635x-auxadc mt-pmic: mt635x-auxadc: name:BATADC, channel=0, adc_out=0x5a3c, adc_result=3806
08-07 14:33:11.498   237   237 I         : (5)[237:battery_thread][fgauge_read_current] final current=1231 (ratio=920)
08-07 14:33:11.498   237   237 I         : (5)[237:battery_thread][CH3_DBG] bat_cur = -1231
08-07 14:33:11.499   237   237 I (5)[237:battery_thread]mt635x-auxadc mt-pmic: mt635x-auxadc: name:BAT_TEMP, channel=3, adc_out=0x4e7, adc_result=551
08-07 14:33:11.499   237   237 I         : (5)[237:battery_thread][fgauge_read_current] final current=1231 (ratio=920)
08-07 14:33:11.499   237   237 I         : (5)[237:battery_thread][BattVoltToTemp] 553 16900 1800 2
08-07 14:33:11.499   237   237 I         : (5)[237:battery_thread][force_get_tbat] 551,553,0,123,100,330 r:75 100 0
08-07 14:33:11.500   237   237 I (5)[237:battery_thread][force_get_tbat] t: 33 precise:330
08-07 14:33:11.500   237   237 I (5)[237:battery_thread][fg_update_sw_iavg]diff time: 60 iavg:0
08-07 14:33:11.500   237   237 I         : (5)[237:battery_thread][fgauge_read_columb_internal] CAR=-20 r_fg_value=100 car_tune_value=920
08-07 14:33:11.500   237   237 I (5)[237:battery_thread][fg_update_sw_iavg]time: 60 car:-20 -20 iavg:-1200 ht:3000 lt:-3000 gap:3000
08-07 14:33:11.500   237   237 I         : (5)[237:battery_thread][read_boot_battery_plug_out_status] rtc_invalid 0 plugout 0 bat_plug_out_time 31 sp3:0xaf pl:0 0
08-07 14:33:11.500   237   237 I         : (5)[237:battery_thread][fgauge_read_current] final current=1187 (ratio=920)
08-07 14:33:11.500   237   237 I         : (5)[237:battery_thread][fgauge_read_columb_internal] CAR=-20 r_fg_value=100 car_tune_value=920
08-07 14:33:11.502   295   295 I         : (5)[295:kworker/5:1][fgauge_read_current] final current=1110 (ratio=920)
08-07 14:33:11.503   237   237 I (7)[237:battery_thread]mt635x-auxadc mt-pmic: mt635x-auxadc: name:BATADC, channel=0, adc_out=0x5a1e, adc_result=3801
08-07 14:33:11.503   237   237 I         : (7)[237:battery_thread][fgauge_read_current] final current=1110 (ratio=920)
08-07 14:33:11.503   237   237 I         : (7)[237:battery_thread][CH3_DBG] bat_cur = -1110
08-07 14:33:11.504   237   237 I         : (7)[237:battery_thread][fgauge_read_current] final current=1081 (ratio=920)
08-07 14:33:11.504   237   237 I         : (7)[237:battery_thread][BattVoltToTemp] 549 16900 1800 1
08-07 14:33:11.504   237   237 I         : (7)[237:battery_thread][force_get_tbat] 548,549,0,108,100,332 r:75 100 0
08-07 14:33:11.504   237   237 I (7)[237:battery_thread][force_get_tbat] t: 33 precise:332
08-07 14:33:11.504   237   237 I         : (7)[237:battery_thread]lbat 0 0 1 34500
08-07 14:33:11.504   237   237 I (7)[237:battery_thread]car[-20,217,-217,434,-189, cycle_car:-3,ncar:5] c: 0 1187 vbat:3801 vbus:4144 soc:41 47 gm3:0 0 0 0
08-07 14:33:11.505   237   237 I         : (7)[237:battery_thread][fgauge_read_columb_internal] CAR=-20 r_fg_value=100 car_tune_value=920
08-07 14:33:11.505   237   237 I         : (7)[237:battery_thread][fg_bat_nafg][fgauge_get_nafg_cnt] 0 [25_16 0 15_0 0]
08-07 14:33:11.505   237   237 I (7)[237:battery_thread][fg_nafg_monitor]time: 61 nafg_cnt:0, now:61, last_t:0
08-07 14:33:11.505   237   237 I (7)[237:battery_thread]tmp: 33 65535 65535 hcar2:434 lcar2:189 time:61 sw_iavg:-1200 -1200 0 nafg_m:0 0 0
08-07 14:33:11.505   237   237 I         : (7)[237:battery_thread][fgauge_read_columb_internal] CAR=-20 r_fg_value=100 car_tune_value=920
08-07 14:33:11.507   237   237 I         : (7)[237:battery_thread][fgauge_read_current] final current=1283 (ratio=920)
08-07 14:33:11.507   237   237 I         : (7)[237:battery_thread][fgauge_read_current] final current=1283 (ratio=920)
08-07 14:33:11.507   237   237 I         : (7)[237:battery_thread][CH3_DBG] bat_cur = -1283
08-07 14:33:11.508   237   237 I         : (7)[237:battery_thread][fgauge_read_current] final current=1419 (ratio=920)
08-07 14:33:11.508   237   237 I         : (7)[237:battery_thread][BattVoltToTemp] 550 16900 1800 2
08-07 14:33:11.508   237   237 I         : (7)[237:battery_thread][force_get_tbat] 548,550,0,141,100,332 r:75 100 0
08-07 14:33:11.508   237   237 I (7)[237:battery_thread][force_get_tbat] t: 33 precise:332
08-07 14:33:11.508   237   237 I         : (7)[237:battery_thread][fg_is_battery_exist] PMIC_RGS_BATON_UNDET = 1
08-07 14:33:11.508   237   237 I         : (7)[237:battery_thread]GM3log1 61 61 3802 -1283 -1200 0 -22 33 1 1 216 1 0
08-07 14:33:11.509   237   237 I         : (7)[237:battery_thread]GM3log2 61 0 0 0 0 38074 1252 0 4144
08-07 14:33:11.509   237   237 I         : (7)[237:battery_thread]GM3log3 61 0 37232 -5135 0
08-07 14:33:11.509   237   237 I         : (7)[237:battery_thread]GM3log4 0 47 0 0 31 0 0 1 1 1 41
08-07 14:33:11.509   237   237 I         : (7)[237:battery_thread]GM3log int 61 61 0 0 0 0
08-07 14:33:11.509   237   237 I         : (7)[237:battery_thread]GM3log phone_state 0 0
08-07 14:33:11.509   237   237 I (7)[237:battery_thread]GM3 car: -20 car_diff:-2
08-07 14:33:11.509   237   237 I (7)[237:battery_thread][fg_bat_nafg][fgauge_get_nafg_dltv] mV: Reg [15894:9645]
08-07 14:33:11.509   237   237 I         : (7)[237:battery_thread][fg_bat_nafg][fgauge_get_nafg_cnt] 0 [25_16 0 15_0 0]
08-07 14:33:11.509   237   237 I (7)[237:battery_thread][fg_bat_nafg][fgauge_get_nafg_c_dltv] mV: Reg[0:0][b10:0][26_16(0x0000) 15_00(0x0000)]
08-07 14:33:11.509   237   237 I         : (7)[237:battery_thread]GM3log-nint-nafg 61 61 0 38105 15894 0 0
08-07 14:33:11.509   237   237 I         : (7)[237:battery_thread]mtk_battery boot mode =2
08-07 14:33:11.509   237   237 I         : (7)[237:battery_thread][wakeup_fg_algo_recovery] intr_num=0x2000000
08-07 14:33:11.749     0     0 I         : (7)[307:wdtk-7][wdk-c] cpu=7,lbit=0x80,cbit=0xff,0,1,1762814388,[61779428454,20000000,81773857]
08-07 14:33:11.749     0     0 I         : (7)[307:wdtk-7][thread:307][RT:61779499993] 2022-08-07 14:33:11.744296 UTC;android time 2022-08-07 14:33:11.744296
08-07 14:33:11.776     0     0 I         : (5)[305:wdtk-5][wdk-c] cpu=5,lbit=0xa0,cbit=0xff,0,1,1762814388,[61806071993,19973356,81773857]
