08-07 16:17:15.923     1     1 I         : (1)[1:init]usb_get_function usb_function name=mtp
08-07 16:17:15.924     1     1 I         : (1)[1:init]config_usb_cfg_link b.1<-->ffs.adb
08-07 16:17:15.924     1     1 I         : (1)[1:init]usb_get_function usb_function_driver name=ffs
08-07 16:17:15.924     1     1 I         : (1)[1:init]usb_get_function usb_function name=Function FS Gadget
08-07 16:17:15.924     1     1 I         : (1)[1:init]gadget_dev_desc_UDC_store write musb-hdrc
08-07 16:17:15.924     1     1 I         : (1)[1:init]usb_gadget_probe_driver musb-hdrc musb-hdrc
08-07 16:17:15.924     1     1 I         : (1)[1:init]configfs_composite_bind
08-07 16:17:15.924     1     1 I (1)[1:init]configfs-gadget gadget: adding 'mtp'/00000000426239b8 to config 'b'/000000003751c87b
08-07 16:17:15.924     1     1 I         : (1)[1:init]allocate RX=49152 Tx=49152
08-07 16:17:15.924     1     1 I (1)[1:init]configfs-gadget gadget: adding 'Function FS Gadget'/00000000abb3f629 to config 'b'/000000003751c87b
08-07 16:17:15.924     1     1 I (1)[1:init][MUSB]musb_gadget_start 2599: musb_gadget_start
08-07 16:17:15.924     1     1 I (1)[1:init][MUSB]musb_gadget_pullup 2382: is_on=1, softconnect=0 ++
08-07 16:17:15.924     1     1 I -(1)[1:init][MUSB]musb_gadget_pullup 2395: is_on=1, softconnect=0 ++
08-07 16:17:15.924     1     1 I -(1)[1:init][MUSB]musb_pullup 2325: MUSB: gadget pull up 1 start, musb->power:1
08-07 16:17:15.924     1     1 I -(1)[1:init][MUSB]musb_pullup 2334: MUSB: gadget pull up 1 end
08-07 16:17:15.932   337   337 I recovery: type=1400 audit(0.0:1147): avc: denied { ioctl } for path="/dev/block/dm-1" dev="tmpfs" ino=12427 ioctlcmd=0x5331 scontext=u:r:recovery:s0 tcontext=u:object_r:dm_device:s0 tclass=blk_file permissive=1
08-07 16:17:15.948   337   337 I (2)[337:recovery]EXT4-fs (dm-1): mounted filesystem without journal. Opts:
08-07 16:17:15.968   337   337 I recovery: type=1400 audit(0.0:1148): avc: denied { write } for name="bin" dev="rootfs" ino=6750 scontext=u:r:recovery:s0 tcontext=u:object_r:rootfs:s0 tclass=dir permissive=1
08-07 16:17:15.968   337   337 I recovery: type=1400 audit(0.0:1149): avc: denied { add_name } for name="orsin" scontext=u:r:recovery:s0 tcontext=u:object_r:rootfs:s0 tclass=dir permissive=1
08-07 16:17:15.968   337   337 I recovery: type=1400 audit(0.0:1150): avc: denied { create } for name="orsin" scontext=u:r:recovery:s0 tcontext=u:object_r:rootfs:s0 tclass=fifo_file permissive=1
08-07 16:17:15.968   337   337 I recovery: type=1400 audit(0.0:1151): avc: denied { read } for name="orsin" dev="rootfs" ino=10947 scontext=u:r:recovery:s0 tcontext=u:object_r:rootfs:s0 tclass=fifo_file permissive=1
08-07 16:17:15.968   337   337 I recovery: type=1400 audit(0.0:1152): avc: denied { open } for path="/system/bin/orsin" dev="rootfs" ino=10947 scontext=u:r:recovery:s0 tcontext=u:object_r:rootfs:s0 tclass=fifo_file permissive=1
08-07 16:17:15.968   337   337 I recovery: type=1400 audit(0.0:1153): avc: denied { read } for scontext=u:r:recovery:s0 tcontext=u:r:recovery:s0 tclass=netlink_kobject_uevent_socket permissive=1
08-07 16:17:15.980     0     0 I         : -(2)[0:swapper/2]tick broadcast enter counter cpu: 87, 47, 30, 19, 133, 143, 165, 184, success counter cpu: 22, 26, 10, 4, 58, 57, 71, 35, fail counter cpu: 0, 0, 0, 0, 0, 0, 0, 0, interrupt counter cpu: 26, 29, 13, 6, 68, 86, 94, 46, o: 0-1,3, p: , f: 2, t:  20656527384, 20504313000, 20012000000, 20796000000, 20016000000, 20013809307, 20016000000, 20016000000,
08-07 16:17:15.981   337   337 I ArmToArm64Assembler: generated scanline__00000077:03545401_00000000_00000000 [ 65 ipp] (94 ins) at [0x7c2b3f1b40:0x7c2b3f1cb8] in 122231ns
08-07 16:17:15.985   337   337 I         : (4)[337:recovery][fgauge_read_current] final current=5129 (ratio=920)
08-07 16:17:15.985   337   337 I         : (4)[337:recovery][CH3_DBG] bat_cur = -5129
08-07 16:17:15.986   337   337 I (4)[337:recovery]mt635x-auxadc mt-pmic: mt635x-auxadc: name:BAT_TEMP, channel=3, adc_out=0x4ef, adc_result=555
08-07 16:17:15.986   337   337 I         : (4)[337:recovery][fgauge_read_current] final current=5129 (ratio=920)
08-07 16:17:15.986   337   337 I         : (4)[337:recovery][BattVoltToTemp] 563 16900 1800 8
08-07 16:17:15.986   337   337 I         : (4)[337:recovery][force_get_tbat] 555,563,0,512,100,322 r:75 100 0
08-07 16:17:15.986   337   337 I (4)[337:recovery][force_get_tbat] t: 32 precise:322
08-07 16:17:16.045   337   337 I (0)[337:recovery]mtk-tpd: [tpd_fb_notifier_callback:428] tpd_fb_notifier_callback
08-07 16:17:16.620   407   407 I recovery: type=1400 audit(0.0:1154): avc: denied { write } for name="mtp_usb" dev="tmpfs" ino=11369 scontext=u:r:recovery:s0 tcontext=u:object_r:mtp_device:s0 tclass=chr_file permissive=1
08-07 16:17:16.620   407   407 I recovery: type=1400 audit(0.0:1155): avc: denied { open } for path="/dev/mtp_usb" dev="tmpfs" ino=11369 scontext=u:r:recovery:s0 tcontext=u:object_r:mtp_device:s0 tclass=chr_file permissive=1
08-07 16:17:16.620   407   407 I recovery: type=1400 audit(0.0:1156): avc: denied { read } for name="mtp_usb" dev="tmpfs" ino=11369 scontext=u:r:recovery:s0 tcontext=u:object_r:mtp_device:s0 tclass=chr_file permissive=1
08-07 16:17:16.625   407   407 I         : (4)[407:recovery]mtp_open
08-07 16:17:16.626   407   407 I         : (4)[407:recovery]mtp_open
08-07 16:17:16.626   407   407 I         : (4)[407:recovery]MTP, <mtp_open(), 1720> BUSY
08-07 16:17:16.626   407   407 I         : (4)[407:recovery]mtp_release
08-07 16:17:16.640   407   407 I recovery: type=1400 audit(0.0:1157): avc: denied { read } for name="0" dev="mmcblk0p37" ino=1130499 scontext=u:r:recovery:s0 tcontext=u:object_r:media_rw_data_file:s0 tclass=dir permissive=1
08-07 16:17:16.640   407   407 I recovery: type=1400 audit(0.0:1158): avc: denied { open } for path="/data/media/0" dev="mmcblk0p37" ino=1130499 scontext=u:r:recovery:s0 tcontext=u:object_r:media_rw_data_file:s0 tclass=dir permissive=1
08-07 16:17:16.644   407   407 I recovery: type=1400 audit(0.0:1159): avc: denied { getattr } for path="/data/media/0/o4QY9lrj,sGpt94d+s16KC" dev="mmcblk0p37" ino=1130512 scontext=u:r:recovery:s0 tcontext=u:object_r:media_rw_data_file:s0:c512,c768 tclass=dir permissive=1
08-07 16:17:16.648   407   407 I recovery: type=1400 audit(0.0:1160): avc: denied { getattr } for path="/data/media/0/sLA455QGvxoU9TXswbMWPA" dev="mmcblk0p37" ino=1138861 scontext=u:r:recovery:s0 tcontext=u:object_r:media_rw_data_file:s0:c162,c256,c512,c768 tclass=dir permissive=1
08-07 16:17:16.652   407   407 I recovery: type=1400 audit(0.0:1161): avc: denied { read } for name="/" dev="mmcblk1p1" ino=1 scontext=u:r:recovery:s0 tcontext=u:object_r:vfat:s0 tclass=dir permissive=1
08-07 16:17:16.652   407   407 I recovery: type=1400 audit(0.0:1162): avc: denied { open } for path="/external_sd" dev="mmcblk1p1" ino=1 scontext=u:r:recovery:s0 tcontext=u:object_r:vfat:s0 tclass=dir permissive=1
08-07 16:17:16.688   407   407 I recovery: type=1400 audit(0.0:1163): avc: denied { getattr } for path="/external_sd/recovery.img" dev="mmcblk1p1" ino=29 scontext=u:r:recovery:s0 tcontext=u:object_r:vfat:s0 tclass=file permissive=1
08-07 16:17:17.077     0     0 W         : (5)[294:mtk-tpd][FTS]touch_event_handler start
08-07 16:17:17.078     0     0 W (5)[294:mtk-tpd][FTS][B]P0(125, 416)[p: 79,tm:5] DOWN!
08-07 16:17:17.086     0     0 W         : (5)[294:mtk-tpd][FTS]touch_event_handler start
08-07 16:17:17.087     0     0 W (5)[294:mtk-tpd][FTS][B]P0(125, 416)[p: 80,tm:6] DOWN!
08-07 16:17:17.094     0     0 W         : (5)[294:mtk-tpd][FTS]touch_event_handler start
08-07 16:17:17.095     0     0 W (5)[294:mtk-tpd][FTS][B]P0(125, 416)[p: 81,tm:7] DOWN!
08-07 16:17:17.103     0     0 W         : (5)[294:mtk-tpd][FTS]touch_event_handler start
08-07 16:17:17.104     0     0 W (5)[294:mtk-tpd][FTS][B]P0(125, 416)[p: 82,tm:7] DOWN!
08-07 16:17:17.112     0     0 W         : (5)[294:mtk-tpd][FTS]touch_event_handler start
08-07 16:17:17.113     0     0 W (5)[294:mtk-tpd][FTS][B]P0(125, 416)[p: 83,tm:7] DOWN!
08-07 16:17:17.120     0     0 W         : (5)[294:mtk-tpd][FTS]touch_event_handler start
08-07 16:17:17.121     0     0 W (5)[294:mtk-tpd][FTS][B]P0(125, 416)[p: 83,tm:7] DOWN!
08-07 16:17:17.129     0     0 W         : (5)[294:mtk-tpd][FTS]touch_event_handler start
08-07 16:17:17.130     0     0 W (5)[294:mtk-tpd][FTS][B]P0(125, 416)[p: 83,tm:7] DOWN!
08-07 16:17:17.137     0     0 W         : (5)[294:mtk-tpd][FTS]touch_event_handler start
08-07 16:17:17.138     0     0 W         : (5)[294:mtk-tpd][FTS][B]P0 UP!
08-07 16:17:17.139     0     0 W         : (5)[294:mtk-tpd][FTS][B]Points All Up!
08-07 16:17:17.156   337   337 I (0)[337:recovery]mtk-tpd: [tpd_fb_notifier_callback:428] tpd_fb_notifier_callback
08-07 16:17:17.188   337   337 I chatty  : uid=0(root) identical 1 line
08-07 16:17:17.235   337   337 I (0)[337:recovery]mtk-tpd: [tpd_fb_notifier_callback:428] tpd_fb_notifier_callback
08-07 16:17:17.418     0     0 I (5)[0:swapper/5]Power/swap DP: No enter --- SODI3: No enter --- SODI: No enter ---
08-07 16:17:17.418     0     0 I (5)[0:swapper/5]mcdi cpu: 115, 46, 36, 19, 185, 198, 255, 163, cluster : 83, 192, pause = 105, multi core = 13, latency = 0, residency = 1, last core = 102, avail cpu = 00ff, cluster = 0003, enabled = 1, max_s_state = 5, system_idle_hint = 00000000
08-07 16:17:17.425   236   236 I         : (5)[236:battery_thread][fg_drv_update_hw_status]=>
08-07 16:17:17.425   236   236 I         : (5)[236:battery_thread][fgauge_read_current] final current=5080 (ratio=920)
08-07 16:17:17.425   236   236 I         : (5)[236:battery_thread][CH3_DBG] bat_cur = -5080
08-07 16:17:17.426   236   236 I (4)[236:battery_thread]mt635x-auxadc mt-pmic: mt635x-auxadc: name:BAT_TEMP, channel=3, adc_out=0x4ec, adc_result=553
08-07 16:17:17.426   236   236 I         : (4)[236:battery_thread][fgauge_read_current] final current=4985 (ratio=920)
08-07 16:17:17.426   236   236 I         : (4)[236:battery_thread][BattVoltToTemp] 561 16900 1800 8
08-07 16:17:17.426   236   236 I         : (4)[236:battery_thread][force_get_tbat] 553,561,0,498,100,324 r:75 100 0
08-07 16:17:17.426   236   236 I (4)[236:battery_thread][force_get_tbat] t: 32 precise:324
08-07 16:17:17.426   236   236 I         : (4)[236:battery_thread][fg_bat_temp_int_sw_check] tmp 32 lt 65535 ht 65535
08-07 16:17:17.426   236   236 I         : (4)[236:battery_thread][fg_bat_sw_temp_int_l_handler]
08-07 16:17:17.426   407   407 I         : (5)[407:recovery]mtp_open
08-07 16:17:17.426   407   407 I         : (5)[407:recovery]MTP, <mtp_read(), 799> in
08-07 16:17:17.426     0     0 I         : , skip<0>
08-07 16:17:17.427    36    36 I         : (5)[36:kworker/5:0]MTP, <do_monitor_work(), 1800> IN <1 0 0 0 1 0 0 0 0 >
08-07 16:17:17.427    36    36 I         : (5)[36:kworker/5:0]MTP, <do_monitor_work(), 1805> OUT <0 0 0 0 0 0 0 0 0 >
08-07 16:17:17.427   236   236 I         : (4)[236:battery_thread][fgauge_read_current] final current=4985 (ratio=920)
08-07 16:17:17.427   236   236 I         : (4)[236:battery_thread][CH3_DBG] bat_cur = -4985
08-07 16:17:17.427   236   236 I (4)[236:battery_thread]mt635x-auxadc mt-pmic: mt635x-auxadc: name:BAT_TEMP, channel=3, adc_out=0x4ec, adc_result=553
08-07 16:17:17.428   236   236 I         : (4)[236:battery_thread][fgauge_read_current] final current=4985 (ratio=920)
08-07 16:17:17.428   236   236 I         : (4)[236:battery_thread][BattVoltToTemp] 561 16900 1800 8
08-07 16:17:17.428   236   236 I         : (4)[236:battery_thread][force_get_tbat] 553,561,0,498,100,324 r:75 100 0
08-07 16:17:17.428   236   236 I (4)[236:battery_thread][force_get_tbat] t: 32 precise:324
08-07 16:17:17.428   236   236 I         : (4)[236:battery_thread]mtk_battery boot mode =2
08-07 16:17:17.428   236   236 I         : (4)[236:battery_thread][wakeup_fg_algo_recovery] intr_num=0x400
08-07 16:17:17.428   236   236 I         : (4)[236:battery_thread][TempConverBattThermistor] [7495] 30 8315 35 6948 33
08-07 16:17:17.428   236   236 I         : (4)[236:battery_thread][fgauge_read_current] final current=4771 (ratio=920)
08-07 16:17:17.428   236   236 I         : (4)[236:battery_thread][TempToBattVolt] temp 33 R_NTC 7495 V(5530 5447) I 4771 CHG 0
08-07 16:17:17.428   236   236 I         : (4)[236:battery_thread][TempConverBattThermistor] [8042] 30 8315 35 6948 31
08-07 16:17:17.428   236   236 I         : (4)[236:battery_thread][TempToBattVolt] temp 31 R_NTC 8042 V(5803 5720) I 4771 CHG 0
08-07 16:17:17.428   236   236 I         : (4)[236:battery_thread][fg_bat_temp_int_internal][FG_TEMP_INT] T[32] V[65535 65535] C[33 31] h[5720 5447]
08-07 16:17:17.430   236   236 I         : (4)[236:battery_thread][MDRT_ADC] OLD = 0x3411, NOW = 0x33e7, CNT = 0
08-07 16:17:17.430   236   236 I (4)[236:battery_thread]mt635x-auxadc mt-pmic: mt635x-auxadc: name:BATADC, channel=0, adc_out=0x5650, adc_result=3641
08-07 16:17:17.430   236   236 I         : (4)[236:battery_thread][fgauge_read_current] final current=4953 (ratio=920)
08-07 16:17:17.430   236   236 I         : (4)[236:battery_thread][CH3_DBG] bat_cur = -4953
08-07 16:17:17.431   236   236 I (4)[236:battery_thread]mt635x-auxadc mt-pmic: mt635x-auxadc: name:BAT_TEMP, channel=3, adc_out=0x4e9, adc_result=552
08-07 16:17:17.431   236   236 I         : (4)[236:battery_thread][fgauge_read_current] final current=4953 (ratio=920)
08-07 16:17:17.431   236   236 I         : (4)[236:battery_thread][BattVoltToTemp] 560 16900 1800 8
08-07 16:17:17.431   236   236 I         : (4)[236:battery_thread][force_get_tbat] 552,560,0,495,100,324 r:75 100 0
08-07 16:17:17.431   236   236 I (4)[236:battery_thread][force_get_tbat] t: 32 precise:324
08-07 16:17:17.432   394   394 I         : (4)[394:kworker/4:2][fgauge_read_current] final current=5005 (ratio=920)
08-07 16:17:17.432   236   236 I (4)[236:battery_thread][fg_update_sw_iavg]diff time: 20 iavg:0
08-07 16:17:17.432   236   236 I         : (4)[236:battery_thread][read_boot_battery_plug_out_status] rtc_invalid 0 plugout 1 bat_plug_out_time 31 sp3:0xa6 pl:0 0
08-07 16:17:17.432   236   236 I         : (4)[236:battery_thread][fgauge_read_current] final current=5005 (ratio=920)
08-07 16:17:17.433   236   236 I         : (4)[236:battery_thread][fgauge_read_columb_internal] CAR=-25 r_fg_value=100 car_tune_value=920
08-07 16:17:17.434   236   236 I (4)[236:battery_thread]mt635x-auxadc mt-pmic: mt635x-auxadc: name:BATADC, channel=0, adc_out=0x5636, adc_result=3637
08-07 16:17:17.435   236   236 I         : (4)[236:battery_thread][fgauge_read_current] final current=5115 (ratio=920)
08-07 16:17:17.435   236   236 I         : (4)[236:battery_thread][CH3_DBG] bat_cur = -5115
08-07 16:17:17.436   236   236 I         : (4)[236:battery_thread][fgauge_read_current] final current=5178 (ratio=920)
08-07 16:17:17.436   236   236 I         : (4)[236:battery_thread][BattVoltToTemp] 560 16900 1800 9
08-07 16:17:17.436   236   236 I         : (4)[236:battery_thread][force_get_tbat] 551,560,0,517,100,324 r:75 100 0
08-07 16:17:17.436   236   236 I (4)[236:battery_thread][force_get_tbat] t: 32 precise:324
08-07 16:17:17.436   236   236 I         : (4)[236:battery_thread]lbat 0 0 1 34500
08-07 16:17:17.436   236   236 I (4)[236:battery_thread]car[-25,217,-217,434,-183, cycle_car:0,ncar:11] c: 0 5005 vbat:3637 vbus:0 soc:32 38 gm3:0 0 0 0
08-07 16:17:17.437   236   236 I         : (4)[236:battery_thread][fgauge_read_columb_internal] CAR=-25 r_fg_value=100 car_tune_value=920
08-07 16:17:17.437   236   236 I         : (4)[236:battery_thread][fg_bat_nafg][fgauge_get_nafg_cnt] 0 [25_16 0 15_0 0]
08-07 16:17:17.437   236   236 I (4)[236:battery_thread][fg_nafg_monitor]time: 21 nafg_cnt:0, now:21, last_t:0
08-07 16:17:17.437   236   236 I (4)[236:battery_thread]tmp: 32 65535 65535 hcar2:434 lcar2:183 time:21 sw_iavg:0 0 0 nafg_m:0 0 0
08-07 16:17:17.437   236   236 I         : (4)[236:battery_thread][fgauge_read_columb_internal] CAR=-25 r_fg_value=100 car_tune_value=920
08-07 16:17:17.439   236   236 I         : (4)[236:battery_thread][fgauge_read_current] final current=5375 (ratio=920)
08-07 16:17:17.439   236   236 I         : (4)[236:battery_thread][fgauge_read_current] final current=5375 (ratio=920)
08-07 16:17:17.439   236   236 I         : (4)[236:battery_thread][CH3_DBG] bat_cur = -5375
08-07 16:17:17.440   236   236 I         : (4)[236:battery_thread][fgauge_read_current] final current=5363 (ratio=920)
08-07 16:17:17.440   236   236 I         : (4)[236:battery_thread][BattVoltToTemp] 561 16900 1800 9
08-07 16:17:17.440   236   236 I         : (4)[236:battery_thread][force_get_tbat] 552,561,0,536,100,324 r:75 100 0
08-07 16:17:17.440   236   236 I (4)[236:battery_thread][force_get_tbat] t: 32 precise:324
08-07 16:17:17.440   236   236 I         : (4)[236:battery_thread][fg_is_battery_exist] PMIC_RGS_BATON_UNDET = 1
08-07 16:17:17.440   236   236 I         : (4)[236:battery_thread]GM3log1 21 21 3645 -5375 0 0 -36 32 0 1 212 1 0
08-07 16:17:17.441   236   236 I         : (4)[236:battery_thread]GM3log2 21 0 0 0 0 36591 4756 0 0
08-07 16:17:17.441   236   236 I         : (4)[236:battery_thread]GM3log3 21 0 36684 -5228 0
08-07 16:17:17.441   236   236 I         : (4)[236:battery_thread]GM3log4 0 38 0 1 31 0 1 1 1 1 32
08-07 16:17:17.441   236   236 I         : (4)[236:battery_thread]GM3log int 21 21 0 0 0 0
08-07 16:17:17.441   236   236 I         : (4)[236:battery_thread]GM3log phone_state 0 0
08-07 16:17:17.441   236   236 I (4)[236:battery_thread]GM3 car: -25 car_diff:-11
08-07 16:17:17.441   236   236 I (4)[236:battery_thread][fg_bat_nafg][fgauge_get_nafg_dltv] mV: Reg [17285:10489]
08-07 16:17:17.441   236   236 I         : (4)[236:battery_thread][fg_bat_nafg][fgauge_get_nafg_cnt] 0 [25_16 0 15_0 0]
08-07 16:17:17.441   236   236 I (4)[236:battery_thread][fg_bat_nafg][fgauge_get_nafg_c_dltv] mV: Reg[0:0][b10:0][26_16(0x0000) 15_00(0x0000)]
08-07 16:17:17.441   236   236 I         : (4)[236:battery_thread]GM3log-nint-nafg 21 21 0 36714 17285 0 0
08-07 16:17:17.441   236   236 I         : (4)[236:battery_thread]mtk_battery boot mode =2
08-07 16:17:17.441   236   236 I         : (4)[236:battery_thread][wakeup_fg_algo_recovery] intr_num=0x2000000
08-07 16:17:17.693   247   247 I         : (5)[247:kworker/u16:4][fgauge_read_current] final current=4698 (ratio=920)
08-07 16:17:17.693   247   247 I         : (5)[247:kworker/u16:4][CH3_DBG] bat_cur = -4698
08-07 16:17:17.693   247   247 I         : (5)[247:kworker/u16:4][fgauge_read_current] final current=4713 (ratio=920)
08-07 16:17:17.693   247   247 I         : (5)[247:kworker/u16:4][BattVoltToTemp] 560 16900 1800 8
08-07 16:17:17.694   247   247 I         : (5)[247:kworker/u16:4][force_get_tbat] 552,560,0,471,100,324 r:75 100 0
08-07 16:17:17.694   247   247 I (5)[247:kworker/u16:4][force_get_tbat] t: 32 precise:324
08-07 16:17:17.732     0     0 I         : (6)[304:wdtk-6][wdk-c] cpu=6,lbit=0x40,cbit=0xff,0,1,1763461927,[21765816282,20000000,41764055]
08-07 16:17:17.732     0     0 I         : (6)[304:wdtk-6][thread:304][RT:21765868128] 2022-08-07 16:17:17.730796 UTC;android time 2022-08-07 16:17:17.730796
08-07 16:17:17.749     0     0 I         : (7)[305:wdtk-7][wdk-c] cpu=7,lbit=0xc0,cbit=0xff,0,1,1763461927,[21782458359,19983358,41764055]
08-07 16:17:17.756     0     0 I         : (3)[301:wdtk-3][wdk-c] cpu=3,lbit=0xc8,cbit=0xff,0,1,1763461927,[21790141282,19975674,41764055]
08-07 16:17:17.820     0     0 I         : (0)[298:wdtk-0][wdk-c] cpu=0,lbit=0xc9,cbit=0xff,0,1,1763461927,[21854074590,19911741,41764055]
08-07 16:17:17.828     0     0 I         : (4)[302:wdtk-4][wdk-c] cpu=4,lbit=0xd9,cbit=0xff,0,1,1763461927,[21861382282,19904434,41764055]
08-07 16:17:17.830     0     0 I         : (5)[303:wdtk-5][wdk-c] cpu=5,lbit=0xf9,cbit=0xff,0,1,1763461927,[21863409282,19902407,41764055]
08-07 16:17:17.830     0     0 I         : (1)[299:wdtk-1][wdk-c] cpu=1,lbit=0xfb,cbit=0xff,0,1,1763461927,[21864018129,19901798,41764055]
08-07 16:17:17.830     0     0 W         : (2)[300:wdtk-2][wdk-k] cpu=2,lbit=0xff,cbit=0xff,0,1,1763461927,[21864088667,19901727,41764055]
08-07 16:17:18.428    36    36 I         : (5)[36:kworker/5:0]MTP, <do_monitor_work(), 1800> IN <1 0 0 0 1 0 0 0 0 >
08-07 16:17:18.428    36    36 I         : (5)[36:kworker/5:0]MTP, <do_monitor_work(), 1805> OUT <0 0 0 0 0 0 0 0 0 >
08-07 16:17:19.452    36    36 I         : (5)[36:kworker/5:0]MTP, <do_monitor_work(), 1800> IN <1 0 0 0 1 0 0 0 0 >
08-07 16:17:19.452    36    36 I         : (5)[36:kworker/5:0]MTP, <do_monitor_work(), 1805> OUT <0 0 0 0 0 0 0 0 0 >
08-07 16:17:19.485   226   226 I         : (6)[226:mtk_io_boost]failed to open task file, ret=-2
08-07 16:17:19.708   307   307 I         : (7)[307:kworker/7:1][msdc]msdc power off
08-07 16:17:19.708   307   307 I         : (7)[307:kworker/7:1]ldo vmch disable
08-07 16:17:19.708   307   307 I         : (7)[307:kworker/7:1][msdc]msdc power off
08-07 16:17:19.708   307   307 I         : (7)[307:kworker/7:1]ldo vmc disable
08-07 16:17:20.446     0     0 W         : (5)[294:mtk-tpd][FTS]touch_event_handler start
08-07 16:17:20.447     0     0 W (5)[294:mtk-tpd][FTS][B]P0(179, 1376)[p: 96,tm:4] DOWN!
08-07 16:17:20.455     0     0 W         : (5)[294:mtk-tpd][FTS]touch_event_handler start
08-07 16:17:20.456     0     0 W (4)[294:mtk-tpd][FTS][B]P0(179, 1376)[p: 96,tm:4] DOWN!
08-07 16:17:20.464     0     0 W         : (4)[294:mtk-tpd][FTS]touch_event_handler start
08-07 16:17:20.465     0     0 W (4)[294:mtk-tpd][FTS][B]P0(179, 1376)[p: 97,tm:4] DOWN!
08-07 16:17:20.473     0     0 W         : (4)[294:mtk-tpd][FTS]touch_event_handler start
08-07 16:17:20.474     0     0 W (4)[294:mtk-tpd][FTS][B]P0(179, 1376)[p: 98,tm:4] DOWN!
08-07 16:17:20.476    36    36 I         : (5)[36:kworker/5:0]MTP, <do_monitor_work(), 1800> IN <1 0 0 0 1 0 0 0 0 >
08-07 16:17:20.476    36    36 I         : (5)[36:kworker/5:0]MTP, <do_monitor_work(), 1805> OUT <0 0 0 0 0 0 0 0 0 >
08-07 16:17:20.482     0     0 W         : (4)[294:mtk-tpd][FTS]touch_event_handler start
08-07 16:17:20.482     0     0 W (4)[294:mtk-tpd][FTS][B]P0(179, 1376)[p: 99,tm:4] DOWN!
08-07 16:17:20.490     0     0 W         : (4)[294:mtk-tpd][FTS]touch_event_handler start
08-07 16:17:20.491     0     0 W (4)[294:mtk-tpd][FTS][B]P0(179, 1376)[p: 99,tm:4] DOWN!
08-07 16:17:20.499     0     0 W         : (4)[294:mtk-tpd][FTS]touch_event_handler start
08-07 16:17:20.500     0     0 W (4)[294:mtk-tpd][FTS][B]P0(179, 1376)[p: 99,tm:4] DOWN!
08-07 16:17:20.508     0     0 W         : (4)[294:mtk-tpd][FTS]touch_event_handler start
08-07 16:17:20.509     0     0 W (4)[294:mtk-tpd][FTS][B]P0(179, 1376)[p: 99,tm:4] DOWN!
08-07 16:17:20.517     0     0 W         : (4)[294:mtk-tpd][FTS]touch_event_handler start
08-07 16:17:20.518     0     0 W (4)[294:mtk-tpd][FTS][B]P0(179, 1376)[p: 98,tm:4] DOWN!
08-07 16:17:20.522   337   337 I (0)[337:recovery]mtk-tpd: [tpd_fb_notifier_callback:428] tpd_fb_notifier_callback
08-07 16:17:20.525     0     0 W         : (4)[294:mtk-tpd][FTS]touch_event_handler start
08-07 16:17:20.526     0     0 W (4)[294:mtk-tpd][FTS][B]P0(179, 1376)[p: 98,tm:4] DOWN!
08-07 16:17:20.534     0     0 W         : (4)[294:mtk-tpd][FTS]touch_event_handler start
08-07 16:17:20.535     0     0 W         : (4)[294:mtk-tpd][FTS][B]P0 UP!
08-07 16:17:20.535     0     0 W         : (4)[294:mtk-tpd][FTS][B]Points All Up!
08-07 16:17:20.631   337   337 I (0)[337:recovery]mtk-tpd: [tpd_fb_notifier_callback:428] tpd_fb_notifier_callback
08-07 16:17:20.981     0     0 I         : -(6)[0:swapper/6]tick broadcast enter counter cpu: 126, 3, 7, 7, 413, 374, 442, 199, success counter cpu: 2, 0, 5, 0, 38, 22, 57, 10, fail counter cpu: 0, 0, 0, 0, 0, 0, 0, 0, interrupt counter cpu: 10, 2, 6, 6, 343, 314, 401, 179, o: 1-5,7, p: , f: 6, t:  25016000000, 25820000000, 25052000000, 25788000000, 25016114846, 25017023846, 25012717154, 25029233385,
08-07 16:17:21.020   248   248 I (5)[248:kworker/u16:5][SCP] scp_ipi_send: SCP A not ready
08-07 16:17:21.020   248   248 E         : (5)[248:kworker/u16:5][sensorHub] scp_ipi_send fail
08-07 16:17:21.020   243   243 E         : (2)[243:kworker/2:2][sensorHub] scp_sensorHub_req_send fail!
08-07 16:17:21.032   337   337 I         : (0)[337:recovery][fgauge_read_current] final current=4826 (ratio=920)
08-07 16:17:21.032   337   337 I         : (0)[337:recovery][CH3_DBG] bat_cur = -4826
08-07 16:17:21.032   337   337 W -(0)[337:recovery]mt635x_auxadc_read_raw: 8 callbacks suppressed
08-07 16:17:21.032   337   337 I (0)[337:recovery]mt635x-auxadc mt-pmic: mt635x-auxadc: name:BAT_TEMP, channel=3, adc_out=0x4ee, adc_result=554
08-07 16:17:21.033   337   337 I         : (0)[337:recovery][fgauge_read_current] final current=4826 (ratio=920)
08-07 16:17:21.033   337   337 I         : (0)[337:recovery][BattVoltToTemp] 562 16900 1800 8
08-07 16:17:21.033   337   337 I         : (0)[337:recovery][force_get_tbat] 554,562,0,482,100,323 r:75 100 0
08-07 16:17:21.033   337   337 I (0)[337:recovery][force_get_tbat] t: 32 precise:323
08-07 16:17:21.500    36    36 I         : (5)[36:kworker/5:0]MTP, <do_monitor_work(), 1800> IN <1 0 0 0 1 0 0 0 0 >
08-07 16:17:21.500    36    36 I         : (5)[36:kworker/5:0]MTP, <do_monitor_work(), 1805> OUT <0 0 0 0 0 0 0 0 0 >
08-07 16:17:21.788   342   342 I         : (1)[342:kworker/1:2]usb_state<DISCONNECTED>
08-07 16:17:22.420     0     0 I (4)[0:swapper/4]Power/swap DP: No enter --- SODI3: No enter --- SODI: No enter ---
08-07 16:17:22.420     0     0 I (5)[0:swapper/5]mcdi cpu: 147, 3, 4, 7, 467, 370, 420, 216, cluster : 145, 770, pause = 834, multi core = 63, latency = 0, residency = 2, last core = 824, avail cpu = 00ff, cluster = 0003, enabled = 1, max_s_state = 5, system_idle_hint = 00000000
08-07 16:17:22.524    36    36 I         : (5)[36:kworker/5:0]MTP, <do_monitor_work(), 1800> IN <1 0 0 0 1 0 0 0 0 >
08-07 16:17:22.524    36    36 I         : (5)[36:kworker/5:0]MTP, <do_monitor_work(), 1805> OUT <0 0 0 0 0 0 0 0 0 >
08-07 16:17:22.813   247   247 I         : (6)[247:kworker/u16:4][fgauge_read_current] final current=3767 (ratio=920)
08-07 16:17:22.813   247   247 I         : (6)[247:kworker/u16:4][CH3_DBG] bat_cur = -3767
08-07 16:17:22.814   247   247 I (6)[247:kworker/u16:4]mt635x-auxadc mt-pmic: mt635x-auxadc: name:BAT_TEMP, channel=3, adc_out=0x4f0, adc_result=555
08-07 16:17:22.814   247   247 I         : (6)[247:kworker/u16:4][fgauge_read_current] final current=3767 (ratio=920)
08-07 16:17:22.814   247   247 I         : (6)[247:kworker/u16:4][BattVoltToTemp] 561 16900 1800 6
08-07 16:17:22.814   247   247 I         : (6)[247:kworker/u16:4][force_get_tbat] 555,561,0,376,100,324 r:75 100 0
08-07 16:17:22.814   247   247 I (6)[247:kworker/u16:4][force_get_tbat] t: 32 precise:324
08-07 16:17:23.069   247   247 I (4)[247:kworker/u16:4]mt635x-auxadc mt-pmic: mt635x-auxadc: name:VPROC_TEMP, channel=4, adc_out=0x5e2, adc_result=661
08-07 16:17:23.069   248   248 I (5)[248:kworker/u16:5]mt635x-auxadc mt-pmic: mt635x-auxadc: name:VCORE_TEMP, channel=4, adc_out=0x5f0, adc_result=667
08-07 16:17:23.548    36    36 I         : (5)[36:kworker/5:0]MTP, <do_monitor_work(), 1800> IN <1 0 0 0 1 0 0 0 0 >
08-07 16:17:23.548    36    36 I         : (5)[36:kworker/5:0]MTP, <do_monitor_work(), 1805> OUT <0 0 0 0 0 0 0 0 0 >
08-07 16:17:24.572    36    36 I         : (5)[36:kworker/5:0]MTP, <do_monitor_work(), 1800> IN <1 0 0 0 1 0 0 0 0 >
08-07 16:17:24.572    36    36 I         : (5)[36:kworker/5:0]MTP, <do_monitor_work(), 1805> OUT <0 0 0 0 0 0 0 0 0 >
08-07 16:17:25.596    36    36 I         : (5)[36:kworker/5:0]MTP, <do_monitor_work(), 1800> IN <1 0 0 0 1 0 0 0 0 >
08-07 16:17:25.596    36    36 I         : (5)[36:kworker/5:0]MTP, <do_monitor_work(), 1805> OUT <0 0 0 0 0 0 0 0 0 >
08-07 16:17:25.984     0     0 I         : -(4)[0:swapper/4]tick broadcast enter counter cpu: 174, 2, 3, 5, 474, 395, 390, 91, success counter cpu: 0, 0, 0, 0, 58, 54, 67, 0, fail counter cpu: 0, 0, 0, 0, 0, 0, 0, 0, interrupt counter cpu: 5, 2, 2, 5, 413, 349, 365, 82, o: 0-3,6-7, p: , f: , t:  30138115614, 41864093846, 31708000000, 30780000000, 30023078154, 30021165308, 30017396923, 41864104769,
08-07 16:17:26.620    36    36 I         : (5)[36:kworker/5:0]MTP, <do_monitor_work(), 1800> IN <1 0 0 0 1 0 0 0 0 >
08-07 16:17:26.620    36    36 I         : (5)[36:kworker/5:0]MTP, <do_monitor_work(), 1805> OUT <0 0 0 0 0 0 0 0 0 >
08-07 16:17:27.109   337   337 I         : (5)[337:recovery][fgauge_read_current] final current=4016 (ratio=920)
08-07 16:17:27.109   337   337 I         : (5)[337:recovery][CH3_DBG] bat_cur = -4016
08-07 16:17:27.109   337   337 I (4)[337:recovery]mt635x-auxadc mt-pmic: mt635x-auxadc: name:BAT_TEMP, channel=3, adc_out=0x4ee, adc_result=554
08-07 16:17:27.109   337   337 I         : (4)[337:recovery][fgauge_read_current] final current=4016 (ratio=920)
08-07 16:17:27.109   337   337 I         : (4)[337:recovery][BattVoltToTemp] 561 16900 1800 7
08-07 16:17:27.110   337   337 I         : (4)[337:recovery][force_get_tbat] 554,561,0,401,100,324 r:75 100 0
08-07 16:17:27.110   337   337 I (4)[337:recovery][force_get_tbat] t: 32 precise:324
08-07 16:17:27.421     0     0 I (7)[0:swapper/7]Power/swap DP: No enter --- SODI3: No enter --- SODI: No enter ---
08-07 16:17:27.421     0     0 I (7)[0:swapper/7]mcdi cpu: 175, 0, 0, 5, 460, 426, 307, 98, cluster : 180, 676, pause = 882, multi core = 58, latency = 0, residency = 2, last core = 873, avail cpu = 00ff, cluster = 0003, enabled = 1, max_s_state = 5, system_idle_hint = 00000000
08-07 16:17:27.441   236   236 I         : (4)[236:battery_thread][fg_drv_update_hw_status]=>
08-07 16:17:27.441   236   236 I         : (4)[236:battery_thread][fgauge_read_current] final current=3926 (ratio=920)
08-07 16:17:27.441   236   236 I         : (4)[236:battery_thread][CH3_DBG] bat_cur = -3926
08-07 16:17:27.443   236   236 I (4)[236:battery_thread]mt635x-auxadc mt-pmic: mt635x-auxadc: name:BAT_TEMP, channel=3, adc_out=0x4f0, adc_result=555
08-07 16:17:27.443   236   236 I         : (4)[236:battery_thread][fgauge_read_current] final current=3875 (ratio=920)
08-07 16:17:27.443   236   236 I         : (4)[236:battery_thread][BattVoltToTemp] 561 16900 1800 6
08-07 16:17:27.443   236   236 I         : (4)[236:battery_thread][force_get_tbat] 555,561,0,387,100,324 r:75 100 0
08-07 16:17:27.443   236   236 I (4)[236:battery_thread][force_get_tbat] t: 32 precise:324
08-07 16:17:27.443   236   236 I         : (4)[236:battery_thread][fg_bat_temp_int_sw_check] tmp 32 lt 65535 ht 65535
08-07 16:17:27.443   236   236 I         : (4)[236:battery_thread][fg_bat_sw_temp_int_l_handler]
08-07 16:17:27.444   236   236 I         : (4)[236:battery_thread][fgauge_read_current] final current=3967 (ratio=920)
08-07 16:17:27.444   236   236 I         : (4)[236:battery_thread][CH3_DBG] bat_cur = -3967
08-07 16:17:27.444   236   236 I (4)[236:battery_thread]mt635x-auxadc mt-pmic: mt635x-auxadc: name:BAT_TEMP, channel=3, adc_out=0x4f0, adc_result=555
08-07 16:17:27.445   236   236 I         : (4)[236:battery_thread][fgauge_read_current] final current=3967 (ratio=920)
08-07 16:17:27.445   236   236 I         : (4)[236:battery_thread][BattVoltToTemp] 561 16900 1800 6
08-07 16:17:27.445   236   236 I         : (4)[236:battery_thread][force_get_tbat] 555,561,0,396,100,324 r:75 100 0
08-07 16:17:27.445   236   236 I (4)[236:battery_thread][force_get_tbat] t: 32 precise:324
08-07 16:17:27.445   236   236 I         : (4)[236:battery_thread]mtk_battery boot mode =2
08-07 16:17:27.445   236   236 I         : (4)[236:battery_thread][wakeup_fg_algo_recovery] intr_num=0x400
08-07 16:17:27.445   236   236 I         : (4)[236:battery_thread][TempConverBattThermistor] [7495] 30 8315 35 6948 33
08-07 16:17:27.445   236   236 I         : (4)[236:battery_thread][fgauge_read_current] final current=3967 (ratio=920)
08-07 16:17:27.445   236   236 I         : (4)[236:battery_thread][TempToBattVolt] temp 33 R_NTC 7495 V(5530 5461) I 3967 CHG 0
08-07 16:17:27.445   236   236 I         : (4)[236:battery_thread][TempConverBattThermistor] [8042] 30 8315 35 6948 31
08-07 16:17:27.445   236   236 I         : (4)[236:battery_thread][TempToBattVolt] temp 31 R_NTC 8042 V(5803 5734) I 3967 CHG 0
08-07 16:17:27.445   236   236 I         : (4)[236:battery_thread][fg_bat_temp_int_internal][FG_TEMP_INT] T[32] V[65535 65535] C[33 31] h[5734 5461]
08-07 16:17:27.447   236   236 I         : (4)[236:battery_thread][MDRT_ADC] OLD = 0x33e7, NOW = 0x33fa, CNT = 0
08-07 16:17:27.447   236   236 I (4)[236:battery_thread]mt635x-auxadc mt-pmic: mt635x-auxadc: name:BATADC, channel=0, adc_out=0x5706, adc_result=3671
08-07 16:17:27.447   236   236 I         : (4)[236:battery_thread][fgauge_read_current] final current=3996 (ratio=920)
08-07 16:17:27.447   236   236 I         : (4)[236:battery_thread][CH3_DBG] bat_cur = -3996
08-07 16:17:27.448   236   236 I (4)[236:battery_thread]mt635x-auxadc mt-pmic: mt635x-auxadc: name:BAT_TEMP, channel=3, adc_out=0x4f0, adc_result=555
08-07 16:17:27.448   236   236 I         : (4)[236:battery_thread][fgauge_read_current] final current=4007 (ratio=920)
08-07 16:17:27.448   236   236 I         : (4)[236:battery_thread][BattVoltToTemp] 562 16900 1800 7
08-07 16:17:27.448   236   236 I         : (4)[236:battery_thread][force_get_tbat] 555,562,0,400,100,323 r:75 100 0
08-07 16:17:27.448   236   236 I (4)[236:battery_thread][force_get_tbat] t: 32 precise:323
08-07 16:17:27.448   236   236 I (4)[236:battery_thread][fg_update_sw_iavg]diff time: 30 iavg:0
08-07 16:17:27.449   394   394 I         : (4)[394:kworker/4:2][fgauge_read_current] final current=4007 (ratio=920)
08-07 16:17:27.449   236   236 I         : (4)[236:battery_thread][read_boot_battery_plug_out_status] rtc_invalid 0 plugout 1 bat_plug_out_time 31 sp3:0xa6 pl:0 0
08-07 16:17:27.449   236   236 I         : (4)[236:battery_thread][fgauge_read_current] final current=4007 (ratio=920)
08-07 16:17:27.449   236   236 I         : (4)[236:battery_thread][fgauge_read_columb_internal] CAR=-36 r_fg_value=100 car_tune_value=920
08-07 16:17:27.452   236   236 I         : (4)[236:battery_thread][fgauge_read_current] final current=4036 (ratio=920)
08-07 16:17:27.452   236   236 I         : (4)[236:battery_thread][CH3_DBG] bat_cur = -4036
08-07 16:17:27.453   236   236 I         : (4)[236:battery_thread][fgauge_read_current] final current=4036 (ratio=920)
08-07 16:17:27.453   236   236 I         : (4)[236:battery_thread][BattVoltToTemp] 561 16900 1800 7
08-07 16:17:27.453   236   236 I         : (4)[236:battery_thread][force_get_tbat] 554,561,0,403,100,324 r:75 100 0
08-07 16:17:27.453   236   236 I (4)[236:battery_thread][force_get_tbat] t: 32 precise:324
08-07 16:17:27.453   236   236 I         : (4)[236:battery_thread]lbat 0 0 1 34500
08-07 16:17:27.453   236   236 I (4)[236:battery_thread]car[-36,217,-217,434,-183, cycle_car:0,ncar:11] c: 0 4007 vbat:3666 vbus:0 soc:32 38 gm3:0 0 0 0
08-07 16:17:27.453   236   236 I         : (4)[236:battery_thread][fgauge_read_columb_internal] CAR=-36 r_fg_value=100 car_tune_value=920
08-07 16:17:27.453   236   236 I         : (4)[236:battery_thread][fg_bat_nafg][fgauge_get_nafg_cnt] 0 [25_16 0 15_0 0]
08-07 16:17:27.453   236   236 I (4)[236:battery_thread][fg_nafg_monitor]time: 31 nafg_cnt:0, now:31, last_t:0
08-07 16:17:27.453   236   236 I (4)[236:battery_thread]tmp: 32 65535 65535 hcar2:434 lcar2:183 time:31 sw_iavg:0 0 0 nafg_m:0 0 0
08-07 16:17:27.453   236   236 I         : (4)[236:battery_thread][fgauge_read_columb_internal] CAR=-36 r_fg_value=100 car_tune_value=920
08-07 16:17:27.455   236   236 I         : (4)[236:battery_thread][fgauge_read_current] final current=4282 (ratio=920)
08-07 16:17:27.456   236   236 I         : (4)[236:battery_thread][fgauge_read_current] final current=4282 (ratio=920)
08-07 16:17:27.456   236   236 I         : (4)[236:battery_thread][CH3_DBG] bat_cur = -4282
08-07 16:17:27.456   236   236 I         : (4)[236:battery_thread][fgauge_read_current] final current=4282 (ratio=920)
08-07 16:17:27.456   236   236 I         : (4)[236:battery_thread][BattVoltToTemp] 563 16900 1800 7
08-07 16:17:27.456   236   236 I         : (4)[236:battery_thread][force_get_tbat] 556,563,0,428,100,322 r:75 100 0
08-07 16:17:27.456   236   236 I (4)[236:battery_thread][force_get_tbat] t: 32 precise:322
08-07 16:17:27.456   236   236 I         : (4)[236:battery_thread][fg_is_battery_exist] PMIC_RGS_BATON_UNDET = 1
08-07 16:17:27.456   236   236 I         : (4)[236:battery_thread]GM3log1 31 31 3673 -4282 0 0 -47 32 0 1 212 1 0
08-07 16:17:27.457   236   236 I         : (4)[236:battery_thread]GM3log2 31 0 0 0 0 36591 4756 0 0
08-07 16:17:27.457   236   236 I         : (4)[236:battery_thread]GM3log3 31 0 36684 -5228 0
08-07 16:17:27.457   236   236 I         : (4)[236:battery_thread]GM3log4 0 38 0 1 31 0 1 1 1 1 32
08-07 16:17:27.457   236   236 I         : (4)[236:battery_thread]GM3log int 31 31 0 0 0 0
08-07 16:17:27.457   236   236 I         : (4)[236:battery_thread]GM3log phone_state 0 0
08-07 16:17:27.457   236   236 I (4)[236:battery_thread]GM3 car: -36 car_diff:-11
08-07 16:17:27.457   236   236 I (4)[236:battery_thread][fg_bat_nafg][fgauge_get_nafg_dltv] mV: Reg [17285:10489]
08-07 16:17:27.457   236   236 I         : (4)[236:battery_thread][fg_bat_nafg][fgauge_get_nafg_cnt] 0 [25_16 0 15_0 0]
08-07 16:17:27.457   236   236 I (4)[236:battery_thread][fg_bat_nafg][fgauge_get_nafg_c_dltv] mV: Reg[0:0][b10:0][26_16(0x0000) 15_00(0x0000)]
08-07 16:17:27.457   236   236 I         : (4)[236:battery_thread]GM3log-nint-nafg 31 31 0 36714 17285 0 0
08-07 16:17:27.457   236   236 I         : (4)[236:battery_thread]mtk_battery boot mode =2
08-07 16:17:27.457   236   236 I         : (4)[236:battery_thread][wakeup_fg_algo_recovery] intr_num=0x2000000
08-07 16:17:27.644    36    36 I         : (5)[36:kworker/5:0]MTP, <do_monitor_work(), 1800> IN <1 0 0 0 1 0 0 0 0 >
08-07 16:17:27.644    36    36 I         : (5)[36:kworker/5:0]MTP, <do_monitor_work(), 1805> OUT <0 0 0 0 0 0 0 0 0 >
08-07 16:17:27.933   247   247 I         : (6)[247:kworker/u16:4][fgauge_read_current] final current=3842 (ratio=920)
08-07 16:17:27.933   247   247 I         : (6)[247:kworker/u16:4][CH3_DBG] bat_cur = -3842
08-07 16:17:27.935   247   247 I         : (6)[247:kworker/u16:4][fgauge_read_current] final current=3819 (ratio=920)
08-07 16:17:27.935   247   247 I         : (6)[247:kworker/u16:4][BattVoltToTemp] 561 16900 1800 6
08-07 16:17:27.935   247   247 I         : (6)[247:kworker/u16:4][force_get_tbat] 555,561,0,381,100,324 r:75 100 0
08-07 16:17:27.935   247   247 I (6)[247:kworker/u16:4][force_get_tbat] t: 32 precise:324
08-07 16:17:28.189   247   247 W -(5)[247:kworker/u16:4]mt635x_auxadc_read_raw: 7 callbacks suppressed
08-07 16:17:28.189   247   247 I (5)[247:kworker/u16:4]mt635x-auxadc mt-pmic: mt635x-auxadc: name:VCORE_TEMP, channel=4, adc_out=0x5f0, adc_result=667
08-07 16:17:28.189   103   103 I (4)[103:kworker/u16:2]mt635x-auxadc mt-pmic: mt635x-auxadc: name:VPROC_TEMP, channel=4, adc_out=0x5e3, adc_result=662
08-07 16:17:28.668    36    36 I         : (5)[36:kworker/5:0]MTP, <do_monitor_work(), 1800> IN <1 0 0 0 1 0 0 0 0 >
08-07 16:17:28.668    36    36 I         : (5)[36:kworker/5:0]MTP, <do_monitor_work(), 1805> OUT <0 0 0 0 0 0 0 0 0 >
08-07 16:17:29.692    36    36 I         : (5)[36:kworker/5:0]MTP, <do_monitor_work(), 1800> IN <1 0 0 0 1 0 0 0 0 >
08-07 16:17:29.692    36    36 I         : (5)[36:kworker/5:0]MTP, <do_monitor_work(), 1805> OUT <0 0 0 0 0 0 0 0 0 >
08-07 16:17:30.717    36    36 I         : (5)[36:kworker/5:0]MTP, <do_monitor_work(), 1800> IN <1 0 0 0 1 0 0 0 0 >
08-07 16:17:30.717    36    36 I         : (5)[36:kworker/5:0]MTP, <do_monitor_work(), 1805> OUT <0 0 0 0 0 0 0 0 0 >
08-07 16:17:30.986     0     0 I         : -(6)[0:swapper/6]tick broadcast enter counter cpu: 152, 0, 1, 5, 428, 393, 216, 220, success counter cpu: 0, 0, 0, 0, 101, 61, 23, 19, fail counter cpu: 0, 0, 0, 0, 0, 0, 0, 0, interrupt counter cpu: 1, 0, 1, 4, 388, 325, 184, 195, o: 0-5,7, p: , f: 6, t:  41864085308, 41864093846, 35292000000, 35804000000, 35018058924, 35038729847, 35017882001, 35031182847,
08-07 16:17:31.260   103   103 I (5)[103:kworker/u16:2][SCP] scp_ipi_send: SCP A not ready
08-07 16:17:31.260   103   103 E         : (5)[103:kworker/u16:2][sensorHub] scp_ipi_send fail
08-07 16:17:31.260   243   243 E         : (2)[243:kworker/2:2][sensorHub] scp_sensorHub_req_send fail!
08-07 16:17:31.740    36    36 I         : (5)[36:kworker/5:0]MTP, <do_monitor_work(), 1800> IN <1 0 0 0 1 0 0 0 0 >
08-07 16:17:31.740    36    36 I         : (5)[36:kworker/5:0]MTP, <do_monitor_work(), 1805> OUT <0 0 0 0 0 0 0 0 0 >
08-07 16:17:32.423     0     0 I (7)[0:swapper/7]Power/swap DP: No enter --- SODI3: No enter --- SODI: No enter ---
08-07 16:17:32.423     0     0 I (7)[0:swapper/7]mcdi cpu: 157, 0, 4, 5, 454, 353, 319, 212, cluster : 165, 700, pause = 917, multi core = 66, latency = 0, residency = 5, last core = 902, avail cpu = 00ff, cluster = 0003, enabled = 1, max_s_state = 5, system_idle_hint = 00000000
08-07 16:17:32.764    36    36 I         : (5)[36:kworker/5:0]MTP, <do_monitor_work(), 1800> IN <1 0 0 0 1 0 0 0 0 >
08-07 16:17:32.765    36    36 I         : (5)[36:kworker/5:0]MTP, <do_monitor_work(), 1805> OUT <0 0 0 0 0 0 0 0 0 >
08-07 16:17:33.052   103   103 I         : (4)[103:kworker/u16:2][fgauge_read_current] final current=3888 (ratio=920)
08-07 16:17:33.052   103   103 I         : (4)[103:kworker/u16:2][CH3_DBG] bat_cur = -3888
08-07 16:17:33.053   103   103 I (4)[103:kworker/u16:2]mt635x-auxadc mt-pmic: mt635x-auxadc: name:BAT_TEMP, channel=3, adc_out=0x4f1, adc_result=555
08-07 16:17:33.053   103   103 I         : (4)[103:kworker/u16:2][fgauge_read_current] final current=3822 (ratio=920)
08-07 16:17:33.053   103   103 I         : (4)[103:kworker/u16:2][BattVoltToTemp] 561 16900 1800 6
08-07 16:17:33.053   103   103 I         : (4)[103:kworker/u16:2][force_get_tbat] 555,561,0,382,100,324 r:75 100 0
08-07 16:17:33.053   103   103 I (4)[103:kworker/u16:2][force_get_tbat] t: 32 precise:324
08-07 16:17:33.121   337   337 I         : (5)[337:recovery][fgauge_read_current] final current=3888 (ratio=920)
08-07 16:17:33.121   337   337 I         : (5)[337:recovery][CH3_DBG] bat_cur = -3888
08-07 16:17:33.121   337   337 I (5)[337:recovery]mt635x-auxadc mt-pmic: mt635x-auxadc: name:BAT_TEMP, channel=3, adc_out=0x4f1, adc_result=555
08-07 16:17:33.122   337   337 I         : (5)[337:recovery][fgauge_read_current] final current=3911 (ratio=920)
08-07 16:17:33.122   337   337 I         : (5)[337:recovery][BattVoltToTemp] 561 16900 1800 6
08-07 16:17:33.122   337   337 I         : (5)[337:recovery][force_get_tbat] 555,561,0,391,100,324 r:75 100 0
08-07 16:17:33.122   337   337 I (5)[337:recovery][force_get_tbat] t: 32 precise:324
08-07 16:17:33.308   103   103 I (5)[103:kworker/u16:2]mt635x-auxadc mt-pmic: mt635x-auxadc: name:VPROC_TEMP, channel=4, adc_out=0x5e4, adc_result=662
08-07 16:17:33.309   247   247 I (4)[247:kworker/u16:4]mt635x-auxadc mt-pmic: mt635x-auxadc: name:VCORE_TEMP, channel=4, adc_out=0x5f0, adc_result=667
08-07 16:17:33.788    36    36 I         : (5)[36:kworker/5:0]MTP, <do_monitor_work(), 1800> IN <1 0 0 0 1 0 0 0 0 >
08-07 16:17:33.788    36    36 I         : (5)[36:kworker/5:0]MTP, <do_monitor_work(), 1805> OUT <0 0 0 0 0 0 0 0 0 >
08-07 16:17:34.812    36    36 I         : (5)[36:kworker/5:0]MTP, <do_monitor_work(), 1800> IN <1 0 0 0 1 0 0 0 0 >
08-07 16:17:34.812    36    36 I         : (5)[36:kworker/5:0]MTP, <do_monitor_work(), 1805> OUT <0 0 0 0 0 0 0 0 0 >
08-07 16:17:35.836    36    36 I         : (5)[36:kworker/5:0]MTP, <do_monitor_work(), 1800> IN <1 0 0 0 1 0 0 0 0 >
08-07 16:17:35.837    36    36 I         : (5)[36:kworker/5:0]MTP, <do_monitor_work(), 1805> OUT <0 0 0 0 0 0 0 0 0 >
08-07 16:17:35.989     0     0 I         : -(4)[0:swapper/4]tick broadcast enter counter cpu: 166, 0, 3, 5, 442, 396, 335, 288, success counter cpu: 0, 0, 1, 0, 54, 59, 29, 31, fail counter cpu: 0, 0, 0, 0, 0, 0, 0, 0, interrupt counter cpu: 0, 0, 2, 5, 370, 334, 295, 271, o: 0-3,5-7, p: , f: 4, t:  41864085308, 41864093846, 41864069154, 40796000000, 40020593001, 40028255616, 40030326847, 40024221847,
08-07 16:17:36.379     0     0 W         : (4)[294:mtk-tpd][FTS]touch_event_handler start
08-07 16:17:36.380     0     0 W (7)[294:mtk-tpd][FTS][B]P0(252, 1202)[p: 127,tm:9] DOWN!
08-07 16:17:36.388     0     0 W         : (7)[294:mtk-tpd][FTS]touch_event_handler start
08-07 16:17:36.390     0     0 W (7)[294:mtk-tpd][FTS][B]P0(252, 1202)[p: 127,tm:9] DOWN!
08-07 16:17:36.397     0     0 W         : (7)[294:mtk-tpd][FTS]touch_event_handler start
08-07 16:17:36.398     0     0 W (7)[294:mtk-tpd][FTS][B]P0(252, 1202)[p: 127,tm:9] DOWN!
08-07 16:17:36.406     0     0 W         : (7)[294:mtk-tpd][FTS]touch_event_handler start
08-07 16:17:36.407     0     0 W (7)[294:mtk-tpd][FTS][B]P0(252, 1202)[p: 127,tm:9] DOWN!
08-07 16:17:36.415     0     0 W         : (7)[294:mtk-tpd][FTS]touch_event_handler start
08-07 16:17:36.416     0     0 W (7)[294:mtk-tpd][FTS][B]P0(252, 1202)[p: 126,tm:8] DOWN!
08-07 16:17:36.423     0     0 W         : (7)[294:mtk-tpd][FTS]touch_event_handler start
08-07 16:17:36.424     0     0 W (7)[294:mtk-tpd][FTS][B]P0(252, 1202)[p: 126,tm:8] DOWN!
08-07 16:17:36.432     0     0 W         : (7)[294:mtk-tpd][FTS]touch_event_handler start
08-07 16:17:36.433     0     0 W         : (7)[294:mtk-tpd][FTS][B]P0 UP!
08-07 16:17:36.433     0     0 W         : (7)[294:mtk-tpd][FTS][B]Points All Up!
08-07 16:17:36.472   337   337 I (0)[337:recovery]mtk-tpd: [tpd_fb_notifier_callback:428] tpd_fb_notifier_callback
08-07 16:17:36.534   337   337 I (0)[337:recovery]mtk-tpd: [tpd_fb_notifier_callback:428] tpd_fb_notifier_callback
08-07 16:17:36.860    36    36 I         : (5)[36:kworker/5:0]MTP, <do_monitor_work(), 1800> IN <1 0 0 0 1 0 0 0 0 >
08-07 16:17:36.860    36    36 I         : (5)[36:kworker/5:0]MTP, <do_monitor_work(), 1805> OUT <0 0 0 0 0 0 0 0 0 >
08-07 16:17:36.992     0     0 W         : (7)[294:mtk-tpd][FTS]touch_event_handler start
08-07 16:17:36.993     0     0 W (7)[294:mtk-tpd][FTS][B]P0(198, 1386)[p: 127,tm:7] DOWN!
08-07 16:17:37.001     0     0 W         : (7)[294:mtk-tpd][FTS]touch_event_handler start
08-07 16:17:37.002     0     0 W (7)[294:mtk-tpd][FTS][B]P0(198, 1386)[p: 127,tm:7] DOWN!
08-07 16:17:37.010     0     0 W         : (7)[294:mtk-tpd][FTS]touch_event_handler start
08-07 16:17:37.011     0     0 W (7)[294:mtk-tpd][FTS][B]P0(198, 1386)[p: 127,tm:7] DOWN!
08-07 16:17:37.019     0     0 W         : (7)[294:mtk-tpd][FTS]touch_event_handler start
08-07 16:17:37.020     0     0 W (7)[294:mtk-tpd][FTS][B]P0(198, 1386)[p: 127,tm:7] DOWN!
08-07 16:17:37.028     0     0 W         : (7)[294:mtk-tpd][FTS]touch_event_handler start
08-07 16:17:37.029     0     0 W (7)[294:mtk-tpd][FTS][B]P0(198, 1386)[p: 127,tm:7] DOWN!
08-07 16:17:37.035   337   337 I (0)[337:recovery]mtk-tpd: [tpd_fb_notifier_callback:428] tpd_fb_notifier_callback
08-07 16:17:37.036     0     0 W         : (7)[294:mtk-tpd][FTS]touch_event_handler start
08-07 16:17:37.037     0     0 W (7)[294:mtk-tpd][FTS][B]P0(198, 1386)[p: 127,tm:7] DOWN!
08-07 16:17:37.045     0     0 W         : (7)[294:mtk-tpd][FTS]touch_event_handler start
08-07 16:17:37.046     0     0 W (7)[294:mtk-tpd][FTS][B]P0(198, 1386)[p: 126,tm:7] DOWN!
08-07 16:17:37.054     0     0 W         : (7)[294:mtk-tpd][FTS]touch_event_handler start
08-07 16:17:37.055     0     0 W (7)[294:mtk-tpd][FTS][B]P0(198, 1386)[p: 126,tm:7] DOWN!
08-07 16:17:37.062     0     0 W         : (7)[294:mtk-tpd][FTS]touch_event_handler start
08-07 16:17:37.063     0     0 W         : (7)[294:mtk-tpd][FTS][B]P0 UP!
08-07 16:17:37.063     0     0 W         : (7)[294:mtk-tpd][FTS][B]Points All Up!
08-07 16:17:37.068   342   342 I         : (1)[342:kworker/1:2]usb_state<DISCONNECTED>
08-07 16:17:37.075   107   107 I         : (5)[107:dlpt_notify_thr][fgauge_read_IM_current] final current=5788 (ratio=920)
08-07 16:17:37.076   107   107 I (5)[107:dlpt_notify_thr]do_ptim_internal: bat 36319 cur 5788
08-07 16:17:37.083   107   107 I         : (5)[107:dlpt_notify_thr][fgauge_read_IM_current] final current=5069 (ratio=920)
08-07 16:17:37.083   107   107 I (5)[107:dlpt_notify_thr]do_ptim_internal: bat 36432 cur 5069
08-07 16:17:37.089   107   107 I         : (5)[107:dlpt_notify_thr][fgauge_read_IM_current] final current=4973 (ratio=920)
08-07 16:17:37.089   107   107 I (5)[107:dlpt_notify_thr]do_ptim_internal: bat 36436 cur 4973
08-07 16:17:37.097   107   107 I         : (5)[107:dlpt_notify_thr][fgauge_read_IM_current] final current=4900 (ratio=920)
08-07 16:17:37.097   107   107 I (5)[107:dlpt_notify_thr]do_ptim_internal: bat 36460 cur 4900
08-07 16:17:37.104   107   107 I         : (5)[107:dlpt_notify_thr][fgauge_read_IM_current] final current=4814 (ratio=920)
08-07 16:17:37.104   107   107 I (5)[107:dlpt_notify_thr]do_ptim_internal: bat 36441 cur 4814
08-07 16:17:37.104   107   107 I         : (5)[107:dlpt_notify_thr][get_dlpt_imix] 36436,4980,31000,212,3062,32,38
08-07 16:17:37.106   107   107 I         : (5)[107:dlpt_notify_thr][MDRT_ADC] OLD = 0x33fa, NOW = 0x3421, CNT = 0
08-07 16:17:37.106   107   107 I (5)[107:dlpt_notify_thr]mt635x-auxadc mt-pmic: mt635x-auxadc: name:BATADC, channel=0, adc_out=0x5604, adc_result=3628
08-07 16:17:37.106   107   107 I         : (5)[107:dlpt_notify_thr][PBM] [ma_to_mw] 3628(mV) * 3062(mA) = 11108(mW)
08-07 16:17:37.106   107   107 I         : (5)[107:dlpt_notify_thr][DLPT_final] 3062,38,38,1,5500
08-07 16:17:37.114   337   337 I (1)[337:recovery]mtk-tpd: [tpd_fb_notifier_callback:428] tpd_fb_notifier_callback
08-07 16:17:37.425     0     0 I (4)[0:swapper/4]Power/swap DP: No enter --- SODI3: No enter --- SODI: No enter ---
