07-17 13:05:13.072   329   329 I recovery: type=1400 audit(0.0:903): avc: denied { read } for name="mmcblk0p13" dev="sysfs" ino=28159 scontext=u:r:recovery:s0 tcontext=u:object_r:sysfs:s0 tclass=dir permissive=1
07-17 13:05:13.072   329   329 I recovery: type=1400 audit(0.0:904): avc: denied { open } for path="/sys/devices/platform/bootdevice/mmc_host/mmc0/mmc0:0001/block/mmcblk0/mmcblk0p13" dev="sysfs" ino=28159 scontext=u:r:recovery:s0 tcontext=u:object_r:sysfs:s0 tclass=dir permissive=1
07-17 13:05:13.085   329   329 I (1)[329:recovery]EXT4-fs (mmcblk0p13): mounted filesystem with ordered data mode. Opts:
07-17 13:05:13.086   329   329 I -(1)[329:recovery]SELinux: Context u:object_r:protect_f_data_file:s0 is not valid (left unmapped).
07-17 13:05:13.128   329   329 I (1)[329:recovery]EXT4-fs (mmcblk0p14): mounted filesystem with ordered data mode. Opts:
07-17 13:05:13.128   329   329 I -(1)[329:recovery]SELinux: Context u:object_r:protect_s_data_file:s0 is not valid (left unmapped).
07-17 13:05:13.176   329   329 I (1)[329:recovery]EXT4-fs (mmcblk0p10): mounted filesystem with ordered data mode. Opts:
07-17 13:05:13.177   329   329 I -(1)[329:recovery]SELinux: Context u:object_r:nvdata_file:s0 is not valid (left unmapped).
07-17 13:05:13.217   329   329 I (6)[329:recovery]EXT4-fs (mmcblk0p9): mounted filesystem with ordered data mode. Opts:
07-17 13:05:13.218   329   329 I -(6)[329:recovery]SELinux: Context u:object_r:nvcfg_file:s0 is not valid (left unmapped).
07-17 13:05:13.244   329   329 I recovery: type=1400 audit(0.0:905): avc: denied { ioctl } for path="/dev/block/mmcblk0p8" dev="tmpfs" ino=18478 ioctlcmd=0x1260 scontext=u:r:recovery:s0 tcontext=u:object_r:block_device:s0 tclass=blk_file permissive=1
07-17 13:05:13.272   329   329 W (6)[329:recovery]FAT-fs (mmcblk1p1): Volume was not properly unmounted. Some data may be corrupt. Please run fsck.
07-17 13:05:13.372   329   329 I recovery: type=1400 audit(0.0:906): avc: denied { write } for name="fstab" dev="rootfs" ino=17510 scontext=u:r:recovery:s0 tcontext=u:object_r:rootfs:s0 tclass=file permissive=1
07-17 13:05:13.372   329   329 I recovery: type=1400 audit(0.0:907): avc: denied { create } for scontext=u:r:recovery:s0 tcontext=u:r:recovery:s0 tclass=netlink_kobject_uevent_socket permissive=1
07-17 13:05:13.372   329   329 I recovery: type=1400 audit(0.0:908): avc: denied { bind } for scontext=u:r:recovery:s0 tcontext=u:r:recovery:s0 tclass=netlink_kobject_uevent_socket permissive=1
07-17 13:05:13.384   329   329 I recovery: type=1400 audit(0.0:909): avc: denied { write } for name="0" dev="mmcblk0p37" ino=1441801 scontext=u:r:recovery:s0 tcontext=u:object_r:media_rw_data_file:s0 tclass=dir permissive=1
07-17 13:05:13.384   329   329 I recovery: type=1400 audit(0.0:910): avc: denied { add_name } for name="TWRP" scontext=u:r:recovery:s0 tcontext=u:object_r:media_rw_data_file:s0 tclass=dir permissive=1
07-17 13:05:13.384   329   329 I recovery: type=1400 audit(0.0:911): avc: denied { create } for name="TWRP" scontext=u:r:recovery:s0 tcontext=u:object_r:media_rw_data_file:s0 tclass=dir permissive=1
07-17 13:05:13.448   329   329 W (6)[329:recovery]FAT-fs (mmcblk1p1): Volume was not properly unmounted. Some data may be corrupt. Please run fsck.
07-17 13:05:13.536   329   329 I recovery: type=1400 audit(0.0:912): avc: denied { module_request } for kmod="fs-auto" scontext=u:r:recovery:s0 tcontext=u:r:kernel:s0 tclass=system permissive=1
07-17 13:05:13.542   364   369 I adbd    : USB event: FUNCTIONFS_UNBIND
07-17 13:05:13.542   364   369 I adbd    : UsbFfs: connection terminated: monitor thread finished
07-17 13:05:13.542     1     1 I (4)[1:init]: processing action (sys.usb.config=none && sys.usb.configfs=1) from (/system/etc/init/hw/init.rc:184)
07-17 13:05:13.543     1     1 I         : (4)[1:init]gadget_dev_desc_UDC_store write none
07-17 13:05:13.543     1     1 I         : (4)[1:init]unregister_gadget
07-17 13:05:13.543     1     1 I (4)[1:init][MUSB]musb_gadget_pullup 2382: is_on=0, softconnect=1 ++
07-17 13:05:13.543     1     1 I -(4)[1:init][MUSB]musb_gadget_pullup 2395: is_on=0, softconnect=1 ++
07-17 13:05:13.543     1     1 I -(4)[1:init][MUSB]musb_pullup 2325: MUSB: gadget pull up 0 start, musb->power:1
07-17 13:05:13.543     1     1 I -(4)[1:init][MUSB]musb_pullup 2334: MUSB: gadget pull up 0 end
07-17 13:05:13.543     1     1 I         : (4)[1:init]android_disconnect
07-17 13:05:13.543     1     1 I         : (4)[1:init]android_disconnect, skip work
07-17 13:05:13.543     1     1 I         : (4)[1:init]configfs_composite_unbind
07-17 13:05:13.543     1     1 I         : (4)[1:init]purge_configs_funcs
07-17 13:05:13.543     1     1 I (4)[1:init][MUSB]musb_gadget_stop 2700: musb_gadget_stop
07-17 13:05:13.543     1     1 I -(4)[1:init][MUSB]mt_usb_try_idle 288: (null) inactive, for idle timer for 4 ms
07-17 13:05:13.544   329   329 I recovery: type=1400 audit(0.0:913): avc: denied { write } for name="bin" dev="rootfs" ino=6749 scontext=u:r:recovery:s0 tcontext=u:object_r:rootfs:s0 tclass=dir permissive=1
07-17 13:05:13.544   329   329 I recovery: type=1400 audit(0.0:914): avc: denied { add_name } for name="orsin" scontext=u:r:recovery:s0 tcontext=u:object_r:rootfs:s0 tclass=dir permissive=1
07-17 13:05:13.544   329   329 I recovery: type=1400 audit(0.0:915): avc: denied { create } for name="orsin" scontext=u:r:recovery:s0 tcontext=u:object_r:rootfs:s0 tclass=fifo_file permissive=1
07-17 13:05:13.544   329   329 I recovery: type=1400 audit(0.0:916): avc: denied { read } for name="orsin" dev="rootfs" ino=15495 scontext=u:r:recovery:s0 tcontext=u:object_r:rootfs:s0 tclass=fifo_file permissive=1
07-17 13:05:13.544   329   329 I recovery: type=1400 audit(0.0:917): avc: denied { open } for path="/system/bin/orsin" dev="rootfs" ino=15495 scontext=u:r:recovery:s0 tcontext=u:object_r:rootfs:s0 tclass=fifo_file permissive=1
07-17 13:05:13.544     1     1 I (4)[1:init]: Sending signal 9 to service 'adbd' (pid 364) process group...
07-17 13:05:13.548   329   329 I recovery: type=1400 audit(0.0:918): avc: denied { read } for scontext=u:r:recovery:s0 tcontext=u:r:recovery:s0 tclass=netlink_kobject_uevent_socket permissive=1
07-17 13:05:13.550   248   248 I -(6)[248:kworker/u16:4][MUSB]do_idle_work 241: otg_state (null) to (null), is_active<0>
07-17 13:05:13.561   329   329 I ArmToArm64Assembler: generated scanline__00000077:03545401_00000000_00000000 [ 65 ipp] (94 ins) at [0x6deab02b40:0x6deab02cb8] in 161693ns
07-17 13:05:13.581     1     1 I (5)[1:init]libprocessgroup: Successfully killed process cgroup uid 0 pid 364 in 37ms
07-17 13:05:13.582     1     1 I (6)[1:init]: Service 'adbd' (pid 364) received signal 9
07-17 13:05:13.585     1     1 I         : (5)[1:init]config_usb_cfg_unlink b.1<-/->ffs.adb
07-17 13:05:13.616   329   329 I (0)[329:recovery]mtk-tpd: [tpd_fb_notifier_callback:428] tpd_fb_notifier_callback
07-17 13:05:14.954     0     0 I         : -(4)[0:swapper/4]tick broadcast enter counter cpu: 559, 423, 373, 281, 132, 161, 288, 116, success counter cpu: 37, 27, 0, 2, 25, 53, 22, 15, fail counter cpu: 0, 0, 0, 0, 0, 0, 0, 0, interrupt counter cpu: 40, 27, 2, 6, 27, 59, 22, 18, o: 0-3,6-7, p: , f: , t:  10163119614, 12301167999, 10972000000, 10780000000, 10236000000, 10004000000, 11740000000, 11740000000,
07-17 13:05:14.954     0     0 I         : -(5)[0:swapper/5]MCDI bootup check: PASS
07-17 13:05:15.708     0     0 W         : (4)[293:mtk-tpd][FTS]touch_event_handler start
07-17 13:05:15.709     0     0 W (4)[293:mtk-tpd][FTS][B]P0(516, 1134)[p: 80,tm:5] DOWN!
07-17 13:05:15.717     0     0 W         : (4)[293:mtk-tpd][FTS]touch_event_handler start
07-17 13:05:15.718     0     0 W (4)[293:mtk-tpd][FTS][B]P0(516, 1134)[p: 80,tm:5] DOWN!
07-17 13:05:15.726     0     0 W         : (4)[293:mtk-tpd][FTS]touch_event_handler start
07-17 13:05:15.727     0     0 W (4)[293:mtk-tpd][FTS][B]P0(516, 1134)[p: 80,tm:5] DOWN!
07-17 13:05:15.734     0     0 W         : (5)[293:mtk-tpd][FTS]touch_event_handler start
07-17 13:05:15.735     0     0 W (5)[293:mtk-tpd][FTS][B]P0(516, 1134)[p: 80,tm:5] DOWN!
07-17 13:05:15.743     0     0 W         : (5)[293:mtk-tpd][FTS]touch_event_handler start
07-17 13:05:15.745     0     0 W (5)[293:mtk-tpd][FTS][B]P0(516, 1134)[p: 79,tm:5] DOWN!
07-17 13:05:15.752     0     0 W         : (5)[293:mtk-tpd][FTS]touch_event_handler start
07-17 13:05:15.753     0     0 W (5)[293:mtk-tpd][FTS][B]P0(516, 1134)[p: 79,tm:5] DOWN!
07-17 13:05:15.760     0     0 W         : (5)[293:mtk-tpd][FTS]touch_event_handler start
07-17 13:05:15.761     0     0 W         : (5)[293:mtk-tpd][FTS][B]P0 UP!
07-17 13:05:15.761     0     0 W         : (5)[293:mtk-tpd][FTS][B]Points All Up!
07-17 13:05:15.776   329   329 I (0)[329:recovery]mtk-tpd: [tpd_fb_notifier_callback:428] tpd_fb_notifier_callback
07-17 13:05:15.901   329   329 I (0)[329:recovery]mtk-tpd: [tpd_fb_notifier_callback:428] tpd_fb_notifier_callback
07-17 13:05:16.383   236   236 I         : (4)[236:battery_thread][fg_drv_update_hw_status]=>
07-17 13:05:16.383   236   236 I         : (4)[236:battery_thread][fgauge_read_current] final current=4623 (ratio=920)
07-17 13:05:16.383   236   236 I         : (4)[236:battery_thread][CH3_DBG] bat_cur = -4623
07-17 13:05:16.384   236   236 I (4)[236:battery_thread]mt635x-auxadc mt-pmic: mt635x-auxadc: name:BAT_TEMP, channel=3, adc_out=0x47a, adc_result=503
07-17 13:05:16.384   236   236 I         : (4)[236:battery_thread][fgauge_read_current] final current=4545 (ratio=920)
07-17 13:05:16.384   236   236 I         : (4)[236:battery_thread][BattVoltToTemp] 510 16900 1800 7
07-17 13:05:16.384   236   236 I         : (4)[236:battery_thread][force_get_tbat] 503,510,0,454,100,361 r:75 100 0
07-17 13:05:16.384   236   236 I (4)[236:battery_thread][force_get_tbat] t: 36 precise:361
07-17 13:05:16.384   236   236 I         : (4)[236:battery_thread][fg_bat_temp_int_sw_check] tmp 36 lt 65535 ht 65535
07-17 13:05:16.384   236   236 I         : (4)[236:battery_thread][fg_bat_sw_temp_int_l_handler]
07-17 13:05:16.384   236   236 I         : (4)[236:battery_thread][fgauge_read_current] final current=4545 (ratio=920)
07-17 13:05:16.384   236   236 I         : (4)[236:battery_thread][CH3_DBG] bat_cur = -4545
07-17 13:05:16.385   236   236 I (4)[236:battery_thread]mt635x-auxadc mt-pmic: mt635x-auxadc: name:BAT_TEMP, channel=3, adc_out=0x47b, adc_result=504
07-17 13:05:16.385   236   236 I         : (4)[236:battery_thread][fgauge_read_current] final current=4545 (ratio=920)
07-17 13:05:16.385   236   236 I         : (4)[236:battery_thread][BattVoltToTemp] 511 16900 1800 7
07-17 13:05:16.385   236   236 I         : (4)[236:battery_thread][force_get_tbat] 504,511,0,454,100,361 r:75 100 0
07-17 13:05:16.385   236   236 I (4)[236:battery_thread][force_get_tbat] t: 36 precise:361
07-17 13:05:16.385   236   236 I         : (4)[236:battery_thread]mtk_battery boot mode =2
07-17 13:05:16.385   236   236 I         : (4)[236:battery_thread][fgauge_read_current] final current=4545 (ratio=920)
07-17 13:05:16.385   236   236 I         : (4)[236:battery_thread][CH3_DBG] bat_cur = -4545
07-17 13:05:16.386   236   236 I (4)[236:battery_thread]mt635x-auxadc mt-pmic: mt635x-auxadc: name:BAT_TEMP, channel=3, adc_out=0x47a, adc_result=503
07-17 13:05:16.386   236   236 I         : (4)[236:battery_thread][fgauge_read_current] final current=4533 (ratio=920)
07-17 13:05:16.386   236   236 I         : (4)[236:battery_thread][BattVoltToTemp] 510 16900 1800 7
07-17 13:05:16.386   236   236 I         : (4)[236:battery_thread][force_get_tbat] 503,510,0,453,100,361 r:75 100 0
07-17 13:05:16.386   236   236 I (4)[236:battery_thread][force_get_tbat] t: 36 precise:361
07-17 13:05:16.387   236   236 I (4)[236:battery_thread]act: 5 table: 50 25 10 0 -10 -25 -30 -35 -40 -45
07-17 13:05:16.387   236   236 I         : (4)[236:battery_thread]active_table_no is 5, 0 1
07-17 13:05:16.387   236   236 I (4)[236:battery_thread]table[0]: 50
07-17 13:05:16.387   236   236 I (4)[236:battery_thread]table[1]: 25
07-17 13:05:16.387   236   236 I (4)[236:battery_thread]table[2]: 10
07-17 13:05:16.387   236   236 I (4)[236:battery_thread]table[3]: 0
07-17 13:05:16.387   236   236 I (4)[236:battery_thread]table[4]: -10
07-17 13:05:16.387   236   236 I         : (4)[236:battery_thread][fr] FG_DAEMON_CMD_GET_RAC = 201
07-17 13:05:16.387   236   236 I (4)[236:battery_thread]send_to_kernel=FG_DAEMON_CMD_GET_RAC: 0 201
07-17 13:05:16.394   236   236 I         : (4)[236:battery_thread][fgauge_read_IM_current] final current=4791 (ratio=920)
07-17 13:05:16.394   236   236 I (4)[236:battery_thread]do_ptim_internal: bat 38786 cur 4791
07-17 13:05:16.394   236   236 I         : (4)[236:battery_thread][fr] PTIM V 38786 I -4791
07-17 13:05:16.394   236   236 I (4)[236:battery_thread]send_to_kernel=FG_DAEMON_CMD_GET_PTIM_VBAT: 0 38786
07-17 13:05:16.394   236   236 I         : (4)[236:battery_thread][fr] FG_DAEMON_CMD_GET_PTIM_I = -4791
07-17 13:05:16.394   236   236 I (4)[236:battery_thread]send_to_kernel=FG_DAEMON_CMD_GET_PTIM_I: 0 -4791
07-17 13:05:16.395   236   236 I         : (4)[236:battery_thread][fgauge_read_current] final current=4776 (ratio=920)
07-17 13:05:16.395   236   236 I         : (4)[236:battery_thread][CH3_DBG] bat_cur = -4776
07-17 13:05:16.395   236   236 I (4)[236:battery_thread]mt635x-auxadc mt-pmic: mt635x-auxadc: name:BAT_TEMP, channel=3, adc_out=0x47b, adc_result=504
07-17 13:05:16.395   236   236 I         : (4)[236:battery_thread][fgauge_read_current] final current=4806 (ratio=920)
07-17 13:05:16.395   236   236 I         : (4)[236:battery_thread][BattVoltToTemp] 512 16900 1800 8
07-17 13:05:16.396   236   236 I         : (4)[236:battery_thread][force_get_tbat] 504,512,0,480,100,360 r:75 100 0
07-17 13:05:16.396   236   236 I (4)[236:battery_thread][force_get_tbat] t: 36 precise:360
07-17 13:05:16.396   236   236 I         : (4)[236:battery_thread][fg_construct_vboot] idx 254 T_NEW 36 T_table 0 T_table_c 36 qmax_sel 1
07-17 13:05:16.396   236   236 I         : (4)[236:battery_thread][fg_construct_by_vboot]index 254 idx:100 _vboot:33600 0 qmax_t_0ma_tb1:44020
07-17 13:05:16.396   236   236 I (4)[236:battery_thread][fg_compensate_battery_voltage_from_low]size: 100 oriv=33500 I:-5000
07-17 13:05:16.396   236   236 I         : (4)[236:battery_thread][fg_compensate_battery_voltage_from_low]find high=99,[10000][9898]
07-17 13:05:16.396   236   236 I         : (4)[236:battery_thread][fg_compensate_battery_voltage_from_low] h_percent=[9898,9798],high=98,fg_volt_withIR=33997 > oriv=33500
07-17 13:05:16.396   236   236 I (4)[236:battery_thread][fg_compensate_battery_voltage_from_low]fg_volt=34671,98,IR=-1153,orig_33500,+IR=33518,percent=9878,
07-17 13:05:16.396   236   236 I         : (4)[236:battery_thread][fg_construct_by_vboot]index 254 idx:98 _vboot:34671 34556 qmax_t_0ma_tb1:43486
07-17 13:05:16.396   236   236 I         : (4)[236:battery_thread][fg_construct_vboot]idx 254 T_NEW 36 T_table 0 T_table_c 36 qmax_sel 1 vboot_t=[33600:0:34671] 33500 5000 rac 201
07-17 13:05:16.396   236   236 I         : (4)[236:battery_thread][fg_construct_vboot] qmax_sel=1 iboot_sel=0 iboot:5000 vbat:38786 i:-4791 vboot:0 34671 33600
07-17 13:05:16.396   236   236 I         : (4)[236:battery_thread][fg_construct_vboot][by_vboot]qmax_sel 1 vboot_t 33600 vboot 0 34671 pmic_min_vol 33500 iboot 5000 rac 201
07-17 13:05:16.396   236   236 I         : (4)[236:battery_thread][fg_update_c_dod]
07-17 13:05:16.396   236   236 I         : (4)[236:battery_thread][fgauge_read_columb_internal] CAR=-12 r_fg_value=100 car_tune_value=920
07-17 13:05:16.396   236   236 I         : (4)[236:battery_thread][fr] BATTERY_METER_CMD_GET_FG_HW_CAR = -12
07-17 13:05:16.396   236   236 I (4)[236:battery_thread]send_to_kernel=FG_DAEMON_CMD_GET_FG_HW_CAR: 0 -12
07-17 13:05:16.396   236   236 I         : (4)[236:battery_thread][fg_update_quse]aging_sel 0 qmax_t_0ma_tb1 43486 quse_tb1 [43486] aging[10000]
07-17 13:05:16.396   236   236 I (4)[236:battery_thread][FGADC] OCV_to_DOD: voltage:39878 dod:3598 highidx:36
07-17 13:05:16.396   236   236 I         : (4)[236:battery_thread][fg_update_c_dod] fg_c_dod 3600 fg_c_d0_dod 3598 car -12 quse_tb1 43486 fg_c_soc 6400
07-17 13:05:16.396   236   236 I         : (4)[236:battery_thread][fgauge_read_current] final current=4806 (ratio=920)
07-17 13:05:16.396   236   236 I         : (4)[236:battery_thread][CH3_DBG] bat_cur = -4806
07-17 13:05:16.397   236   236 I (4)[236:battery_thread]mt635x-auxadc mt-pmic: mt635x-auxadc: name:BAT_TEMP, channel=3, adc_out=0x47b, adc_result=504
07-17 13:05:16.397   236   236 I         : (4)[236:battery_thread][fgauge_read_current] final current=4806 (ratio=920)
07-17 13:05:16.397   236   236 I         : (4)[236:battery_thread][BattVoltToTemp] 512 16900 1800 8
07-17 13:05:16.397   236   236 I         : (4)[236:battery_thread][force_get_tbat] 504,512,0,480,100,360 r:75 100 0
07-17 13:05:16.397   236   236 I (4)[236:battery_thread][force_get_tbat] t: 36 precise:360
07-17 13:05:16.397   236   236 I         : (4)[236:battery_thread][fr][FG_TEMP_INT] FG_DAEMON_CMD_SET_FG_BAT_TMP_C_GAP = 1 ht:37 lt:35
07-17 13:05:16.397   236   236 I         : (4)[236:battery_thread]send_to_kernel=FG_DAEMON_CMD_SET_FG_BAT_TMP_C_GAP 1 1
07-17 13:05:16.398   236   236 I         : (4)[236:battery_thread][fgauge_read_columb_internal] CAR=-12 r_fg_value=100 car_tune_value=920
07-17 13:05:16.398   236   236 I         : (4)[236:battery_thread][fr] BATTERY_METER_CMD_GET_FG_HW_CAR = -12
07-17 13:05:16.398   236   236 I (4)[236:battery_thread]send_to_kernel=FG_DAEMON_CMD_GET_FG_HW_CAR: 0 -12
07-17 13:05:16.398   236   236 I         : (4)[236:battery_thread][fgauge_read_columb_internal] CAR=-12 r_fg_value=100 car_tune_value=920
07-17 13:05:16.398   236   236 I         : (4)[236:battery_thread][read_fg_hw_info] curr_1 -4796 curr_2 -4565 car -12
07-17 13:05:16.398   236   236 I (4)[236:battery_thread]send_to_kernel=FG_DAEMON_CMD_GET_HW_INFO: 512 512
07-17 13:05:16.400   236   236 I         : (4)[236:battery_thread][MDRT_ADC] OLD = 0x2d9d, NOW = 0x2d9b, CNT = 0
07-17 13:05:16.400   236   236 I         : (4)[236:battery_thread][fr] FG_DAEMON_CMD_GET_VBAT = 38790
07-17 13:05:16.400   236   236 I (4)[236:battery_thread]send_to_kernel=FG_DAEMON_CMD_GET_VBAT: 0 38790
07-17 13:05:16.401   236   236 I         : (4)[236:battery_thread][fgauge_read_current] final current=4788 (ratio=920)
07-17 13:05:16.401   236   236 I         : (4)[236:battery_thread][CH3_DBG] bat_cur = -4788
07-17 13:05:16.401   236   236 I         : (4)[236:battery_thread][fgauge_read_current] final current=4718 (ratio=920)
07-17 13:05:16.401   236   236 I         : (4)[236:battery_thread][BattVoltToTemp] 511 16900 1800 8
07-17 13:05:16.402   236   236 I         : (4)[236:battery_thread][force_get_tbat] 503,511,0,471,100,361 r:75 100 0
07-17 13:05:16.402   236   236 I (4)[236:battery_thread][force_get_tbat] t: 36 precise:361
07-17 13:05:16.402   236   236 I         : (4)[236:battery_thread][fg_res]FG_DAEMON_CMD_SET_KERNEL_SOC = 6400 64, type:0
07-17 13:05:16.402   236   236 I         : (4)[236:battery_thread]send_to_kernel=FG_DAEMON_CMD_SET_KERNEL_SOC 6400 6400
07-17 13:05:16.402   236   236 I         : (4)[236:battery_thread][fg_res] FG_DAEMON_CMD_SET_KERNEL_UISOC = 7000 70 GM3:0
07-17 13:05:16.404   236   236 I         : (4)[236:battery_thread][fgauge_read_current] final current=4756 (ratio=920)
07-17 13:05:16.404   236   236 I         : (4)[236:battery_thread][CH3_DBG] bat_cur = -4756
07-17 13:05:16.406   236   236 I         : (4)[236:battery_thread][fgauge_read_current] final current=4753 (ratio=920)
07-17 13:05:16.406   236   236 I         : (4)[236:battery_thread][BattVoltToTemp] 513 16900 1800 8
07-17 13:05:16.406   236   236 I         : (4)[236:battery_thread][force_get_tbat] 505,513,0,475,100,359 r:75 100 0
07-17 13:05:16.406   236   236 I (4)[236:battery_thread][force_get_tbat] t: 35 precise:359
07-17 13:05:16.406   236   236 I         : (4)[236:battery_thread]send_to_kernel=FG_DAEMON_CMD_SET_KERNEL_UISOC 7000 7000
07-17 13:05:16.406   336   336 I         : (4)[336:kworker/4:2][fgauge_read_current] final current=4753 (ratio=920)
07-17 13:05:16.407   236   236 I -(4)[236:battery_thread]mtk_rtc_hal_common: hal_rtc_get_spare_register: cmd[0], get rg[0x5aa, 0xff , 8] = 0xc6
07-17 13:05:16.407   236   236 I -(4)[236:battery_thread]mtk_rtc_hal_common: hal_rtc_set_spare_register: cmd[0], set rg[0x5aa, 0xff , 8] = 0xc6
07-17 13:05:16.407   236   236 I         : (4)[236:battery_thread][fg_set_rtc_ui_soc] rtc_ui_soc 70 spare3_reg 0xc6 new_spare3_reg 0xc6
07-17 13:05:16.407   236   236 I         : (4)[236:battery_thread][fr] BATTERY_METER_CMD_SET_RTC_UI_SOC=70
07-17 13:05:16.407   236   236 I         : (4)[236:battery_thread]send_to_kernel=FG_DAEMON_CMD_SET_RTC_UI_SOC 70 70
07-17 13:05:16.407   236   236 I         : (4)[236:battery_thread][fg_res] FG_DAEMON_CMD_SET_CON0_SOC = 6400
07-17 13:05:16.407   236   236 I         : (4)[236:battery_thread]send_to_kernel=FG_DAEMON_CMD_SET_CON0_SOC 6400 6400
07-17 13:05:16.408     0     0 I (4)[0:swapper/4]Power/swap DP: No enter --- SODI3: No enter --- SODI: No enter ---
07-17 13:05:16.408     0     0 I (4)[0:swapper/4]mcdi cpu: 48, 0, 1, 3, 34, 40, 13, 11, cluster : 48, 46, pause = 66, multi core = 4, latency = 0, residency = 0, last core = 66, avail cpu = 00ff, cluster = 0003, enabled = 1, max_s_state = 5, system_idle_hint = 00000000
07-17 13:05:16.409   236   236 I (4)[236:battery_thread]get_shutdown_cond ret: 0 0 0 0 vbat:3885
07-17 13:05:16.409   236   236 I (4)[236:battery_thread][FGADC_intr_end][FG_INTR_BAT_TEMP_HT]soc: 6400, c_soc:6400 ui_soc:7000 VBAT 38790 T:[36 C:36] car:-12
07-17 13:05:16.409   236   236 I         : (4)[236:battery_thread][wakeup_fg_algo_recovery] intr_num=0x400000
07-17 13:05:16.409   236   236 I         : (4)[236:battery_thread]mtk_battery boot mode =2
07-17 13:05:16.409   236   236 I         : (4)[236:battery_thread][wakeup_fg_algo_recovery] intr_num=0x400
07-17 13:05:16.409   236   236 I         : (4)[236:battery_thread][TempConverBattThermistor] [6503] 35 6948 40 5834 37
07-17 13:05:16.409   236   236 I         : (4)[236:battery_thread][fgauge_read_current] final current=4166 (ratio=920)
07-17 13:05:16.409   236   236 I         : (4)[236:battery_thread][TempToBattVolt] temp 37 R_NTC 6503 V(5001 4929) I 4166 CHG 0
07-17 13:05:16.409   236   236 I         : (4)[236:battery_thread][TempConverBattThermistor] [6948] 30 8315 35 6948 35
07-17 13:05:16.409   236   236 I         : (4)[236:battery_thread][TempToBattVolt] temp 35 R_NTC 6948 V(5244 5172) I 4166 CHG 0
07-17 13:05:16.409   236   236 I         : (4)[236:battery_thread][fg_bat_temp_int_internal][FG_TEMP_INT] T[36] V[65535 65535] C[37 35] h[5172 4929]
07-17 13:05:16.411   236   236 I         : (4)[236:battery_thread][fgauge_read_current] final current=4316 (ratio=920)
07-17 13:05:16.411   236   236 I         : (4)[236:battery_thread][CH3_DBG] bat_cur = -4316
07-17 13:05:16.412   236   236 I         : (4)[236:battery_thread][fgauge_read_current] final current=4316 (ratio=920)
07-17 13:05:16.412   236   236 I         : (4)[236:battery_thread][BattVoltToTemp] 511 16900 1800 7
07-17 13:05:16.412   236   236 I         : (4)[236:battery_thread][force_get_tbat] 504,511,0,431,100,361 r:75 100 0
07-17 13:05:16.412   236   236 I (4)[236:battery_thread][force_get_tbat] t: 36 precise:361
07-17 13:05:16.412   236   236 I (4)[236:battery_thread][fg_update_sw_iavg]diff time: 10 iavg:0
07-17 13:05:16.413   336   336 I         : (4)[336:kworker/4:2][fgauge_read_current] final current=4316 (ratio=920)
07-17 13:05:16.413   236   236 I         : (4)[236:battery_thread][read_boot_battery_plug_out_status] rtc_invalid 0 plugout 0 bat_plug_out_time 31 sp3:0xc6 pl:0 0
07-17 13:05:16.413   236   236 I         : (4)[236:battery_thread][fgauge_read_current] final current=4490 (ratio=920)
07-17 13:05:16.413   236   236 I         : (4)[236:battery_thread][fgauge_read_columb_internal] CAR=-12 r_fg_value=100 car_tune_value=920
07-17 13:05:16.416   236   236 I         : (4)[236:battery_thread][fgauge_read_current] final current=4458 (ratio=920)
07-17 13:05:16.416   236   236 I         : (4)[236:battery_thread][CH3_DBG] bat_cur = -4458
07-17 13:05:16.417   236   236 I         : (4)[236:battery_thread][fgauge_read_current] final current=4458 (ratio=920)
07-17 13:05:16.417   236   236 I         : (4)[236:battery_thread][BattVoltToTemp] 511 16900 1800 7
07-17 13:05:16.417   236   236 I         : (4)[236:battery_thread][force_get_tbat] 504,511,0,445,100,361 r:75 100 0
07-17 13:05:16.417   236   236 I (4)[236:battery_thread][force_get_tbat] t: 36 precise:361
07-17 13:05:16.417   236   236 I         : (4)[236:battery_thread]lbat 0 0 1 34500
07-17 13:05:16.417   236   236 I (4)[236:battery_thread]car[-12,217,-217,434,-198, cycle_car:0,ncar:13] c: 0 4490 vbat:3885 vbus:0 soc:64 70 gm3:0 0 0 0
07-17 13:05:16.417   236   236 I         : (4)[236:battery_thread][fgauge_read_columb_internal] CAR=-12 r_fg_value=100 car_tune_value=920
07-17 13:05:16.417   236   236 I         : (4)[236:battery_thread][fg_bat_nafg][fgauge_get_nafg_cnt] 0 [25_16 0 15_0 0]
07-17 13:05:16.417   236   236 I (4)[236:battery_thread][fg_nafg_monitor]time: 11 nafg_cnt:0, now:11, last_t:0
07-17 13:05:16.417   236   236 I (4)[236:battery_thread]tmp: 36 65535 65535 hcar2:434 lcar2:198 time:11 sw_iavg:0 0 0 nafg_m:0 0 0
07-17 13:05:16.417   236   236 I (4)[236:battery_thread]1st chr_zcv: 0 pmic_zcv:0 0 pmic_in_zcv:0 swocv:0 zcv_from:0 tmp:0
07-17 13:05:16.417   236   236 I (4)[236:battery_thread]chr_zcv: 0 pmic_zcv:0 0 pmic_in_zcv:0 swocv:0 zcv_from:0 tmp:0
07-17 13:05:16.417   236   236 I         : (4)[236:battery_thread][fgauge_read_columb_internal] CAR=-12 r_fg_value=100 car_tune_value=920
07-17 13:05:16.420   236   236 I         : (4)[236:battery_thread][fgauge_read_current] final current=4441 (ratio=920)
07-17 13:05:16.420   236   236 I         : (4)[236:battery_thread][fgauge_read_current] final current=4441 (ratio=920)
07-17 13:05:16.420   236   236 I         : (4)[236:battery_thread][CH3_DBG] bat_cur = -4441
07-17 13:05:16.421   236   236 I         : (4)[236:battery_thread][fgauge_read_current] final current=4441 (ratio=920)
07-17 13:05:16.421   236   236 I         : (4)[236:battery_thread][BattVoltToTemp] 511 16900 1800 7
07-17 13:05:16.421   236   236 I         : (4)[236:battery_thread][force_get_tbat] 504,511,0,444,100,361 r:75 100 0
07-17 13:05:16.421   236   236 I (4)[236:battery_thread][force_get_tbat] t: 36 precise:361
07-17 13:05:16.421   236   236 I         : (4)[236:battery_thread][fg_is_battery_exist] PMIC_RGS_BATON_UNDET = 1
07-17 13:05:16.421   236   236 I         : (4)[236:battery_thread]GM3log1 11 11 3891 -4441 0 0 -25 36 0 1 201 1 0
07-17 13:05:16.421   236   236 I         : (4)[236:battery_thread]GM3log2 11 0 0 0 0 38786 4791 0 0
07-17 13:05:16.421   236   236 I         : (4)[236:battery_thread]GM3log3 11 0 38949 -5129 0
07-17 13:05:16.421   236   236 I         : (4)[236:battery_thread]GM3log4 0 70 0 0 31 0 0 1 1 1 64
07-17 13:05:16.421   236   236 I         : (4)[236:battery_thread]GM3log int 11 11 0 0 0 0
07-17 13:05:16.421   236   236 I         : (4)[236:battery_thread]GM3log phone_state 0 0
07-17 13:05:16.421   236   236 I (4)[236:battery_thread]GM3 car: -12 car_diff:-13
07-17 13:05:16.421   236   236 I (4)[236:battery_thread][fg_bat_nafg][fgauge_get_nafg_dltv] mV: Reg [15652:9498]
07-17 13:05:16.421   236   236 I         : (4)[236:battery_thread][fg_bat_nafg][fgauge_get_nafg_cnt] 0 [25_16 0 15_0 0]
07-17 13:05:16.421   236   236 I (4)[236:battery_thread][fg_bat_nafg][fgauge_get_nafg_c_dltv] mV: Reg[0:0][b10:0][26_16(0x0000) 15_00(0x0000)]
07-17 13:05:16.421   236   236 I         : (4)[236:battery_thread]GM3log-nint-nafg 11 11 0 38347 15652 0 0
07-17 13:05:16.421   236   236 I         : (4)[236:battery_thread]mtk_battery boot mode =2
07-17 13:05:16.422   236   236 I         : (4)[236:battery_thread][wakeup_fg_algo_recovery] intr_num=0x2000000
07-17 13:05:16.439   101   101 I         : (4)[101:kworker/u16:1][fgauge_read_current] final current=3810 (ratio=920)
07-17 13:05:16.439   101   101 I         : (4)[101:kworker/u16:1][CH3_DBG] bat_cur = -3810
07-17 13:05:16.439   101   101 I         : (4)[101:kworker/u16:1][fgauge_read_current] final current=3810 (ratio=920)
07-17 13:05:16.439   101   101 I         : (4)[101:kworker/u16:1][BattVoltToTemp] 511 16900 1800 6
07-17 13:05:16.439   101   101 I         : (4)[101:kworker/u16:1][force_get_tbat] 505,511,0,381,100,361 r:75 100 0
07-17 13:05:16.439   101   101 I (4)[101:kworker/u16:1][force_get_tbat] t: 36 precise:361
07-17 13:05:16.514     0     0 W         : (5)[293:mtk-tpd][FTS]touch_event_handler start
07-17 13:05:16.515     0     0 W (5)[293:mtk-tpd][FTS][B]P0(454, 690)[p: 63,tm:3] DOWN!
07-17 13:05:16.523     0     0 W         : (5)[293:mtk-tpd][FTS]touch_event_handler start
07-17 13:05:16.524     0     0 W (5)[293:mtk-tpd][FTS][B]P0(454, 690)[p: 63,tm:3] DOWN!
07-17 13:05:16.532     0     0 W         : (5)[293:mtk-tpd][FTS]touch_event_handler start
07-17 13:05:16.533     0     0 W (5)[293:mtk-tpd][FTS][B]P0(454, 690)[p: 63,tm:3] DOWN!
07-17 13:05:16.541     0     0 W         : (5)[293:mtk-tpd][FTS]touch_event_handler start
07-17 13:05:16.542     0     0 W (5)[293:mtk-tpd][FTS][B]P0(453, 689)[p: 63,tm:3] DOWN!
07-17 13:05:16.550     0     0 W         : (5)[293:mtk-tpd][FTS]touch_event_handler start
07-17 13:05:16.551     0     0 W (5)[293:mtk-tpd][FTS][B]P0(453, 686)[p: 63,tm:3] DOWN!
07-17 13:05:16.558     0     0 W         : (5)[293:mtk-tpd][FTS]touch_event_handler start
07-17 13:05:16.559     0     0 W (5)[293:mtk-tpd][FTS][B]P0(453, 679)[p: 63,tm:3] DOWN!
07-17 13:05:16.567     0     0 W         : (5)[293:mtk-tpd][FTS]touch_event_handler start
07-17 13:05:16.568     0     0 W (5)[293:mtk-tpd][FTS][B]P0(453, 669)[p: 63,tm:3] DOWN!
07-17 13:05:16.576     0     0 W         : (5)[293:mtk-tpd][FTS]touch_event_handler start
07-17 13:05:16.577     0     0 W (5)[293:mtk-tpd][FTS][B]P0(453, 655)[p: 63,tm:3] DOWN!
07-17 13:05:16.585     0     0 W         : (5)[293:mtk-tpd][FTS]touch_event_handler start
07-17 13:05:16.586     0     0 W (5)[293:mtk-tpd][FTS][B]P0(453, 639)[p: 63,tm:3] DOWN!
07-17 13:05:16.594     0     0 W         : (5)[293:mtk-tpd][FTS]touch_event_handler start
07-17 13:05:16.595     0     0 W (4)[293:mtk-tpd][FTS][B]P0(454, 622)[p: 63,tm:3] DOWN!
07-17 13:05:16.602     0     0 W         : (4)[293:mtk-tpd][FTS]touch_event_handler start
07-17 13:05:16.603     0     0 W (4)[293:mtk-tpd][FTS][B]P0(456, 606)[p: 63,tm:3] DOWN!
07-17 13:05:16.611     0     0 W         : (4)[293:mtk-tpd][FTS]touch_event_handler start
07-17 13:05:16.612     0     0 W (4)[293:mtk-tpd][FTS][B]P0(458, 589)[p: 63,tm:3] DOWN!
07-17 13:05:16.620     0     0 W         : (4)[293:mtk-tpd][FTS]touch_event_handler start
07-17 13:05:16.621     0     0 W (4)[293:mtk-tpd][FTS][B]P0(461, 572)[p: 63,tm:3] DOWN!
07-17 13:05:16.629     0     0 W         : (4)[293:mtk-tpd][FTS]touch_event_handler start
07-17 13:05:16.630     0     0 W (4)[293:mtk-tpd][FTS][B]P0(463, 556)[p: 63,tm:3] DOWN!
07-17 13:05:16.638     0     0 W         : (4)[293:mtk-tpd][FTS]touch_event_handler start
07-17 13:05:16.639     0     0 W (4)[293:mtk-tpd][FTS][B]P0(466, 542)[p: 63,tm:3] DOWN!
07-17 13:05:16.646     0     0 W         : (4)[293:mtk-tpd][FTS]touch_event_handler start
07-17 13:05:16.648     0     0 W (4)[293:mtk-tpd][FTS][B]P0(468, 529)[p: 63,tm:3] DOWN!
07-17 13:05:16.653   329   329 I (0)[329:recovery]mtk-tpd: [tpd_fb_notifier_callback:428] tpd_fb_notifier_callback
07-17 13:05:16.655     0     0 W         : (4)[293:mtk-tpd][FTS]touch_event_handler start
07-17 13:05:16.656     0     0 W (4)[293:mtk-tpd][FTS][B]P0(470, 516)[p: 63,tm:3] DOWN!
07-17 13:05:16.664     0     0 W         : (4)[293:mtk-tpd][FTS]touch_event_handler start
07-17 13:05:16.665     0     0 W (4)[293:mtk-tpd][FTS][B]P0(471, 505)[p: 63,tm:3] DOWN!
07-17 13:05:16.672     0     0 W         : (4)[293:mtk-tpd][FTS]touch_event_handler start
07-17 13:05:16.674     0     0 W (4)[293:mtk-tpd][FTS][B]P0(473, 495)[p: 63,tm:3] DOWN!
07-17 13:05:16.681     0     0 W         : (4)[293:mtk-tpd][FTS]touch_event_handler start
07-17 13:05:16.683     0     0 W (4)[293:mtk-tpd][FTS][B]P0(474, 485)[p: 63,tm:3] DOWN!
07-17 13:05:16.690     0     0 W         : (4)[293:mtk-tpd][FTS]touch_event_handler start
07-17 13:05:16.691     0     0 W (4)[293:mtk-tpd][FTS][B]P0(475, 476)[p: 63,tm:3] DOWN!
07-17 13:05:16.695   295   295 I         : (7)[295:kworker/7:1][msdc]msdc power off
07-17 13:05:16.695   295   295 I         : (7)[295:kworker/7:1]ldo vmch disable
07-17 13:05:16.695   295   295 I         : (7)[295:kworker/7:1][msdc]msdc power off
07-17 13:05:16.695   295   295 I         : (7)[295:kworker/7:1]ldo vmc disable
07-17 13:05:16.699     0     0 W         : (4)[293:mtk-tpd][FTS]touch_event_handler start
07-17 13:05:16.700     0     0 W (4)[293:mtk-tpd][FTS][B]P0(475, 466)[p: 63,tm:3] DOWN!
07-17 13:05:16.708     0     0 W         : (4)[293:mtk-tpd][FTS]touch_event_handler start
07-17 13:05:16.709     0     0 W (4)[293:mtk-tpd][FTS][B]P0(475, 456)[p: 63,tm:3] DOWN!
07-17 13:05:16.716     0     0 W         : (4)[293:mtk-tpd][FTS]touch_event_handler start
07-17 13:05:16.717     0     0 W (4)[293:mtk-tpd][FTS][B]P0(475, 448)[p: 63,tm:3] DOWN!
07-17 13:05:16.725     0     0 I -(3)[0:swapper/3]mtk_charger_alarm_timer_func: not suspend, wake up charger
07-17 13:05:16.725   296   296 I         : (5)[296:charger_thread][fgauge_read_current] final current=4722 (ratio=920)
07-17 13:05:16.725     0     0 W         : (6)[293:mtk-tpd][FTS]touch_event_handler start
07-17 13:05:16.726     0     0 W (6)[293:mtk-tpd][FTS][B]P0(475, 441)[p: 63,tm:3] DOWN!
07-17 13:05:16.733   296   296 I         : (5)[296:charger_thread][fgauge_read_current] final current=4837 (ratio=920)
07-17 13:05:16.733   296   296 I         : (5)[296:charger_thread][CH3_DBG] bat_cur = -4837
07-17 13:05:16.734   296   296 I         : (5)[296:charger_thread][fgauge_read_current] final current=4736 (ratio=920)
07-17 13:05:16.734   296   296 I         : (5)[296:charger_thread][BattVoltToTemp] 512 16900 1800 8
07-17 13:05:16.734   296   296 I         : (5)[296:charger_thread][force_get_tbat] 504,512,0,473,100,360 r:75 100 0
07-17 13:05:16.734   296   296 I (5)[296:charger_thread][force_get_tbat] t: 36 precise:360
07-17 13:05:16.734   296   296 I (5)[296:charger_thread]Vbat=3881,Ibat=-4722,I=-53,VChr=0,T=36,Soc=64: 70,CT:0:0 hv:1 pd:0:0
07-17 13:05:16.734     0     0 W         : (6)[293:mtk-tpd][FTS]touch_event_handler start
07-17 13:05:16.734   296   296 I         : (5)[296:charger_thread][fgauge_read_current] final current=4736 (ratio=920)
07-17 13:05:16.734   296   296 I         : (5)[296:charger_thread][CH3_DBG] bat_cur = -4736
07-17 13:05:16.735   296   296 I         : (5)[296:charger_thread][fgauge_read_current] final current=4736 (ratio=920)
07-17 13:05:16.735     0     0 W (6)[293:mtk-tpd][FTS][B]P0(475, 434)[p: 63,tm:3] DOWN!
07-17 13:05:16.735   296   296 I         : (5)[296:charger_thread][BattVoltToTemp] 512 16900 1800 8
07-17 13:05:16.735   296   296 I         : (5)[296:charger_thread][force_get_tbat] 504,512,0,473,100,360 r:75 100 0
07-17 13:05:16.735   296   296 I (5)[296:charger_thread][force_get_tbat] t: 36 precise:360
07-17 13:05:16.735   296   296 I         : (5)[296:charger_thread][fg_is_battery_exist] PMIC_RGS_BATON_UNDET = 1
07-17 13:05:16.735   296   296 I chatty  : uid=1036(auditd) identical 1 line
07-17 13:05:16.735   296   296 I         : (5)[296:charger_thread][fg_is_battery_exist] PMIC_RGS_BATON_UNDET = 1
07-17 13:05:16.743     0     0 W         : (6)[293:mtk-tpd][FTS]touch_event_handler start
07-17 13:05:16.744     0     0 W (6)[293:mtk-tpd][FTS][B]P0(475, 427)[p: 64,tm:3] DOWN!
07-17 13:05:16.752     0     0 W         : (6)[293:mtk-tpd][FTS]touch_event_handler start
07-17 13:05:16.753     0     0 W (6)[293:mtk-tpd][FTS][B]P0(475, 420)[p: 64,tm:3] DOWN!
07-17 13:05:16.761     0     0 W         : (6)[293:mtk-tpd][FTS]touch_event_handler start
07-17 13:05:16.762     0     0 W (6)[293:mtk-tpd][FTS][B]P0(475, 414)[p: 64,tm:3] DOWN!
07-17 13:05:16.769     0     0 W         : (6)[293:mtk-tpd][FTS]touch_event_handler start
07-17 13:05:16.771     0     0 W (6)[293:mtk-tpd][FTS][B]P0(474, 408)[p: 64,tm:3] DOWN!
07-17 13:05:16.778   329   329 I (0)[329:recovery]mtk-tpd: [tpd_fb_notifier_callback:428] tpd_fb_notifier_callback
07-17 13:05:16.778     0     0 W         : (6)[293:mtk-tpd][FTS]touch_event_handler start
07-17 13:05:16.779     0     0 W (6)[293:mtk-tpd][FTS][B]P0(474, 402)[p: 64,tm:3] DOWN!
07-17 13:05:16.787     0     0 W         : (6)[293:mtk-tpd][FTS]touch_event_handler start
07-17 13:05:16.788     0     0 W (6)[293:mtk-tpd][FTS][B]P0(473, 397)[p: 64,tm:3] DOWN!
07-17 13:05:16.796     0     0 W         : (6)[293:mtk-tpd][FTS]touch_event_handler start
07-17 13:05:16.797     0     0 W (6)[293:mtk-tpd][FTS][B]P0(473, 392)[p: 64,tm:3] DOWN!
07-17 13:05:16.804     0     0 W         : (6)[293:mtk-tpd][FTS]touch_event_handler start
07-17 13:05:16.805     0     0 W (6)[293:mtk-tpd][FTS][B]P0(472, 387)[p: 65,tm:3] DOWN!
07-17 13:05:16.813     0     0 W         : (6)[293:mtk-tpd][FTS]touch_event_handler start
07-17 13:05:16.815     0     0 W (6)[293:mtk-tpd][FTS][B]P0(472, 383)[p: 65,tm:3] DOWN!
07-17 13:05:16.822     0     0 W         : (6)[293:mtk-tpd][FTS]touch_event_handler start
07-17 13:05:16.823     0     0 W (6)[293:mtk-tpd][FTS][B]P0(471, 379)[p: 65,tm:3] DOWN!
07-17 13:05:16.831     0     0 W         : (6)[293:mtk-tpd][FTS]touch_event_handler start
07-17 13:05:16.832     0     0 W (6)[293:mtk-tpd][FTS][B]P0(471, 375)[p: 66,tm:3] DOWN!
07-17 13:05:16.840     0     0 W         : (6)[293:mtk-tpd][FTS]touch_event_handler start
07-17 13:05:16.841     0     0 W (6)[293:mtk-tpd][FTS][B]P0(470, 371)[p: 66,tm:3] DOWN!
07-17 13:05:16.848     0     0 W         : (6)[293:mtk-tpd][FTS]touch_event_handler start
07-17 13:05:16.849     0     0 W (6)[293:mtk-tpd][FTS][B]P0(470, 367)[p: 66,tm:3] DOWN!
07-17 13:05:16.857     0     0 W         : (6)[293:mtk-tpd][FTS]touch_event_handler start
07-17 13:05:16.858     0     0 W (6)[293:mtk-tpd][FTS][B]P0(470, 364)[p: 66,tm:3] DOWN!
07-17 13:05:16.865     0     0 W         : (6)[293:mtk-tpd][FTS]touch_event_handler start
07-17 13:05:16.866     0     0 W         : (6)[293:mtk-tpd][FTS][B]P0 UP!
07-17 13:05:16.866     0     0 W         : (6)[293:mtk-tpd][FTS][B]Points All Up!
07-17 13:05:16.903   329   329 I (0)[329:recovery]mtk-tpd: [tpd_fb_notifier_callback:428] tpd_fb_notifier_callback
07-17 13:05:17.780   329   329 I chatty  : uid=0(root) identical 7 lines
07-17 13:05:17.905   329   329 I (0)[329:recovery]mtk-tpd: [tpd_fb_notifier_callback:428] tpd_fb_notifier_callback
07-17 13:05:17.917     0     0 W         : (6)[293:mtk-tpd][FTS]touch_event_handler start
07-17 13:05:17.918     0     0 W (6)[293:mtk-tpd][FTS][B]P0(442, 710)[p: 51,tm:3] DOWN!
07-17 13:05:17.922   382   382 I         : (6)[382:kworker/6:2]usb_state<DISCONNECTED>
07-17 13:05:17.927     0     0 W         : (6)[293:mtk-tpd][FTS]touch_event_handler start
07-17 13:05:17.928     0     0 W (6)[293:mtk-tpd][FTS][B]P0(442, 710)[p: 51,tm:3] DOWN!
07-17 13:05:17.935     0     0 W         : (6)[293:mtk-tpd][FTS]touch_event_handler start
07-17 13:05:17.936     0     0 W (6)[293:mtk-tpd][FTS][B]P0(442, 710)[p: 51,tm:3] DOWN!
07-17 13:05:17.944     0     0 W         : (6)[293:mtk-tpd][FTS]touch_event_handler start
07-17 13:05:17.945     0     0 W (6)[293:mtk-tpd][FTS][B]P0(442, 710)[p: 51,tm:3] DOWN!
07-17 13:05:17.953     0     0 W         : (6)[293:mtk-tpd][FTS]touch_event_handler start
07-17 13:05:17.954     0     0 W (6)[293:mtk-tpd][FTS][B]P0(442, 710)[p: 51,tm:3] DOWN!
07-17 13:05:17.962     0     0 W         : (6)[293:mtk-tpd][FTS]touch_event_handler start
07-17 13:05:17.963     0     0 W (6)[293:mtk-tpd][FTS][B]P0(442, 709)[p: 51,tm:3] DOWN!
07-17 13:05:17.971     0     0 W         : (6)[293:mtk-tpd][FTS]touch_event_handler start
07-17 13:05:17.972     0     0 W (6)[293:mtk-tpd][FTS][B]P0(442, 706)[p: 51,tm:3] DOWN!
07-17 13:05:17.979     0     0 W         : (6)[293:mtk-tpd][FTS]touch_event_handler start
07-17 13:05:17.980     0     0 W (6)[293:mtk-tpd][FTS][B]P0(441, 700)[p: 51,tm:3] DOWN!
07-17 13:05:17.988     0     0 W         : (6)[293:mtk-tpd][FTS]touch_event_handler start
07-17 13:05:17.989     0     0 W (6)[293:mtk-tpd][FTS][B]P0(441, 691)[p: 52,tm:3] DOWN!
07-17 13:05:17.997     0     0 W         : (6)[293:mtk-tpd][FTS]touch_event_handler start
07-17 13:05:17.998     0     0 W (6)[293:mtk-tpd][FTS][B]P0(441, 679)[p: 52,tm:3] DOWN!
07-17 13:05:18.006     0     0 W         : (6)[293:mtk-tpd][FTS]touch_event_handler start
07-17 13:05:18.007     0     0 W (6)[293:mtk-tpd][FTS][B]P0(441, 665)[p: 53,tm:3] DOWN!
07-17 13:05:18.015     0     0 W         : (6)[293:mtk-tpd][FTS]touch_event_handler start
07-17 13:05:18.016     0     0 W (6)[293:mtk-tpd][FTS][B]P0(441, 650)[p: 54,tm:4] DOWN!
07-17 13:05:18.024     0     0 W         : (6)[293:mtk-tpd][FTS]touch_event_handler start
07-17 13:05:18.025     0     0 W (6)[293:mtk-tpd][FTS][B]P0(443, 635)[p: 55,tm:4] DOWN!
07-17 13:05:18.030   329   329 I (0)[329:recovery]mtk-tpd: [tpd_fb_notifier_callback:428] tpd_fb_notifier_callback
07-17 13:05:18.032     0     0 W         : (6)[293:mtk-tpd][FTS]touch_event_handler start
07-17 13:05:18.033     0     0 W (6)[293:mtk-tpd][FTS][B]P0(444, 621)[p: 56,tm:4] DOWN!
07-17 13:05:18.041     0     0 W         : (6)[293:mtk-tpd][FTS]touch_event_handler start
07-17 13:05:18.042     0     0 W (6)[293:mtk-tpd][FTS][B]P0(446, 607)[p: 57,tm:4] DOWN!
07-17 13:05:18.050     0     0 W         : (6)[293:mtk-tpd][FTS]touch_event_handler start
07-17 13:05:18.051     0     0 W (6)[293:mtk-tpd][FTS][B]P0(448, 594)[p: 58,tm:4] DOWN!
07-17 13:05:18.059     0     0 W         : (6)[293:mtk-tpd][FTS]touch_event_handler start
07-17 13:05:18.060     0     0 W (6)[293:mtk-tpd][FTS][B]P0(450, 582)[p: 59,tm:4] DOWN!
07-17 13:05:18.067     0     0 W         : (6)[293:mtk-tpd][FTS]touch_event_handler start
07-17 13:05:18.068     0     0 W (6)[293:mtk-tpd][FTS][B]P0(453, 570)[p: 60,tm:4] DOWN!
07-17 13:05:18.076     0     0 W         : (6)[293:mtk-tpd][FTS]touch_event_handler start
07-17 13:05:18.077     0     0 W (6)[293:mtk-tpd][FTS][B]P0(455, 558)[p: 61,tm:4] DOWN!
07-17 13:05:18.085     0     0 W         : (6)[293:mtk-tpd][FTS]touch_event_handler start
07-17 13:05:18.086     0     0 W (6)[293:mtk-tpd][FTS][B]P0(457, 546)[p: 62,tm:4] DOWN!
07-17 13:05:18.094     0     0 W         : (6)[293:mtk-tpd][FTS]touch_event_handler start
07-17 13:05:18.095     0     0 W (6)[293:mtk-tpd][FTS][B]P0(461, 535)[p: 63,tm:4] DOWN!
07-17 13:05:18.102     0     0 W         : (6)[293:mtk-tpd][FTS]touch_event_handler start
07-17 13:05:18.103     0     0 W (6)[293:mtk-tpd][FTS][B]P0(464, 524)[p: 63,tm:4] DOWN!
07-17 13:05:18.111     0     0 W         : (6)[293:mtk-tpd][FTS]touch_event_handler start
07-17 13:05:18.112     0     0 W (6)[293:mtk-tpd][FTS][B]P0(466, 514)[p: 63,tm:4] DOWN!
07-17 13:05:18.120     0     0 W         : (6)[293:mtk-tpd][FTS]touch_event_handler start
07-17 13:05:18.121     0     0 W (6)[293:mtk-tpd][FTS][B]P0(468, 504)[p: 64,tm:4] DOWN!
07-17 13:05:18.129     0     0 W         : (6)[293:mtk-tpd][FTS]touch_event_handler start
07-17 13:05:18.130     0     0 W (6)[293:mtk-tpd][FTS][B]P0(470, 493)[p: 65,tm:4] DOWN!
07-17 13:05:18.137     0     0 W         : (6)[293:mtk-tpd][FTS]touch_event_handler start
07-17 13:05:18.138     0     0 W (6)[293:mtk-tpd][FTS][B]P0(472, 484)[p: 65,tm:4] DOWN!
07-17 13:05:18.146     0     0 W         : (6)[293:mtk-tpd][FTS]touch_event_handler start
07-17 13:05:18.147     0     0 W (6)[293:mtk-tpd][FTS][B]P0(473, 475)[p: 65,tm:4] DOWN!
07-17 13:05:18.155     0     0 W         : (6)[293:mtk-tpd][FTS]touch_event_handler start
07-17 13:05:18.155   329   329 I (0)[329:recovery]mtk-tpd: [tpd_fb_notifier_callback:428] tpd_fb_notifier_callback
07-17 13:05:18.156     0     0 W (6)[293:mtk-tpd][FTS][B]P0(475, 468)[p: 65,tm:4] DOWN!
07-17 13:05:18.164     0     0 W         : (6)[293:mtk-tpd][FTS]touch_event_handler start
07-17 13:05:18.165     0     0 W (6)[293:mtk-tpd][FTS][B]P0(476, 461)[p: 65,tm:4] DOWN!
07-17 13:05:18.173     0     0 W         : (6)[293:mtk-tpd][FTS]touch_event_handler start
07-17 13:05:18.174     0     0 W (6)[293:mtk-tpd][FTS][B]P0(477, 454)[p: 65,tm:4] DOWN!
07-17 13:05:18.181     0     0 W         : (6)[293:mtk-tpd][FTS]touch_event_handler start
07-17 13:05:18.182     0     0 W (6)[293:mtk-tpd][FTS][B]P0(478, 447)[p: 66,tm:4] DOWN!
07-17 13:05:18.190     0     0 W         : (6)[293:mtk-tpd][FTS]touch_event_handler start
07-17 13:05:18.191     0     0 W (6)[293:mtk-tpd][FTS][B]P0(479, 442)[p: 66,tm:4] DOWN!
07-17 13:05:18.199     0     0 W         : (6)[293:mtk-tpd][FTS]touch_event_handler start
07-17 13:05:18.200     0     0 W (6)[293:mtk-tpd][FTS][B]P0(479, 436)[p: 66,tm:4] DOWN!
07-17 13:05:18.208     0     0 W         : (6)[293:mtk-tpd][FTS]touch_event_handler start
07-17 13:05:18.209     0     0 W (6)[293:mtk-tpd][FTS][B]P0(480, 432)[p: 66,tm:4] DOWN!
07-17 13:05:18.217     0     0 W         : (6)[293:mtk-tpd][FTS]touch_event_handler start
07-17 13:05:18.218     0     0 W (6)[293:mtk-tpd][FTS][B]P0(480, 427)[p: 66,tm:4] DOWN!
07-17 13:05:18.225     0     0 W         : (6)[293:mtk-tpd][FTS]touch_event_handler start
07-17 13:05:18.226     0     0 W (6)[293:mtk-tpd][FTS][B]P0(481, 422)[p: 66,tm:4] DOWN!
07-17 13:05:18.234     0     0 W         : (6)[293:mtk-tpd][FTS]touch_event_handler start
07-17 13:05:18.235     0     0 W (6)[293:mtk-tpd][FTS][B]P0(481, 417)[p: 66,tm:4] DOWN!
07-17 13:05:18.242     0     0 W         : (6)[293:mtk-tpd][FTS]touch_event_handler start
07-17 13:05:18.243     0     0 W (6)[293:mtk-tpd][FTS][B]P0(481, 410)[p: 66,tm:4] DOWN!
07-17 13:05:18.251     0     0 W         : (6)[293:mtk-tpd][FTS]touch_event_handler start
07-17 13:05:18.252     0     0 W         : (6)[293:mtk-tpd][FTS][B]P0 UP!
07-17 13:05:18.252     0     0 W         : (6)[293:mtk-tpd][FTS][B]Points All Up!
07-17 13:05:18.281   329   329 I (0)[329:recovery]mtk-tpd: [tpd_fb_notifier_callback:428] tpd_fb_notifier_callback
07-17 13:05:18.406   329   329 I (0)[329:recovery]mtk-tpd: [tpd_fb_notifier_callback:428] tpd_fb_notifier_callback
07-17 13:05:19.601     0     0 W         : (6)[293:mtk-tpd][FTS]touch_event_handler start
07-17 13:05:19.603     0     0 W (6)[293:mtk-tpd][FTS][B]P0(312, 678)[p: 62,tm:3] DOWN!
07-17 13:05:19.611     0     0 W         : (6)[293:mtk-tpd][FTS]touch_event_handler start
07-17 13:05:19.612     0     0 W (6)[293:mtk-tpd][FTS][B]P0(312, 678)[p: 62,tm:3] DOWN!
07-17 13:05:19.619     0     0 W         : (6)[293:mtk-tpd][FTS]touch_event_handler start
07-17 13:05:19.620     0     0 W (6)[293:mtk-tpd][FTS][B]P0(312, 678)[p: 63,tm:3] DOWN!
07-17 13:05:19.628     0     0 W         : (6)[293:mtk-tpd][FTS]touch_event_handler start
07-17 13:05:19.629     0     0 W (6)[293:mtk-tpd][FTS][B]P0(312, 678)[p: 63,tm:3] DOWN!
07-17 13:05:19.637     0     0 W         : (6)[293:mtk-tpd][FTS]touch_event_handler start
07-17 13:05:19.638     0     0 W (6)[293:mtk-tpd][FTS][B]P0(312, 678)[p: 63,tm:3] DOWN!
07-17 13:05:19.646     0     0 W         : (6)[293:mtk-tpd][FTS]touch_event_handler start
07-17 13:05:19.647     0     0 W (6)[293:mtk-tpd][FTS][B]P0(312, 678)[p: 63,tm:3] DOWN!
07-17 13:05:19.654     0     0 W         : (6)[293:mtk-tpd][FTS]touch_event_handler start
07-17 13:05:19.655     0     0 W (6)[293:mtk-tpd][FTS][B]P0(312, 678)[p: 63,tm:3] DOWN!
07-17 13:05:19.663     0     0 W         : (6)[293:mtk-tpd][FTS]touch_event_handler start
07-17 13:05:19.664     0     0 W (6)[293:mtk-tpd][FTS][B]P0(312, 678)[p: 63,tm:3] DOWN!
07-17 13:05:19.672     0     0 W         : (6)[293:mtk-tpd][FTS]touch_event_handler start
07-17 13:05:19.673     0     0 W         : (6)[293:mtk-tpd][FTS][B]P0 UP!
07-17 13:05:19.673     0     0 W         : (6)[293:mtk-tpd][FTS][B]Points All Up!
07-17 13:05:19.752   329   329 I (0)[329:recovery]mtk-tpd: [tpd_fb_notifier_callback:428] tpd_fb_notifier_callback
07-17 13:05:19.766   101   101 I (5)[101:kworker/u16:1][SCP] scp_ipi_send: SCP A not ready
07-17 13:05:19.766   101   101 E         : (5)[101:kworker/u16:1][sensorHub] scp_ipi_send fail
07-17 13:05:19.767   103   103 E         : (2)[103:kworker/2:1][sensorHub] scp_sensorHub_req_send fail!
07-17 13:05:19.877   329   329 I (0)[329:recovery]mtk-tpd: [tpd_fb_notifier_callback:428] tpd_fb_notifier_callback
07-17 13:05:19.969     0     0 I         : -(4)[0:swapper/4]tick broadcast enter counter cpu: 130, 2, 8, 10, 191, 135, 128, 21, success counter cpu: 1, 0, 1, 1, 44, 57, 32, 2, fail counter cpu: 0, 0, 0, 0, 0, 0, 0, 0, interrupt counter cpu: 4, 1, 5, 9, 57, 69, 37, 3, o: 1-3,5-7, p: , f: , t:  15016000000, 20504508615, 21871612461, 15804000000, 15016000000, 15356000000, 15507839231, 21871622922,
07-17 13:05:20.338     0     0 W         : (6)[293:mtk-tpd][FTS]touch_event_handler start
07-17 13:05:20.339     0     0 W (6)[293:mtk-tpd][FTS][B]P0(216, 1229)[p: 55,tm:3] DOWN!
07-17 13:05:20.347     0     0 W         : (6)[293:mtk-tpd][FTS]touch_event_handler start
07-17 13:05:20.348     0     0 W (6)[293:mtk-tpd][FTS][B]P0(216, 1229)[p: 56,tm:3] DOWN!
07-17 13:05:20.356     0     0 W         : (6)[293:mtk-tpd][FTS]touch_event_handler start
07-17 13:05:20.357     0     0 W (6)[293:mtk-tpd][FTS][B]P0(216, 1229)[p: 57,tm:3] DOWN!
07-17 13:05:20.364     0     0 W         : (6)[293:mtk-tpd][FTS]touch_event_handler start
07-17 13:05:20.365     0     0 W (6)[293:mtk-tpd][FTS][B]P0(216, 1229)[p: 57,tm:3] DOWN!
07-17 13:05:20.373     0     0 W         : (6)[293:mtk-tpd][FTS]touch_event_handler start
07-17 13:05:20.374     0     0 W (6)[293:mtk-tpd][FTS][B]P0(216, 1229)[p: 57,tm:3] DOWN!
07-17 13:05:20.382     0     0 W         : (6)[293:mtk-tpd][FTS]touch_event_handler start
