07-17 13:05:38.523     0     0 W (5)[293:mtk-tpd][FTS][B]P0(206, 1238)[p: 81,tm:5] DOWN!
07-17 13:05:38.530     0     0 W         : (5)[293:mtk-tpd][FTS]touch_event_handler start
07-17 13:05:38.531     0     0 W (5)[293:mtk-tpd][FTS][B]P0(206, 1238)[p: 80,tm:5] DOWN!
07-17 13:05:38.535   329   329 I (1)[329:recovery]mtk-tpd: [tpd_fb_notifier_callback:428] tpd_fb_notifier_callback
07-17 13:05:38.539     0     0 W         : (5)[293:mtk-tpd][FTS]touch_event_handler start
07-17 13:05:38.540     0     0 W (5)[293:mtk-tpd][FTS][B]P0(206, 1238)[p: 80,tm:5] DOWN!
07-17 13:05:38.547     0     0 W         : (5)[293:mtk-tpd][FTS]touch_event_handler start
07-17 13:05:38.548     0     0 W         : (5)[293:mtk-tpd][FTS][B]P0 UP!
07-17 13:05:38.548     0     0 W         : (5)[293:mtk-tpd][FTS][B]Points All Up!
07-17 13:05:38.582   329   329 I (1)[329:recovery]mtk-tpd: [tpd_fb_notifier_callback:428] tpd_fb_notifier_callback
07-17 13:05:38.614   329   329 I (1)[329:recovery]mtk-tpd: [tpd_fb_notifier_callback:428] tpd_fb_notifier_callback
07-17 13:05:39.827     0     0 W         : (5)[293:mtk-tpd][FTS]touch_event_handler start
07-17 13:05:39.829     0     0 W (5)[293:mtk-tpd][FTS][B]P0(117, 824)[p: 69,tm:2] DOWN!
07-17 13:05:39.836     0     0 W         : (5)[293:mtk-tpd][FTS]touch_event_handler start
07-17 13:05:39.837     0     0 W (5)[293:mtk-tpd][FTS][B]P0(117, 824)[p: 69,tm:2] DOWN!
07-17 13:05:39.845     0     0 W         : (5)[293:mtk-tpd][FTS]touch_event_handler start
07-17 13:05:39.846     0     0 W (5)[293:mtk-tpd][FTS][B]P0(117, 824)[p: 69,tm:2] DOWN!
07-17 13:05:39.854     0     0 W         : (5)[293:mtk-tpd][FTS]touch_event_handler start
07-17 13:05:39.855     0     0 W (5)[293:mtk-tpd][FTS][B]P0(117, 824)[p: 69,tm:2] DOWN!
07-17 13:05:39.863     0     0 W         : (5)[293:mtk-tpd][FTS]touch_event_handler start
07-17 13:05:39.864     0     0 W (5)[293:mtk-tpd][FTS][B]P0(117, 824)[p: 68,tm:2] DOWN!
07-17 13:05:39.871     0     0 W         : (5)[293:mtk-tpd][FTS]touch_event_handler start
07-17 13:05:39.873     0     0 W (4)[293:mtk-tpd][FTS][B]P0(117, 824)[p: 68,tm:2] DOWN!
07-17 13:05:39.880     0     0 W         : (4)[293:mtk-tpd][FTS]touch_event_handler start
07-17 13:05:39.881     0     0 W         : (4)[293:mtk-tpd][FTS][B]P0 UP!
07-17 13:05:39.881     0     0 W         : (4)[293:mtk-tpd][FTS][B]Points All Up!
07-17 13:05:39.897   329   329 I (1)[329:recovery]mtk-tpd: [tpd_fb_notifier_callback:428] tpd_fb_notifier_callback
07-17 13:05:39.928   329   329 I (0)[329:recovery]mtk-tpd: [tpd_fb_notifier_callback:428] tpd_fb_notifier_callback
07-17 13:05:39.986     0     0 I         : -(5)[0:swapper/5]tick broadcast enter counter cpu: 144, 42, 0, 7, 198, 310, 590, 34, success counter cpu: 0, 0, 0, 0, 9, 22, 340, 1, fail counter cpu: 0, 0, 0, 0, 0, 0, 0, 0, interrupt counter cpu: 2, 2, 0, 6, 63, 177, 565, 20, o: 1-4,6-7, p: , f: 5, t:  35032000000, 35040000000, 35292000000, 35804000000, 35072000000, 35031448771, 35932455156, 35324000000,
07-17 13:05:40.246   248   248 I (5)[248:kworker/u16:4][SCP] scp_ipi_send: SCP A not ready
07-17 13:05:40.246   248   248 E         : (5)[248:kworker/u16:4][sensorHub] scp_ipi_send fail
07-17 13:05:40.246   383   383 E         : (2)[383:kworker/2:2][sensorHub] scp_sensorHub_req_send fail!
07-17 13:05:41.426     0     0 I (4)[0:swapper/4]Power/swap DP: No enter --- SODI3: No enter --- SODI: No enter ---
07-17 13:05:41.426     0     0 I (4)[0:swapper/4]mcdi cpu: 160, 44, 3, 7, 290, 245, 427, 32, cluster : 167, 567, pause = 409, multi core = 64, latency = 0, residency = 0, last core = 408, avail cpu = 00ff, cluster = 0003, enabled = 1, max_s_state = 5, system_idle_hint = 00000000
07-17 13:05:41.765     0     0 W         : (4)[293:mtk-tpd][FTS]touch_event_handler start
07-17 13:05:41.766     0     0 W (4)[293:mtk-tpd][FTS][B]P0(113, 687)[p: 95,tm:5] DOWN!
07-17 13:05:41.774     0     0 W         : (4)[293:mtk-tpd][FTS]touch_event_handler start
07-17 13:05:41.775     0     0 W (4)[293:mtk-tpd][FTS][B]P0(113, 687)[p: 95,tm:5] DOWN!
07-17 13:05:41.783     0     0 W         : (4)[293:mtk-tpd][FTS]touch_event_handler start
07-17 13:05:41.784     0     0 W (4)[293:mtk-tpd][FTS][B]P0(113, 687)[p: 95,tm:5] DOWN!
07-17 13:05:41.791     0     0 W         : (4)[293:mtk-tpd][FTS]touch_event_handler start
07-17 13:05:41.792     0     0 W (4)[293:mtk-tpd][FTS][B]P0(113, 687)[p: 95,tm:5] DOWN!
07-17 13:05:41.800     0     0 W         : (4)[293:mtk-tpd][FTS]touch_event_handler start
07-17 13:05:41.802     0     0 W (4)[293:mtk-tpd][FTS][B]P0(113, 687)[p: 95,tm:5] DOWN!
07-17 13:05:41.807   329   329 I (0)[329:recovery]mtk-tpd: [tpd_fb_notifier_callback:428] tpd_fb_notifier_callback
07-17 13:05:41.809     0     0 W         : (4)[293:mtk-tpd][FTS]touch_event_handler start
07-17 13:05:41.810     0     0 W (4)[293:mtk-tpd][FTS][B]P0(113, 687)[p: 95,tm:5] DOWN!
07-17 13:05:41.817     0     0 W         : (4)[293:mtk-tpd][FTS]touch_event_handler start
07-17 13:05:41.818     0     0 W (4)[293:mtk-tpd][FTS][B]P0(113, 687)[p: 95,tm:5] DOWN!
07-17 13:05:41.826     0     0 W         : (4)[293:mtk-tpd][FTS]touch_event_handler start
07-17 13:05:41.827     0     0 W (4)[293:mtk-tpd][FTS][B]P0(113, 687)[p: 94,tm:5] DOWN!
07-17 13:05:41.835     0     0 W         : (4)[293:mtk-tpd][FTS]touch_event_handler start
07-17 13:05:41.836     0     0 W (4)[293:mtk-tpd][FTS][B]P0(113, 687)[p: 93,tm:5] DOWN!
07-17 13:05:41.844     0     0 W         : (4)[293:mtk-tpd][FTS]touch_event_handler start
07-17 13:05:41.845     0     0 W (4)[293:mtk-tpd][FTS][B]P0(113, 687)[p: 93,tm:5] DOWN!
07-17 13:05:41.852     0     0 W         : (4)[293:mtk-tpd][FTS]touch_event_handler start
07-17 13:05:41.853     0     0 W         : (4)[293:mtk-tpd][FTS][B]P0 UP!
07-17 13:05:41.853     0     0 W         : (4)[293:mtk-tpd][FTS][B]Points All Up!
07-17 13:05:41.901   329   329 I (0)[329:recovery]mtk-tpd: [tpd_fb_notifier_callback:428] tpd_fb_notifier_callback
07-17 13:05:42.039   248   248 I         : (6)[248:kworker/u16:4][fgauge_read_current] final current=4542 (ratio=920)
07-17 13:05:42.039   248   248 I         : (6)[248:kworker/u16:4][CH3_DBG] bat_cur = -4542
07-17 13:05:42.040   248   248 W -(6)[248:kworker/u16:4]mt635x_auxadc_read_raw: 9 callbacks suppressed
07-17 13:05:42.040   248   248 I (6)[248:kworker/u16:4]mt635x-auxadc mt-pmic: mt635x-auxadc: name:BAT_TEMP, channel=3, adc_out=0x47d, adc_result=504
07-17 13:05:42.040   248   248 I         : (6)[248:kworker/u16:4][fgauge_read_current] final current=4542 (ratio=920)
07-17 13:05:42.040   248   248 I         : (6)[248:kworker/u16:4][BattVoltToTemp] 511 16900 1800 7
07-17 13:05:42.040   248   248 I         : (6)[248:kworker/u16:4][force_get_tbat] 504,511,0,454,100,361 r:75 100 0
07-17 13:05:42.040   248   248 I (6)[248:kworker/u16:4][force_get_tbat] t: 36 precise:361
07-17 13:05:42.295   248   248 I (5)[248:kworker/u16:4]mt635x-auxadc mt-pmic: mt635x-auxadc: name:VPROC_TEMP, channel=4, adc_out=0x5ce, adc_result=653
07-17 13:05:42.295   101   101 I (6)[101:kworker/u16:1]mt635x-auxadc mt-pmic: mt635x-auxadc: name:VCORE_TEMP, channel=4, adc_out=0x5da, adc_result=658
07-17 13:05:43.790   382   382 I         : (6)[382:kworker/6:2]usb_state<DISCONNECTED>
07-17 13:05:43.824     0     0 W         : (4)[293:mtk-tpd][FTS]touch_event_handler start
07-17 13:05:43.826     0     0 W (4)[293:mtk-tpd][FTS][B]P0(160, 1002)[p: 50,tm:3] DOWN!
07-17 13:05:43.834     0     0 W         : (4)[293:mtk-tpd][FTS]touch_event_handler start
07-17 13:05:43.835     0     0 W (4)[293:mtk-tpd][FTS][B]P0(160, 1002)[p: 50,tm:3] DOWN!
07-17 13:05:43.842     0     0 W         : (4)[293:mtk-tpd][FTS]touch_event_handler start
07-17 13:05:43.843     0     0 W (4)[293:mtk-tpd][FTS][B]P0(160, 1002)[p: 50,tm:3] DOWN!
07-17 13:05:43.851     0     0 W         : (4)[293:mtk-tpd][FTS]touch_event_handler start
07-17 13:05:43.852     0     0 W (4)[293:mtk-tpd][FTS][B]P0(160, 1002)[p: 50,tm:3] DOWN!
07-17 13:05:43.860     0     0 W         : (4)[293:mtk-tpd][FTS]touch_event_handler start
07-17 13:05:43.861     0     0 W (4)[293:mtk-tpd][FTS][B]P0(160, 1002)[p: 50,tm:3] DOWN!
07-17 13:05:43.869     0     0 W         : (4)[293:mtk-tpd][FTS]touch_event_handler start
07-17 13:05:43.870     0     0 W (4)[293:mtk-tpd][FTS][B]P0(160, 1002)[p: 50,tm:3] DOWN!
07-17 13:05:43.873   329   329 I (0)[329:recovery]mtk-tpd: [tpd_fb_notifier_callback:428] tpd_fb_notifier_callback
07-17 13:05:43.877     0     0 W         : (5)[293:mtk-tpd][FTS]touch_event_handler start
07-17 13:05:43.878     0     0 W (5)[293:mtk-tpd][FTS][B]P0(160, 1002)[p: 50,tm:3] DOWN!
07-17 13:05:43.886     0     0 W         : (5)[293:mtk-tpd][FTS]touch_event_handler start
07-17 13:05:43.887     0     0 W         : (5)[293:mtk-tpd][FTS][B]P0 UP!
07-17 13:05:43.887     0     0 W         : (5)[293:mtk-tpd][FTS][B]Points All Up!
07-17 13:05:43.920   329   329 I (0)[329:recovery]mtk-tpd: [tpd_fb_notifier_callback:428] tpd_fb_notifier_callback
07-17 13:05:43.967   329   329 I (0)[329:recovery]mtk-tpd: [tpd_fb_notifier_callback:428] tpd_fb_notifier_callback
07-17 13:05:44.982     0     0 I -(0)[0:swapper/0]Power/swap CNT(soidle3): [0] = (0), [1] = (0), [2] = (0), [3] = (0), [4] = (0), [5] = (0), [6] = (0), [7] = (0),
07-17 13:05:44.982     0     0 I -(0)[0:swapper/0]Power/swap soidle3_block_cnt: [BY_FRM] = 2091,
07-17 13:05:44.982     0     0 I -(0)[0:swapper/0]Power/swap soidle3_block_mask: 0x00000000, 0x00000000, 0x00000000, 0x00000000, 0x00000000, 0x00000000, idle_pll_block_mask: 0x00000000
07-17 13:05:44.983     0     0 I -(0)[0:swapper/0][resource_req_block] user: 0x4, 0x0
07-17 13:05:44.993     0     0 I         : -(4)[0:swapper/4]tick broadcast enter counter cpu: 205, 3, 5, 5, 376, 229, 194, 7, success counter cpu: 1, 0, 1, 0, 258, 111, 134, 0, fail counter cpu: 0, 0, 0, 0, 0, 0, 0, 0, interrupt counter cpu: 7, 1, 3, 5, 315, 162, 171, 5, o: 0-3,5-7, p: , f: 4, t:  40519923693, 41888716077, 41888687308, 40796000000, 40038883694, 40444000000, 41888735231, 41888698616,
07-17 13:05:46.227     0     0 W         : (5)[293:mtk-tpd][FTS]touch_event_handler start
07-17 13:05:46.228     0     0 W (5)[293:mtk-tpd][FTS][B]P0(193, 1420)[p: 40,tm:2] DOWN!
07-17 13:05:46.235     0     0 W         : (5)[293:mtk-tpd][FTS]touch_event_handler start
07-17 13:05:46.236     0     0 W (5)[293:mtk-tpd][FTS][B]P0(193, 1420)[p: 40,tm:2] DOWN!
07-17 13:05:46.244     0     0 W         : (5)[293:mtk-tpd][FTS]touch_event_handler start
07-17 13:05:46.245     0     0 W (5)[293:mtk-tpd][FTS][B]P0(193, 1420)[p: 41,tm:2] DOWN!
07-17 13:05:46.253     0     0 W         : (5)[293:mtk-tpd][FTS]touch_event_handler start
07-17 13:05:46.254     0     0 W (5)[293:mtk-tpd][FTS][B]P0(193, 1420)[p: 42,tm:2] DOWN!
07-17 13:05:46.262     0     0 W         : (5)[293:mtk-tpd][FTS]touch_event_handler start
07-17 13:05:46.263     0     0 W (5)[293:mtk-tpd][FTS][B]P0(193, 1420)[p: 43,tm:3] DOWN!
07-17 13:05:46.270     0     0 W         : (5)[293:mtk-tpd][FTS]touch_event_handler start
07-17 13:05:46.271     0     0 W (5)[293:mtk-tpd][FTS][B]P0(193, 1420)[p: 44,tm:3] DOWN!
07-17 13:05:46.279     0     0 W         : (5)[293:mtk-tpd][FTS]touch_event_handler start
07-17 13:05:46.280     0     0 W (5)[293:mtk-tpd][FTS][B]P0(193, 1420)[p: 45,tm:3] DOWN!
07-17 13:05:46.283   329   329 I (0)[329:recovery]mtk-tpd: [tpd_fb_notifier_callback:428] tpd_fb_notifier_callback
07-17 13:05:46.288     0     0 W         : (5)[293:mtk-tpd][FTS]touch_event_handler start
07-17 13:05:46.289     0     0 W (5)[293:mtk-tpd][FTS][B]P0(193, 1420)[p: 46,tm:3] DOWN!
07-17 13:05:46.297     0     0 W         : (5)[293:mtk-tpd][FTS]touch_event_handler start
07-17 13:05:46.298     0     0 W (5)[293:mtk-tpd][FTS][B]P0(193, 1420)[p: 47,tm:3] DOWN!
07-17 13:05:46.306     0     0 W         : (5)[293:mtk-tpd][FTS]touch_event_handler start
07-17 13:05:46.307     0     0 W (5)[293:mtk-tpd][FTS][B]P0(193, 1420)[p: 48,tm:3] DOWN!
07-17 13:05:46.314     0     0 W         : (5)[293:mtk-tpd][FTS]touch_event_handler start
07-17 13:05:46.315     0     0 W (5)[293:mtk-tpd][FTS][B]P0(193, 1420)[p: 48,tm:3] DOWN!
07-17 13:05:46.323     0     0 W         : (5)[293:mtk-tpd][FTS]touch_event_handler start
07-17 13:05:46.324     0     0 W (5)[293:mtk-tpd][FTS][B]P0(193, 1420)[p: 48,tm:3] DOWN!
07-17 13:05:46.332     0     0 W         : (5)[293:mtk-tpd][FTS]touch_event_handler start
07-17 13:05:46.333     0     0 W (5)[293:mtk-tpd][FTS][B]P0(193, 1420)[p: 48,tm:3] DOWN!
07-17 13:05:46.340     0     0 W         : (5)[293:mtk-tpd][FTS]touch_event_handler start
07-17 13:05:46.341     0     0 W         : (5)[293:mtk-tpd][FTS][B]P0 UP!
07-17 13:05:46.341     0     0 W         : (5)[293:mtk-tpd][FTS][B]Points All Up!
07-17 13:05:46.393   329   329 I (0)[329:recovery]mtk-tpd: [tpd_fb_notifier_callback:428] tpd_fb_notifier_callback
07-17 13:05:46.427     0     0 I (4)[0:swapper/4]Power/swap DP: No enter --- SODI3: No enter --- SODI: No enter ---
07-17 13:05:46.428     0     0 I (4)[0:swapper/4]mcdi cpu: 220, 2, 2, 5, 314, 298, 196, 5, cluster : 215, 580, pause = 625, multi core = 23, latency = 0, residency = 0, last core = 625, avail cpu = 00ff, cluster = 0003, enabled = 1, max_s_state = 5, system_idle_hint = 00000000
07-17 13:05:46.475   236   236 I         : (4)[236:battery_thread][fg_drv_update_hw_status]=>
07-17 13:05:46.475   236   236 I         : (4)[236:battery_thread][fgauge_read_current] final current=4626 (ratio=920)
07-17 13:05:46.475   236   236 I         : (4)[236:battery_thread][CH3_DBG] bat_cur = -4626
07-17 13:05:46.476   236   236 I (4)[236:battery_thread]mt635x-auxadc mt-pmic: mt635x-auxadc: name:BAT_TEMP, channel=3, adc_out=0x47e, adc_result=505
07-17 13:05:46.476   236   236 I         : (4)[236:battery_thread][fgauge_read_current] final current=4482 (ratio=920)
07-17 13:05:46.476   236   236 I         : (4)[236:battery_thread][BattVoltToTemp] 512 16900 1800 7
07-17 13:05:46.476   236   236 I         : (4)[236:battery_thread][force_get_tbat] 505,512,0,448,100,360 r:75 100 0
07-17 13:05:46.476   236   236 I (4)[236:battery_thread][force_get_tbat] t: 36 precise:360
07-17 13:05:46.476   236   236 I         : (4)[236:battery_thread][fg_bat_temp_int_sw_check] tmp 36 lt 65535 ht 65535
07-17 13:05:46.476   236   236 I         : (4)[236:battery_thread][fg_bat_sw_temp_int_l_handler]
07-17 13:05:46.476   236   236 I         : (4)[236:battery_thread][fgauge_read_current] final current=4482 (ratio=920)
07-17 13:05:46.476   236   236 I         : (4)[236:battery_thread][CH3_DBG] bat_cur = -4482
07-17 13:05:46.477   236   236 I (4)[236:battery_thread]mt635x-auxadc mt-pmic: mt635x-auxadc: name:BAT_TEMP, channel=3, adc_out=0x47f, adc_result=505
07-17 13:05:46.477   236   236 I         : (4)[236:battery_thread][fgauge_read_current] final current=4482 (ratio=920)
07-17 13:05:46.477   236   236 I         : (4)[236:battery_thread][BattVoltToTemp] 512 16900 1800 7
07-17 13:05:46.477   236   236 I         : (4)[236:battery_thread][force_get_tbat] 505,512,0,448,100,360 r:75 100 0
07-17 13:05:46.477   236   236 I (4)[236:battery_thread][force_get_tbat] t: 36 precise:360
07-17 13:05:46.477   236   236 I         : (4)[236:battery_thread]mtk_battery boot mode =2
07-17 13:05:46.477   236   236 I         : (4)[236:battery_thread][wakeup_fg_algo_recovery] intr_num=0x400
07-17 13:05:46.477   236   236 I         : (4)[236:battery_thread][TempConverBattThermistor] [6503] 35 6948 40 5834 37
07-17 13:05:46.477   236   236 I         : (4)[236:battery_thread][fgauge_read_current] final current=4482 (ratio=920)
07-17 13:05:46.477   236   236 I         : (4)[236:battery_thread][TempToBattVolt] temp 37 R_NTC 6503 V(5001 4923) I 4482 CHG 0
07-17 13:05:46.478   236   236 I         : (4)[236:battery_thread][TempConverBattThermistor] [6948] 30 8315 35 6948 35
07-17 13:05:46.478   236   236 I         : (4)[236:battery_thread][TempToBattVolt] temp 35 R_NTC 6948 V(5244 5166) I 4482 CHG 0
07-17 13:05:46.478   236   236 I         : (4)[236:battery_thread][fg_bat_temp_int_internal][FG_TEMP_INT] T[36] V[65535 65535] C[37 35] h[5166 4923]
07-17 13:05:46.479   236   236 I         : (4)[236:battery_thread][MDRT_ADC] OLD = 0x2dd2, NOW = 0x2deb, CNT = 0
07-17 13:05:46.479   236   236 I (4)[236:battery_thread]mt635x-auxadc mt-pmic: mt635x-auxadc: name:BATADC, channel=0, adc_out=0x5be6, adc_result=3876
07-17 13:05:46.480   236   236 I         : (4)[236:battery_thread][fgauge_read_current] final current=4771 (ratio=920)
07-17 13:05:46.480   236   236 I         : (4)[236:battery_thread][CH3_DBG] bat_cur = -4771
07-17 13:05:46.480   236   236 I (4)[236:battery_thread]mt635x-auxadc mt-pmic: mt635x-auxadc: name:BAT_TEMP, channel=3, adc_out=0x47e, adc_result=505
07-17 13:05:46.481   236   236 I         : (4)[236:battery_thread][fgauge_read_current] final current=4771 (ratio=920)
07-17 13:05:46.481   236   236 I         : (4)[236:battery_thread][BattVoltToTemp] 513 16900 1800 8
07-17 13:05:46.481   236   236 I         : (4)[236:battery_thread][force_get_tbat] 505,513,0,477,100,359 r:75 100 0
07-17 13:05:46.481   236   236 I (4)[236:battery_thread][force_get_tbat] t: 35 precise:359
07-17 13:05:46.481   236   236 I (4)[236:battery_thread][fg_update_sw_iavg]diff time: 40 iavg:0
07-17 13:05:46.481   336   336 I         : (4)[336:kworker/4:2][fgauge_read_current] final current=4771 (ratio=920)
07-17 13:05:46.481   236   236 I         : (4)[236:battery_thread][read_boot_battery_plug_out_status] rtc_invalid 0 plugout 0 bat_plug_out_time 31 sp3:0xc6 pl:0 0
07-17 13:05:46.482   236   236 I         : (4)[236:battery_thread][fgauge_read_current] final current=4762 (ratio=920)
07-17 13:05:46.482   236   236 I         : (4)[236:battery_thread][fgauge_read_columb_internal] CAR=-48 r_fg_value=100 car_tune_value=920
07-17 13:05:46.484   236   236 I (4)[236:battery_thread]mt635x-auxadc mt-pmic: mt635x-auxadc: name:BATADC, channel=0, adc_out=0x5bab, adc_result=3867
07-17 13:05:46.484   236   236 I         : (4)[236:battery_thread][fgauge_read_current] final current=4811 (ratio=920)
07-17 13:05:46.484   236   236 I         : (4)[236:battery_thread][CH3_DBG] bat_cur = -4811
07-17 13:05:46.487   236   236 I         : (7)[236:battery_thread][fgauge_read_current] final current=4889 (ratio=920)
07-17 13:05:46.487   236   236 I         : (7)[236:battery_thread][BattVoltToTemp] 513 16900 1800 8
07-17 13:05:46.487   236   236 I         : (7)[236:battery_thread][force_get_tbat] 505,513,0,488,100,359 r:75 100 0
07-17 13:05:46.487   236   236 I (7)[236:battery_thread][force_get_tbat] t: 35 precise:359
07-17 13:05:46.487   236   236 I         : (7)[236:battery_thread]lbat 0 0 1 34500
07-17 13:05:46.487   236   236 I (7)[236:battery_thread]car[-48,217,-217,434,-198, cycle_car:0,ncar:13] c: 0 4762 vbat:3867 vbus:0 soc:64 70 gm3:0 0 0 0
07-17 13:05:46.487   236   236 I         : (7)[236:battery_thread][fgauge_read_columb_internal] CAR=-48 r_fg_value=100 car_tune_value=920
07-17 13:05:46.487   236   236 I         : (7)[236:battery_thread][fg_bat_nafg][fgauge_get_nafg_cnt] 0 [25_16 0 15_0 0]
07-17 13:05:46.487   236   236 I (7)[236:battery_thread][fg_nafg_monitor]time: 41 nafg_cnt:0, now:41, last_t:0
07-17 13:05:46.487   236   236 I (7)[236:battery_thread]tmp: 35 65535 65535 hcar2:434 lcar2:198 time:41 sw_iavg:0 0 0 nafg_m:0 0 0
07-17 13:05:46.487   236   236 I         : (7)[236:battery_thread][fgauge_read_columb_internal] CAR=-48 r_fg_value=100 car_tune_value=920
07-17 13:05:46.489   236   236 I         : (7)[236:battery_thread][fgauge_read_current] final current=5178 (ratio=920)
07-17 13:05:46.490   236   236 I         : (7)[236:battery_thread][fgauge_read_current] final current=5178 (ratio=920)
07-17 13:05:46.490   236   236 I         : (7)[236:battery_thread][CH3_DBG] bat_cur = -5178
07-17 13:05:46.490   236   236 I         : (7)[236:battery_thread][fgauge_read_current] final current=5178 (ratio=920)
07-17 13:05:46.490   236   236 I         : (7)[236:battery_thread][BattVoltToTemp] 514 16900 1800 9
07-17 13:05:46.490   236   236 I         : (7)[236:battery_thread][force_get_tbat] 505,514,0,517,100,358 r:75 100 0
07-17 13:05:46.491   236   236 I (7)[236:battery_thread][force_get_tbat] t: 35 precise:358
07-17 13:05:46.491   236   236 I         : (7)[236:battery_thread][fg_is_battery_exist] PMIC_RGS_BATON_UNDET = 1
07-17 13:05:46.491   236   236 I         : (7)[236:battery_thread]GM3log1 41 41 3879 -5178 0 43570 -61 35 0 1 201 1 0
07-17 13:05:46.491   236   236 I         : (7)[236:battery_thread]GM3log2 41 0 0 0 0 39038 3909 0 0
07-17 13:05:46.491   236   236 I         : (7)[236:battery_thread]GM3log3 41 0 38949 -5129 0
07-17 13:05:46.491   236   236 I         : (7)[236:battery_thread]GM3log4 0 70 0 0 31 0 0 1 1 1 64
07-17 13:05:46.491   236   236 I         : (7)[236:battery_thread]GM3log int 41 41 0 0 0 0
07-17 13:05:46.491   236   236 I         : (7)[236:battery_thread]GM3log phone_state 0 0
07-17 13:05:46.491   236   236 I (7)[236:battery_thread]GM3 car: -48 car_diff:-13
07-17 13:05:46.491   236   236 I (7)[236:battery_thread][fg_bat_nafg][fgauge_get_nafg_dltv] mV: Reg [15652:9498]
07-17 13:05:46.491   236   236 I         : (7)[236:battery_thread][fg_bat_nafg][fgauge_get_nafg_cnt] 0 [25_16 0 15_0 0]
07-17 13:05:46.491   236   236 I (7)[236:battery_thread][fg_bat_nafg][fgauge_get_nafg_c_dltv] mV: Reg[0:0][b10:0][26_16(0x0000) 15_00(0x0000)]
07-17 13:05:46.491   236   236 I         : (7)[236:battery_thread]GM3log-nint-nafg 41 41 0 38347 15652 0 0
07-17 13:05:46.491   236   236 I         : (7)[236:battery_thread]mtk_battery boot mode =2
07-17 13:05:46.491   236   236 I         : (7)[236:battery_thread][wakeup_fg_algo_recovery] intr_num=0x2000000
07-17 13:05:46.749     0     0 I         : (4)[302:wdtk-4][wdk-c] cpu=4,lbit=0x10,cbit=0xff,0,1,1773361387,[41797322021,20000000,61795367]
07-17 13:05:46.750     0     0 I         : (4)[302:wdtk-4][thread:302][RT:41797374944] 2022-07-17 18:05:46.748055 UTC;android time 2022-07-17 18:05:46.748055
07-17 13:05:46.762     0     0 I         : (0)[298:wdtk-0][wdk-c] cpu=0,lbit=0x11,cbit=0xff,0,1,1773361387,[41809385406,19987936,61795367]
07-17 13:05:46.762     0     0 I         : (7)[305:wdtk-7][wdk-c] cpu=7,lbit=0x91,cbit=0xff,0,1,1773361387,[41810326868,19986995,61795367]
07-17 13:05:46.843     0     0 I         : (2)[300:wdtk-2][wdk-c] cpu=2,lbit=0x95,cbit=0xff,0,1,1773361387,[41890755022,19906567,61795367]
07-17 13:05:46.843     0     0 I         : (1)[299:wdtk-1][wdk-c] cpu=1,lbit=0x97,cbit=0xff,0,1,1773361387,[41890904791,19906417,61795367]
07-17 13:05:46.843     0     0 I         : (3)[301:wdtk-3][wdk-c] cpu=3,lbit=0x9f,cbit=0xff,0,1,1773361387,[41890935175,19906387,61795367]
07-17 13:05:46.843     0     0 I         : (6)[304:wdtk-6][wdk-c] cpu=6,lbit=0xdf,cbit=0xff,0,1,1773361387,[41891009175,19906313,61795367]
07-17 13:05:46.843     0     0 W         : (5)[303:wdtk-5][wdk-k] cpu=5,lbit=0xff,cbit=0xff,0,1,1773361387,[41891024714,19906297,61795367]
07-17 13:05:47.159   101   101 I         : (6)[101:kworker/u16:1][fgauge_read_current] final current=3668 (ratio=920)
07-17 13:05:47.159   101   101 I         : (6)[101:kworker/u16:1][CH3_DBG] bat_cur = -3668
07-17 13:05:47.160   101   101 I         : (6)[101:kworker/u16:1][fgauge_read_current] final current=3605 (ratio=920)
07-17 13:05:47.160   101   101 I         : (6)[101:kworker/u16:1][BattVoltToTemp] 513 16900 1800 6
07-17 13:05:47.160   101   101 I         : (6)[101:kworker/u16:1][force_get_tbat] 507,513,0,360,100,359 r:75 100 0
07-17 13:05:47.160   101   101 I (6)[101:kworker/u16:1][force_get_tbat] t: 35 precise:359
07-17 13:05:48.951   382   382 I         : (6)[382:kworker/6:2]usb_state<DISCONNECTED>
07-17 13:05:48.951   226   226 I         : (4)[226:mtk_io_boost]failed to open task file, ret=-2
07-17 13:05:49.991     0     0 I -(5)[0:swapper/5]Power/swap CNT(dpidle): [0] = (0), [1] = (0), [2] = (0), [3] = (0), [4] = (0), [5] = (0), [6] = (0), [7] = (0),
07-17 13:05:49.991     0     0 I -(5)[0:swapper/5]Power/swap dpidle_block_cnt: [BY_FRM] = 2857,
07-17 13:05:49.991     0     0 I -(5)[0:swapper/5]Power/swap dpidle_block_mask: 0x00000000, 0x00000000, 0x00000000, 0x00000000, 0x00000000, 0x00000000, idle_pll_block_mask: 0x00000000
07-17 13:05:49.991     0     0 I -(5)[0:swapper/5][resource_req_block] user: 0x4, 0x0
07-17 13:05:49.999     0     0 I         : -(5)[0:swapper/5]tick broadcast enter counter cpu: 247, 2, 1, 7, 298, 417, 58, 14, success counter cpu: 3, 0, 0, 0, 190, 301, 22, 2, fail counter cpu: 0, 0, 0, 0, 0, 0, 0, 0, interrupt counter cpu: 9, 0, 1, 6, 248, 352, 39, 4, o: 0-4,6-7, p: , f: 5, t:  61895382079, 61895376156, 45532000000, 45788000000, 45052000000, 45044563540, 47324000000, 47580000000,
07-17 13:05:50.040     0     0 W         : (5)[293:mtk-tpd][FTS]touch_event_handler start
07-17 13:05:50.041     0     0 W (5)[293:mtk-tpd][FTS][B]P0(122, 388)[p: 103,tm:5] DOWN!
07-17 13:05:50.049     0     0 W         : (5)[293:mtk-tpd][FTS]touch_event_handler start
07-17 13:05:50.050     0     0 W (5)[293:mtk-tpd][FTS][B]P0(122, 388)[p: 104,tm:5] DOWN!
07-17 13:05:50.057     0     0 W         : (5)[293:mtk-tpd][FTS]touch_event_handler start
07-17 13:05:50.058     0     0 W (5)[293:mtk-tpd][FTS][B]P0(122, 388)[p: 105,tm:5] DOWN!
07-17 13:05:50.066     0     0 W         : (5)[293:mtk-tpd][FTS]touch_event_handler start
07-17 13:05:50.067     0     0 W (5)[293:mtk-tpd][FTS][B]P0(122, 388)[p: 106,tm:5] DOWN!
07-17 13:05:50.075     0     0 W         : (5)[293:mtk-tpd][FTS]touch_event_handler start
07-17 13:05:50.076     0     0 W (5)[293:mtk-tpd][FTS][B]P0(122, 388)[p: 106,tm:5] DOWN!
07-17 13:05:50.083     0     0 W         : (5)[293:mtk-tpd][FTS]touch_event_handler start
07-17 13:05:50.084     0     0 W (5)[293:mtk-tpd][FTS][B]P0(122, 388)[p: 106,tm:5] DOWN!
07-17 13:05:50.092     0     0 W         : (5)[293:mtk-tpd][FTS]touch_event_handler start
07-17 13:05:50.093     0     0 W         : (5)[293:mtk-tpd][FTS][B]P0 UP!
07-17 13:05:50.093     0     0 W         : (5)[293:mtk-tpd][FTS][B]Points All Up!
07-17 13:05:50.103   329   329 I (0)[329:recovery]mtk-tpd: [tpd_fb_notifier_callback:428] tpd_fb_notifier_callback
07-17 13:05:50.134   329   329 I (0)[329:recovery]mtk-tpd: [tpd_fb_notifier_callback:428] tpd_fb_notifier_callback
07-17 13:05:50.487   249   249 I (4)[249:kworker/u16:5][SCP] scp_ipi_send: SCP A not ready
07-17 13:05:50.487   249   249 E         : (4)[249:kworker/u16:5][sensorHub] scp_ipi_send fail
07-17 13:05:50.487   383   383 E         : (2)[383:kworker/2:2][sensorHub] scp_sensorHub_req_send fail!
07-17 13:05:50.960     0     0 W         : (5)[293:mtk-tpd][FTS]touch_event_handler start
07-17 13:05:50.962     0     0 W (5)[293:mtk-tpd][FTS][B]P0(165, 1238)[p: 77,tm:4] DOWN!
07-17 13:05:50.969     0     0 W         : (5)[293:mtk-tpd][FTS]touch_event_handler start
07-17 13:05:50.970     0     0 W (5)[293:mtk-tpd][FTS][B]P0(165, 1238)[p: 78,tm:4] DOWN!
07-17 13:05:50.978     0     0 W         : (5)[293:mtk-tpd][FTS]touch_event_handler start
07-17 13:05:50.979     0     0 W (5)[293:mtk-tpd][FTS][B]P0(165, 1238)[p: 79,tm:4] DOWN!
07-17 13:05:50.986     0     0 W         : (5)[293:mtk-tpd][FTS]touch_event_handler start
07-17 13:05:50.987     0     0 W (5)[293:mtk-tpd][FTS][B]P0(165, 1238)[p: 80,tm:4] DOWN!
07-17 13:05:50.995   329   329 I (0)[329:recovery]mtk-tpd: [tpd_fb_notifier_callback:428] tpd_fb_notifier_callback
07-17 13:05:50.995     0     0 W         : (5)[293:mtk-tpd][FTS]touch_event_handler start
07-17 13:05:50.996     0     0 W (5)[293:mtk-tpd][FTS][B]P0(165, 1238)[p: 81,tm:4] DOWN!
07-17 13:05:51.004     0     0 W         : (5)[293:mtk-tpd][FTS]touch_event_handler start
07-17 13:05:51.005     0     0 W (5)[293:mtk-tpd][FTS][B]P0(165, 1238)[p: 82,tm:4] DOWN!
07-17 13:05:51.013     0     0 W         : (5)[293:mtk-tpd][FTS]touch_event_handler start
07-17 13:05:51.014     0     0 W (5)[293:mtk-tpd][FTS][B]P0(166, 1238)[p: 83,tm:4] DOWN!
07-17 13:05:51.022     0     0 W         : (5)[293:mtk-tpd][FTS]touch_event_handler start
07-17 13:05:51.023     0     0 W (5)[293:mtk-tpd][FTS][B]P0(169, 1238)[p: 84,tm:4] DOWN!
07-17 13:05:51.030     0     0 W         : (5)[293:mtk-tpd][FTS]touch_event_handler start
07-17 13:05:51.031     0     0 W (5)[293:mtk-tpd][FTS][B]P0(174, 1238)[p: 85,tm:4] DOWN!
07-17 13:05:51.039     0     0 W         : (5)[293:mtk-tpd][FTS]touch_event_handler start
07-17 13:05:51.040     0     0 W (5)[293:mtk-tpd][FTS][B]P0(182, 1238)[p: 86,tm:4] DOWN!
07-17 13:05:51.048     0     0 W         : (5)[293:mtk-tpd][FTS]touch_event_handler start
07-17 13:05:51.049     0     0 W (5)[293:mtk-tpd][FTS][B]P0(192, 1238)[p: 87,tm:4] DOWN!
07-17 13:05:51.057     0     0 W         : (5)[293:mtk-tpd][FTS]touch_event_handler start
07-17 13:05:51.057   329   329 I (0)[329:recovery]mtk-tpd: [tpd_fb_notifier_callback:428] tpd_fb_notifier_callback
07-17 13:05:51.058     0     0 W (5)[293:mtk-tpd][FTS][B]P0(202, 1238)[p: 88,tm:4] DOWN!
07-17 13:05:51.066     0     0 W         : (5)[293:mtk-tpd][FTS]touch_event_handler start
07-17 13:05:51.067     0     0 W (5)[293:mtk-tpd][FTS][B]P0(213, 1238)[p: 89,tm:4] DOWN!
07-17 13:05:51.074     0     0 W         : (6)[293:mtk-tpd][FTS]touch_event_handler start
07-17 13:05:51.075     0     0 W (6)[293:mtk-tpd][FTS][B]P0(226, 1239)[p: 90,tm:4] DOWN!
07-17 13:05:51.083     0     0 W         : (6)[293:mtk-tpd][FTS]touch_event_handler start
07-17 13:05:51.084     0     0 W (6)[293:mtk-tpd][FTS][B]P0(238, 1240)[p: 91,tm:4] DOWN!
07-17 13:05:51.089   329   329 I (0)[329:recovery]mtk-tpd: [tpd_fb_notifier_callback:428] tpd_fb_notifier_callback
07-17 13:05:51.092     0     0 W         : (6)[293:mtk-tpd][FTS]touch_event_handler start
07-17 13:05:51.093     0     0 W (6)[293:mtk-tpd][FTS][B]P0(251, 1241)[p: 92,tm:4] DOWN!
07-17 13:05:51.101     0     0 W         : (6)[293:mtk-tpd][FTS]touch_event_handler start
07-17 13:05:51.102     0     0 W (6)[293:mtk-tpd][FTS][B]P0(263, 1242)[p: 93,tm:4] DOWN!
07-17 13:05:51.110     0     0 W         : (6)[293:mtk-tpd][FTS]touch_event_handler start
07-17 13:05:51.111     0     0 W (6)[293:mtk-tpd][FTS][B]P0(275, 1243)[p: 94,tm:4] DOWN!
07-17 13:05:51.118     0     0 W         : (6)[293:mtk-tpd][FTS]touch_event_handler start
07-17 13:05:51.119     0     0 W (6)[293:mtk-tpd][FTS][B]P0(286, 1244)[p: 95,tm:4] DOWN!
07-17 13:05:51.120   329   329 I (0)[329:recovery]mtk-tpd: [tpd_fb_notifier_callback:428] tpd_fb_notifier_callback
07-17 13:05:51.127     0     0 W         : (6)[293:mtk-tpd][FTS]touch_event_handler start
07-17 13:05:51.128     0     0 W (6)[293:mtk-tpd][FTS][B]P0(297, 1245)[p: 96,tm:4] DOWN!
07-17 13:05:51.136     0     0 W         : (6)[293:mtk-tpd][FTS]touch_event_handler start
07-17 13:05:51.137     0     0 W (6)[293:mtk-tpd][FTS][B]P0(308, 1246)[p: 97,tm:4] DOWN!
07-17 13:05:51.145     0     0 W         : (6)[293:mtk-tpd][FTS]touch_event_handler start
07-17 13:05:51.146     0     0 W (6)[293:mtk-tpd][FTS][B]P0(319, 1248)[p: 98,tm:4] DOWN!
07-17 13:05:51.151   329   329 I (0)[329:recovery]mtk-tpd: [tpd_fb_notifier_callback:428] tpd_fb_notifier_callback
07-17 13:05:51.153     0     0 W         : (6)[293:mtk-tpd][FTS]touch_event_handler start
07-17 13:05:51.154     0     0 W (6)[293:mtk-tpd][FTS][B]P0(329, 1248)[p: 99,tm:4] DOWN!
07-17 13:05:51.162     0     0 W         : (6)[293:mtk-tpd][FTS]touch_event_handler start
07-17 13:05:51.163     0     0 W (6)[293:mtk-tpd][FTS][B]P0(339, 1248)[p: 100,tm:4] DOWN!
07-17 13:05:51.171     0     0 W         : (6)[293:mtk-tpd][FTS]touch_event_handler start
07-17 13:05:51.172     0     0 W (6)[293:mtk-tpd][FTS][B]P0(349, 1249)[p: 101,tm:4] DOWN!
07-17 13:05:51.180     0     0 W         : (6)[293:mtk-tpd][FTS]touch_event_handler start
07-17 13:05:51.181     0     0 W (6)[293:mtk-tpd][FTS][B]P0(359, 1249)[p: 102,tm:4] DOWN!
07-17 13:05:51.183   329   329 I (5)[329:recovery]mtk-tpd: [tpd_fb_notifier_callback:428] tpd_fb_notifier_callback
07-17 13:05:51.189     0     0 W         : (6)[293:mtk-tpd][FTS]touch_event_handler start
07-17 13:05:51.190     0     0 W (6)[293:mtk-tpd][FTS][B]P0(368, 1249)[p: 103,tm:4] DOWN!
07-17 13:05:51.197     0     0 W         : (6)[293:mtk-tpd][FTS]touch_event_handler start
07-17 13:05:51.199     0     0 W (6)[293:mtk-tpd][FTS][B]P0(378, 1249)[p: 104,tm:4] DOWN!
07-17 13:05:51.206     0     0 W         : (6)[293:mtk-tpd][FTS]touch_event_handler start
07-17 13:05:51.207     0     0 W (6)[293:mtk-tpd][FTS][B]P0(387, 1249)[p: 105,tm:4] DOWN!
07-17 13:05:51.214   329   329 I (0)[329:recovery]mtk-tpd: [tpd_fb_notifier_callback:428] tpd_fb_notifier_callback
07-17 13:05:51.215     0     0 W         : (6)[293:mtk-tpd][FTS]touch_event_handler start
07-17 13:05:51.216     0     0 W (6)[293:mtk-tpd][FTS][B]P0(395, 1249)[p: 106,tm:4] DOWN!
07-17 13:05:51.224     0     0 W         : (6)[293:mtk-tpd][FTS]touch_event_handler start
07-17 13:05:51.225     0     0 W (6)[293:mtk-tpd][FTS][B]P0(403, 1249)[p: 107,tm:4] DOWN!
07-17 13:05:51.233     0     0 W         : (6)[293:mtk-tpd][FTS]touch_event_handler start
07-17 13:05:51.234     0     0 W (6)[293:mtk-tpd][FTS][B]P0(410, 1249)[p: 108,tm:4] DOWN!
07-17 13:05:51.241     0     0 W         : (6)[293:mtk-tpd][FTS]touch_event_handler start
07-17 13:05:51.242     0     0 W (6)[293:mtk-tpd][FTS][B]P0(418, 1249)[p: 109,tm:4] DOWN!
07-17 13:05:51.250     0     0 W         : (6)[293:mtk-tpd][FTS]touch_event_handler start
07-17 13:05:51.252     0     0 W (6)[293:mtk-tpd][FTS][B]P0(426, 1249)[p: 110,tm:4] DOWN!
07-17 13:05:51.259     0     0 W         : (6)[293:mtk-tpd][FTS]touch_event_handler start
07-17 13:05:51.261     0     0 W (6)[293:mtk-tpd][FTS][B]P0(434, 1249)[p: 111,tm:4] DOWN!
07-17 13:05:51.261   329   329 I (0)[329:recovery]mtk-tpd: [tpd_fb_notifier_callback:428] tpd_fb_notifier_callback
07-17 13:05:51.268     0     0 W         : (6)[293:mtk-tpd][FTS]touch_event_handler start
07-17 13:05:51.269     0     0 W (6)[293:mtk-tpd][FTS][B]P0(442, 1249)[p: 112,tm:4] DOWN!
07-17 13:05:51.276     0     0 W         : (6)[293:mtk-tpd][FTS]touch_event_handler start
07-17 13:05:51.277     0     0 W (6)[293:mtk-tpd][FTS][B]P0(449, 1249)[p: 112,tm:5] DOWN!
07-17 13:05:51.286     0     0 W         : (6)[293:mtk-tpd][FTS]touch_event_handler start
07-17 13:05:51.287     0     0 W (6)[293:mtk-tpd][FTS][B]P0(457, 1249)[p: 112,tm:5] DOWN!
07-17 13:05:51.292   329   329 I (0)[329:recovery]mtk-tpd: [tpd_fb_notifier_callback:428] tpd_fb_notifier_callback
07-17 13:05:51.294     0     0 W         : (6)[293:mtk-tpd][FTS]touch_event_handler start
07-17 13:05:51.295     0     0 W (6)[293:mtk-tpd][FTS][B]P0(463, 1250)[p: 112,tm:5] DOWN!
07-17 13:05:51.303     0     0 W         : (6)[293:mtk-tpd][FTS]touch_event_handler start
07-17 13:05:51.304     0     0 W (6)[293:mtk-tpd][FTS][B]P0(470, 1250)[p: 112,tm:5] DOWN!
07-17 13:05:51.312     0     0 W         : (6)[293:mtk-tpd][FTS]touch_event_handler start
07-17 13:05:51.313     0     0 W (6)[293:mtk-tpd][FTS][B]P0(475, 1250)[p: 112,tm:5] DOWN!
07-17 13:05:51.321     0     0 W         : (6)[293:mtk-tpd][FTS]touch_event_handler start
07-17 13:05:51.322     0     0 W (6)[293:mtk-tpd][FTS][B]P0(481, 1250)[p: 112,tm:5] DOWN!
07-17 13:05:51.323   329   329 I (0)[329:recovery]mtk-tpd: [tpd_fb_notifier_callback:428] tpd_fb_notifier_callback
07-17 13:05:51.329     0     0 W         : (6)[293:mtk-tpd][FTS]touch_event_handler start
07-17 13:05:51.330     0     0 W (6)[293:mtk-tpd][FTS][B]P0(486, 1250)[p: 112,tm:5] DOWN!
07-17 13:05:51.338     0     0 W         : (6)[293:mtk-tpd][FTS]touch_event_handler start
07-17 13:05:51.339     0     0 W (6)[293:mtk-tpd][FTS][B]P0(490, 1250)[p: 112,tm:5] DOWN!
07-17 13:05:51.347     0     0 W         : (6)[293:mtk-tpd][FTS]touch_event_handler start
07-17 13:05:51.348     0     0 W (6)[293:mtk-tpd][FTS][B]P0(494, 1250)[p: 112,tm:5] DOWN!
07-17 13:05:51.355   329   329 I (0)[329:recovery]mtk-tpd: [tpd_fb_notifier_callback:428] tpd_fb_notifier_callback
07-17 13:05:51.355     0     0 W         : (6)[293:mtk-tpd][FTS]touch_event_handler start
07-17 13:05:51.357     0     0 W (6)[293:mtk-tpd][FTS][B]P0(499, 1250)[p: 112,tm:5] DOWN!
07-17 13:05:51.364     0     0 W         : (6)[293:mtk-tpd][FTS]touch_event_handler start
07-17 13:05:51.365     0     0 W (6)[293:mtk-tpd][FTS][B]P0(502, 1250)[p: 112,tm:5] DOWN!
07-17 13:05:51.373     0     0 W         : (6)[293:mtk-tpd][FTS]touch_event_handler start
07-17 13:05:51.374     0     0 W (6)[293:mtk-tpd][FTS][B]P0(506, 1251)[p: 112,tm:5] DOWN!
07-17 13:05:51.382     0     0 W         : (6)[293:mtk-tpd][FTS]touch_event_handler start
07-17 13:05:51.383     0     0 W (6)[293:mtk-tpd][FTS][B]P0(509, 1251)[p: 112,tm:5] DOWN!
07-17 13:05:51.386   329   329 I (0)[329:recovery]mtk-tpd: [tpd_fb_notifier_callback:428] tpd_fb_notifier_callback
07-17 13:05:51.391     0     0 W         : (6)[293:mtk-tpd][FTS]touch_event_handler start
07-17 13:05:51.392     0     0 W (6)[293:mtk-tpd][FTS][B]P0(512, 1251)[p: 112,tm:5] DOWN!
07-17 13:05:51.399     0     0 W         : (6)[293:mtk-tpd][FTS]touch_event_handler start
07-17 13:05:51.400     0     0 W (6)[293:mtk-tpd][FTS][B]P0(515, 1251)[p: 112,tm:6] DOWN!
07-17 13:05:51.408     0     0 W         : (6)[293:mtk-tpd][FTS]touch_event_handler start
07-17 13:05:51.409     0     0 W (6)[293:mtk-tpd][FTS][B]P0(518, 1251)[p: 112,tm:6] DOWN!
07-17 13:05:51.417   329   329 I (0)[329:recovery]mtk-tpd: [tpd_fb_notifier_callback:428] tpd_fb_notifier_callback
07-17 13:05:51.417     0     0 W         : (6)[293:mtk-tpd][FTS]touch_event_handler start
07-17 13:05:51.418     0     0 W (6)[293:mtk-tpd][FTS][B]P0(521, 1251)[p: 112,tm:6] DOWN!
07-17 13:05:51.426     0     0 W         : (6)[293:mtk-tpd][FTS]touch_event_handler start
07-17 13:05:51.427     0     0 W (6)[293:mtk-tpd][FTS][B]P0(524, 1251)[p: 112,tm:6] DOWN!
07-17 13:05:51.428     0     0 I (7)[0:swapper/7]Power/swap DP: No enter --- SODI3: No enter --- SODI: No enter ---
07-17 13:05:51.428     0     0 I (7)[0:swapper/7]mcdi cpu: 230, 1, 4, 7, 281, 348, 215, 57, cluster : 226, 581, pause = 654, multi core = 43, latency = 0, residency = 0, last core = 650, avail cpu = 00ff, cluster = 0003, enabled = 1, max_s_state = 5, system_idle_hint = 00000000
07-17 13:05:51.435     0     0 W         : (6)[293:mtk-tpd][FTS]touch_event_handler start
07-17 13:05:51.436     0     0 W (6)[293:mtk-tpd][FTS][B]P0(526, 1251)[p: 112,tm:6] DOWN!
07-17 13:05:51.443     0     0 W         : (6)[293:mtk-tpd][FTS]touch_event_handler start
07-17 13:05:51.444     0     0 W (6)[293:mtk-tpd][FTS][B]P0(528, 1251)[p: 112,tm:6] DOWN!
07-17 13:05:51.449   329   329 I (0)[329:recovery]mtk-tpd: [tpd_fb_notifier_callback:428] tpd_fb_notifier_callback
07-17 13:05:51.452     0     0 W         : (6)[293:mtk-tpd][FTS]touch_event_handler start
07-17 13:05:51.453     0     0 W (6)[293:mtk-tpd][FTS][B]P0(530, 1251)[p: 112,tm:6] DOWN!
07-17 13:05:51.461     0     0 W         : (6)[293:mtk-tpd][FTS]touch_event_handler start
07-17 13:05:51.462     0     0 W (6)[293:mtk-tpd][FTS][B]P0(531, 1251)[p: 112,tm:6] DOWN!
07-17 13:05:51.470     0     0 W         : (6)[293:mtk-tpd][FTS]touch_event_handler start
07-17 13:05:51.471     0     0 W (6)[293:mtk-tpd][FTS][B]P0(532, 1251)[p: 112,tm:7] DOWN!
07-17 13:05:51.479     0     0 W         : (6)[293:mtk-tpd][FTS]touch_event_handler start
07-17 13:05:51.480     0     0 W (6)[293:mtk-tpd][FTS][B]P0(533, 1251)[p: 112,tm:7] DOWN!
07-17 13:05:51.487     0     0 W         : (6)[293:mtk-tpd][FTS]touch_event_handler start
07-17 13:05:51.489     0     0 W (6)[293:mtk-tpd][FTS][B]P0(533, 1251)[p: 112,tm:7] DOWN!
07-17 13:05:51.496   329   329 I (0)[329:recovery]mtk-tpd: [tpd_fb_notifier_callback:428] tpd_fb_notifier_callback
07-17 13:05:51.496     0     0 W         : (6)[293:mtk-tpd][FTS]touch_event_handler start
07-17 13:05:51.497     0     0 W (6)[293:mtk-tpd][FTS][B]P0(533, 1251)[p: 112,tm:7] DOWN!
07-17 13:05:51.505     0     0 W         : (6)[293:mtk-tpd][FTS]touch_event_handler start
07-17 13:05:51.506     0     0 W (6)[293:mtk-tpd][FTS][B]P0(533, 1251)[p: 112,tm:7] DOWN!
07-17 13:05:51.514     0     0 W         : (6)[293:mtk-tpd][FTS]touch_event_handler start
07-17 13:05:51.515     0     0 W (6)[293:mtk-tpd][FTS][B]P0(533, 1251)[p: 112,tm:7] DOWN!
07-17 13:05:51.522     0     0 W         : (6)[293:mtk-tpd][FTS]touch_event_handler start
07-17 13:05:51.523     0     0 W (6)[293:mtk-tpd][FTS][B]P0(533, 1251)[p: 112,tm:7] DOWN!
07-17 13:05:51.527   329   329 I (0)[329:recovery]mtk-tpd: [tpd_fb_notifier_callback:428] tpd_fb_notifier_callback
07-17 13:05:51.531     0     0 W         : (4)[293:mtk-tpd][FTS]touch_event_handler start
07-17 13:05:51.532     0     0 W (4)[293:mtk-tpd][FTS][B]P0(533, 1250)[p: 112,tm:7] DOWN!
07-17 13:05:51.540     0     0 W         : (4)[293:mtk-tpd][FTS]touch_event_handler start
07-17 13:05:51.541     0     0 W (4)[293:mtk-tpd][FTS][B]P0(534, 1250)[p: 112,tm:7] DOWN!
07-17 13:05:51.549     0     0 W         : (4)[293:mtk-tpd][FTS]touch_event_handler start
07-17 13:05:51.550     0     0 W (4)[293:mtk-tpd][FTS][B]P0(536, 1250)[p: 112,tm:7] DOWN!
07-17 13:05:51.557     0     0 W         : (4)[293:mtk-tpd][FTS]touch_event_handler start
07-17 13:05:51.559     0     0 W (4)[293:mtk-tpd][FTS][B]P0(538, 1250)[p: 112,tm:7] DOWN!
07-17 13:05:51.566     0     0 W         : (4)[293:mtk-tpd][FTS]touch_event_handler start
07-17 13:05:51.567     0     0 W (4)[293:mtk-tpd][FTS][B]P0(541, 1250)[p: 112,tm:7] DOWN!
07-17 13:05:51.575     0     0 W         : (4)[293:mtk-tpd][FTS]touch_event_handler start
07-17 13:05:51.576     0     0 W (4)[293:mtk-tpd][FTS][B]P0(545, 1250)[p: 112,tm:7] DOWN!
07-17 13:05:51.584     0     0 W         : (4)[293:mtk-tpd][FTS]touch_event_handler start
07-17 13:05:51.585     0     0 W (4)[293:mtk-tpd][FTS][B]P0(552, 1250)[p: 112,tm:7] DOWN!
07-17 13:05:51.589   329   329 I (0)[329:recovery]mtk-tpd: [tpd_fb_notifier_callback:428] tpd_fb_notifier_callback
07-17 13:05:51.592     0     0 W         : (4)[293:mtk-tpd][FTS]touch_event_handler start
07-17 13:05:51.593     0     0 W (4)[293:mtk-tpd][FTS][B]P0(558, 1251)[p: 112,tm:7] DOWN!
07-17 13:05:51.601     0     0 W         : (4)[293:mtk-tpd][FTS]touch_event_handler start
07-17 13:05:51.602     0     0 W (4)[293:mtk-tpd][FTS][B]P0(565, 1251)[p: 112,tm:7] DOWN!
07-17 13:05:51.610     0     0 W         : (4)[293:mtk-tpd][FTS]touch_event_handler start
07-17 13:05:51.611     0     0 W (4)[293:mtk-tpd][FTS][B]P0(570, 1251)[p: 112,tm:7] DOWN!
07-17 13:05:51.619     0     0 W         : (4)[293:mtk-tpd][FTS]touch_event_handler start
07-17 13:05:51.620     0     0 W (4)[293:mtk-tpd][FTS][B]P0(576, 1250)[p: 112,tm:7] DOWN!
07-17 13:05:51.621   329   329 I (0)[329:recovery]mtk-tpd: [tpd_fb_notifier_callback:428] tpd_fb_notifier_callback
07-17 13:05:51.628     0     0 W         : (4)[293:mtk-tpd][FTS]touch_event_handler start
07-17 13:05:51.629     0     0 W (4)[293:mtk-tpd][FTS][B]P0(580, 1250)[p: 112,tm:7] DOWN!
07-17 13:05:51.637     0     0 W         : (4)[293:mtk-tpd][FTS]touch_event_handler start
07-17 13:05:51.638     0     0 W (4)[293:mtk-tpd][FTS][B]P0(586, 1250)[p: 112,tm:7] DOWN!
07-17 13:05:51.645     0     0 W         : (4)[293:mtk-tpd][FTS]touch_event_handler start
07-17 13:05:51.646     0     0 W (4)[293:mtk-tpd][FTS][B]P0(590, 1250)[p: 112,tm:7] DOWN!
07-17 13:05:51.652   329   329 I (0)[329:recovery]mtk-tpd: [tpd_fb_notifier_callback:428] tpd_fb_notifier_callback
07-17 13:05:51.654     0     0 W         : (4)[293:mtk-tpd][FTS]touch_event_handler start
07-17 13:05:51.655     0     0 W (4)[293:mtk-tpd][FTS][B]P0(597, 1250)[p: 112,tm:7] DOWN!
07-17 13:05:51.663     0     0 W         : (4)[293:mtk-tpd][FTS]touch_event_handler start
07-17 13:05:51.664     0     0 W (4)[293:mtk-tpd][FTS][B]P0(602, 1251)[p: 112,tm:7] DOWN!
07-17 13:05:51.672     0     0 W         : (4)[293:mtk-tpd][FTS]touch_event_handler start
07-17 13:05:51.673     0     0 W (4)[293:mtk-tpd][FTS][B]P0(610, 1250)[p: 112,tm:7] DOWN!
07-17 13:05:51.680     0     0 W         : (4)[293:mtk-tpd][FTS]touch_event_handler start
07-17 13:05:51.681     0     0 W (4)[293:mtk-tpd][FTS][B]P0(613, 1250)[p: 112,tm:7] DOWN!
07-17 13:05:51.683   329   329 I (0)[329:recovery]mtk-tpd: [tpd_fb_notifier_callback:428] tpd_fb_notifier_callback
07-17 13:05:51.689     0     0 W         : (4)[293:mtk-tpd][FTS]touch_event_handler start
07-17 13:05:51.690     0     0 W (4)[293:mtk-tpd][FTS][B]P0(619, 1250)[p: 112,tm:7] DOWN!
07-17 13:05:51.698     0     0 W         : (4)[293:mtk-tpd][FTS]touch_event_handler start
07-17 13:05:51.699     0     0 W (4)[293:mtk-tpd][FTS][B]P0(622, 1249)[p: 112,tm:7] DOWN!
07-17 13:05:51.707     0     0 W         : (4)[293:mtk-tpd][FTS]touch_event_handler start
07-17 13:05:51.708     0     0 W (4)[293:mtk-tpd][FTS][B]P0(627, 1249)[p: 112,tm:7] DOWN!
07-17 13:05:51.715   329   329 I (0)[329:recovery]mtk-tpd: [tpd_fb_notifier_callback:428] tpd_fb_notifier_callback
07-17 13:05:51.715     0     0 W         : (4)[293:mtk-tpd][FTS]touch_event_handler start
07-17 13:05:51.716     0     0 W (4)[293:mtk-tpd][FTS][B]P0(631, 1248)[p: 112,tm:7] DOWN!
07-17 13:05:51.724     0     0 W         : (4)[293:mtk-tpd][FTS]touch_event_handler start
07-17 13:05:51.725     0     0 W (4)[293:mtk-tpd][FTS][B]P0(635, 1247)[p: 112,tm:7] DOWN!
07-17 13:05:51.733     0     0 W         : (4)[293:mtk-tpd][FTS]touch_event_handler start
07-17 13:05:51.734     0     0 W (4)[293:mtk-tpd][FTS][B]P0(638, 1246)[p: 112,tm:7] DOWN!
07-17 13:05:51.742     0     0 W         : (4)[293:mtk-tpd][FTS]touch_event_handler start
07-17 13:05:51.743     0     0 W (4)[293:mtk-tpd][FTS][B]P0(639, 1246)[p: 112,tm:7] DOWN!
07-17 13:05:51.751     0     0 W         : (4)[293:mtk-tpd][FTS]touch_event_handler start
07-17 13:05:51.753     0     0 W (4)[293:mtk-tpd][FTS][B]P0(641, 1247)[p: 112,tm:7] DOWN!
07-17 13:05:51.760     0     0 W         : (4)[293:mtk-tpd][FTS]touch_event_handler start
07-17 13:05:51.762     0     0 W (4)[293:mtk-tpd][FTS][B]P0(643, 1246)[p: 112,tm:6] DOWN!
07-17 13:05:51.762   329   329 I (0)[329:recovery]mtk-tpd: [tpd_fb_notifier_callback:428] tpd_fb_notifier_callback
07-17 13:05:51.768     0     0 W         : (4)[293:mtk-tpd][FTS]touch_event_handler start
07-17 13:05:51.769     0     0 W (4)[293:mtk-tpd][FTS][B]P0(645, 1246)[p: 112,tm:6] DOWN!
07-17 13:05:51.777     0     0 W         : (4)[293:mtk-tpd][FTS]touch_event_handler start
07-17 13:05:51.778     0     0 W (4)[293:mtk-tpd][FTS][B]P0(649, 1246)[p: 112,tm:6] DOWN!
07-17 13:05:51.786     0     0 W         : (4)[293:mtk-tpd][FTS]touch_event_handler start
07-17 13:05:51.787     0     0 W (4)[293:mtk-tpd][FTS][B]P0(652, 1246)[p: 111,tm:6] DOWN!
07-17 13:05:51.793   329   329 I (0)[329:recovery]mtk-tpd: [tpd_fb_notifier_callback:428] tpd_fb_notifier_callback
07-17 13:05:51.795     0     0 W         : (5)[293:mtk-tpd][FTS]touch_event_handler start
07-17 13:05:51.796     0     0 W (5)[293:mtk-tpd][FTS][B]P0(655, 1246)[p: 111,tm:6] DOWN!
07-17 13:05:51.803     0     0 W         : (5)[293:mtk-tpd][FTS]touch_event_handler start
07-17 13:05:51.804     0     0 W         : (5)[293:mtk-tpd][FTS][B]P0 UP!
07-17 13:05:51.804     0     0 W         : (5)[293:mtk-tpd][FTS][B]Points All Up!
07-17 13:05:51.824   329   329 I (0)[329:recovery]mtk-tpd: [tpd_fb_notifier_callback:428] tpd_fb_notifier_callback
07-17 13:05:51.841   392   392 I (5)[392:sh][DISP][mtkfb_ioctl #1557]warn: mtkfb_ioctl Not support, info=0x000000005b998bb3, cmd=0x00005401, arg=0x7feb8fcd00
07-17 13:05:51.966   393   393 I (0)[393:sh][DISP][mtkfb_ioctl #1557]warn: mtkfb_ioctl Not support, info=0x000000005b998bb3, cmd=0x00005401, arg=0x7fce3b7320
07-17 13:05:51.973   325   325 D (4)[325:logd.reader]logd: logdr: UID=0 GID=0 PID=393 n tail=0 logMask=99 pid=0 start=0ns timeout=0ns
07-17 13:05:52.200   329   329 I (6)[329:recovery]mtk-tpd: [tpd_fb_notifier_callback:428] tpd_fb_notifier_callback
07-17 13:05:52.247   329   329 I (0)[329:recovery]mtk-tpd: [tpd_fb_notifier_callback:428] tpd_fb_notifier_callback
07-17 13:05:52.278   248   248 I         : (6)[248:kworker/u16:4][fgauge_read_current] final current=4646 (ratio=920)
07-17 13:05:52.278   248   248 I         : (6)[248:kworker/u16:4][CH3_DBG] bat_cur = -4646
07-17 13:05:52.279   248   248 W -(6)[248:kworker/u16:4]mt635x_auxadc_read_raw: 8 callbacks suppressed
07-17 13:05:52.279   248   248 I (6)[248:kworker/u16:4]mt635x-auxadc mt-pmic: mt635x-auxadc: name:BAT_TEMP, channel=3, adc_out=0x479, adc_result=503
07-17 13:05:52.279   248   248 I         : (6)[248:kworker/u16:4][fgauge_read_current] final current=4646 (ratio=920)
07-17 13:05:52.279   248   248 I         : (6)[248:kworker/u16:4][BattVoltToTemp] 511 16900 1800 8
07-17 13:05:52.279   248   248 I         : (6)[248:kworker/u16:4][force_get_tbat] 503,511,0,464,100,361 r:75 100 0
07-17 13:05:52.279   248   248 I (6)[248:kworker/u16:4][force_get_tbat] t: 36 precise:361
07-17 13:05:52.294   329   329 I (0)[329:recovery]mtk-tpd: [tpd_fb_notifier_callback:428] tpd_fb_notifier_callback
07-17 13:05:52.482   329   329 I chatty  : uid=0(root) identical 4 lines
07-17 13:05:52.529   329   329 I (0)[329:recovery]mtk-tpd: [tpd_fb_notifier_callback:428] tpd_fb_notifier_callback
07-17 13:05:52.535   248   248 I (4)[248:kworker/u16:4]mt635x-auxadc mt-pmic: mt635x-auxadc: name:VPROC_TEMP, channel=4, adc_out=0x5cf, adc_result=653
07-17 13:05:52.535   249   249 I (5)[249:kworker/u16:5]mt635x-auxadc mt-pmic: mt635x-auxadc: name:VCORE_TEMP, channel=4, adc_out=0x5db, adc_result=658
07-17 13:05:52.576   329   329 I (0)[329:recovery]mtk-tpd: [tpd_fb_notifier_callback:428] tpd_fb_notifier_callback
07-17 13:05:53.750   329   329 I chatty  : uid=0(root) identical 25 lines
07-17 13:05:53.797   329   329 I (0)[329:recovery]mtk-tpd: [tpd_fb_notifier_callback:428] tpd_fb_notifier_callback
07-17 13:05:53.801     0     0 W         : (5)[293:mtk-tpd][FTS]touch_event_handler start
07-17 13:05:53.802     0     0 W (5)[293:mtk-tpd][FTS][B]P0(168, 1253)[p: 62,tm:4] DOWN!
07-17 13:05:53.810     0     0 W         : (5)[293:mtk-tpd][FTS]touch_event_handler start
07-17 13:05:53.811     0     0 W (5)[293:mtk-tpd][FTS][B]P0(168, 1253)[p: 62,tm:4] DOWN!
