--------- beginning of main
08-07 16:16:57.214   321   321 W auditd  : type=2000 audit(0.0:1): initialized
08-07 16:16:59.996   321   321 I auditd  : type=1403 audit(0.0:2): policy loaded auid=4294967295 ses=4294967295
08-07 16:17:00.332     1     1 I init    : type=1400 audit(0.0:3): avc: denied { module_request } for kmod="fs-binder" scontext=u:r:init:s0 tcontext=u:r:kernel:s0 tclass=system permissive=1
08-07 16:17:00.336   321   321 I init    : type=1400 audit(0.0:4): avc: denied { entrypoint } for path="/system/bin/logd" dev="rootfs" ino=6857 scontext=u:r:logd:s0 tcontext=u:object_r:rootfs:s0 tclass=file permissive=1
08-07 16:17:00.340   321   321 I logd    : type=1400 audit(0.0:5): avc: denied { read } for path="/system/bin/logd" dev="rootfs" ino=6857 scontext=u:r:logd:s0 tcontext=u:object_r:rootfs:s0 tclass=file permissive=1
08-07 16:17:00.340   321   321 I logd    : type=1400 audit(0.0:6): avc: denied { execute } for path="/system/bin/logd" dev="rootfs" ino=6857 scontext=u:r:logd:s0 tcontext=u:object_r:rootfs:s0 tclass=file permissive=1
08-07 16:17:00.340   321   321 I logd    : type=1400 audit(0.0:7): avc: denied { getattr } for path="/system/bin/logd" dev="rootfs" ino=6857 scontext=u:r:logd:s0 tcontext=u:object_r:rootfs:s0 tclass=file permissive=1
08-07 16:17:00.340   321   321 I logd    : type=1400 audit(0.0:8): avc: denied { read } for name="bin" dev="rootfs" ino=6750 scontext=u:r:logd:s0 tcontext=u:object_r:rootfs:s0 tclass=dir permissive=1
08-07 16:17:00.340   321   321 I logd    : type=1400 audit(0.0:9): avc: denied { open } for path="/system/lib64/libsysutils.so" dev="rootfs" ino=10022 scontext=u:r:logd:s0 tcontext=u:object_r:rootfs:s0 tclass=file permissive=1
08-07 16:17:00.348   321   321 I logd    : type=1400 audit(0.0:10): avc: denied { write } for name="socket" dev="tmpfs" ino=14730 scontext=u:r:logd:s0 tcontext=u:object_r:socket_device:s0 tclass=dir permissive=1
08-07 16:17:00.352   321   321 I chatty  : uid=0(root) /system/bin/logd identical 3 lines
08-07 16:17:00.364   330   330 I chatty  : uid=0(root) expire 15 lines
08-07 16:17:00.371   329   329 I chatty  : uid=0(root) expire 3 lines
08-07 16:17:00.372   309   309 I init    : type=1400 audit(0.0:25): avc: denied { write } for name="bootprof" dev="proc" ino=4026532180 scontext=u:r:vendor_init:s0 tcontext=u:object_r:proc:s0 tclass=file permissive=1
08-07 16:17:00.376     1     1 I unknown : type=1107 audit(0.0:26): uid=0 auid=4294967295 ses=4294967295 subj=u:r:init:s0 msg='avc: denied { set } for property=hwservicemanager.ready pid=324 uid=0 gid=0 scontext=u:r:recovery:s0 tcontext=u:object_r:hwservicemanager_prop:s0 tclass=property_service permissive=1'
08-07 16:17:00.378   324   324 I chatty  : uid=0(root) expire 4 lines
08-07 16:17:00.380     1     1 I unknown : type=1107 audit(0.0:27): uid=0 auid=4294967295 ses=4294967295 subj=u:r:init:s0 msg='avc: denied { set } for property=vendor.soter.teei.init pid=331 uid=0 gid=1000 scontext=u:r:recovery:s0 tcontext=u:object_r:vendor_default_prop:s0 tclass=property_service permissive=1'
08-07 16:17:00.380   331   331 I teei_daemon: type=1400 audit(0.0:28): avc: denied { read write } for name="tz_vfs" dev="tmpfs" ino=16481 scontext=u:r:recovery:s0 tcontext=u:object_r:device:s0 tclass=chr_file permissive=1
08-07 16:17:00.380   331   331 I teei_daemon: type=1400 audit(0.0:29): avc: denied { open } for path="/dev/tz_vfs" dev="tmpfs" ino=16481 scontext=u:r:recovery:s0 tcontext=u:object_r:device:s0 tclass=chr_file permissive=1
08-07 16:17:00.380   331   331 I teei_daemon: type=1400 audit(0.0:30): avc: denied { ioctl } for path="/dev/teei_config" dev="tmpfs" ino=17479 ioctlcmd=0x5403 scontext=u:r:recovery:s0 tcontext=u:object_r:device:s0 tclass=chr_file permissive=1
08-07 16:17:00.500   337   337 I recovery: type=1400 audit(0.0:31): avc: denied { getattr } for path="/sys/devices/virtual/thermal/thermal_zone0/temp" dev="sysfs" ino=21511 scontext=u:r:recovery:s0 tcontext=u:object_r:sysfs:s0 tclass=file permissive=1
08-07 16:17:00.500   337   337 I recovery: type=1400 audit(0.0:32): avc: denied { write } for name="brightness" dev="sysfs" ino=27412 scontext=u:r:recovery:s0 tcontext=u:object_r:sysfs:s0 tclass=file permissive=1
08-07 16:17:00.500   337   337 I recovery: type=1400 audit(0.0:33): avc: denied { open } for path="/sys/devices/platform/leds-mt65xx/leds/lcd-backlight/brightness" dev="sysfs" ino=27412 scontext=u:r:recovery:s0 tcontext=u:object_r:sysfs:s0 tclass=file permissive=1
08-07 16:17:00.500     1     1 I unknown : type=1107 audit(0.0:34): uid=0 auid=4294967295 ses=4294967295 subj=u:r:init:s0 msg='avc: denied { set } for property=ro.twrp.boot pid=337 uid=0 gid=0 scontext=u:r:recovery:s0 tcontext=u:object_r:default_prop:s0 tclass=property_service permissive=1'
08-07 16:17:01.160   337   337 I recovery: type=1400 audit(0.0:35): avc: denied { execmem } for scontext=u:r:recovery:s0 tcontext=u:r:recovery:s0 tclass=process permissive=1
08-07 16:17:01.160   337   337 I recovery: type=1400 audit(0.0:36): avc: denied { execute } for path="/dev/ashmem2ccc37c5-9679-4b4c-8ff5-c520c1d4c494" dev="tmpfs" ino=12362 scontext=u:r:recovery:s0 tcontext=u:object_r:ashmem_libcutils_device:s0 tclass=chr_file permissive=1
08-07 16:17:01.166   337   337 I chatty  : uid=0(root) identical 94 lines
08-07 16:17:02.200   337   337 I recovery: type=1400 audit(0.0:123): avc: denied { getattr } for path="/dev/__properties__/u:object_r:device_config_window_manager_native_boot_prop:s0" dev="tmpfs" ino=10690 scontext=u:r:recovery:s0 tcontext=u:object_r:device_config_window_manager_native_boot_prop:s0 tclass=file permissive=1
08-07 16:17:02.200   337   337 I recovery: type=1400 audit(0.0:124): avc: denied { open } for path="/dev/__properties__/u:object_r:device_logging_prop:s0" dev="tmpfs" ino=10691 scontext=u:r:recovery:s0 tcontext=u:object_r:device_logging_prop:s0 tclass=file permissive=1
08-07 16:17:02.200   337   337 I recovery: type=1400 audit(0.0:125): avc: denied { getattr } for path="/dev/__properties__/u:object_r:device_logging_prop:s0" dev="tmpfs" ino=10691 scontext=u:r:recovery:s0 tcontext=u:object_r:device_logging_prop:s0 tclass=file permissive=1
08-07 16:17:02.200   337   337 I recovery: type=1400 audit(0.0:126): avc: denied { open } for path="/dev/__properties__/u:object_r:dumpstate_options_prop:s0" dev="tmpfs" ino=10693 scontext=u:r:recovery:s0 tcontext=u:object_r:dumpstate_options_prop:s0 tclass=file permissive=1
08-07 16:17:02.200   337   337 I recovery: type=1400 audit(0.0:127): avc: denied { getattr } for path="/dev/__properties__/u:object_r:dumpstate_options_prop:s0" dev="tmpfs" ino=10693 scontext=u:r:recovery:s0 tcontext=u:object_r:dumpstate_options_prop:s0 tclass=file permissive=1
08-07 16:17:02.200   337   337 I recovery: type=1400 audit(0.0:128): avc: denied { open } for path="/dev/__properties__/u:object_r:dynamic_system_prop:s0" dev="tmpfs" ino=10695 scontext=u:r:recovery:s0 tcontext=u:object_r:dynamic_system_prop:s0 tclass=file permissive=1
08-07 16:17:02.200   337   337 I recovery: type=1400 audit(0.0:129): avc: denied { getattr } for path="/dev/__properties__/u:object_r:dynamic_system_prop:s0" dev="tmpfs" ino=10695 scontext=u:r:recovery:s0 tcontext=u:object_r:dynamic_system_prop:s0 tclass=file permissive=1
08-07 16:17:02.200   337   337 I recovery: type=1400 audit(0.0:130): avc: denied { open } for path="/dev/__properties__/u:object_r:exported_audio_prop:s0" dev="tmpfs" ino=10704 scontext=u:r:recovery:s0 tcontext=u:object_r:exported_audio_prop:s0 tclass=file permissive=1
08-07 16:17:02.200   337   337 I recovery: type=1400 audit(0.0:131): avc: denied { getattr } for path="/dev/__properties__/u:object_r:exported_audio_prop:s0" dev="tmpfs" ino=10704 scontext=u:r:recovery:s0 tcontext=u:object_r:exported_audio_prop:s0 tclass=file permissive=1
08-07 16:17:02.200   337   337 I recovery: type=1400 audit(0.0:132): avc: denied { open } for path="/dev/__properties__/u:object_r:exported_bluetooth_prop:s0" dev="tmpfs" ino=10705 scontext=u:r:recovery:s0 tcontext=u:object_r:exported_bluetooth_prop:s0 tclass=file permissive=1
08-07 16:17:02.200   337   337 I recovery: type=1400 audit(0.0:133): avc: denied { getattr } for path="/dev/__properties__/u:object_r:exported_bluetooth_prop:s0" dev="tmpfs" ino=10705 scontext=u:r:recovery:s0 tcontext=u:object_r:exported_bluetooth_prop:s0 tclass=file permissive=1
08-07 16:17:02.200   337   337 I recovery: type=1400 audit(0.0:134): avc: denied { open } for path="/dev/__properties__/u:object_r:exported_camera_prop:s0" dev="tmpfs" ino=10706 scontext=u:r:recovery:s0 tcontext=u:object_r:exported_camera_prop:s0 tclass=file permissive=1
08-07 16:17:02.200   337   337 I recovery: type=1400 audit(0.0:135): avc: denied { getattr } for path="/dev/__properties__/u:object_r:exported_camera_prop:s0" dev="tmpfs" ino=10706 scontext=u:r:recovery:s0 tcontext=u:object_r:exported_camera_prop:s0 tclass=file permissive=1
08-07 16:17:02.200   337   337 I recovery: type=1400 audit(0.0:136): avc: denied { open } for path="/dev/__properties__/u:object_r:exported_overlay_prop:s0" dev="tmpfs" ino=10713 scontext=u:r:recovery:s0 tcontext=u:object_r:exported_overlay_prop:s0 tclass=file permissive=1
08-07 16:17:02.200   337   337 I recovery: type=1400 audit(0.0:137): avc: denied { getattr } for path="/dev/__properties__/u:object_r:exported_overlay_prop:s0" dev="tmpfs" ino=10713 scontext=u:r:recovery:s0 tcontext=u:object_r:exported_overlay_prop:s0 tclass=file permissive=1
08-07 16:17:02.200   337   337 I recovery: type=1400 audit(0.0:138): avc: denied { open } for path="/dev/__properties__/u:object_r:exported_wifi_prop:s0" dev="tmpfs" ino=10720 scontext=u:r:recovery:s0 tcontext=u:object_r:exported_wifi_prop:s0 tclass=file permissive=1
08-07 16:17:02.200   337   337 I recovery: type=1400 audit(0.0:139): avc: denied { getattr } for path="/dev/__properties__/u:object_r:exported_wifi_prop:s0" dev="tmpfs" ino=10720 scontext=u:r:recovery:s0 tcontext=u:object_r:exported_wifi_prop:s0 tclass=file permissive=1
08-07 16:17:02.200   337   337 I recovery: type=1400 audit(0.0:140): avc: denied { open } for path="/dev/__properties__/u:object_r:firstboot_prop:s0" dev="tmpfs" ino=10724 scontext=u:r:recovery:s0 tcontext=u:object_r:firstboot_prop:s0 tclass=file permissive=1
08-07 16:17:02.200   337   337 I recovery: type=1400 audit(0.0:141): avc: denied { getattr } for path="/dev/__properties__/u:object_r:firstboot_prop:s0" dev="tmpfs" ino=10724 scontext=u:r:recovery:s0 tcontext=u:object_r:firstboot_prop:s0 tclass=file permissive=1
08-07 16:17:02.200   337   337 I recovery: type=1400 audit(0.0:142): avc: denied { open } for path="/dev/__properties__/u:object_r:graphics_config_prop:s0" dev="tmpfs" ino=10725 scontext=u:r:recovery:s0 tcontext=u:object_r:graphics_config_prop:s0 tclass=file permissive=1
08-07 16:17:02.200   337   337 I recovery: type=1400 audit(0.0:143): avc: denied { getattr } for path="/dev/__properties__/u:object_r:graphics_config_prop:s0" dev="tmpfs" ino=10725 scontext=u:r:recovery:s0 tcontext=u:object_r:graphics_config_prop:s0 tclass=file permissive=1
08-07 16:17:02.200   337   337 I recovery: type=1400 audit(0.0:144): avc: denied { open } for path="/dev/__properties__/u:object_r:heapprofd_enabled_prop:s0" dev="tmpfs" ino=10727 scontext=u:r:recovery:s0 tcontext=u:object_r:heapprofd_enabled_prop:s0 tclass=file permissive=1
08-07 16:17:02.200   337   337 I recovery: type=1400 audit(0.0:145): avc: denied { getattr } for path="/dev/__properties__/u:object_r:heapprofd_enabled_prop:s0" dev="tmpfs" ino=10727 scontext=u:r:recovery:s0 tcontext=u:object_r:heapprofd_enabled_prop:s0 tclass=file permissive=1
08-07 16:17:02.200   337   337 I recovery: type=1400 audit(0.0:146): avc: denied { open } for path="/dev/__properties__/u:object_r:incremental_prop:s0" dev="tmpfs" ino=10730 scontext=u:r:recovery:s0 tcontext=u:object_r:incremental_prop:s0 tclass=file permissive=1
08-07 16:17:02.200   337   337 I recovery: type=1400 audit(0.0:147): avc: denied { getattr } for path="/dev/__properties__/u:object_r:incremental_prop:s0" dev="tmpfs" ino=10730 scontext=u:r:recovery:s0 tcontext=u:object_r:incremental_prop:s0 tclass=file permissive=1
08-07 16:17:02.200   337   337 I recovery: type=1400 audit(0.0:148): avc: denied { open } for path="/dev/__properties__/u:object_r:init_perf_lsm_hooks_prop:s0" dev="tmpfs" ino=10731 scontext=u:r:recovery:s0 tcontext=u:object_r:init_perf_lsm_hooks_prop:s0 tclass=file permissive=1
08-07 16:17:02.200   337   337 I recovery: type=1400 audit(0.0:149): avc: denied { getattr } for path="/dev/__properties__/u:object_r:init_perf_lsm_hooks_prop:s0" dev="tmpfs" ino=10731 scontext=u:r:recovery:s0 tcontext=u:object_r:init_perf_lsm_hooks_prop:s0 tclass=file permissive=1
08-07 16:17:02.200   337   337 I recovery: type=1400 audit(0.0:150): avc: denied { open } for path="/dev/__properties__/u:object_r:init_svc_debug_prop:s0" dev="tmpfs" ino=10732 scontext=u:r:recovery:s0 tcontext=u:object_r:init_svc_debug_prop:s0 tclass=file permissive=1
08-07 16:17:02.200   337   337 I recovery: type=1400 audit(0.0:151): avc: denied { getattr } for path="/dev/__properties__/u:object_r:init_svc_debug_prop:s0" dev="tmpfs" ino=10732 scontext=u:r:recovery:s0 tcontext=u:object_r:init_svc_debug_prop:s0 tclass=file permissive=1
08-07 16:17:02.200   337   337 I recovery: type=1400 audit(0.0:152): avc: denied { open } for path="/dev/__properties__/u:object_r:last_boot_reason_prop:s0" dev="tmpfs" ino=10733 scontext=u:r:recovery:s0 tcontext=u:object_r:last_boot_reason_prop:s0 tclass=file permissive=1
08-07 16:17:02.200   337   337 I recovery: type=1400 audit(0.0:153): avc: denied { getattr } for path="/dev/__properties__/u:object_r:last_boot_reason_prop:s0" dev="tmpfs" ino=10733 scontext=u:r:recovery:s0 tcontext=u:object_r:last_boot_reason_prop:s0 tclass=file permissive=1
08-07 16:17:02.200   337   337 I recovery: type=1400 audit(0.0:154): avc: denied { open } for path="/dev/__properties__/u:object_r:llkd_prop:s0" dev="tmpfs" ino=10734 scontext=u:r:recovery:s0 tcontext=u:object_r:llkd_prop:s0 tclass=file permissive=1
08-07 16:17:02.200   337   337 I recovery: type=1400 audit(0.0:155): avc: denied { getattr } for path="/dev/__properties__/u:object_r:llkd_prop:s0" dev="tmpfs" ino=10734 scontext=u:r:recovery:s0 tcontext=u:object_r:llkd_prop:s0 tclass=file permissive=1
08-07 16:17:02.200   337   337 I recovery: type=1400 audit(0.0:156): avc: denied { open } for path="/dev/__properties__/u:object_r:lmkd_prop:s0" dev="tmpfs" ino=10735 scontext=u:r:recovery:s0 tcontext=u:object_r:lmkd_prop:s0 tclass=file permissive=1
08-07 16:17:02.204   337   337 I recovery: type=1400 audit(0.0:157): avc: denied { getattr } for path="/dev/__properties__/u:object_r:lmkd_prop:s0" dev="tmpfs" ino=10735 scontext=u:r:recovery:s0 tcontext=u:object_r:lmkd_prop:s0 tclass=file permissive=1
08-07 16:17:02.204   337   337 I recovery: type=1400 audit(0.0:158): avc: denied { open } for path="/dev/__properties__/u:object_r:logpersistd_logging_prop:s0" dev="tmpfs" ino=10739 scontext=u:r:recovery:s0 tcontext=u:object_r:logpersistd_logging_prop:s0 tclass=file permissive=1
08-07 16:17:02.204   337   337 I recovery: type=1400 audit(0.0:159): avc: denied { getattr } for path="/dev/__properties__/u:object_r:logpersistd_logging_prop:s0" dev="tmpfs" ino=10739 scontext=u:r:recovery:s0 tcontext=u:object_r:logpersistd_logging_prop:s0 tclass=file permissive=1
08-07 16:17:02.204   337   337 I recovery: type=1400 audit(0.0:160): avc: denied { open } for path="/dev/__properties__/u:object_r:lowpan_prop:s0" dev="tmpfs" ino=10740 scontext=u:r:recovery:s0 tcontext=u:object_r:lowpan_prop:s0 tclass=file permissive=1
08-07 16:17:02.204   337   337 I recovery: type=1400 audit(0.0:161): avc: denied { getattr } for path="/dev/__properties__/u:object_r:lowpan_prop:s0" dev="tmpfs" ino=10740 scontext=u:r:recovery:s0 tcontext=u:object_r:lowpan_prop:s0 tclass=file permissive=1
08-07 16:17:02.204   337   337 I recovery: type=1400 audit(0.0:162): avc: denied { open } for path="/dev/__properties__/u:object_r:lpdumpd_prop:s0" dev="tmpfs" ino=10741 scontext=u:r:recovery:s0 tcontext=u:object_r:lpdumpd_prop:s0 tclass=file permissive=1
08-07 16:17:02.204   337   337 I recovery: type=1400 audit(0.0:163): avc: denied { getattr } for path="/dev/__properties__/u:object_r:lpdumpd_prop:s0" dev="tmpfs" ino=10741 scontext=u:r:recovery:s0 tcontext=u:object_r:lpdumpd_prop:s0 tclass=file permissive=1
08-07 16:17:02.204   337   337 I recovery: type=1400 audit(0.0:164): avc: denied { open } for path="/dev/__properties__/u:object_r:media_variant_prop:s0" dev="tmpfs" ino=10742 scontext=u:r:recovery:s0 tcontext=u:object_r:media_variant_prop:s0 tclass=file permissive=1
08-07 16:17:02.204   337   337 I recovery: type=1400 audit(0.0:165): avc: denied { getattr } for path="/dev/__properties__/u:object_r:media_variant_prop:s0" dev="tmpfs" ino=10742 scontext=u:r:recovery:s0 tcontext=u:object_r:media_variant_prop:s0 tclass=file permissive=1
08-07 16:17:02.204   337   337 I recovery: type=1400 audit(0.0:166): avc: denied { open } for path="/dev/__properties__/u:object_r:mmc_prop:s0" dev="tmpfs" ino=10743 scontext=u:r:recovery:s0 tcontext=u:object_r:mmc_prop:s0 tclass=file permissive=1
08-07 16:17:02.204   337   337 I recovery: type=1400 audit(0.0:167): avc: denied { getattr } for path="/dev/__properties__/u:object_r:mmc_prop:s0" dev="tmpfs" ino=10743 scontext=u:r:recovery:s0 tcontext=u:object_r:mmc_prop:s0 tclass=file permissive=1
08-07 16:17:02.204   337   337 I recovery: type=1400 audit(0.0:168): avc: denied { open } for path="/dev/__properties__/u:object_r:mock_ota_prop:s0" dev="tmpfs" ino=10744 scontext=u:r:recovery:s0 tcontext=u:object_r:mock_ota_prop:s0 tclass=file permissive=1
08-07 16:17:02.204   337   337 I recovery: type=1400 audit(0.0:169): avc: denied { getattr } for path="/dev/__properties__/u:object_r:mock_ota_prop:s0" dev="tmpfs" ino=10744 scontext=u:r:recovery:s0 tcontext=u:object_r:mock_ota_prop:s0 tclass=file permissive=1
08-07 16:17:02.204   337   337 I recovery: type=1400 audit(0.0:170): avc: denied { open } for path="/dev/__properties__/u:object_r:net_dns_prop:s0" dev="tmpfs" ino=10746 scontext=u:r:recovery:s0 tcontext=u:object_r:net_dns_prop:s0 tclass=file permissive=1
08-07 16:17:02.204   337   337 I recovery: type=1400 audit(0.0:171): avc: denied { getattr } for path="/dev/__properties__/u:object_r:net_dns_prop:s0" dev="tmpfs" ino=10746 scontext=u:r:recovery:s0 tcontext=u:object_r:net_dns_prop:s0 tclass=file permissive=1
08-07 16:17:02.204   337   337 I recovery: type=1400 audit(0.0:172): avc: denied { open } for path="/dev/__properties__/u:object_r:netd_stable_secret_prop:s0" dev="tmpfs" ino=10748 scontext=u:r:recovery:s0 tcontext=u:object_r:netd_stable_secret_prop:s0 tclass=file permissive=1
08-07 16:17:02.204   337   337 I recovery: type=1400 audit(0.0:173): avc: denied { getattr } for path="/dev/__properties__/u:object_r:netd_stable_secret_prop:s0" dev="tmpfs" ino=10748 scontext=u:r:recovery:s0 tcontext=u:object_r:netd_stable_secret_prop:s0 tclass=file permissive=1
08-07 16:17:02.204   337   337 I recovery: type=1400 audit(0.0:174): avc: denied { open } for path="/dev/__properties__/u:object_r:nnapi_ext_deny_product_prop:s0" dev="tmpfs" ino=10750 scontext=u:r:recovery:s0 tcontext=u:object_r:nnapi_ext_deny_product_prop:s0 tclass=file permissive=1
08-07 16:17:02.204   337   337 I recovery: type=1400 audit(0.0:175): avc: denied { getattr } for path="/dev/__properties__/u:object_r:nnapi_ext_deny_product_prop:s0" dev="tmpfs" ino=10750 scontext=u:r:recovery:s0 tcontext=u:object_r:nnapi_ext_deny_product_prop:s0 tclass=file permissive=1
08-07 16:17:02.204   337   337 I recovery: type=1400 audit(0.0:176): avc: denied { open } for path="/dev/__properties__/u:object_r:overlay_prop:s0" dev="tmpfs" ino=10752 scontext=u:r:recovery:s0 tcontext=u:object_r:overlay_prop:s0 tclass=file permissive=1
08-07 16:17:02.204   337   337 I recovery: type=1400 audit(0.0:177): avc: denied { getattr } for path="/dev/__properties__/u:object_r:overlay_prop:s0" dev="tmpfs" ino=10752 scontext=u:r:recovery:s0 tcontext=u:object_r:overlay_prop:s0 tclass=file permissive=1
08-07 16:17:02.204   337   337 I recovery: type=1400 audit(0.0:178): avc: denied { open } for path="/dev/__properties__/u:object_r:persistent_properties_ready_prop:s0" dev="tmpfs" ino=10755 scontext=u:r:recovery:s0 tcontext=u:object_r:persistent_properties_ready_prop:s0 tclass=file permissive=1
08-07 16:17:02.204   337   337 I recovery: type=1400 audit(0.0:179): avc: denied { getattr } for path="/dev/__properties__/u:object_r:persistent_properties_ready_prop:s0" dev="tmpfs" ino=10755 scontext=u:r:recovery:s0 tcontext=u:object_r:persistent_properties_ready_prop:s0 tclass=file permissive=1
08-07 16:17:02.204   337   337 I recovery: type=1400 audit(0.0:180): avc: denied { open } for path="/dev/__properties__/u:object_r:rebootescrow_hal_prop:s0" dev="tmpfs" ino=10759 scontext=u:r:recovery:s0 tcontext=u:object_r:rebootescrow_hal_prop:s0 tclass=file permissive=1
08-07 16:17:02.204   337   337 I recovery: type=1400 audit(0.0:181): avc: denied { getattr } for path="/dev/__properties__/u:object_r:rebootescrow_hal_prop:s0" dev="tmpfs" ino=10759 scontext=u:r:recovery:s0 tcontext=u:object_r:rebootescrow_hal_prop:s0 tclass=file permissive=1
08-07 16:17:02.204   337   337 I recovery: type=1400 audit(0.0:182): avc: denied { open } for path="/dev/__properties__/u:object_r:safemode_prop:s0" dev="tmpfs" ino=10761 scontext=u:r:recovery:s0 tcontext=u:object_r:safemode_prop:s0 tclass=file permissive=1
08-07 16:17:02.204   337   337 I recovery: type=1400 audit(0.0:183): avc: denied { getattr } for path="/dev/__properties__/u:object_r:safemode_prop:s0" dev="tmpfs" ino=10761 scontext=u:r:recovery:s0 tcontext=u:object_r:safemode_prop:s0 tclass=file permissive=1
08-07 16:17:02.204   337   337 I recovery: type=1400 audit(0.0:184): avc: denied { open } for path="/dev/__properties__/u:object_r:surfaceflinger_display_prop:s0" dev="tmpfs" ino=10766 scontext=u:r:recovery:s0 tcontext=u:object_r:surfaceflinger_display_prop:s0 tclass=file permissive=1
08-07 16:17:02.204   337   337 I recovery: type=1400 audit(0.0:185): avc: denied { getattr } for path="/dev/__properties__/u:object_r:surfaceflinger_display_prop:s0" dev="tmpfs" ino=10766 scontext=u:r:recovery:s0 tcontext=u:object_r:surfaceflinger_display_prop:s0 tclass=file permissive=1
08-07 16:17:02.204   337   337 I recovery: type=1400 audit(0.0:186): avc: denied { open } for path="/dev/__properties__/u:object_r:system_adbd_prop:s0" dev="tmpfs" ino=10767 scontext=u:r:recovery:s0 tcontext=u:object_r:system_adbd_prop:s0 tclass=file permissive=1
08-07 16:17:02.204   337   337 I recovery: type=1400 audit(0.0:187): avc: denied { getattr } for path="/dev/__properties__/u:object_r:system_adbd_prop:s0" dev="tmpfs" ino=10767 scontext=u:r:recovery:s0 tcontext=u:object_r:system_adbd_prop:s0 tclass=file permissive=1
08-07 16:17:02.204   337   337 I recovery: type=1400 audit(0.0:188): avc: denied { open } for path="/dev/__properties__/u:object_r:system_boot_reason_prop:s0" dev="tmpfs" ino=10768 scontext=u:r:recovery:s0 tcontext=u:object_r:system_boot_reason_prop:s0 tclass=file permissive=1
08-07 16:17:02.204   337   337 I recovery: type=1400 audit(0.0:189): avc: denied { getattr } for path="/dev/__properties__/u:object_r:system_boot_reason_prop:s0" dev="tmpfs" ino=10768 scontext=u:r:recovery:s0 tcontext=u:object_r:system_boot_reason_prop:s0 tclass=file permissive=1
08-07 16:17:02.204   337   337 I recovery: type=1400 audit(0.0:190): avc: denied { open } for path="/dev/__properties__/u:object_r:system_jvmti_agent_prop:s0" dev="tmpfs" ino=10769 scontext=u:r:recovery:s0 tcontext=u:object_r:system_jvmti_agent_prop:s0 tclass=file permissive=1
08-07 16:17:02.204   337   337 I recovery: type=1400 audit(0.0:191): avc: denied { getattr } for path="/dev/__properties__/u:object_r:system_jvmti_agent_prop:s0" dev="tmpfs" ino=10769 scontext=u:r:recovery:s0 tcontext=u:object_r:system_jvmti_agent_prop:s0 tclass=file permissive=1
08-07 16:17:02.204   337   337 I recovery: type=1400 audit(0.0:192): avc: denied { open } for path="/dev/__properties__/u:object_r:system_lmk_prop:s0" dev="tmpfs" ino=10770 scontext=u:r:recovery:s0 tcontext=u:object_r:system_lmk_prop:s0 tclass=file permissive=1
08-07 16:17:02.204   337   337 I recovery: type=1400 audit(0.0:193): avc: denied { getattr } for path="/dev/__properties__/u:object_r:system_lmk_prop:s0" dev="tmpfs" ino=10770 scontext=u:r:recovery:s0 tcontext=u:object_r:system_lmk_prop:s0 tclass=file permissive=1
08-07 16:17:02.204   337   337 I recovery: type=1400 audit(0.0:194): avc: denied { open } for path="/dev/__properties__/u:object_r:system_trace_prop:s0" dev="tmpfs" ino=10773 scontext=u:r:recovery:s0 tcontext=u:object_r:system_trace_prop:s0 tclass=file permissive=1
08-07 16:17:02.204   337   337 I recovery: type=1400 audit(0.0:195): avc: denied { getattr } for path="/dev/__properties__/u:object_r:system_trace_prop:s0" dev="tmpfs" ino=10773 scontext=u:r:recovery:s0 tcontext=u:object_r:system_trace_prop:s0 tclass=file permissive=1
08-07 16:17:02.204   337   337 I recovery: type=1400 audit(0.0:196): avc: denied { open } for path="/dev/__properties__/u:object_r:test_boot_reason_prop:s0" dev="tmpfs" ino=10774 scontext=u:r:recovery:s0 tcontext=u:object_r:test_boot_reason_prop:s0 tclass=file permissive=1
08-07 16:17:02.204   337   337 I recovery: type=1400 audit(0.0:197): avc: denied { getattr } for path="/dev/__properties__/u:object_r:test_boot_reason_prop:s0" dev="tmpfs" ino=10774 scontext=u:r:recovery:s0 tcontext=u:object_r:test_boot_reason_prop:s0 tclass=file permissive=1
08-07 16:17:02.204   337   337 I recovery: type=1400 audit(0.0:198): avc: denied { open } for path="/dev/__properties__/u:object_r:test_harness_prop:s0" dev="tmpfs" ino=10775 scontext=u:r:recovery:s0 tcontext=u:object_r:test_harness_prop:s0 tclass=file permissive=1
08-07 16:17:02.204   337   337 I recovery: type=1400 audit(0.0:199): avc: denied { getattr } for path="/dev/__properties__/u:object_r:test_harness_prop:s0" dev="tmpfs" ino=10775 scontext=u:r:recovery:s0 tcontext=u:object_r:test_harness_prop:s0 tclass=file permissive=1
08-07 16:17:02.204   337   337 I recovery: type=1400 audit(0.0:200): avc: denied { open } for path="/dev/__properties__/u:object_r:theme_prop:s0" dev="tmpfs" ino=10776 scontext=u:r:recovery:s0 tcontext=u:object_r:theme_prop:s0 tclass=file permissive=1
08-07 16:17:02.204   337   337 I recovery: type=1400 audit(0.0:201): avc: denied { getattr } for path="/dev/__properties__/u:object_r:theme_prop:s0" dev="tmpfs" ino=10776 scontext=u:r:recovery:s0 tcontext=u:object_r:theme_prop:s0 tclass=file permissive=1
08-07 16:17:02.204   337   337 I recovery: type=1400 audit(0.0:202): avc: denied { open } for path="/dev/__properties__/u:object_r:time_prop:s0" dev="tmpfs" ino=10777 scontext=u:r:recovery:s0 tcontext=u:object_r:time_prop:s0 tclass=file permissive=1
08-07 16:17:02.204   337   337 I recovery: type=1400 audit(0.0:203): avc: denied { getattr } for path="/dev/__properties__/u:object_r:time_prop:s0" dev="tmpfs" ino=10777 scontext=u:r:recovery:s0 tcontext=u:object_r:time_prop:s0 tclass=file permissive=1
08-07 16:17:02.204   337   337 I recovery: type=1400 audit(0.0:204): avc: denied { open } for path="/dev/__properties__/u:object_r:traced_enabled_prop:s0" dev="tmpfs" ino=10778 scontext=u:r:recovery:s0 tcontext=u:object_r:traced_enabled_prop:s0 tclass=file permissive=1
08-07 16:17:02.204   337   337 I recovery: type=1400 audit(0.0:205): avc: denied { getattr } for path="/dev/__properties__/u:object_r:traced_enabled_prop:s0" dev="tmpfs" ino=10778 scontext=u:r:recovery:s0 tcontext=u:object_r:traced_enabled_prop:s0 tclass=file permissive=1
08-07 16:17:02.204   337   337 I recovery: type=1400 audit(0.0:206): avc: denied { open } for path="/dev/__properties__/u:object_r:traced_lazy_prop:s0" dev="tmpfs" ino=10779 scontext=u:r:recovery:s0 tcontext=u:object_r:traced_lazy_prop:s0 tclass=file permissive=1
08-07 16:17:02.204   337   337 I recovery: type=1400 audit(0.0:207): avc: denied { getattr } for path="/dev/__properties__/u:object_r:traced_lazy_prop:s0" dev="tmpfs" ino=10779 scontext=u:r:recovery:s0 tcontext=u:object_r:traced_lazy_prop:s0 tclass=file permissive=1
08-07 16:17:02.204   337   337 I recovery: type=1400 audit(0.0:208): avc: denied { open } for path="/dev/__properties__/u:object_r:traced_perf_enabled_prop:s0" dev="tmpfs" ino=10780 scontext=u:r:recovery:s0 tcontext=u:object_r:traced_perf_enabled_prop:s0 tclass=file permissive=1
08-07 16:17:02.204   337   337 I recovery: type=1400 audit(0.0:209): avc: denied { getattr } for path="/dev/__properties__/u:object_r:traced_perf_enabled_prop:s0" dev="tmpfs" ino=10780 scontext=u:r:recovery:s0 tcontext=u:object_r:traced_perf_enabled_prop:s0 tclass=file permissive=1
08-07 16:17:02.204   337   337 I recovery: type=1400 audit(0.0:210): avc: denied { open } for path="/dev/__properties__/u:object_r:userspace_reboot_config_prop:s0" dev="tmpfs" ino=10782 scontext=u:r:recovery:s0 tcontext=u:object_r:userspace_reboot_config_prop:s0 tclass=file permissive=1
08-07 16:17:02.204   337   337 I recovery: type=1400 audit(0.0:211): avc: denied { getattr } for path="/dev/__properties__/u:object_r:userspace_reboot_config_prop:s0" dev="tmpfs" ino=10782 scontext=u:r:recovery:s0 tcontext=u:object_r:userspace_reboot_config_prop:s0 tclass=file permissive=1
08-07 16:17:02.204   337   337 I recovery: type=1400 audit(0.0:212): avc: denied { open } for path="/dev/__properties__/u:object_r:userspace_reboot_exported_prop:s0" dev="tmpfs" ino=10783 scontext=u:r:recovery:s0 tcontext=u:object_r:userspace_reboot_exported_prop:s0 tclass=file permissive=1
08-07 16:17:02.204   337   337 I recovery: type=1400 audit(0.0:213): avc: denied { getattr } for path="/dev/__properties__/u:object_r:userspace_reboot_exported_prop:s0" dev="tmpfs" ino=10783 scontext=u:r:recovery:s0 tcontext=u:object_r:userspace_reboot_exported_prop:s0 tclass=file permissive=1
08-07 16:17:02.204   337   337 I recovery: type=1400 audit(0.0:214): avc: denied { open } for path="/dev/__properties__/u:object_r:userspace_reboot_log_prop:s0" dev="tmpfs" ino=10784 scontext=u:r:recovery:s0 tcontext=u:object_r:userspace_reboot_log_prop:s0 tclass=file permissive=1
08-07 16:17:02.204   337   337 I recovery: type=1400 audit(0.0:215): avc: denied { getattr } for path="/dev/__properties__/u:object_r:userspace_reboot_log_prop:s0" dev="tmpfs" ino=10784 scontext=u:r:recovery:s0 tcontext=u:object_r:userspace_reboot_log_prop:s0 tclass=file permissive=1
08-07 16:17:02.204   337   337 I recovery: type=1400 audit(0.0:216): avc: denied { open } for path="/dev/__properties__/u:object_r:userspace_reboot_test_prop:s0" dev="tmpfs" ino=10785 scontext=u:r:recovery:s0 tcontext=u:object_r:userspace_reboot_test_prop:s0 tclass=file permissive=1
08-07 16:17:02.204   337   337 I recovery: type=1400 audit(0.0:217): avc: denied { getattr } for path="/dev/__properties__/u:object_r:userspace_reboot_test_prop:s0" dev="tmpfs" ino=10785 scontext=u:r:recovery:s0 tcontext=u:object_r:userspace_reboot_test_prop:s0 tclass=file permissive=1
08-07 16:17:02.204   337   337 I recovery: type=1400 audit(0.0:218): avc: denied { open } for path="/dev/__properties__/u:object_r:vehicle_hal_prop:s0" dev="tmpfs" ino=10786 scontext=u:r:recovery:s0 tcontext=u:object_r:vehicle_hal_prop:s0 tclass=file permissive=1
08-07 16:17:02.204   337   337 I recovery: type=1400 audit(0.0:219): avc: denied { getattr } for path="/dev/__properties__/u:object_r:vehicle_hal_prop:s0" dev="tmpfs" ino=10786 scontext=u:r:recovery:s0 tcontext=u:object_r:vehicle_hal_prop:s0 tclass=file permissive=1
08-07 16:17:02.204   337   337 I recovery: type=1400 audit(0.0:220): avc: denied { open } for path="/dev/__properties__/u:object_r:vendor_security_patch_level_prop:s0" dev="tmpfs" ino=10788 scontext=u:r:recovery:s0 tcontext=u:object_r:vendor_security_patch_level_prop:s0 tclass=file permissive=1
08-07 16:17:02.204   337   337 I recovery: type=1400 audit(0.0:221): avc: denied { getattr } for path="/dev/__properties__/u:object_r:vendor_security_patch_level_prop:s0" dev="tmpfs" ino=10788 scontext=u:r:recovery:s0 tcontext=u:object_r:vendor_security_patch_level_prop:s0 tclass=file permissive=1
08-07 16:17:02.204   337   337 I recovery: type=1400 audit(0.0:222): avc: denied { open } for path="/dev/__properties__/u:object_r:wifi_prop:s0" dev="tmpfs" ino=10794 scontext=u:r:recovery:s0 tcontext=u:object_r:wifi_prop:s0 tclass=file permissive=1
08-07 16:17:02.204   337   337 I recovery: type=1400 audit(0.0:223): avc: denied { getattr } for path="/dev/__properties__/u:object_r:wifi_prop:s0" dev="tmpfs" ino=10794 scontext=u:r:recovery:s0 tcontext=u:object_r:wifi_prop:s0 tclass=file permissive=1
08-07 16:17:02.204   337   337 I recovery: type=1400 audit(0.0:224): avc: denied { write } for name="etc" dev="rootfs" ino=7002 scontext=u:r:recovery:s0 tcontext=u:object_r:rootfs:s0 tclass=dir permissive=1
08-07 16:17:02.204   337   337 I recovery: type=1400 audit(0.0:225): avc: denied { add_name } for name="mtab" scontext=u:r:recovery:s0 tcontext=u:object_r:rootfs:s0 tclass=dir permissive=1
08-07 16:17:02.204   337   337 I recovery: type=1400 audit(0.0:226): avc: denied { create } for name="mtab" scontext=u:r:recovery:s0 tcontext=u:object_r:rootfs:s0 tclass=lnk_file permissive=1
08-07 16:17:02.208   337   337 I recovery: type=1400 audit(0.0:227): avc: denied { create } for name="system_root" scontext=u:r:recovery:s0 tcontext=u:object_r:rootfs:s0 tclass=dir permissive=1
08-07 16:17:02.208   337   337 I recovery: type=1400 audit(0.0:228): avc: denied { remove_name } for name="product" dev="rootfs" ino=6637 scontext=u:r:recovery:s0 tcontext=u:object_r:rootfs:s0 tclass=dir permissive=1
08-07 16:17:02.208   337   337 I recovery: type=1400 audit(0.0:229): avc: denied { unlink } for name="product" dev="rootfs" ino=6637 scontext=u:r:recovery:s0 tcontext=u:object_r:rootfs:s0 tclass=lnk_file permissive=1
08-07 16:17:02.217   337   337 I recovery: [libfs_mgr]Created logical partition product on device /dev/block/dm-0
08-07 16:17:02.219   337   337 I recovery: [libfs_mgr]Created logical partition system on device /dev/block/dm-1
08-07 16:17:02.220   337   337 I recovery: [libfs_mgr]Created logical partition vendor on device /dev/block/dm-2
08-07 16:17:02.248   337   337 I recovery: type=1400 audit(0.0:230): avc: denied { ioctl } for path="/dev/block/dm-1" dev="tmpfs" ino=12427 ioctlcmd=0x5331 scontext=u:r:recovery:s0 tcontext=u:object_r:dm_device:s0 tclass=blk_file permissive=1
08-07 16:17:02.288   337   337 I recovery: type=1400 audit(0.0:231): avc: denied { ioctl } for path="/dev/block/dm-2" dev="tmpfs" ino=12430 ioctlcmd=0x5331 scontext=u:r:recovery:s0 tcontext=u:object_r:dm_device:s0 tclass=blk_file permissive=1
08-07 16:17:02.316   337   337 I recovery: type=1400 audit(0.0:232): avc: denied { ioctl } for path="/dev/block/dm-0" dev="tmpfs" ino=12422 ioctlcmd=0x5331 scontext=u:r:recovery:s0 tcontext=u:object_r:dm_device:s0 tclass=blk_file permissive=1
08-07 16:17:02.356   337   337 I recovery: type=1400 audit(0.0:233): avc: denied { read } for name="mmcblk0p37" dev="sysfs" ino=28663 scontext=u:r:recovery:s0 tcontext=u:object_r:sysfs:s0 tclass=dir permissive=1
08-07 16:17:02.356   337   337 I recovery: type=1400 audit(0.0:234): avc: denied { open } for path="/sys/devices/platform/bootdevice/mmc_host/mmc0/mmc0:0001/block/mmcblk0/mmcblk0p37" dev="sysfs" ino=28663 scontext=u:r:recovery:s0 tcontext=u:object_r:sysfs:s0 tclass=dir permissive=1
08-07 16:17:02.368   337   337 I recovery: type=1400 audit(0.0:235): avc: denied { search } for name="unencrypted" dev="mmcblk0p37" ino=917505 scontext=u:r:recovery:s0 tcontext=u:object_r:unencrypted_data_file:s0 tclass=dir permissive=1
08-07 16:17:02.368   337   337 I recovery: type=1400 audit(0.0:236): avc: denied { getattr } for path="/data/unencrypted/key/version" dev="mmcblk0p37" ino=917507 scontext=u:r:recovery:s0 tcontext=u:object_r:unencrypted_data_file:s0 tclass=file permissive=1
08-07 16:17:02.368     1     1 I unknown : type=1107 audit(0.0:237): uid=0 auid=4294967295 ses=4294967295 subj=u:r:init:s0 msg='avc: denied { set } for property=ro.crypto.state pid=337 uid=0 gid=0 scontext=u:r:recovery:s0 tcontext=u:object_r:exported_vold_prop:s0 tclass=property_service permissive=1'
08-07 16:17:03.372   337   337 I recovery: type=1400 audit(0.0:238): avc: denied { read } for name="version" dev="mmcblk0p37" ino=917507 scontext=u:r:recovery:s0 tcontext=u:object_r:unencrypted_data_file:s0 tclass=file permissive=1
08-07 16:17:03.372   337   337 I recovery: type=1400 audit(0.0:239): avc: denied { open } for path="/data/unencrypted/key/version" dev="mmcblk0p37" ino=917507 scontext=u:r:recovery:s0 tcontext=u:object_r:unencrypted_data_file:s0 tclass=file permissive=1
08-07 16:17:03.375   337   337 I recovery: fscrypt_initialize_systemwide_keys
08-07 16:17:03.376   337   337 I recovery: type=1400 audit(0.0:240): avc: denied { call } for scontext=u:r:recovery:s0 tcontext=u:r:recovery:s0 tclass=binder permissive=1
08-07 16:17:03.376   337   337 W recovery: [libfs_mgr]Warning: unknown flag: resize
08-07 16:17:03.376   337   337 I recovery: Key exists, using: /data/unencrypted/key
08-07 16:17:03.380   324   324 I hwservicemanage: type=1400 audit(0.0:241): avc: denied { transfer } for scontext=u:r:recovery:s0 tcontext=u:r:recovery:s0 tclass=binder permissive=1
08-07 16:17:03.381   337   337 E cutils-trace: Error opening trace file: No such file or directory (2)
08-07 16:17:03.382   324   324 E cutils-trace: Error opening trace file: No such file or directory (2)
08-07 16:17:03.383   324   324 I hwservicemanager: getFrameworkHalManifest: Reading VINTF information.
08-07 16:17:03.384   324   324 I hwservicemanage: type=1400 audit(0.0:242): avc: denied { compute_av } for scontext=u:r:recovery:s0 tcontext=u:object_r:kernel:s0 tclass=security permissive=1
08-07 16:17:03.384   324   324 I hwservicemanager: getFrameworkHalManifest: Successfully processed VINTF information
08-07 16:17:03.387   324   324 E SELinux : avc:  denied  { find } for interface=android.hardware.keymaster::IKeymasterDevice sid=u:r:recovery:s0 pid=337 scontext=u:r:recovery:s0 tcontext=u:object_r:hal_keymaster_hwservice:s0 tclass=hwservice_manager permissive=1
08-07 16:17:03.387   324   324 I hwservicemanager: getDeviceHalManifest: Reading VINTF information.
08-07 16:17:03.400     1     1 I unknown : type=1107 audit(0.0:243): uid=0 auid=4294967295 ses=4294967295 subj=u:r:init:s0 msg='avc: denied { set } for property=ctl.interface_start$android.hardware.keymaster@4.0::IKeymasterDevice/default pid=324 uid=0 gid=0 scontext=u:r:recovery:s0 tcontext=u:object_r:ctl_interface_start_prop:s0 tclass=property_service permissive=1'
08-07 16:17:03.403   324   324 I hwservicemanager: getDeviceHalManifest: Successfully processed VINTF information
08-07 16:17:03.404   324   324 I hwservicemanager: Since android.hardware.keymaster@4.0::IKeymasterDevice/default is not registered, trying to start it as a lazy HAL.
08-07 16:17:03.405   324   324 I hwservicemanager: Since android.hardware.keymaster@4.0::IKeymasterDevice/default is not registered, trying to start it as a lazy HAL.
08-07 16:17:03.406   337   337 I HidlServiceManagement: getService: Trying again for android.hardware.keymaster@4.0::IKeymasterDevice/default...
08-07 16:17:03.452   369   369 I android.hardwar: type=1400 audit(0.0:244): avc: denied { read write } for name="tee0" dev="tmpfs" ino=10232 scontext=u:r:recovery:s0 tcontext=u:object_r:device:s0 tclass=chr_file permissive=1
08-07 16:17:03.452   369   369 I android.hardwar: type=1400 audit(0.0:245): avc: denied { open } for path="/dev/tee0" dev="tmpfs" ino=10232 scontext=u:r:recovery:s0 tcontext=u:object_r:device:s0 tclass=chr_file permissive=1
08-07 16:17:03.452   369   369 I android.hardwar: type=1400 audit(0.0:246): avc: denied { ioctl } for path="/dev/tee0" dev="tmpfs" ino=10232 ioctlcmd=0xa400 scontext=u:r:recovery:s0 tcontext=u:object_r:device:s0 tclass=chr_file permissive=1
08-07 16:17:03.456   369   369 I beanpodkeymaster: keymaster connect start
08-07 16:17:03.479   331   331 E [mTEE]  : [ERROR]: open virtual rpmb failed, wait for FDE done
08-07 16:17:03.481   331   331 E [mTEE]  : [ERROR]: open virtual rpmb failed, wait for FDE done
08-07 16:17:03.533   369   369 I beanpodkeymaster: km handle_=6
08-07 16:17:03.534   369   369 I beanpodkeymaster: keymaster connect end
08-07 16:17:03.535   369   369 E beanpodkeymaster: Received 4 byte response
08-07 16:17:03.535   369   369 E cutils-trace: Error opening trace file: No such file or directory (2)
08-07 16:17:03.536   337   337 I recovery: type=1400 audit(0.0:247): avc: denied { write } for name="key" dev="mmcblk0p37" ino=917506 scontext=u:r:recovery:s0 tcontext=u:object_r:unencrypted_data_file:s0 tclass=dir permissive=1
08-07 16:17:03.536   337   337 I recovery: type=1400 audit(0.0:248): avc: denied { add_name } for name="keymaster_key_blob_upgraded" scontext=u:r:recovery:s0 tcontext=u:object_r:unencrypted_data_file:s0 tclass=dir permissive=1
08-07 16:17:03.536   337   337 I recovery: type=1400 audit(0.0:249): avc: denied { create } for name="keymaster_key_blob_upgraded" scontext=u:r:recovery:s0 tcontext=u:object_r:unencrypted_data_file:s0 tclass=file permissive=1
08-07 16:17:03.536   337   337 I recovery: type=1400 audit(0.0:250): avc: denied { write } for name="keymaster_key_blob_upgraded" dev="mmcblk0p37" ino=917515 scontext=u:r:recovery:s0 tcontext=u:object_r:unencrypted_data_file:s0 tclass=file permissive=1
08-07 16:17:03.536   324   324 E SELinux : avc:  denied  { add } for interface=android.hardware.keymaster::IKeymasterDevice sid=u:r:recovery:s0 pid=369 scontext=u:r:recovery:s0 tcontext=u:object_r:hal_keymaster_hwservice:s0 tclass=hwservice_manager permissive=1
08-07 16:17:03.536   369   369 I HidlServiceManagement: Registered android.hardware.keymaster@4.0::IKeymasterDevice/default (start delay of 129ms)
08-07 16:17:03.536   369   369 I HidlServiceManagement: Removing namespace from process name android.hardware.keymaster@4.0-service.beanpod to keymaster@4.0-service.beanpod.
08-07 16:17:03.536   369   369 I android.hardware.keymaster@4.0-service.beanpod: register beanpod keymaster4.0 success
08-07 16:17:03.537   324   324 I hw-BpHwBinder: onLastStrongRef automatically unlinking death recipients
08-07 16:17:03.537   324   324 I hwservicemanager: getTransport: Cannot find entry android.hardware.keymaster@3.0::IKeymasterDevice/default in either framework or device manifest.
08-07 16:17:03.537   337   337 I recovery: List of Keymaster HALs found:
08-07 16:17:03.537   337   337 I recovery: Keymaster HAL #1: BeanpodwareKeymasterDevice from Beanpod SecurityLevel: TRUSTED_ENVIRONMENT HAL: android.hardware.keymaster@4.1::IKeymasterDevice/default
08-07 16:17:03.538   369   369 I beanpodkeymaster: enter BeanpodKeymaster bp_keymaster_call
08-07 16:17:03.538   369   369 I beanpodkeymaster: exit BeanpodKeymaster bp_keymaster_call
08-07 16:17:03.538   369   369 E beanpodkeymaster: BeanpodKeymaster Received 40 byte response
08-07 16:17:03.539   369   369 E beanpodkeymaster: Received 40 byte response
08-07 16:17:03.539   337   337 I recovery: Using BeanpodwareKeymasterDevice from Beanpod for encryption.  Security level: TRUSTED_ENVIRONMENT, HAL: android.hardware.keymaster@4.1::IKeymasterDevice/default
08-07 16:17:03.540   369   369 I beanpodkeymaster: Enter BeanpodKeymaster BeginOperation
08-07 16:17:03.541   369   369 E beanpodkeymaster: Received 4 byte response
08-07 16:17:03.541   369   369 E beanpodkeymaster: Response of size 4 contained error code -62
08-07 16:17:03.541   369   369 E beanpodkeymaster: Failed to send cmd 4 err: -62
08-07 16:17:03.541   369   369 I beanpodkeymaster: Exit BeanpodKeymaster BeginOperation
08-07 16:17:03.541   337   337 E recovery: begin failed, code -62
08-07 16:17:03.542   369   369 E beanpodkeymaster: Received 403 byte response
08-07 16:17:03.544   337   337 I recovery: type=1400 audit(0.0:251): avc: denied { read } for name="/" dev="mmcblk0p37" ino=2 scontext=u:r:recovery:s0 tcontext=u:object_r:system_data_file:s0 tclass=dir permissive=1
08-07 16:17:03.544   337   337 I recovery: type=1400 audit(0.0:252): avc: denied { open } for path="/data" dev="mmcblk0p37" ino=2 scontext=u:r:recovery:s0 tcontext=u:object_r:system_data_file:s0 tclass=dir permissive=1
08-07 16:17:03.544   337   337 I recovery: type=1400 audit(0.0:253): avc: denied { ioctl } for path="/data" dev="mmcblk0p37" ino=2 ioctlcmd=0x6617 scontext=u:r:recovery:s0 tcontext=u:object_r:system_data_file:s0 tclass=dir permissive=1
08-07 16:17:03.545   337   337 I recovery: Key upgraded: /data/unencrypted/key
08-07 16:17:03.546   369   369 I beanpodkeymaster: Enter BeanpodKeymaster BeginOperation
08-07 16:17:03.546   369   369 E beanpodkeymaster: Received 24 byte response
08-07 16:17:03.546   369   369 I beanpodkeymaster: Exit BeanpodKeymaster BeginOperation
08-07 16:17:03.547   369   369 I beanpodkeymaster: Enter BeanpodKeymaster UpdateOperation
08-07 16:17:03.547   369   369 E beanpodkeymaster: Received 88 byte response
08-07 16:17:03.547   369   369 I beanpodkeymaster: Exit BeanpodKeymaster UpdateOperation
08-07 16:17:03.547   369   369 I beanpodkeymaster: Enter BeanpodKeymaster FinishOperation
08-07 16:17:03.547   369   369 E beanpodkeymaster: Received 20 byte response
08-07 16:17:03.547   369   369 I beanpodkeymaster: Exit BeanpodKeymaster FinishOperation
08-07 16:17:03.548   337   337 I recovery: Kernel doesn't support FS_IOC_ADD_ENCRYPTION_KEY.  Falling back to session keyring
08-07 16:17:03.548   337   337 E recovery: Unable to find device keyring: Required key not available
08-07 16:17:03.550   337   337 I recovery: fscrypt_initialize_systemwide_keys
08-07 16:17:03.550   337   337 I recovery: Key exists, using: /data/unencrypted/key
08-07 16:17:03.552   324   324 I hwservicemanager: getTransport: Cannot find entry android.hardware.keymaster@3.0::IKeymasterDevice/default in either framework or device manifest.
08-07 16:17:03.552   337   337 I recovery: List of Keymaster HALs found:
08-07 16:17:03.552   337   337 I recovery: Keymaster HAL #1: BeanpodwareKeymasterDevice from Beanpod SecurityLevel: TRUSTED_ENVIRONMENT HAL: android.hardware.keymaster@4.1::IKeymasterDevice/default
08-07 16:17:03.552   337   337 I recovery: Using BeanpodwareKeymasterDevice from Beanpod for encryption.  Security level: TRUSTED_ENVIRONMENT, HAL: android.hardware.keymaster@4.1::IKeymasterDevice/default
08-07 16:17:03.552   369   369 I beanpodkeymaster: Enter BeanpodKeymaster BeginOperation
08-07 16:17:03.553   369   369 E beanpodkeymaster: Received 4 byte response
08-07 16:17:03.553   369   369 E beanpodkeymaster: Response of size 4 contained error code -62
08-07 16:17:03.553   369   369 E beanpodkeymaster: Failed to send cmd 4 err: -62
08-07 16:17:03.553   369   369 I beanpodkeymaster: Exit BeanpodKeymaster BeginOperation
08-07 16:17:03.553   337   337 E recovery: begin failed, code -62
08-07 16:17:03.554   369   369 E beanpodkeymaster: Received 403 byte response
08-07 16:17:03.557   337   337 I recovery: Key upgraded: /data/unencrypted/key
08-07 16:17:03.557   369   369 I beanpodkeymaster: Enter BeanpodKeymaster BeginOperation
08-07 16:17:03.558   369   369 E beanpodkeymaster: Received 24 byte response
08-07 16:17:03.558   369   369 I beanpodkeymaster: Exit BeanpodKeymaster BeginOperation
08-07 16:17:03.558   369   369 I beanpodkeymaster: Enter BeanpodKeymaster UpdateOperation
08-07 16:17:03.558   369   369 E beanpodkeymaster: Received 88 byte response
08-07 16:17:03.558   369   369 I beanpodkeymaster: Exit BeanpodKeymaster UpdateOperation
08-07 16:17:03.558   369   369 I beanpodkeymaster: Enter BeanpodKeymaster FinishOperation
08-07 16:17:03.559   369   369 E beanpodkeymaster: Received 20 byte response
08-07 16:17:03.559   369   369 I beanpodkeymaster: Exit BeanpodKeymaster FinishOperation
08-07 16:17:03.559   337   337 E recovery: Unable to find device keyring: Required key not available
08-07 16:17:03.561   337   337 I recovery: fscrypt_initialize_systemwide_keys
08-07 16:17:03.561   337   337 I recovery: Key exists, using: /data/unencrypted/key
08-07 16:17:03.563   324   324 I hwservicemanager: getTransport: Cannot find entry android.hardware.keymaster@3.0::IKeymasterDevice/default in either framework or device manifest.
08-07 16:17:03.563   337   337 I recovery: List of Keymaster HALs found:
08-07 16:17:03.563   337   337 I recovery: Keymaster HAL #1: BeanpodwareKeymasterDevice from Beanpod SecurityLevel: TRUSTED_ENVIRONMENT HAL: android.hardware.keymaster@4.1::IKeymasterDevice/default
08-07 16:17:03.563   337   337 I recovery: Using BeanpodwareKeymasterDevice from Beanpod for encryption.  Security level: TRUSTED_ENVIRONMENT, HAL: android.hardware.keymaster@4.1::IKeymasterDevice/default
08-07 16:17:03.563   369   369 I beanpodkeymaster: Enter BeanpodKeymaster BeginOperation
08-07 16:17:03.564   369   369 E beanpodkeymaster: Received 4 byte response
08-07 16:17:03.564   369   369 E beanpodkeymaster: Response of size 4 contained error code -62
08-07 16:17:03.564   369   369 E beanpodkeymaster: Failed to send cmd 4 err: -62
08-07 16:17:03.564   369   369 I beanpodkeymaster: Exit BeanpodKeymaster BeginOperation
08-07 16:17:03.564   337   337 E recovery: begin failed, code -62
08-07 16:17:03.565   369   369 E beanpodkeymaster: Received 403 byte response
08-07 16:17:03.568   337   337 I recovery: type=1400 audit(0.0:254): avc: denied { search } for name="media" dev="mmcblk0p37" ino=1130497 scontext=u:r:recovery:s0 tcontext=u:object_r:media_rw_data_file:s0 tclass=dir permissive=1
08-07 16:17:03.568   337   337 I recovery: type=1400 audit(0.0:255): avc: denied { getattr } for path="/data/media/0" dev="mmcblk0p37" ino=1130499 scontext=u:r:recovery:s0 tcontext=u:object_r:media_rw_data_file:s0 tclass=dir permissive=1
08-07 16:17:03.568   337   337 I recovery: Key upgraded: /data/unencrypted/key
