08-07 14:32:11.489     1     1 I         : (2)[1:swapper/0][Power/PPM] [0][2][1] = (12)
08-07 14:32:11.489     1     1 I         : (2)[1:swapper/0][Power/PPM] [0][2][2] = (13)
08-07 14:32:11.489     1     1 I         : (2)[1:swapper/0][Power/PPM] [0][2][3] = (42)
08-07 14:32:11.489     1     1 I         : (2)[1:swapper/0][Power/PPM] [0][2][4] = (37)
08-07 14:32:11.489     1     1 I         : (2)[1:swapper/0][Power/PPM] [0][2][5] = (37)
08-07 14:32:11.489     1     1 I         : (2)[1:swapper/0][Power/PPM] [0][2][6] = (36)
08-07 14:32:11.489     1     1 I         : (2)[1:swapper/0][Power/PPM] [0][2][7] = (33)
08-07 14:32:11.489     1     1 I         : (2)[1:swapper/0][Power/PPM] [0][2][8] = (39)
08-07 14:32:11.489     1     1 I         : (2)[1:swapper/0][Power/PPM] [0][2][9] = (39)
08-07 14:32:11.489     1     1 I         : (2)[1:swapper/0][Power/PPM] [0][2][10] = (33)
08-07 14:32:11.489     1     1 I         : (2)[1:swapper/0][Power/PPM] [0][2][11] = (31)
08-07 14:32:11.489     1     1 I         : (2)[1:swapper/0][Power/PPM] [0][2][12] = (33)
08-07 14:32:11.489     1     1 I         : (2)[1:swapper/0][Power/PPM] [0][2][13] = (19)
08-07 14:32:11.489     1     1 I         : (2)[1:swapper/0][Power/PPM] [0][2][14] = (13)
08-07 14:32:11.489     1     1 I         : (2)[1:swapper/0][Power/PPM] [0][2][15] = (51)
08-07 14:32:11.489     1     1 I         : (2)[1:swapper/0][Power/PPM] [0][3][0] = (13)
08-07 14:32:11.489     1     1 I         : (2)[1:swapper/0][Power/PPM] [0][3][1] = (18)
08-07 14:32:11.489     1     1 I         : (2)[1:swapper/0][Power/PPM] [0][3][2] = (18)
08-07 14:32:11.489     1     1 I         : (2)[1:swapper/0][Power/PPM] [0][3][3] = (62)
08-07 14:32:11.489     1     1 I         : (2)[1:swapper/0][Power/PPM] [0][3][4] = (53)
08-07 14:32:11.489     1     1 I         : (2)[1:swapper/0][Power/PPM] [0][3][5] = (53)
08-07 14:32:11.489     1     1 I         : (2)[1:swapper/0][Power/PPM] [0][3][6] = (50)
08-07 14:32:11.489     1     1 I         : (2)[1:swapper/0][Power/PPM] [0][3][7] = (48)
08-07 14:32:11.489     1     1 I         : (2)[1:swapper/0][Power/PPM] [0][3][8] = (57)
08-07 14:32:11.489     1     1 I         : (2)[1:swapper/0][Power/PPM] [0][3][9] = (56)
08-07 14:32:11.489     1     1 I         : (2)[1:swapper/0][Power/PPM] [0][3][10] = (48)
08-07 14:32:11.489     1     1 I         : (2)[1:swapper/0][Power/PPM] [0][3][11] = (44)
08-07 14:32:11.489     1     1 I         : (2)[1:swapper/0][Power/PPM] [0][3][12] = (47)
08-07 14:32:11.489     1     1 I         : (2)[1:swapper/0][Power/PPM] [0][3][13] = (28)
08-07 14:32:11.489     1     1 I         : (2)[1:swapper/0][Power/PPM] [0][3][14] = (18)
08-07 14:32:11.489     1     1 I         : (2)[1:swapper/0][Power/PPM] [0][3][15] = (51)
08-07 14:32:11.489     1     1 I         : (2)[1:swapper/0][Power/PPM] [0][4][0] = (17)
08-07 14:32:11.489     1     1 I         : (2)[1:swapper/0][Power/PPM] [0][4][1] = (25)
08-07 14:32:11.489     1     1 I         : (2)[1:swapper/0][Power/PPM] [0][4][2] = (23)
08-07 14:32:11.489     1     1 I         : (2)[1:swapper/0][Power/PPM] [0][4][3] = (80)
08-07 14:32:11.489     1     1 I         : (2)[1:swapper/0][Power/PPM] [0][4][4] = (69)
08-07 14:32:11.489     1     1 I         : (2)[1:swapper/0][Power/PPM] [0][4][5] = (69)
08-07 14:32:11.489     1     1 I         : (2)[1:swapper/0][Power/PPM] [0][4][6] = (66)
08-07 14:32:11.489     1     1 I         : (2)[1:swapper/0][Power/PPM] [0][4][7] = (63)
08-07 14:32:11.489     1     1 I         : (2)[1:swapper/0][Power/PPM] [0][4][8] = (74)
08-07 14:32:11.489     1     1 I         : (2)[1:swapper/0][Power/PPM] [0][4][9] = (73)
08-07 14:32:11.489     1     1 I         : (2)[1:swapper/0][Power/PPM] [0][4][10] = (62)
08-07 14:32:11.489     1     1 I         : (2)[1:swapper/0][Power/PPM] [0][4][11] = (57)
08-07 14:32:11.489     1     1 I         : (2)[1:swapper/0][Power/PPM] [0][4][12] = (62)
08-07 14:32:11.489     1     1 I         : (2)[1:swapper/0][Power/PPM] [0][4][13] = (37)
08-07 14:32:11.489     1     1 I         : (2)[1:swapper/0][Power/PPM] [0][4][14] = (22)
08-07 14:32:11.489     1     1 I         : (2)[1:swapper/0][Power/PPM] [0][4][15] = (52)
08-07 14:32:11.489     1     1 I         : (2)[1:swapper/0][Power/PPM] [1][0][0] = (16)
08-07 14:32:11.489     1     1 I         : (2)[1:swapper/0][Power/PPM] [1][0][1] = (12)
08-07 14:32:11.489     1     1 I         : (2)[1:swapper/0][Power/PPM] [1][0][2] = (10)
08-07 14:32:11.489     1     1 I         : (2)[1:swapper/0][Power/PPM] [1][0][3] = (8)
08-07 14:32:11.489     1     1 I         : (2)[1:swapper/0][Power/PPM] [1][0][4] = (8)
08-07 14:32:11.489     1     1 I         : (2)[1:swapper/0][Power/PPM] [1][0][5] = (10)
08-07 14:32:11.489     1     1 I         : (2)[1:swapper/0][Power/PPM] [1][0][6] = (13)
08-07 14:32:11.489     1     1 I         : (2)[1:swapper/0][Power/PPM] [1][0][7] = (11)
08-07 14:32:11.489     1     1 I         : (2)[1:swapper/0][Power/PPM] [1][0][8] = (11)
08-07 14:32:11.489     1     1 I         : (2)[1:swapper/0][Power/PPM] [1][0][9] = (11)
08-07 14:32:11.489     1     1 I         : (2)[1:swapper/0][Power/PPM] [1][0][10] = (9)
08-07 14:32:11.489     1     1 I         : (2)[1:swapper/0][Power/PPM] [1][0][11] = (9)
08-07 14:32:11.489     1     1 I         : (2)[1:swapper/0][Power/PPM] [1][0][12] = (8)
08-07 14:32:11.489     1     1 I         : (2)[1:swapper/0][Power/PPM] [1][0][13] = (6)
08-07 14:32:11.489     1     1 I         : (2)[1:swapper/0][Power/PPM] [1][0][14] = (4)
08-07 14:32:11.489     1     1 I         : (2)[1:swapper/0][Power/PPM] [1][0][15] = (25)
08-07 14:32:11.489     1     1 I         : (2)[1:swapper/0][Power/PPM] [1][1][0] = (21)
08-07 14:32:11.489     1     1 I         : (2)[1:swapper/0][Power/PPM] [1][1][1] = (19)
08-07 14:32:11.489     1     1 I         : (2)[1:swapper/0][Power/PPM] [1][1][2] = (17)
08-07 14:32:11.489     1     1 I         : (2)[1:swapper/0][Power/PPM] [1][1][3] = (32)
08-07 14:32:11.489     1     1 I         : (2)[1:swapper/0][Power/PPM] [1][1][4] = (29)
08-07 14:32:11.489     1     1 I         : (2)[1:swapper/0][Power/PPM] [1][1][5] = (31)
08-07 14:32:11.489     1     1 I         : (2)[1:swapper/0][Power/PPM] [1][1][6] = (33)
08-07 14:32:11.489     1     1 I         : (2)[1:swapper/0][Power/PPM] [1][1][7] = (30)
08-07 14:32:11.489     1     1 I         : (2)[1:swapper/0][Power/PPM] [1][1][8] = (33)
08-07 14:32:11.489     1     1 I         : (2)[1:swapper/0][Power/PPM] [1][1][9] = (33)
08-07 14:32:11.489     1     1 I         : (2)[1:swapper/0][Power/PPM] [1][1][10] = (27)
08-07 14:32:11.489     1     1 I         : (2)[1:swapper/0][Power/PPM] [1][1][11] = (26)
08-07 14:32:11.489     1     1 I         : (2)[1:swapper/0][Power/PPM] [1][1][12] = (26)
08-07 14:32:11.489     1     1 I         : (2)[1:swapper/0][Power/PPM] [1][1][13] = (18)
08-07 14:32:11.489     1     1 I         : (2)[1:swapper/0][Power/PPM] [1][1][14] = (11)
08-07 14:32:11.489     1     1 I         : (2)[1:swapper/0][Power/PPM] [1][1][15] = (25)
08-07 14:32:11.489     1     1 I         : (2)[1:swapper/0][Power/PPM] [1][2][0] = (25)
08-07 14:32:11.489     1     1 I         : (2)[1:swapper/0][Power/PPM] [1][2][1] = (24)
08-07 14:32:11.489     1     1 I         : (2)[1:swapper/0][Power/PPM] [1][2][2] = (23)
08-07 14:32:11.489     1     1 I         : (2)[1:swapper/0][Power/PPM] [1][2][3] = (50)
08-07 14:32:11.489     1     1 I         : (2)[1:swapper/0][Power/PPM] [1][2][4] = (45)
08-07 14:32:11.489     1     1 I         : (2)[1:swapper/0][Power/PPM] [1][2][5] = (47)
08-07 14:32:11.489     1     1 I         : (2)[1:swapper/0][Power/PPM] [1][2][6] = (49)
08-07 14:32:11.489     1     1 I         : (2)[1:swapper/0][Power/PPM] [1][2][7] = (44)
08-07 14:32:11.489     1     1 I         : (2)[1:swapper/0][Power/PPM] [1][2][8] = (50)
08-07 14:32:11.489     1     1 I         : (2)[1:swapper/0][Power/PPM] [1][2][9] = (50)
08-07 14:32:11.489     1     1 I         : (2)[1:swapper/0][Power/PPM] [1][2][10] = (42)
08-07 14:32:11.489     1     1 I         : (2)[1:swapper/0][Power/PPM] [1][2][11] = (40)
08-07 14:32:11.489     1     1 I         : (2)[1:swapper/0][Power/PPM] [1][2][12] = (41)
08-07 14:32:11.489     1     1 I         : (2)[1:swapper/0][Power/PPM] [1][2][13] = (25)
08-07 14:32:11.489     1     1 I         : (2)[1:swapper/0][Power/PPM] [1][2][14] = (17)
08-07 14:32:11.489     1     1 I         : (2)[1:swapper/0][Power/PPM] [1][2][15] = (25)
08-07 14:32:11.489     1     1 I         : (2)[1:swapper/0][Power/PPM] [1][3][0] = (29)
08-07 14:32:11.489     1     1 I         : (2)[1:swapper/0][Power/PPM] [1][3][1] = (30)
08-07 14:32:11.489     1     1 I         : (2)[1:swapper/0][Power/PPM] [1][3][2] = (28)
08-07 14:32:11.489     1     1 I         : (2)[1:swapper/0][Power/PPM] [1][3][3] = (70)
08-07 14:32:11.489     1     1 I         : (2)[1:swapper/0][Power/PPM] [1][3][4] = (61)
08-07 14:32:11.489     1     1 I         : (2)[1:swapper/0][Power/PPM] [1][3][5] = (63)
08-07 14:32:11.489     1     1 I         : (2)[1:swapper/0][Power/PPM] [1][3][6] = (63)
08-07 14:32:11.489     1     1 I         : (2)[1:swapper/0][Power/PPM] [1][3][7] = (59)
08-07 14:32:11.489     1     1 I         : (2)[1:swapper/0][Power/PPM] [1][3][8] = (68)
08-07 14:32:11.489     1     1 I         : (2)[1:swapper/0][Power/PPM] [1][3][9] = (67)
08-07 14:32:11.489     1     1 I         : (2)[1:swapper/0][Power/PPM] [1][3][10] = (57)
08-07 14:32:11.489     1     1 I         : (2)[1:swapper/0][Power/PPM] [1][3][11] = (53)
08-07 14:32:11.489     1     1 I         : (2)[1:swapper/0][Power/PPM] [1][3][12] = (55)
08-07 14:32:11.489     1     1 I         : (2)[1:swapper/0][Power/PPM] [1][3][13] = (34)
08-07 14:32:11.489     1     1 I         : (2)[1:swapper/0][Power/PPM] [1][3][14] = (22)
08-07 14:32:11.489     1     1 I         : (2)[1:swapper/0][Power/PPM] [1][3][15] = (25)
08-07 14:32:11.489     1     1 I         : (2)[1:swapper/0][Power/PPM] [1][4][0] = (33)
08-07 14:32:11.489     1     1 I         : (2)[1:swapper/0][Power/PPM] [1][4][1] = (37)
08-07 14:32:11.489     1     1 I         : (2)[1:swapper/0][Power/PPM] [1][4][2] = (33)
08-07 14:32:11.489     1     1 I         : (2)[1:swapper/0][Power/PPM] [1][4][3] = (88)
08-07 14:32:11.489     1     1 I         : (2)[1:swapper/0][Power/PPM] [1][4][4] = (77)
08-07 14:32:11.489     1     1 I         : (2)[1:swapper/0][Power/PPM] [1][4][5] = (79)
08-07 14:32:11.489     1     1 I         : (2)[1:swapper/0][Power/PPM] [1][4][6] = (79)
08-07 14:32:11.489     1     1 I         : (2)[1:swapper/0][Power/PPM] [1][4][7] = (74)
08-07 14:32:11.489     1     1 I         : (2)[1:swapper/0][Power/PPM] [1][4][8] = (85)
08-07 14:32:11.489     1     1 I         : (2)[1:swapper/0][Power/PPM] [1][4][9] = (84)
08-07 14:32:11.489     1     1 I         : (2)[1:swapper/0][Power/PPM] [1][4][10] = (71)
08-07 14:32:11.489     1     1 I         : (2)[1:swapper/0][Power/PPM] [1][4][11] = (66)
08-07 14:32:11.489     1     1 I         : (2)[1:swapper/0][Power/PPM] [1][4][12] = (70)
08-07 14:32:11.489     1     1 I         : (2)[1:swapper/0][Power/PPM] [1][4][13] = (43)
08-07 14:32:11.489     1     1 I         : (2)[1:swapper/0][Power/PPM] [1][4][14] = (26)
08-07 14:32:11.489     1     1 I         : (2)[1:swapper/0][Power/PPM] [1][4][15] = (25)
08-07 14:32:11.489     1     1 I         : (2)[1:swapper/0][Power/PPM] [2][0][0] = (27)
08-07 14:32:11.489     1     1 I         : (2)[1:swapper/0][Power/PPM] [2][0][1] = (22)
08-07 14:32:11.489     1     1 I         : (2)[1:swapper/0][Power/PPM] [2][0][2] = (17)
08-07 14:32:11.489     1     1 I         : (2)[1:swapper/0][Power/PPM] [2][0][3] = (16)
08-07 14:32:11.489     1     1 I         : (2)[1:swapper/0][Power/PPM] [2][0][4] = (15)
08-07 14:32:11.489     1     1 I         : (2)[1:swapper/0][Power/PPM] [2][0][5] = (17)
08-07 14:32:11.489     1     1 I         : (2)[1:swapper/0][Power/PPM] [2][0][6] = (22)
08-07 14:32:11.489     1     1 I         : (2)[1:swapper/0][Power/PPM] [2][0][7] = (19)
08-07 14:32:11.489     1     1 I         : (2)[1:swapper/0][Power/PPM] [2][0][8] = (20)
08-07 14:32:11.489     1     1 I         : (2)[1:swapper/0][Power/PPM] [2][0][9] = (21)
08-07 14:32:11.490     1     1 I         : (2)[1:swapper/0][Power/PPM] [2][0][10] = (16)
08-07 14:32:11.490     1     1 I         : (2)[1:swapper/0][Power/PPM] [2][0][11] = (15)
08-07 14:32:11.490     1     1 I         : (2)[1:swapper/0][Power/PPM] [2][0][12] = (15)
08-07 14:32:11.490     1     1 I         : (2)[1:swapper/0][Power/PPM] [2][0][13] = (9)
08-07 14:32:11.490     1     1 I         : (2)[1:swapper/0][Power/PPM] [2][0][14] = (7)
08-07 14:32:11.490     1     1 I         : (2)[1:swapper/0][Power/PPM] [2][0][15] = (17)
08-07 14:32:11.490     1     1 I         : (2)[1:swapper/0][Power/PPM] [2][1][0] = (32)
08-07 14:32:11.490     1     1 I         : (2)[1:swapper/0][Power/PPM] [2][1][1] = (29)
08-07 14:32:11.490     1     1 I         : (2)[1:swapper/0][Power/PPM] [2][1][2] = (24)
08-07 14:32:11.490     1     1 I         : (2)[1:swapper/0][Power/PPM] [2][1][3] = (40)
08-07 14:32:11.490     1     1 I         : (2)[1:swapper/0][Power/PPM] [2][1][4] = (36)
08-07 14:32:11.490     1     1 I         : (2)[1:swapper/0][Power/PPM] [2][1][5] = (38)
08-07 14:32:11.490     1     1 I         : (2)[1:swapper/0][Power/PPM] [2][1][6] = (42)
08-07 14:32:11.490     1     1 I         : (2)[1:swapper/0][Power/PPM] [2][1][7] = (38)
08-07 14:32:11.490     1     1 I         : (2)[1:swapper/0][Power/PPM] [2][1][8] = (42)
08-07 14:32:11.490     1     1 I         : (2)[1:swapper/0][Power/PPM] [2][1][9] = (43)
08-07 14:32:11.490     1     1 I         : (2)[1:swapper/0][Power/PPM] [2][1][10] = (34)
08-07 14:32:11.490     1     1 I         : (2)[1:swapper/0][Power/PPM] [2][1][11] = (32)
08-07 14:32:11.490     1     1 I         : (2)[1:swapper/0][Power/PPM] [2][1][12] = (33)
08-07 14:32:11.490     1     1 I         : (2)[1:swapper/0][Power/PPM] [2][1][13] = (21)
08-07 14:32:11.490     1     1 I         : (2)[1:swapper/0][Power/PPM] [2][1][14] = (14)
08-07 14:32:11.490     1     1 I         : (2)[1:swapper/0][Power/PPM] [2][1][15] = (17)
08-07 14:32:11.490     1     1 I         : (2)[1:swapper/0][Power/PPM] [2][2][0] = (36)
08-07 14:32:11.490     1     1 I         : (2)[1:swapper/0][Power/PPM] [2][2][1] = (34)
08-07 14:32:11.490     1     1 I         : (2)[1:swapper/0][Power/PPM] [2][2][2] = (30)
08-07 14:32:11.490     1     1 I         : (2)[1:swapper/0][Power/PPM] [2][2][3] = (58)
08-07 14:32:11.490     1     1 I         : (2)[1:swapper/0][Power/PPM] [2][2][4] = (52)
08-07 14:32:11.490     1     1 I         : (2)[1:swapper/0][Power/PPM] [2][2][5] = (54)
08-07 14:32:11.490     1     1 I         : (2)[1:swapper/0][Power/PPM] [2][2][6] = (58)
08-07 14:32:11.490     1     1 I         : (2)[1:swapper/0][Power/PPM] [2][2][7] = (52)
08-07 14:32:11.490     1     1 I         : (2)[1:swapper/0][Power/PPM] [2][2][8] = (59)
08-07 14:32:11.490     1     1 I         : (2)[1:swapper/0][Power/PPM] [2][2][9] = (60)
08-07 14:32:11.490     1     1 I         : (2)[1:swapper/0][Power/PPM] [2][2][10] = (49)
08-07 14:32:11.490     1     1 I         : (2)[1:swapper/0][Power/PPM] [2][2][11] = (46)
08-07 14:32:11.490     1     1 I         : (2)[1:swapper/0][Power/PPM] [2][2][12] = (48)
08-07 14:32:11.490     1     1 I         : (2)[1:swapper/0][Power/PPM] [2][2][13] = (28)
08-07 14:32:11.490     1     1 I         : (2)[1:swapper/0][Power/PPM] [2][2][14] = (20)
08-07 14:32:11.490     1     1 I         : (2)[1:swapper/0][Power/PPM] [2][2][15] = (17)
08-07 14:32:11.490     1     1 I         : (2)[1:swapper/0][Power/PPM] [2][3][0] = (40)
08-07 14:32:11.490     1     1 I         : (2)[1:swapper/0][Power/PPM] [2][3][1] = (40)
08-07 14:32:11.490     1     1 I         : (2)[1:swapper/0][Power/PPM] [2][3][2] = (35)
08-07 14:32:11.490     1     1 I         : (2)[1:swapper/0][Power/PPM] [2][3][3] = (78)
08-07 14:32:11.490     1     1 I         : (2)[1:swapper/0][Power/PPM] [2][3][4] = (68)
08-07 14:32:11.490     1     1 I         : (2)[1:swapper/0][Power/PPM] [2][3][5] = (70)
08-07 14:32:11.490     1     1 I         : (2)[1:swapper/0][Power/PPM] [2][3][6] = (72)
08-07 14:32:11.490     1     1 I         : (2)[1:swapper/0][Power/PPM] [2][3][7] = (67)
08-07 14:32:11.490     1     1 I         : (2)[1:swapper/0][Power/PPM] [2][3][8] = (77)
08-07 14:32:11.490   247   247 I (1)[247:dc_trim_thread]mt635x-auxadc mt-pmic: mt635x-auxadc: name:HPOFS_CAL, channel=9, adc_out=0x6aa2, adc_result=27298
08-07 14:32:11.490     1     1 I         : (2)[1:swapper/0][Power/PPM] [2][3][9] = (77)
08-07 14:32:11.490     1     1 I         : (2)[1:swapper/0][Power/PPM] [2][3][10] = (64)
08-07 14:32:11.490     1     1 I         : (2)[1:swapper/0][Power/PPM] [2][3][11] = (59)
08-07 14:32:11.490     1     1 I         : (2)[1:swapper/0][Power/PPM] [2][3][12] = (62)
08-07 14:32:11.490     1     1 I         : (2)[1:swapper/0][Power/PPM] [2][3][13] = (37)
08-07 14:32:11.490     1     1 I         : (2)[1:swapper/0][Power/PPM] [2][3][14] = (25)
08-07 14:32:11.490     1     1 I         : (2)[1:swapper/0][Power/PPM] [2][3][15] = (17)
08-07 14:32:11.490     1     1 I         : (2)[1:swapper/0][Power/PPM] [2][4][0] = (44)
08-07 14:32:11.490     1     1 I         : (2)[1:swapper/0][Power/PPM] [2][4][1] = (47)
08-07 14:32:11.490     1     1 I         : (2)[1:swapper/0][Power/PPM] [2][4][2] = (40)
08-07 14:32:11.490     1     1 I         : (2)[1:swapper/0][Power/PPM] [2][4][3] = (96)
08-07 14:32:11.490     1     1 I         : (2)[1:swapper/0][Power/PPM] [2][4][4] = (84)
08-07 14:32:11.490     1     1 I         : (2)[1:swapper/0][Power/PPM] [2][4][5] = (86)
08-07 14:32:11.490     1     1 I         : (2)[1:swapper/0][Power/PPM] [2][4][6] = (88)
08-07 14:32:11.490     1     1 I         : (2)[1:swapper/0][Power/PPM] [2][4][7] = (82)
08-07 14:32:11.490     1     1 I         : (2)[1:swapper/0][Power/PPM] [2][4][8] = (94)
08-07 14:32:11.490     1     1 I         : (2)[1:swapper/0][Power/PPM] [2][4][9] = (94)
08-07 14:32:11.490     1     1 I         : (2)[1:swapper/0][Power/PPM] [2][4][10] = (78)
08-07 14:32:11.490     1     1 I         : (2)[1:swapper/0][Power/PPM] [2][4][11] = (72)
08-07 14:32:11.490     1     1 I         : (2)[1:swapper/0][Power/PPM] [2][4][12] = (77)
08-07 14:32:11.490     1     1 I         : (2)[1:swapper/0][Power/PPM] [2][4][13] = (46)
08-07 14:32:11.490     1     1 I         : (2)[1:swapper/0][Power/PPM] [2][4][14] = (29)
08-07 14:32:11.490     1     1 I         : (2)[1:swapper/0][Power/PPM] [2][4][15] = (17)
08-07 14:32:11.490     1     1 I         : (2)[1:swapper/0][Power/PPM] [3][0][0] = (40)
08-07 14:32:11.490     1     1 I         : (2)[1:swapper/0][Power/PPM] [3][0][1] = (31)
08-07 14:32:11.490     1     1 I         : (2)[1:swapper/0][Power/PPM] [3][0][2] = (25)
08-07 14:32:11.490     1     1 I         : (2)[1:swapper/0][Power/PPM] [3][0][3] = (22)
08-07 14:32:11.490     1     1 I         : (2)[1:swapper/0][Power/PPM] [3][0][4] = (22)
08-07 14:32:11.490     1     1 I         : (2)[1:swapper/0][Power/PPM] [3][0][5] = (25)
08-07 14:32:11.490     1     1 I         : (2)[1:swapper/0][Power/PPM] [3][0][6] = (32)
08-07 14:32:11.490     1     1 I         : (2)[1:swapper/0][Power/PPM] [3][0][7] = (26)
08-07 14:32:11.490     1     1 I         : (2)[1:swapper/0][Power/PPM] [3][0][8] = (29)
08-07 14:32:11.490     1     1 I         : (2)[1:swapper/0][Power/PPM] [3][0][9] = (30)
08-07 14:32:11.490     1     1 I         : (2)[1:swapper/0][Power/PPM] [3][0][10] = (24)
08-07 14:32:11.490     1     1 I         : (2)[1:swapper/0][Power/PPM] [3][0][11] = (21)
08-07 14:32:11.490     1     1 I         : (2)[1:swapper/0][Power/PPM] [3][0][12] = (22)
08-07 14:32:11.490     1     1 I         : (2)[1:swapper/0][Power/PPM] [3][0][13] = (13)
08-07 14:32:11.490     1     1 I         : (2)[1:swapper/0][Power/PPM] [3][0][14] = (10)
08-07 14:32:11.490     1     1 I         : (2)[1:swapper/0][Power/PPM] [3][0][15] = (16)
08-07 14:32:11.490     1     1 I         : (2)[1:swapper/0][Power/PPM] [3][1][0] = (45)
08-07 14:32:11.490     1     1 I         : (2)[1:swapper/0][Power/PPM] [3][1][1] = (38)
08-07 14:32:11.490     1     1 I         : (2)[1:swapper/0][Power/PPM] [3][1][2] = (32)
08-07 14:32:11.490     1     1 I         : (2)[1:swapper/0][Power/PPM] [3][1][3] = (46)
08-07 14:32:11.490     1     1 I         : (2)[1:swapper/0][Power/PPM] [3][1][4] = (43)
08-07 14:32:11.490     1     1 I         : (2)[1:swapper/0][Power/PPM] [3][1][5] = (46)
08-07 14:32:11.490     1     1 I         : (2)[1:swapper/0][Power/PPM] [3][1][6] = (52)
08-07 14:32:11.490     1     1 I         : (2)[1:swapper/0][Power/PPM] [3][1][7] = (45)
08-07 14:32:11.490     1     1 I         : (2)[1:swapper/0][Power/PPM] [3][1][8] = (51)
08-07 14:32:11.490     1     1 I         : (2)[1:swapper/0][Power/PPM] [3][1][9] = (52)
08-07 14:32:11.490     1     1 I         : (2)[1:swapper/0][Power/PPM] [3][1][10] = (42)
08-07 14:32:11.490     1     1 I         : (2)[1:swapper/0][Power/PPM] [3][1][11] = (38)
08-07 14:32:11.490     1     1 I         : (2)[1:swapper/0][Power/PPM] [3][1][12] = (40)
08-07 14:32:11.490     1     1 I         : (2)[1:swapper/0][Power/PPM] [3][1][13] = (25)
08-07 14:32:11.490     1     1 I         : (2)[1:swapper/0][Power/PPM] [3][1][14] = (17)
08-07 14:32:11.490     1     1 I         : (2)[1:swapper/0][Power/PPM] [3][1][15] = (16)
08-07 14:32:11.490     1     1 I         : (2)[1:swapper/0][Power/PPM] [3][2][0] = (49)
08-07 14:32:11.490     1     1 I         : (2)[1:swapper/0][Power/PPM] [3][2][1] = (43)
08-07 14:32:11.490     1     1 I         : (2)[1:swapper/0][Power/PPM] [3][2][2] = (38)
08-07 14:32:11.490     1     1 I         : (2)[1:swapper/0][Power/PPM] [3][2][3] = (64)
08-07 14:32:11.490     1     1 I         : (2)[1:swapper/0][Power/PPM] [3][2][4] = (59)
08-07 14:32:11.490     1     1 I         : (2)[1:swapper/0][Power/PPM] [3][2][5] = (62)
08-07 14:32:11.490     1     1 I         : (2)[1:swapper/0][Power/PPM] [3][2][6] = (68)
08-07 14:32:11.490     1     1 I         : (2)[1:swapper/0][Power/PPM] [3][2][7] = (59)
08-07 14:32:11.490     1     1 I         : (2)[1:swapper/0][Power/PPM] [3][2][8] = (68)
08-07 14:32:11.490     1     1 I         : (2)[1:swapper/0][Power/PPM] [3][2][9] = (69)
08-07 14:32:11.490     1     1 I         : (2)[1:swapper/0][Power/PPM] [3][2][10] = (57)
08-07 14:32:11.490     1     1 I         : (2)[1:swapper/0][Power/PPM] [3][2][11] = (52)
08-07 14:32:11.490     1     1 I         : (2)[1:swapper/0][Power/PPM] [3][2][12] = (55)
08-07 14:32:11.490     1     1 I         : (2)[1:swapper/0][Power/PPM] [3][2][13] = (32)
08-07 14:32:11.490     1     1 I         : (2)[1:swapper/0][Power/PPM] [3][2][14] = (23)
08-07 14:32:11.490     1     1 I         : (2)[1:swapper/0][Power/PPM] [3][2][15] = (16)
08-07 14:32:11.490     1     1 I         : (2)[1:swapper/0][Power/PPM] [3][3][0] = (53)
08-07 14:32:11.490     1     1 I         : (2)[1:swapper/0][Power/PPM] [3][3][1] = (49)
08-07 14:32:11.490     1     1 I         : (2)[1:swapper/0][Power/PPM] [3][3][2] = (43)
08-07 14:32:11.490     1     1 I         : (2)[1:swapper/0][Power/PPM] [3][3][3] = (84)
08-07 14:32:11.490     1     1 I         : (2)[1:swapper/0][Power/PPM] [3][3][4] = (75)
08-07 14:32:11.490     1     1 I         : (2)[1:swapper/0][Power/PPM] [3][3][5] = (78)
08-07 14:32:11.490     1     1 I         : (2)[1:swapper/0][Power/PPM] [3][3][6] = (82)
08-07 14:32:11.490     1     1 I         : (2)[1:swapper/0][Power/PPM] [3][3][7] = (74)
08-07 14:32:11.490     1     1 I         : (2)[1:swapper/0][Power/PPM] [3][3][8] = (86)
08-07 14:32:11.490     1     1 I         : (2)[1:swapper/0][Power/PPM] [3][3][9] = (86)
08-07 14:32:11.490     1     1 I         : (2)[1:swapper/0][Power/PPM] [3][3][10] = (72)
08-07 14:32:11.490     1     1 I         : (2)[1:swapper/0][Power/PPM] [3][3][11] = (65)
08-07 14:32:11.490     1     1 I         : (2)[1:swapper/0][Power/PPM] [3][3][12] = (69)
08-07 14:32:11.490     1     1 I         : (2)[1:swapper/0][Power/PPM] [3][3][13] = (41)
08-07 14:32:11.490     1     1 I         : (2)[1:swapper/0][Power/PPM] [3][3][14] = (28)
08-07 14:32:11.490     1     1 I         : (2)[1:swapper/0][Power/PPM] [3][3][15] = (16)
08-07 14:32:11.490     1     1 I         : (2)[1:swapper/0][Power/PPM] [3][4][0] = (57)
08-07 14:32:11.490     1     1 I         : (2)[1:swapper/0][Power/PPM] [3][4][1] = (56)
08-07 14:32:11.490     1     1 I         : (2)[1:swapper/0][Power/PPM] [3][4][2] = (48)
08-07 14:32:11.490     1     1 I         : (2)[1:swapper/0][Power/PPM] [3][4][3] = (102)
08-07 14:32:11.490     1     1 I         : (2)[1:swapper/0][Power/PPM] [3][4][4] = (91)
08-07 14:32:11.490     1     1 I         : (2)[1:swapper/0][Power/PPM] [3][4][5] = (94)
08-07 14:32:11.490     1     1 I         : (2)[1:swapper/0][Power/PPM] [3][4][6] = (98)
08-07 14:32:11.490     1     1 I         : (2)[1:swapper/0][Power/PPM] [3][4][7] = (89)
08-07 14:32:11.490     1     1 I         : (2)[1:swapper/0][Power/PPM] [3][4][8] = (103)
08-07 14:32:11.490     1     1 I         : (2)[1:swapper/0][Power/PPM] [3][4][9] = (103)
08-07 14:32:11.490     1     1 I         : (2)[1:swapper/0][Power/PPM] [3][4][10] = (86)
08-07 14:32:11.490     1     1 I         : (2)[1:swapper/0][Power/PPM] [3][4][11] = (78)
08-07 14:32:11.490     1     1 I         : (2)[1:swapper/0][Power/PPM] [3][4][12] = (84)
08-07 14:32:11.490     1     1 I         : (2)[1:swapper/0][Power/PPM] [3][4][13] = (50)
08-07 14:32:11.490     1     1 I         : (2)[1:swapper/0][Power/PPM] [3][4][14] = (32)
08-07 14:32:11.490     1     1 I         : (2)[1:swapper/0][Power/PPM] [3][4][15] = (16)
08-07 14:32:11.490     1     1 I         : (2)[1:swapper/0][Power/PPM] [4][0][0] = (51)
08-07 14:32:11.490     1     1 I         : (2)[1:swapper/0][Power/PPM] [4][0][1] = (41)
08-07 14:32:11.490     1     1 I         : (2)[1:swapper/0][Power/PPM] [4][0][2] = (33)
08-07 14:32:11.490     1     1 I         : (2)[1:swapper/0][Power/PPM] [4][0][3] = (29)
08-07 14:32:11.490     1     1 I         : (2)[1:swapper/0][Power/PPM] [4][0][4] = (28)
08-07 14:32:11.490     1     1 I         : (2)[1:swapper/0][Power/PPM] [4][0][5] = (32)
08-07 14:32:11.490     1     1 I         : (2)[1:swapper/0][Power/PPM] [4][0][6] = (42)
08-07 14:32:11.490     1     1 I         : (2)[1:swapper/0][Power/PPM] [4][0][7] = (35)
08-07 14:32:11.490     1     1 I         : (2)[1:swapper/0][Power/PPM] [4][0][8] = (38)
08-07 14:32:11.490     1     1 I         : (2)[1:swapper/0][Power/PPM] [4][0][9] = (39)
08-07 14:32:11.490     1     1 I         : (2)[1:swapper/0][Power/PPM] [4][0][10] = (30)
08-07 14:32:11.490     1     1 I         : (2)[1:swapper/0][Power/PPM] [4][0][11] = (28)
08-07 14:32:11.490     1     1 I         : (2)[1:swapper/0][Power/PPM] [4][0][12] = (28)
08-07 14:32:11.490     1     1 I         : (2)[1:swapper/0][Power/PPM] [4][0][13] = (17)
08-07 14:32:11.490     1     1 I         : (2)[1:swapper/0][Power/PPM] [4][0][14] = (14)
08-07 14:32:11.490     1     1 I         : (2)[1:swapper/0][Power/PPM] [4][0][15] = (16)
08-07 14:32:11.490     1     1 I         : (2)[1:swapper/0][Power/PPM] [4][1][0] = (56)
08-07 14:32:11.490     1     1 I         : (2)[1:swapper/0][Power/PPM] [4][1][1] = (48)
08-07 14:32:11.490     1     1 I         : (2)[1:swapper/0][Power/PPM] [4][1][2] = (40)
08-07 14:32:11.490     1     1 I         : (2)[1:swapper/0][Power/PPM] [4][1][3] = (53)
08-07 14:32:11.490     1     1 I         : (2)[1:swapper/0][Power/PPM] [4][1][4] = (49)
08-07 14:32:11.490     1     1 I         : (2)[1:swapper/0][Power/PPM] [4][1][5] = (53)
08-07 14:32:11.490     1     1 I         : (2)[1:swapper/0][Power/PPM] [4][1][6] = (62)
08-07 14:32:11.490     1     1 I         : (2)[1:swapper/0][Power/PPM] [4][1][7] = (54)
08-07 14:32:11.490     1     1 I         : (2)[1:swapper/0][Power/PPM] [4][1][8] = (60)
08-07 14:32:11.490     1     1 I         : (2)[1:swapper/0][Power/PPM] [4][1][9] = (61)
08-07 14:32:11.490     1     1 I         : (2)[1:swapper/0][Power/PPM] [4][1][10] = (48)
08-07 14:32:11.490     1     1 I         : (2)[1:swapper/0][Power/PPM] [4][1][11] = (45)
08-07 14:32:11.490     1     1 I         : (2)[1:swapper/0][Power/PPM] [4][1][12] = (46)
08-07 14:32:11.490     1     1 I         : (2)[1:swapper/0][Power/PPM] [4][1][13] = (29)
08-07 14:32:11.490     1     1 I         : (2)[1:swapper/0][Power/PPM] [4][1][14] = (21)
08-07 14:32:11.490     1     1 I         : (2)[1:swapper/0][Power/PPM] [4][1][15] = (16)
08-07 14:32:11.490     1     1 I         : (2)[1:swapper/0][Power/PPM] [4][2][0] = (60)
08-07 14:32:11.490     1     1 I         : (2)[1:swapper/0][Power/PPM] [4][2][1] = (53)
08-07 14:32:11.490     1     1 I         : (2)[1:swapper/0][Power/PPM] [4][2][2] = (46)
08-07 14:32:11.490     1     1 I         : (2)[1:swapper/0][Power/PPM] [4][2][3] = (71)
08-07 14:32:11.490     1     1 I         : (2)[1:swapper/0][Power/PPM] [4][2][4] = (65)
08-07 14:32:11.490     1     1 I         : (2)[1:swapper/0][Power/PPM] [4][2][5] = (69)
08-07 14:32:11.490     1     1 I         : (2)[1:swapper/0][Power/PPM] [4][2][6] = (78)
08-07 14:32:11.490     1     1 I         : (2)[1:swapper/0][Power/PPM] [4][2][7] = (68)
08-07 14:32:11.490     1     1 I         : (2)[1:swapper/0][Power/PPM] [4][2][8] = (77)
08-07 14:32:11.490     1     1 I         : (2)[1:swapper/0][Power/PPM] [4][2][9] = (78)
08-07 14:32:11.490     1     1 I         : (2)[1:swapper/0][Power/PPM] [4][2][10] = (63)
08-07 14:32:11.490     1     1 I         : (2)[1:swapper/0][Power/PPM] [4][2][11] = (59)
08-07 14:32:11.490     1     1 I         : (2)[1:swapper/0][Power/PPM] [4][2][12] = (61)
08-07 14:32:11.490     1     1 I         : (2)[1:swapper/0][Power/PPM] [4][2][13] = (36)
08-07 14:32:11.490     1     1 I         : (2)[1:swapper/0][Power/PPM] [4][2][14] = (27)
08-07 14:32:11.490     1     1 I         : (2)[1:swapper/0][Power/PPM] [4][2][15] = (16)
08-07 14:32:11.490     1     1 I         : (2)[1:swapper/0][Power/PPM] [4][3][0] = (64)
08-07 14:32:11.490     1     1 I         : (2)[1:swapper/0][Power/PPM] [4][3][1] = (59)
08-07 14:32:11.490     1     1 I         : (2)[1:swapper/0][Power/PPM] [4][3][2] = (51)
08-07 14:32:11.490     1     1 I         : (2)[1:swapper/0][Power/PPM] [4][3][3] = (91)
08-07 14:32:11.490     1     1 I         : (2)[1:swapper/0][Power/PPM] [4][3][4] = (81)
08-07 14:32:11.490     1     1 I         : (2)[1:swapper/0][Power/PPM] [4][3][5] = (85)
08-07 14:32:11.490     1     1 I         : (2)[1:swapper/0][Power/PPM] [4][3][6] = (92)
08-07 14:32:11.490     1     1 I         : (2)[1:swapper/0][Power/PPM] [4][3][7] = (83)
08-07 14:32:11.490     1     1 I         : (2)[1:swapper/0][Power/PPM] [4][3][8] = (95)
08-07 14:32:11.490     1     1 I         : (2)[1:swapper/0][Power/PPM] [4][3][9] = (95)
08-07 14:32:11.490     1     1 I         : (2)[1:swapper/0][Power/PPM] [4][3][10] = (78)
08-07 14:32:11.490     1     1 I         : (2)[1:swapper/0][Power/PPM] [4][3][11] = (72)
08-07 14:32:11.490     1     1 I         : (2)[1:swapper/0][Power/PPM] [4][3][12] = (75)
08-07 14:32:11.490     1     1 I         : (2)[1:swapper/0][Power/PPM] [4][3][13] = (45)
08-07 14:32:11.490     1     1 I         : (2)[1:swapper/0][Power/PPM] [4][3][14] = (32)
08-07 14:32:11.490     1     1 I         : (2)[1:swapper/0][Power/PPM] [4][3][15] = (16)
08-07 14:32:11.490     1     1 I         : (2)[1:swapper/0][Power/PPM] [4][4][0] = (68)
08-07 14:32:11.490     1     1 I         : (2)[1:swapper/0][Power/PPM] [4][4][1] = (66)
08-07 14:32:11.490     1     1 I         : (2)[1:swapper/0][Power/PPM] [4][4][2] = (56)
08-07 14:32:11.490     1     1 I         : (2)[1:swapper/0][Power/PPM] [4][4][3] = (109)
08-07 14:32:11.490     1     1 I         : (2)[1:swapper/0][Power/PPM] [4][4][4] = (97)
08-07 14:32:11.490     1     1 I         : (2)[1:swapper/0][Power/PPM] [4][4][5] = (101)
08-07 14:32:11.490     1     1 I         : (2)[1:swapper/0][Power/PPM] [4][4][6] = (108)
08-07 14:32:11.490     1     1 I         : (2)[1:swapper/0][Power/PPM] [4][4][7] = (98)
08-07 14:32:11.490     1     1 I         : (2)[1:swapper/0][Power/PPM] [4][4][8] = (112)
08-07 14:32:11.490     1     1 I         : (2)[1:swapper/0][Power/PPM] [4][4][9] = (112)
08-07 14:32:11.490     1     1 I         : (2)[1:swapper/0][Power/PPM] [4][4][10] = (92)
08-07 14:32:11.490     1     1 I         : (2)[1:swapper/0][Power/PPM] [4][4][11] = (85)
08-07 14:32:11.490     1     1 I         : (2)[1:swapper/0][Power/PPM] [4][4][12] = (90)
08-07 14:32:11.490     1     1 I         : (2)[1:swapper/0][Power/PPM] [4][4][13] = (54)
08-07 14:32:11.490     1     1 I         : (2)[1:swapper/0][Power/PPM] [4][4][14] = (36)
08-07 14:32:11.490     1     1 I         : (2)[1:swapper/0][Power/PPM] [4][4][15] = (16)
08-07 14:32:11.490     1     1 I         : (2)[1:swapper/0][Power/PPM] COBRA init done!
08-07 14:32:11.490     1     1 I         : (2)[1:swapper/0][Power/PPM] power data init done!
08-07 14:32:11.491     1     1 I         : (2)[1:swapper/0][Power/dcm] weak function of dcm_pre_init
08-07 14:32:11.491     1     1 I (2)[1:swapper/0][Power/dcm] [dcm_set_default]type: 0x00004287, init_dcm_type=0x4287, INIT_DCM_TYPE_BY_K=0x0
08-07 14:32:11.491     1     1 I         : (2)[1:swapper/0][Power/dcm] [     ARMCORE_DCM 0x00000001] current state:1 (0)
08-07 14:32:11.491     1     1 I         : (2)[1:swapper/0][Power/dcm] [      MCUSYS_DCM 0x00000002] current state:1 (0)
08-07 14:32:11.491     1     1 I         : (2)[1:swapper/0][Power/dcm] [       INFRA_DCM 0x00000004] current state:1 (0)
08-07 14:32:11.491     1     1 I         : (2)[1:swapper/0][Power/dcm] [       STALL_DCM 0x00000080] current state:1 (0)
08-07 14:32:11.491     1     1 I         : (2)[1:swapper/0][Power/dcm] [    GIC_SYNC_DCM 0x00000200] current state:1 (0)
08-07 14:32:11.491     1     1 I         : (2)[1:swapper/0][Power/dcm] [        MCSI_DCM 0x00004000] current state:1 (0)
08-07 14:32:11.491     1     1 I         : (2)[1:swapper/0][Power/dcm] weak function of dcm_smc_msg_send: msg=17031
08-07 14:32:11.491     1     1 I         : (2)[1:swapper/0][Power/dcm]
08-07 14:32:11.491     0     0 I         : ******** dcm dump register *********
08-07 14:32:11.491     1     1 I         : (2)[1:swapper/0][Power/dcm] L2C_SRAM_CTRL                 (0xffffff8009e05648): 0x000c0081
08-07 14:32:11.491     1     1 I         : (2)[1:swapper/0][Power/dcm] CCI_CLK_CTRL                  (0xffffff8009e05660): 0x00000114
08-07 14:32:11.491     1     1 I         : (2)[1:swapper/0][Power/dcm] BUS_FABRIC_DCM_CTRL           (0xffffff8009e05668): 0x3fff1fff
08-07 14:32:11.491     1     1 I         : (2)[1:swapper/0][Power/dcm] MCU_MISC_DCM_CTRL             (0xffffff8009e0566c): 0x00000003
08-07 14:32:11.491     1     1 I         : (2)[1:swapper/0][Power/dcm] CCI_ADB400_DCM_CONFIG         (0xffffff8009e05740): 0x0000087f
08-07 14:32:11.491     1     1 I         : (2)[1:swapper/0][Power/dcm] SYNC_DCM_CONFIG               (0xffffff8009e05744): 0x06f25c47
08-07 14:32:11.491     1     1 I         : (2)[1:swapper/0][Power/dcm] SYNC_DCM_CLUSTER_CONFIG       (0xffffff8009e0574c): 0x063f8f8f
08-07 14:32:11.491     1     1 I         : (2)[1:swapper/0][Power/dcm] MP_GIC_RGU_SYNC_DCM           (0xffffff8009e05758): 0x00000001
08-07 14:32:11.491     1     1 I         : (2)[1:swapper/0][Power/dcm] MP0_PLL_DIVIDER_CFG           (0xffffff8009e057a0): 0x00010a00
08-07 14:32:11.491     1     1 I         : (2)[1:swapper/0][Power/dcm] MP1_PLL_DIVIDER_CFG           (0xffffff8009e057a4): 0x00000aff
08-07 14:32:11.491     1     1 I         : (2)[1:swapper/0][Power/dcm] BUS_PLL_DIVIDER_CFG           (0xffffff8009e057c0): 0x00010a00
08-07 14:32:11.491     1     1 I         : (2)[1:swapper/0][Power/dcm] MCSIA_DCM_EN                  (0xffffff8009e05b60): 0xffff0000
08-07 14:32:11.491     1     1 I         : (2)[1:swapper/0][Power/dcm] INFRA_BUS_DCM_CTRL            (0xffffff8009e03070): 0x40ff0603
08-07 14:32:11.491     1     1 I         : (2)[1:swapper/0][Power/dcm] PERI_BUS_DCM_CTRL             (0xffffff8009e03074): 0xb47f83e3
08-07 14:32:11.491     1     1 I         : (2)[1:swapper/0][Power/dcm] MEM_DCM_CTRL                  (0xffffff8009e03078): 0x19a007c0
08-07 14:32:11.491     1     1 I         : (2)[1:swapper/0][Power/dcm] P2P_RX_CLK_ON                 (0xffffff8009e030a0): 0x00000000
08-07 14:32:11.491     1     1 I         : (2)[1:swapper/0][Power/dcm] CHN0_EMI_CHN_EMI_CONB         (0xffffff800841f008): 0x00ff2048
08-07 14:32:11.491     1     1 I         : (2)[1:swapper/0][Power/dcm] CHN1_EMI_CHN_EMI_CONB         (0xffffff8008421008): 0x00ff2048
08-07 14:32:11.491     1     1 I         : (2)[1:swapper/0][HPS] hps_init
08-07 14:32:11.491     1     1 I         : (2)[1:swapper/0][HPS] hps_cpu_init
08-07 14:32:11.491     1     1 I         : (2)[1:swapper/0][HPS] [New algo.] hps_sys.cluster_num 2
08-07 14:32:11.491     1     1 I (2)[1:swapper/0][HPS] 0: func_id 3840, enabled 1
08-07 14:32:11.491     1     1 I (2)[1:swapper/0][HPS] 1: func_id 3841, enabled 1
08-07 14:32:11.491     1     1 I (2)[1:swapper/0][HPS] 2: func_id 3842, enabled 1
08-07 14:32:11.491     1     1 I         : (2)[1:swapper/0][HPS] hps_probe
08-07 14:32:11.492     1     1 I         : (2)[1:swapper/0][HPS] hps_task_start success, ptr:         (ptrval), pid: 271
08-07 14:32:11.492     1     1 I         : (2)[1:swapper/0]mcdi_init
08-07 14:32:11.492   271   271 I (4)[271:hps_main][HPS] hps_ctxt.init_state: 1
08-07 14:32:11.492   271   271 I (4)[271:hps_main][HPS] hps_ctxt.state: 0
08-07 14:32:11.492   271   271 I (4)[271:hps_main][HPS] hps_ctxt.enabled: 1
08-07 14:32:11.492   271   271 I (4)[271:hps_main][HPS] hps_ctxt.suspend_enabled: 1
08-07 14:32:11.492   271   271 I (4)[271:hps_main][HPS] hps_ctxt.is_hmp: 0
08-07 14:32:11.492   271   271 I (4)[271:hps_main][HPS] hps_ctxt.little_cpu_id_min: 0
08-07 14:32:11.492   271   271 I (4)[271:hps_main][HPS] hps_ctxt.little_cpu_id_max: 3
08-07 14:32:11.492   271   271 I (4)[271:hps_main][HPS] hps_ctxt.big_cpu_id_min: 4
08-07 14:32:11.492   271   271 I (4)[271:hps_main][HPS] hps_ctxt.big_cpu_id_max: 7
08-07 14:32:11.492   271   271 I         : (4)[271:hps_main]CPU 0 ==>0
08-07 14:32:11.492   271   271 I         : (4)[271:hps_main]CPU 1 ==>0
08-07 14:32:11.492   271   271 I         : (4)[271:hps_main]CPU 2 ==>0
08-07 14:32:11.492   271   271 I         : (4)[271:hps_main]CPU 3 ==>0
08-07 14:32:11.492   271   271 I         : (4)[271:hps_main]CPU 4 ==>0
08-07 14:32:11.492   271   271 I         : (4)[271:hps_main]CPU 5 ==>0
08-07 14:32:11.492   271   271 I         : (4)[271:hps_main]CPU 6 ==>0
08-07 14:32:11.492   271   271 I         : (4)[271:hps_main]CPU 7 ==>0
08-07 14:32:11.492     1     1 I         : (2)[1:swapper/0]set_mcdi_s_state = 5
08-07 14:32:11.492     1     1 I         : (2)[1:swapper/0]#@# cm_mgr_check_dram_type(261) ddr_type 0x1, ddr_hz 1866, cm_mgr_idx 0x1
08-07 14:32:11.493   246   246 I (0)[246:kworker/0:1]mmc0: Command Queue supported depth 16
08-07 14:32:11.494   244   244 I (2)[244:kworker/2:2][MUSB]usb20_check_vbus_on 137: vbus_on<0>
08-07 14:32:11.494   244   244 I (2)[244:kworker/2:2]charger type: charger IN
08-07 14:32:11.495   247   247 I (1)[247:dc_trim_thread]mt635x-auxadc mt-pmic: mt635x-auxadc: name:HPOFS_CAL, channel=9, adc_out=0x6a8f, adc_result=27279
08-07 14:32:11.497     1     1 E (3)[1:swapper/0]PVR_K: 1: irq_res = 0xf6
08-07 14:32:11.497     1     1 E (3)[1:swapper/0]PVR_K: 1: reg_res = 0x13000000, 0x80000
08-07 14:32:11.497   246   246 I         : (0)[246:kworker/0:1][msdc]msdc0 -> !!! Set<200000KHz> Source<400000KHz> -> sclk<200000KHz> timing<9> mode<0> div<0> hs400_div_dis<0>
08-07 14:32:11.498     1     1 E (3)[1:swapper/0]PVR_K: 1: Read BVNC 22.87.104.18 from HW device registers
08-07 14:32:11.498     1     1 E (3)[1:swapper/0]PVR_K: 1: RGX Device registered with BVNC 22.87.104.18
08-07 14:32:11.498     1     1 I         : (3)[1:swapper/0][drm] Initialized pvr 1.11.5425693 20170530 on minor 0
08-07 14:32:11.498   246   246 I         : (0)[246:kworker/0:1][AUTOK]eMMC HS200 Tune
08-07 14:32:11.499     1     1 I (3)[1:swapper/0]MMP: mmprofile_enable(): enable: 1
08-07 14:32:11.499     1     1 I (3)[1:swapper/0]MMP: mmprofile_force_start(): start: 1
08-07 14:32:11.499     1     1 I         : (3)[1:swapper/0][mmdvfs]force flip step0 when late_init
08-07 14:32:11.499     1     1 I -(3)[1:swapper/0]mtk_rtc_hal_common: RTC_IRQ_EN = 0xc, RTC_PDN1 = 0x0
08-07 14:32:11.499     1     1 I -(3)[1:swapper/0]mtk_rtc_hal_common: hal_rtc_get_spare_register: cmd[12], get rg[0x5b8, 0x1 , 6] = 0x0
08-07 14:32:11.499     1     1 I (3)[1:swapper/0]mtk_rtc_common: There is no Crystal
08-07 14:32:11.499     1     1 I (3)[1:swapper/0]log store: sram_dram_buff addr 0x7ffc0000, size 0x40000.
08-07 14:32:11.499     1     1 I (3)[1:swapper/0][PHY layout]log_store_mem: 0x7ffc0000 - 0x7fffffff (0x40000)
08-07 14:32:11.499     1     1 I         : (3)[1:swapper/0]buff         (ptrval), sig cdab3412 size 40000 pl 20, sz 4f28 lk 4f48, sz 1a705 p c, l c
08-07 14:32:11.499     1     1 I         : (3)[1:swapper/0][CMDQ]mdp_late_init begin
08-07 14:32:11.499     1     1 I         : (3)[1:swapper/0][CMDQ]mdp_late_init end
08-07 14:32:11.499     1     1 I         : (3)[1:swapper/0][CMDQ]CMDQ driver late init begin
08-07 14:32:11.500     1     1 E         : (3)[1:swapper/0]set tps65132_gpios[GPIO_ENP_HIGH] pins
08-07 14:32:11.501     1     1 E         : (3)[1:swapper/0]set tps65132_gpios[GPIO_ENN_HIGH] pins
08-07 14:32:11.502   246   246 I         : (0)[246:kworker/0:1][AUTOK]CMD 0 	 30 	 OOOOOOOOOOOOOOOOOOOOOOOOOOOXXXXXXXOOOOOOOOOOOOOOOOOOOOOOOOOOOOOO
08-07 14:32:11.502     1     1 I         : (3)[1:swapper/0][Thermal/TC/bcct]mtkcooler_bcct_late_init
08-07 14:32:11.502     1     1 I         : (3)[1:swapper/0][Thermal/TC/bcct]mtkcooler_bcct_pdrv_probe
08-07 14:32:11.502     1     1 E (3)[1:swapper/0]memory-ssmr: [INIT FAIL]: cma is not inited
08-07 14:32:11.502     1     1 E (3)[1:swapper/0]memory-ssmr: SSMR sanity fail
08-07 14:32:11.503     1     1 E (3)[1:swapper/0]sys_timer 10017000.sys_timer: invalid resource
08-07 14:32:11.503     1     1 I         : (3)[1:swapper/0]unable to ioremap sysram base, might be disabled
08-07 14:32:11.503     1     1 I         : (3)[1:swapper/0]mult=161319385, shift=21, maxsec=5000
08-07 14:32:11.503     1     1 I (3)[1:swapper/0]enabled: 1, support_sysram: 0
08-07 14:32:11.504   101   101 I (4)[101:kworker/u16:1]mtk-tpd: [tpd_init_work_callback:744] MediaTek touch panel driver init
08-07 14:32:11.504   101   101 I (4)[101:kworker/u16:1]mtk-tpd: [tpd_probe:564] enter tpd_probe, 564
08-07 14:32:11.504   101   101 I (4)[101:kworker/u16:1]mtk-tpd: [tpd_get_gpio_info:187] [tpd -1] mt_tpd_pinctrl+++++++++++++++++
08-07 14:32:11.504   246   246 I         : (0)[246:kworker/0:1][AUTOK]CMD 1 	 44 	 OOXXXXXXXOOOOOOOOOOOOOOOOOOOOOOOOOOOOOOOOOOOOOOOOOOOOXXXXXXXOOOO
08-07 14:32:11.504   246   246 I (0)[246:kworker/0:1][AUTOK]Analysis Result: 1T = 50
08-07 14:32:11.504   101   101 I (4)[101:kworker/u16:1]mtk-tpd: [tpd_get_gpio_info:197] Cannot find pinctrl default -19!
08-07 14:32:11.504   246   246 I         : (0)[246:kworker/0:1][AUTOK]dev status 0x00000900
08-07 14:32:11.504   101   101 I (4)[101:kworker/u16:1]mtk-tpd: [tpd_get_gpio_info:233] [tpd-1] mt_tpd_pinctrl----------
08-07 14:32:11.504   101   101 W (4)[101:kworker/u16:1][FTS]tpd_local_init: Enter
08-07 14:32:11.504   101   101 W (4)[101:kworker/u16:1][FTS]tpd_probe: Enter
08-07 14:32:11.504   101   101 I         : (4)[101:kworker/u16:1][FTS][Info][TPD]Change i2c addr 0x5d to 38
08-07 14:32:11.505   101   101 I         : (4)[101:kworker/u16:1][FTS][Info][TPD]i2c addr=0x38
08-07 14:32:11.505   101   101 W (5)[101:kworker/u16:1][FTS]fts_i2c_init: Enter
08-07 14:32:11.505   101   101 W (5)[101:kworker/u16:1][FTS]fts_i2c_init: Exit(370)
08-07 14:32:11.505   101   101 W (5)[101:kworker/u16:1][FTS]fts_input_init: Enter
08-07 14:32:11.505   101   101 W (5)[101:kworker/u16:1][FTS]fts_input_init: Exit(863)
08-07 14:32:11.505   101   101 W (5)[101:kworker/u16:1][FTS]fts_reset_proc: Enter
08-07 14:32:11.505   101   101 I (5)[101:kworker/u16:1]mtk-tpd: [tpd_gpio_output:160] tpd_gpio_output pin = 0, level = 0
08-07 14:32:11.505     1     1 I (3)[1:swapper/0]mt-rtc mt-rtc: setting system clock to 2022-08-07 14:32:11 UTC (1659882731)
08-07 14:32:11.509   246   246 I         : (0)[246:kworker/0:1][AUTOK]DAT 0 	 27 	 OOOOOOOOOOOOOOOOOOOOOOOOOOOXXXXXXXXXXOOOOOOOOOOOOOOOOOOOOOOOOOOO
08-07 14:32:11.513   246   246 I         : (0)[246:kworker/0:1][AUTOK]DAT 1 	 40 	 OOXXXXXXXXXXOOOOOOOOOOOOOOOOOOOOOOOOOOOOOOOOOOOOOOOOXXXXXXXXXXXO
08-07 14:32:11.513   246   246 I (0)[246:kworker/0:1][AUTOK]Analysis Result: 1T = 50
08-07 14:32:11.513   246   246 I (0)[246:kworker/0:1][AUTOK]CMD [EDGE: 0 CMD_FIFO_EDGE:0 DLY1:5 DLY2:0]
08-07 14:32:11.513   246   246 I (0)[246:kworker/0:1][AUTOK]DAT [RDAT_EDGE: 0 RD_FIFO_EDGE:0 WD_FIFO_EDGE:0]
08-07 14:32:11.513   246   246 I (0)[246:kworker/0:1][AUTOK]DAT [LATCH_CK: 0 DLY1:6 DLY2:0]
08-07 14:32:11.513   246   246 I (0)[246:kworker/0:1][AUTOK]DS  [DLY1: 0 DLY2:0 DLY3:0]
08-07 14:32:11.513   246   246 I         : (0)[246:kworker/0:1][AUTOK]CLK TX  [0]
08-07 14:32:11.513   246   246 I         : (0)[246:kworker/0:1][AUTOK]CMD TX  [0]
08-07 14:32:11.513   246   246 I         : (0)[246:kworker/0:1][AUTOK]DAT TX  [D0:0 D1:0 D2:0 D3:0]
08-07 14:32:11.513   246   246 I         : (0)[246:kworker/0:1][AUTOK]DAT TX  [D4:0 D5:0 D6:0 D7:0]
08-07 14:32:11.513   246   246 I (0)[246:kworker/0:1][AUTOK][HS200]======Cost: 2025353729 ms======
08-07 14:32:11.514   246   246 I         : (0)[246:kworker/0:1][msdc]msdc0 -> !!! Set<52000KHz> Source<400000KHz> -> sclk<50000KHz> timing<1> mode<0> div<2> hs400_div_dis<0>
08-07 14:32:11.514   246   246 I         : (0)[246:kworker/0:1][msdc]msdc0 -> !!! Set<200000KHz> Source<400000KHz> -> sclk<200000KHz> timing<10> mode<3> div<0> hs400_div_dis<1>
08-07 14:32:11.516   246   246 I         : (0)[246:kworker/0:1][AUTOK]eMMC HS400 Tune
08-07 14:32:11.518   246   246 I         : (0)[246:kworker/0:1][AUTOK]CMD 0 	 31 	 OOOOOOOOOOOOOOOOOOOOOOOOOOXXXXXXXOOOOOOOOOOOOOOOOOOOOOOOOOOOOOOO
08-07 14:32:11.519   246   246 I         : (0)[246:kworker/0:1][AUTOK]CMD 1 	 45 	 OXXXXXXOOOOOOOOOOOOOOOOOOOOOOOOOOOOOOOOOOOOOOOOOOOOOXXXXXXOOOOOO
08-07 14:32:11.519   246   246 I (0)[246:kworker/0:1][AUTOK]Analysis Result: 1T = 52
08-07 14:32:11.519   246   246 I         : (0)[246:kworker/0:1][AUTOK]device status 0x00000900
08-07 14:32:11.519   246   246 I         : (0)[246:kworker/0:1][AUTOK]CQ not enabled
08-07 14:32:11.520   101   101 I (5)[101:kworker/u16:1]mtk-tpd: [tpd_gpio_output:160] tpd_gpio_output pin = 0, level = 1
08-07 14:32:11.521   246   246 I         : (0)[246:kworker/0:1][AUTOK]DLY1/2 0 	 21 	 XXOOOOOOOOOOOOOOOOOOOOOXXXXXXXXXXXXXXXXXXXXXXXXXXXXXXXXXXXXXXXXX
08-07 14:32:11.521   246   246 I (0)[246:kworker/0:1][AUTOK]CMD [EDGE: 0 CMD_FIFO_EDGE:0 DLY1:3 DLY2:0]
08-07 14:32:11.521   246   246 I (0)[246:kworker/0:1][AUTOK]DAT [RDAT_EDGE: 0 RD_FIFO_EDGE:0 WD_FIFO_EDGE:0]
08-07 14:32:11.521   246   246 I (0)[246:kworker/0:1][AUTOK]DAT [LATCH_CK: 0 DLY1:0 DLY2:0]
08-07 14:32:11.521   246   246 I (0)[246:kworker/0:1][AUTOK]DS  [DLY1: 12 DLY2:0 DLY3:20]
08-07 14:32:11.521   246   246 I         : (0)[246:kworker/0:1][AUTOK]CLK TX  [0]
08-07 14:32:11.521   246   246 I         : (0)[246:kworker/0:1][AUTOK]CMD TX  [0]
08-07 14:32:11.521   246   246 I         : (0)[246:kworker/0:1][AUTOK]DAT TX  [D0:0 D1:0 D2:0 D3:0]
08-07 14:32:11.521   246   246 I         : (0)[246:kworker/0:1][AUTOK]DAT TX  [D4:0 D5:0 D6:0 D7:0]
08-07 14:32:11.521   246   246 I (0)[246:kworker/0:1][AUTOK][HS400]======Cost: 5 ms======
08-07 14:32:11.521   246   246 I (0)[246:kworker/0:1]mmc0: CMDQ enable done
08-07 14:32:11.521   246   246 I (0)[246:kworker/0:1]mmc0: new HS400 MMC card at address 0001
08-07 14:32:11.522   246   246 I (0)[246:kworker/0:1]mmc0: init cq
08-07 14:32:11.522   285   285 I         : (4)[285:exe_cq/0][CQ] start cmdq thread
08-07 14:32:11.523   246   246 I (0)[246:kworker/0:1]mmcblk0: mmc0:0001 GD6BMB 29.1 GiB
08-07 14:32:11.523   246   246 I (0)[246:kworker/0:1]mmcblk0boot0: mmc0:0001 GD6BMB partition 1 4.00 MiB
08-07 14:32:11.524   246   246 I (0)[246:kworker/0:1]mmcblk0boot1: mmc0:0001 GD6BMB partition 2 4.00 MiB
08-07 14:32:11.529   246   246 I (0)[246:kworker/0:1]mmcblk0rpmb: mmc0:0001 GD6BMB partition 3 4.00 MiB
08-07 14:32:11.532   246   246 I (0)[246:kworker/0:1] mmcblk0: p1 p2 p3 p4 p5 p6 p7 p8 p9 p10 p11 p12 p13 p14 p15 p16 p17 p18 p19 p20 p21 p22 p23 p24 p25 p26 p27 p28 p29 p30 p31 p32 p33 p34 p35 p36 p37 p38 p39
08-07 14:32:11.532   246   246 I         : (0)[246:kworker/0:1]Start 0x40 of disk mmcblk0 not write group aligned
08-07 14:32:11.532   246   246 I         : (0)[246:kworker/0:1]End 0x40 of disk mmcblk0 not write group aligned
08-07 14:32:11.532   246   246 I (0)[246:kworker/0:1]mmc0: device cq off
08-07 14:32:11.532   246   246 I (0)[246:kworker/0:1]mmc0: device cq on
08-07 14:32:11.532   246   246 I         : (0)[246:kworker/0:1]Start 0x1840 of disk mmcblk0 not write group aligned
08-07 14:32:11.532   246   246 I         : (0)[246:kworker/0:1]End 0x1840 of disk mmcblk0 not write group aligned
08-07 14:32:11.532   246   246 I (0)[246:kworker/0:1]mmc0: device cq off
08-07 14:32:11.532   246   246 I (0)[246:kworker/0:1]mmc0: device cq on
08-07 14:32:11.533   246   246 I         : (0)[246:kworker/0:1]Start 0x2040 of disk mmcblk0 not write group aligned
08-07 14:32:11.533   246   246 I         : (0)[246:kworker/0:1]End 0x2040 of disk mmcblk0 not write group aligned
08-07 14:32:11.533   246   246 I (0)[246:kworker/0:1]mmc0: device cq off
08-07 14:32:11.533   246   246 I (0)[246:kworker/0:1]mmc0: device cq on
08-07 14:32:11.533   246   246 I         : (0)[246:kworker/0:1]Start 0x12040 of disk mmcblk0 not write group aligned
08-07 14:32:11.533   246   246 I         : (0)[246:kworker/0:1]End 0x12040 of disk mmcblk0 not write group aligned
08-07 14:32:11.533   246   246 I (0)[246:kworker/0:1]mmc0: device cq off
08-07 14:32:11.533   246   246 I (0)[246:kworker/0:1]mmc0: device cq on
