08-07 16:17:56.491   296   296 I (6)[296:charger_thread]mt635x-auxadc mt-pmic: mt635x-auxadc: name:BATADC, channel=0, adc_out=0x591f, adc_result=3759
08-07 16:17:56.493   296   296 I (6)[296:charger_thread]mt635x-auxadc mt-pmic: mt635x-auxadc: name:BATADC, channel=0, adc_out=0x5921, adc_result=3760
08-07 16:17:56.493   296   296 I (6)[296:charger_thread]mt635x-auxadc mt-pmic: mt635x-auxadc: name:VCDT, channel=2, adc_out=0x3e7, adc_result=439
08-07 16:17:56.494   296   296 I         : (6)[296:charger_thread][fgauge_read_current] final current=1257 (ratio=920)
08-07 16:17:56.494   296   296 I         : (6)[296:charger_thread][CH3_DBG] bat_cur = -1257
08-07 16:17:56.494   296   296 I (6)[296:charger_thread]mt635x-auxadc mt-pmic: mt635x-auxadc: name:BAT_TEMP, channel=3, adc_out=0x505, adc_result=564
08-07 16:17:56.494   296   296 I         : (6)[296:charger_thread][fgauge_read_current] final current=1257 (ratio=920)
08-07 16:17:56.494   296   296 I         : (6)[296:charger_thread][BattVoltToTemp] 566 16900 1800 2
08-07 16:17:56.494   296   296 I         : (6)[296:charger_thread][force_get_tbat] 564,566,0,125,100,320 r:75 100 0
08-07 16:17:56.495   296   296 I (6)[296:charger_thread][force_get_tbat] t: 32 precise:320
08-07 16:17:56.495   296   296 I (6)[296:charger_thread]Vbat=3760,Ibat=-1231,I=53,VChr=4153,T=32,Soc=32: 38,CT:1:1 hv:1 pd:0:0
08-07 16:17:56.495   296   296 I (6)[296:charger_thread]mtk_charger_start_timer: alarm timer start:0, 70 526607694
08-07 16:17:56.495   296   296 I         : -(6)[296:charger_thread]alarmtimer_enqueue, 70526607694
08-07 16:17:56.495   296   296 I         : (6)[296:charger_thread][fgauge_read_current] final current=1214 (ratio=920)
08-07 16:17:56.495   296   296 I         : (6)[296:charger_thread][CH3_DBG] bat_cur = -1214
08-07 16:17:56.496   296   296 I         : (6)[296:charger_thread][fgauge_read_current] final current=1214 (ratio=920)
08-07 16:17:56.496   296   296 I         : (6)[296:charger_thread][BattVoltToTemp] 566 16900 1800 2
08-07 16:17:56.496   296   296 I         : (6)[296:charger_thread][force_get_tbat] 564,566,0,121,100,320 r:75 100 0
08-07 16:17:56.496   296   296 I (6)[296:charger_thread][force_get_tbat] t: 32 precise:320
08-07 16:17:56.496   296   296 I         : (6)[296:charger_thread][fg_is_battery_exist] PMIC_RGS_BATON_UNDET = 1
08-07 16:17:56.496   296   296 I chatty  : uid=1036(auditd) identical 1 line
08-07 16:17:56.496   296   296 I         : (6)[296:charger_thread][fg_is_battery_exist] PMIC_RGS_BATON_UNDET = 1
08-07 16:17:56.497   296   296 I (6)[296:charger_thread]tmp: 32 (jeita:0 sm:0 cv:0 en:0) (sm:1) en:1 c:0 s:0 ov:0 1 1
08-07 16:17:56.497   296   296 I         : (6)[296:charger_thread]info->chr_type =1
08-07 16:17:56.497   296   296 I         : (6)[296:charger_thread]mtk_switch_charging_run [1 0], timer=0
08-07 16:17:56.497   296   296 I         : (6)[296:charger_thread][fgauge_read_current] final current=1222 (ratio=920)
08-07 16:17:56.497   296   296 I         : (6)[296:charger_thread][CH3_DBG] bat_cur = -1222
08-07 16:17:56.498   296   296 I         : (6)[296:charger_thread][fgauge_read_current] final current=1222 (ratio=920)
08-07 16:17:56.498   296   296 I         : (6)[296:charger_thread][BattVoltToTemp] 566 16900 1800 2
08-07 16:17:56.498   296   296 I         : (6)[296:charger_thread][force_get_tbat] 564,566,0,122,100,320 r:75 100 0
08-07 16:17:56.498   296   296 I (6)[296:charger_thread][force_get_tbat] t: 32 precise:320
08-07 16:17:56.498   296   296 I (6)[296:charger_thread]pe40_ready: 0 hv:1 thermal:-1,-1 tmp:32,39,16 pps:0 en:0 ibus:0 80
08-07 16:17:56.498   296   296 W         : (6)[296:charger_thread]PRIZE master  charge current 500000:500000
08-07 16:17:56.498   296   296 I (6)[296:charger_thread]force: 0 thermal:-1,-1 pe4:-1,-1,0 setting:500 500 type:1 usb_unlimited:0 usbif:0 usbsm:2 aicl:-1 atm:0
08-07 16:17:56.499   296   296 I         : (6)[296:charger_thread]Can't find closest level
08-07 16:17:56.502   296   296 I         : (6)[296:charger_thread]charging_set_cv_voltage register_value=0x2e 4420000 4420000
08-07 16:17:56.505   296   296 W (6)[296:charger_thread][HL7005]dump:  
08-07 16:17:56.505   296   296 W         : (6)[296:charger_thread][0x0]=0xd0
08-07 16:17:56.505   296   296 W         : (6)[296:charger_thread][0x1]=0xb8
08-07 16:17:56.505   296   296 W         : (6)[296:charger_thread][0x2]=0xba
08-07 16:17:56.505   296   296 W         : (6)[296:charger_thread][0x3]=0x54
08-07 16:17:56.505   296   296 W         : (6)[296:charger_thread][0x4]=0x1
08-07 16:17:56.505   296   296 W         : (6)[296:charger_thread][0x5]=0x13
08-07 16:17:56.505   296   296 W         : (6)[296:charger_thread][0x6]=0x8a
08-07 16:17:56.505   296   296 W         : (6)[296:charger_thread][0x7]=0x9
08-07 16:17:56.505     0     0 W         : (6)[296:charger_thread]
08-07 16:17:57.340    36    36 I         : (5)[36:kworker/5:0]MTP, <do_monitor_work(), 1800> IN <1 0 0 0 1 1 0 0 0 >
08-07 16:17:57.340    36    36 I         : (5)[36:kworker/5:0]MTP, <do_monitor_work(), 1805> OUT <0 0 0 0 1 0 0 0 0 >
08-07 16:17:57.435     0     0 I (4)[0:swapper/4]Power/swap DP: No enter --- SODI3: No enter --- SODI: No enter ---
08-07 16:17:57.435     0     0 I (4)[0:swapper/4]mcdi cpu: 166, 0, 13, 5, 391, 393, 370, 216, cluster : 181, 687, pause = 908, multi core = 61, latency = 0, residency = 0, last core = 894, avail cpu = 00ff, cluster = 0003, enabled = 1, max_s_state = 5, system_idle_hint = 00000000
08-07 16:17:57.490   236   236 I         : (6)[236:battery_thread][fg_drv_update_hw_status]=>
08-07 16:17:57.491   236   236 I         : (6)[236:battery_thread][fgauge_read_current] final current=1052 (ratio=920)
08-07 16:17:57.491   236   236 I         : (6)[236:battery_thread][CH3_DBG] bat_cur = -1052
08-07 16:17:57.492   236   236 W -(4)[236:battery_thread]mt635x_auxadc_read_raw: 4 callbacks suppressed
08-07 16:17:57.492   236   236 I (4)[236:battery_thread]mt635x-auxadc mt-pmic: mt635x-auxadc: name:BAT_TEMP, channel=3, adc_out=0x506, adc_result=565
08-07 16:17:57.493   236   236 I         : (4)[236:battery_thread][fgauge_read_current] final current=1106 (ratio=920)
08-07 16:17:57.493   236   236 I         : (4)[236:battery_thread][BattVoltToTemp] 566 16900 1800 1
08-07 16:17:57.493   236   236 I         : (4)[236:battery_thread][force_get_tbat] 565,566,0,110,100,320 r:75 100 0
08-07 16:17:57.493   236   236 I (4)[236:battery_thread][force_get_tbat] t: 32 precise:320
08-07 16:17:57.493   236   236 I         : (4)[236:battery_thread][fg_bat_temp_int_sw_check] tmp 32 lt 65535 ht 65535
08-07 16:17:57.493   236   236 I         : (4)[236:battery_thread][fg_bat_sw_temp_int_l_handler]
08-07 16:17:57.493   236   236 I         : (4)[236:battery_thread][fgauge_read_current] final current=1106 (ratio=920)
08-07 16:17:57.493   236   236 I         : (4)[236:battery_thread][CH3_DBG] bat_cur = -1106
08-07 16:17:57.494   236   236 I (4)[236:battery_thread]mt635x-auxadc mt-pmic: mt635x-auxadc: name:BAT_TEMP, channel=3, adc_out=0x507, adc_result=565
08-07 16:17:57.494   236   236 I         : (4)[236:battery_thread][fgauge_read_current] final current=1106 (ratio=920)
08-07 16:17:57.494   236   236 I         : (4)[236:battery_thread][BattVoltToTemp] 566 16900 1800 1
08-07 16:17:57.494   236   236 I         : (4)[236:battery_thread][force_get_tbat] 565,566,0,110,100,320 r:75 100 0
08-07 16:17:57.494   236   236 I (4)[236:battery_thread][force_get_tbat] t: 32 precise:320
08-07 16:17:57.494   236   236 I         : (4)[236:battery_thread]mtk_battery boot mode =2
08-07 16:17:57.494   236   236 I         : (4)[236:battery_thread][wakeup_fg_algo_recovery] intr_num=0x400
08-07 16:17:57.494   236   236 I         : (4)[236:battery_thread][TempConverBattThermistor] [7495] 30 8315 35 6948 33
08-07 16:17:57.494   236   236 I         : (4)[236:battery_thread][fgauge_read_current] final current=1106 (ratio=920)
08-07 16:17:57.494   236   236 I         : (4)[236:battery_thread][TempToBattVolt] temp 33 R_NTC 7495 V(5530 5511) I 1106 CHG 0
08-07 16:17:57.494   236   236 I         : (4)[236:battery_thread][TempConverBattThermistor] [8042] 30 8315 35 6948 31
08-07 16:17:57.494   236   236 I         : (4)[236:battery_thread][TempToBattVolt] temp 31 R_NTC 8042 V(5803 5784) I 1106 CHG 0
08-07 16:17:57.494   236   236 I         : (4)[236:battery_thread][fg_bat_temp_int_internal][FG_TEMP_INT] T[32] V[65535 65535] C[33 31] h[5784 5511]
08-07 16:17:57.496   236   236 I (4)[236:battery_thread]mt635x-auxadc mt-pmic: mt635x-auxadc: name:BATADC, channel=0, adc_out=0x5919, adc_result=3758
08-07 16:17:57.497   236   236 I         : (4)[236:battery_thread][fgauge_read_current] final current=1187 (ratio=920)
08-07 16:17:57.497   236   236 I         : (4)[236:battery_thread][CH3_DBG] bat_cur = -1187
08-07 16:17:57.497   236   236 I (4)[236:battery_thread]mt635x-auxadc mt-pmic: mt635x-auxadc: name:BAT_TEMP, channel=3, adc_out=0x505, adc_result=564
08-07 16:17:57.498   236   236 I         : (4)[236:battery_thread][fgauge_read_current] final current=1187 (ratio=920)
08-07 16:17:57.498   236   236 I         : (4)[236:battery_thread][BattVoltToTemp] 566 16900 1800 2
08-07 16:17:57.498   236   236 I         : (4)[236:battery_thread][force_get_tbat] 564,566,0,118,100,320 r:75 100 0
08-07 16:17:57.498   236   236 I (4)[236:battery_thread][force_get_tbat] t: 32 precise:320
08-07 16:17:57.498   236   236 I (4)[236:battery_thread][fg_update_sw_iavg]diff time: 60 iavg:0
08-07 16:17:57.498   394   394 I         : (4)[394:kworker/4:2][fgauge_read_current] final current=1187 (ratio=920)
08-07 16:17:57.498   236   236 I         : (4)[236:battery_thread][fgauge_read_columb_internal] CAR=-61 r_fg_value=100 car_tune_value=920
08-07 16:17:57.498   236   236 I         : (4)[236:battery_thread]mtk_battery boot mode =2
08-07 16:17:57.498   236   236 I         : (4)[236:battery_thread][wakeup_fg_algo_recovery] intr_num=0x20000
08-07 16:17:57.498   236   236 I (4)[236:battery_thread][fg_update_sw_iavg]time: 60 car:-61 -61 iavg:-3660 ht:-660 lt:-6660 gap:3000
08-07 16:17:57.498   236   236 I         : (4)[236:battery_thread][read_boot_battery_plug_out_status] rtc_invalid 0 plugout 1 bat_plug_out_time 31 sp3:0xa6 pl:0 0
08-07 16:17:57.499   236   236 I         : (4)[236:battery_thread][fgauge_read_current] final current=1127 (ratio=920)
08-07 16:17:57.499   236   236 I         : (4)[236:battery_thread][fgauge_read_columb_internal] CAR=-61 r_fg_value=100 car_tune_value=920
08-07 16:17:57.501   236   236 I (4)[236:battery_thread]mt635x-auxadc mt-pmic: mt635x-auxadc: name:BATADC, channel=0, adc_out=0x58f7, adc_result=3753
08-07 16:17:57.502   236   236 I         : (4)[236:battery_thread][fgauge_read_current] final current=1214 (ratio=920)
08-07 16:17:57.502   236   236 I         : (4)[236:battery_thread][CH3_DBG] bat_cur = -1214
08-07 16:17:57.502   236   236 I         : (4)[236:battery_thread][fgauge_read_current] final current=1323 (ratio=920)
08-07 16:17:57.502   236   236 I         : (4)[236:battery_thread][BattVoltToTemp] 566 16900 1800 2
08-07 16:17:57.502   236   236 I         : (4)[236:battery_thread][force_get_tbat] 564,566,0,132,100,320 r:75 100 0
08-07 16:17:57.503   236   236 I (4)[236:battery_thread][force_get_tbat] t: 32 precise:320
08-07 16:17:57.503   236   236 I         : (4)[236:battery_thread]lbat 0 0 1 34500
08-07 16:17:57.503   236   236 I (4)[236:battery_thread]car[-61,217,-217,434,-183, cycle_car:-57,ncar:68] c: 0 1127 vbat:3753 vbus:4144 soc:32 38 gm3:0 0 0 0
08-07 16:17:57.503   236   236 I         : (4)[236:battery_thread][fgauge_read_columb_internal] CAR=-61 r_fg_value=100 car_tune_value=920
08-07 16:17:57.503   236   236 I         : (4)[236:battery_thread][fg_bat_nafg][fgauge_get_nafg_cnt] 0 [25_16 0 15_0 0]
08-07 16:17:57.503   236   236 I (4)[236:battery_thread][fg_nafg_monitor]time: 61 nafg_cnt:0, now:61, last_t:0
08-07 16:17:57.503   236   236 I (4)[236:battery_thread]tmp: 32 65535 65535 hcar2:434 lcar2:183 time:61 sw_iavg:-3660 -3660 0 nafg_m:0 0 0
08-07 16:17:57.503   236   236 I         : (4)[236:battery_thread][fgauge_read_columb_internal] CAR=-61 r_fg_value=100 car_tune_value=920
08-07 16:17:57.505   236   236 I         : (4)[236:battery_thread][fgauge_read_current] final current=1500 (ratio=920)
08-07 16:17:57.505   236   236 I         : (4)[236:battery_thread][fgauge_read_current] final current=1500 (ratio=920)
08-07 16:17:57.505   236   236 I         : (4)[236:battery_thread][CH3_DBG] bat_cur = -1500
08-07 16:17:57.506   236   236 I         : (4)[236:battery_thread][fgauge_read_current] final current=1448 (ratio=920)
08-07 16:17:57.506   236   236 I         : (4)[236:battery_thread][BattVoltToTemp] 566 16900 1800 2
08-07 16:17:57.506   236   236 I         : (4)[236:battery_thread][force_get_tbat] 564,566,0,144,100,320 r:75 100 0
08-07 16:17:57.506   236   236 I (4)[236:battery_thread][force_get_tbat] t: 32 precise:320
08-07 16:17:57.506   236   236 I         : (4)[236:battery_thread][fg_is_battery_exist] PMIC_RGS_BATON_UNDET = 1
08-07 16:17:57.506   236   236 I         : (4)[236:battery_thread]GM3log1 61 61 3760 -1500 -3660 30620 -72 32 1 1 212 1 0
08-07 16:17:57.507   236   236 I         : (4)[236:battery_thread]GM3log2 61 0 0 0 0 36591 4756 0 4153
08-07 16:17:57.507   236   236 I         : (4)[236:battery_thread]GM3log3 61 0 36684 -5228 0
08-07 16:17:57.507   236   236 I         : (4)[236:battery_thread]GM3log4 0 38 0 1 31 0 1 1 1 1 32
08-07 16:17:57.507   236   236 I         : (4)[236:battery_thread]GM3log int 61 61 0 0 0 0
08-07 16:17:57.507   236   236 I         : (4)[236:battery_thread]GM3log phone_state 0 0
08-07 16:17:57.507   236   236 I (4)[236:battery_thread]GM3 car: -61 car_diff:-11
08-07 16:17:57.507   236   236 I (4)[236:battery_thread][fg_bat_nafg][fgauge_get_nafg_dltv] mV: Reg [17285:10489]
08-07 16:17:57.507   236   236 I         : (4)[236:battery_thread][fg_bat_nafg][fgauge_get_nafg_cnt] 0 [25_16 0 15_0 0]
08-07 16:17:57.507   236   236 I (4)[236:battery_thread][fg_bat_nafg][fgauge_get_nafg_c_dltv] mV: Reg[0:0][b10:0][26_16(0x0000) 15_00(0x0000)]
08-07 16:17:57.507   236   236 I         : (4)[236:battery_thread]GM3log-nint-nafg 61 61 0 36714 17285 0 0
08-07 16:17:57.507   236   236 I         : (4)[236:battery_thread]mtk_battery boot mode =2
08-07 16:17:57.507   236   236 I         : (4)[236:battery_thread][wakeup_fg_algo_recovery] intr_num=0x2000000
08-07 16:17:57.621   337   337 I         : (5)[337:recovery][fgauge_read_current] final current=1072 (ratio=920)
08-07 16:17:57.621   337   337 I         : (5)[337:recovery][CH3_DBG] bat_cur = -1072
08-07 16:17:57.622   337   337 I         : (5)[337:recovery][fgauge_read_current] final current=1029 (ratio=920)
08-07 16:17:57.622   337   337 I         : (5)[337:recovery][BattVoltToTemp] 565 16900 1800 1
08-07 16:17:57.622   337   337 I         : (5)[337:recovery][force_get_tbat] 564,565,0,102,100,321 r:75 100 0
08-07 16:17:57.622   337   337 I (5)[337:recovery][force_get_tbat] t: 32 precise:321
08-07 16:17:57.748     0     0 I         : (6)[304:wdtk-6][wdk-c] cpu=6,lbit=0x40,cbit=0xff,0,1,1763461927,[61781347454,20000000,81779586]
08-07 16:17:57.748     0     0 I         : (6)[304:wdtk-6][thread:304][RT:61781416993] 2022-08-07 16:17:57.746344 UTC;android time 2022-08-07 16:17:57.746344
08-07 16:17:57.757     0     0 I         : (3)[301:wdtk-3][wdk-c] cpu=3,lbit=0x48,cbit=0xff,0,1,1763461927,[61790404070,19990943,81779586]
08-07 16:17:57.762     0     0 I         : (4)[302:wdtk-4][wdk-c] cpu=4,lbit=0x58,cbit=0xff,0,1,1763461927,[61795600993,19985746,81779586]
08-07 16:17:57.828     0     0 I         : (5)[303:wdtk-5][wdk-c] cpu=5,lbit=0x78,cbit=0xff,0,1,1763461927,[61861481224,19919866,81779586]
08-07 16:17:57.828     0     0 I         : (7)[305:wdtk-7][wdk-c] cpu=7,lbit=0xf8,cbit=0xff,0,1,1763461927,[61861721224,19919626,81779586]
08-07 16:17:57.841     0     0 I         : (0)[298:wdtk-0][wdk-c] cpu=0,lbit=0xf9,cbit=0xff,0,1,1763461927,[61874393532,19906953,81779586]
08-07 16:17:57.841     0     0 I         : (1)[299:wdtk-1][wdk-c] cpu=1,lbit=0xfb,cbit=0xff,0,1,1763461927,[61874469224,19906878,81779586]
08-07 16:17:57.841     0     0 W         : (2)[300:wdtk-2][wdk-k] cpu=2,lbit=0xff,cbit=0xff,0,1,1763461927,[61874500301,19906846,81779586]
08-07 16:17:58.364    36    36 I         : (5)[36:kworker/5:0]MTP, <do_monitor_work(), 1800> IN <1 0 0 0 1 1 0 0 0 >
08-07 16:17:58.364    36    36 I         : (5)[36:kworker/5:0]MTP, <do_monitor_work(), 1805> OUT <0 0 0 0 1 0 0 0 0 >
08-07 16:17:58.400   107   107 I         : (5)[107:dlpt_notify_thr][PBM] [ma_to_mw] 3760(mV) * 2789(mA) = 10486(mW)
08-07 16:17:58.400   107   107 I         : (5)[107:dlpt_notify_thr][DLPT_final] 2789,38,38,1,5500
08-07 16:17:58.652   248   248 I         : (6)[248:kworker/u16:5][fgauge_read_current] final current=1260 (ratio=920)
08-07 16:17:58.652   248   248 I         : (6)[248:kworker/u16:5][CH3_DBG] bat_cur = -1260
08-07 16:17:58.653   248   248 W -(6)[248:kworker/u16:5]mt635x_auxadc_read_raw: 8 callbacks suppressed
08-07 16:17:58.653   248   248 I (6)[248:kworker/u16:5]mt635x-auxadc mt-pmic: mt635x-auxadc: name:BAT_TEMP, channel=3, adc_out=0x505, adc_result=564
08-07 16:17:58.653   248   248 I         : (6)[248:kworker/u16:5][fgauge_read_current] final current=1115 (ratio=920)
08-07 16:17:58.653   248   248 I         : (6)[248:kworker/u16:5][BattVoltToTemp] 565 16900 1800 1
08-07 16:17:58.653   248   248 I         : (6)[248:kworker/u16:5][force_get_tbat] 564,565,0,111,100,321 r:75 100 0
08-07 16:17:58.653   248   248 I (6)[248:kworker/u16:5][force_get_tbat] t: 32 precise:321
08-07 16:17:58.909   247   247 I (7)[247:kworker/u16:4]mt635x-auxadc mt-pmic: mt635x-auxadc: name:VCORE_TEMP, channel=4, adc_out=0x5f0, adc_result=667
08-07 16:17:58.909   241   241 I (6)[241:kworker/u16:3]mt635x-auxadc mt-pmic: mt635x-auxadc: name:VPROC_TEMP, channel=4, adc_out=0x5e3, adc_result=662
08-07 16:17:59.100   342   342 I         : (1)[342:kworker/1:2]usb_state<CONFIGURED>
08-07 16:17:59.388    36    36 I         : (5)[36:kworker/5:0]MTP, <do_monitor_work(), 1800> IN <1 0 0 0 1 1 0 0 0 >
08-07 16:17:59.388    36    36 I         : (5)[36:kworker/5:0]MTP, <do_monitor_work(), 1805> OUT <0 0 0 0 1 0 0 0 0 >
08-07 16:18:00.412    36    36 I         : (5)[36:kworker/5:0]MTP, <do_monitor_work(), 1800> IN <1 0 0 0 1 1 0 0 0 >
08-07 16:18:00.412    36    36 I         : (5)[36:kworker/5:0]MTP, <do_monitor_work(), 1805> OUT <0 0 0 0 1 0 0 0 0 >
08-07 16:18:00.444   226   226 I         : (4)[226:mtk_io_boost]failed to open task file, ret=-2
08-07 16:18:00.702   337   337 I (0)[337:recovery]mtk-tpd: [tpd_fb_notifier_callback:428] tpd_fb_notifier_callback
08-07 16:18:01.004     0     0 I         : -(7)[0:swapper/7]tick broadcast enter counter cpu: 149, 136, 130, 57, 355, 377, 395, 210, success counter cpu: 12, 3, 0, 4, 35, 43, 66, 30, fail counter cpu: 0, 0, 0, 0, 0, 0, 0, 0, interrupt counter cpu: 16, 3, 1, 7, 287, 302, 340, 177, o: 1-6, p: , f: 7, t:  65036000000, 81879606079, 66012000000, 65788000000, 65036762695, 65036760618, 65220134619, 65035776233,
08-07 16:18:01.436    36    36 I         : (5)[36:kworker/5:0]MTP, <do_monitor_work(), 1800> IN <1 0 0 0 1 1 0 0 0 >
08-07 16:18:01.436    36    36 I         : (5)[36:kworker/5:0]MTP, <do_monitor_work(), 1805> OUT <0 0 0 0 1 0 0 0 0 >
08-07 16:18:01.981   247   247 I (4)[247:kworker/u16:4][SCP] scp_ipi_send: SCP A not ready
08-07 16:18:01.981   247   247 E         : (4)[247:kworker/u16:4][sensorHub] scp_ipi_send fail
08-07 16:18:01.981   243   243 E         : (2)[243:kworker/2:2][sensorHub] scp_sensorHub_req_send fail!
08-07 16:18:02.267   337   337 I (0)[337:recovery]mtk-tpd: [tpd_fb_notifier_callback:428] tpd_fb_notifier_callback
08-07 16:18:02.437     0     0 I (5)[0:swapper/5]Power/swap DP: No enter --- SODI3: No enter --- SODI: No enter ---
08-07 16:18:02.437     0     0 I (5)[0:swapper/5]mcdi cpu: 148, 137, 133, 58, 353, 414, 311, 277, cluster : 149, 662, pause = 734, multi core = 55, latency = 0, residency = 0, last core = 720, avail cpu = 00ff, cluster = 0003, enabled = 1, max_s_state = 5, system_idle_hint = 00000000
08-07 16:18:02.460    36    36 I         : (5)[36:kworker/5:0]MTP, <do_monitor_work(), 1800> IN <1 0 0 0 1 1 0 0 0 >
08-07 16:18:02.460    36    36 I         : (5)[36:kworker/5:0]MTP, <do_monitor_work(), 1805> OUT <0 0 0 0 1 0 0 0 0 >
08-07 16:18:03.484    36    36 I         : (5)[36:kworker/5:0]MTP, <do_monitor_work(), 1800> IN <1 0 0 0 1 1 0 0 0 >
08-07 16:18:03.484    36    36 I         : (5)[36:kworker/5:0]MTP, <do_monitor_work(), 1805> OUT <0 0 0 0 1 0 0 0 0 >
08-07 16:18:03.770   337   337 I         : (0)[337:recovery][fgauge_read_current] final current=1153 (ratio=920)
08-07 16:18:03.770   337   337 I         : (0)[337:recovery][CH3_DBG] bat_cur = -1153
08-07 16:18:03.770   337   337 I (0)[337:recovery]mt635x-auxadc mt-pmic: mt635x-auxadc: name:BAT_TEMP, channel=3, adc_out=0x508, adc_result=566
08-07 16:18:03.770   337   337 I         : (0)[337:recovery][fgauge_read_current] final current=1124 (ratio=920)
08-07 16:18:03.770   337   337 I         : (0)[337:recovery][BattVoltToTemp] 567 16900 1800 1
08-07 16:18:03.770   337   337 I         : (0)[337:recovery][force_get_tbat] 566,567,0,112,100,319 r:75 100 0
08-07 16:18:03.770   337   337 I (0)[337:recovery][force_get_tbat] t: 31 precise:319
08-07 16:18:03.773   241   241 I         : (7)[241:kworker/u16:3][fgauge_read_current] final current=1245 (ratio=920)
08-07 16:18:03.773   241   241 I         : (7)[241:kworker/u16:3][CH3_DBG] bat_cur = -1245
08-07 16:18:03.774   241   241 I (7)[241:kworker/u16:3]mt635x-auxadc mt-pmic: mt635x-auxadc: name:BAT_TEMP, channel=3, adc_out=0x506, adc_result=565
08-07 16:18:03.774   241   241 I         : (7)[241:kworker/u16:3][fgauge_read_current] final current=1245 (ratio=920)
08-07 16:18:03.774   241   241 I         : (7)[241:kworker/u16:3][BattVoltToTemp] 567 16900 1800 2
08-07 16:18:03.774   241   241 I         : (7)[241:kworker/u16:3][force_get_tbat] 565,567,0,124,100,319 r:75 100 0
08-07 16:18:03.774   241   241 I (7)[241:kworker/u16:3][force_get_tbat] t: 31 precise:319
08-07 16:18:03.848   337   337 I (0)[337:recovery]mtk-tpd: [tpd_fb_notifier_callback:428] tpd_fb_notifier_callback
08-07 16:18:04.029   247   247 I (5)[247:kworker/u16:4]mt635x-auxadc mt-pmic: mt635x-auxadc: name:VCORE_TEMP, channel=4, adc_out=0x5ef, adc_result=667
08-07 16:18:04.029   241   241 I (4)[241:kworker/u16:3]mt635x-auxadc mt-pmic: mt635x-auxadc: name:VPROC_TEMP, channel=4, adc_out=0x5e3, adc_result=662
08-07 16:18:04.508    36    36 I         : (5)[36:kworker/5:0]MTP, <do_monitor_work(), 1800> IN <1 0 0 0 1 1 0 0 0 >
08-07 16:18:04.508    36    36 I         : (5)[36:kworker/5:0]MTP, <do_monitor_work(), 1805> OUT <0 0 0 0 1 0 0 0 0 >
08-07 16:18:05.532    36    36 I         : (5)[36:kworker/5:0]MTP, <do_monitor_work(), 1800> IN <1 0 0 0 1 1 0 0 0 >
08-07 16:18:05.532    36    36 I         : (5)[36:kworker/5:0]MTP, <do_monitor_work(), 1805> OUT <0 0 0 0 1 0 0 0 0 >
08-07 16:18:06.005     0     0 I         : -(5)[0:swapper/5]tick broadcast enter counter cpu: 139, 1, 3, 6, 435, 452, 227, 154, success counter cpu: 0, 0, 0, 0, 83, 77, 13, 6, fail counter cpu: 0, 0, 0, 0, 0, 0, 0, 0, interrupt counter cpu: 9, 0, 2, 5, 392, 404, 188, 141, o: 0-4,6-7, p: , f: 5, t:  70383346847, 81879606079, 76252000000, 70780000000, 70042503080, 70036544157, 70047772849, 72924000000,
08-07 16:18:06.495     0     0 I -(6)[0:swapper/6]mtk_charger_alarm_timer_func: not suspend, wake up charger
08-07 16:18:06.495   296   296 I         : (6)[296:charger_thread][fgauge_read_current] final current=1191 (ratio=920)
08-07 16:18:06.497   296   296 I (6)[296:charger_thread]mt635x-auxadc mt-pmic: mt635x-auxadc: name:ISENSE, channel=0, adc_out=0x5947, adc_result=3766
08-07 16:18:06.499   296   296 I         : (6)[296:charger_thread][MDRT_ADC] OLD = 0x342c, NOW = 0x3416, CNT = 0
08-07 16:18:06.499   296   296 I (6)[296:charger_thread]mt635x-auxadc mt-pmic: mt635x-auxadc: name:BATADC, channel=0, adc_out=0x5928, adc_result=3761
08-07 16:18:06.501   296   296 I (6)[296:charger_thread]mt635x-auxadc mt-pmic: mt635x-auxadc: name:BATADC, channel=0, adc_out=0x591f, adc_result=3759
08-07 16:18:06.501   296   296 I (6)[296:charger_thread]mt635x-auxadc mt-pmic: mt635x-auxadc: name:VCDT, channel=2, adc_out=0x3e8, adc_result=439
08-07 16:18:06.501   296   296 I         : (6)[296:charger_thread][fgauge_read_current] final current=1182 (ratio=920)
08-07 16:18:06.501   296   296 I         : (6)[296:charger_thread][CH3_DBG] bat_cur = -1182
08-07 16:18:06.502   296   296 I (6)[296:charger_thread]mt635x-auxadc mt-pmic: mt635x-auxadc: name:BAT_TEMP, channel=3, adc_out=0x509, adc_result=566
08-07 16:18:06.502   296   296 I         : (6)[296:charger_thread][fgauge_read_current] final current=1182 (ratio=920)
08-07 16:18:06.502   296   296 I         : (6)[296:charger_thread][BattVoltToTemp] 568 16900 1800 2
08-07 16:18:06.502   296   296 I         : (6)[296:charger_thread][force_get_tbat] 566,568,0,118,100,319 r:75 100 0
08-07 16:18:06.502   296   296 I (6)[296:charger_thread][force_get_tbat] t: 31 precise:319
08-07 16:18:06.502   296   296 I (6)[296:charger_thread]Vbat=3759,Ibat=-1191,I=89,VChr=4153,T=31,Soc=32: 38,CT:1:1 hv:1 pd:0:0
08-07 16:18:06.502   296   296 I (6)[296:charger_thread]mtk_charger_start_timer: alarm timer start:0, 80 534404849
08-07 16:18:06.502   296   296 I         : -(6)[296:charger_thread]alarmtimer_enqueue, 80534404849
08-07 16:18:06.503   296   296 I         : (6)[296:charger_thread][fgauge_read_current] final current=1173 (ratio=920)
08-07 16:18:06.503   296   296 I         : (6)[296:charger_thread][CH3_DBG] bat_cur = -1173
08-07 16:18:06.504   296   296 I         : (6)[296:charger_thread][fgauge_read_current] final current=1228 (ratio=920)
08-07 16:18:06.504   296   296 I         : (6)[296:charger_thread][BattVoltToTemp] 568 16900 1800 2
08-07 16:18:06.504   296   296 I         : (6)[296:charger_thread][force_get_tbat] 566,568,0,122,100,319 r:75 100 0
08-07 16:18:06.504   296   296 I (6)[296:charger_thread][force_get_tbat] t: 31 precise:319
08-07 16:18:06.504   296   296 I         : (6)[296:charger_thread][fg_is_battery_exist] PMIC_RGS_BATON_UNDET = 1
08-07 16:18:06.505   296   296 I chatty  : uid=1036(auditd) identical 1 line
08-07 16:18:06.505   296   296 I         : (6)[296:charger_thread][fg_is_battery_exist] PMIC_RGS_BATON_UNDET = 1
08-07 16:18:06.505   296   296 I (6)[296:charger_thread]tmp: 31 (jeita:0 sm:0 cv:0 en:0) (sm:1) en:1 c:0 s:0 ov:0 1 1
08-07 16:18:06.505   296   296 I         : (6)[296:charger_thread]info->chr_type =1
08-07 16:18:06.505   296   296 I         : (6)[296:charger_thread]mtk_switch_charging_run [1 0], timer=10
08-07 16:18:06.506   296   296 I         : (6)[296:charger_thread][fgauge_read_current] final current=1228 (ratio=920)
08-07 16:18:06.506   296   296 I         : (6)[296:charger_thread][CH3_DBG] bat_cur = -1228
08-07 16:18:06.507   296   296 I         : (4)[296:charger_thread][fgauge_read_current] final current=1141 (ratio=920)
08-07 16:18:06.507   296   296 I         : (4)[296:charger_thread][BattVoltToTemp] 566 16900 1800 1
08-07 16:18:06.507   296   296 I         : (4)[296:charger_thread][force_get_tbat] 565,566,0,114,100,320 r:75 100 0
08-07 16:18:06.507   296   296 I (4)[296:charger_thread][force_get_tbat] t: 32 precise:320
08-07 16:18:06.507   296   296 I (4)[296:charger_thread]pe40_ready: 0 hv:1 thermal:-1,-1 tmp:32,39,16 pps:0 en:0 ibus:0 80
08-07 16:18:06.507   296   296 W         : (4)[296:charger_thread]PRIZE master  charge current 500000:500000
08-07 16:18:06.507   296   296 I (4)[296:charger_thread]force: 0 thermal:-1,-1 pe4:-1,-1,0 setting:500 500 type:1 usb_unlimited:0 usbif:0 usbsm:2 aicl:-1 atm:0
08-07 16:18:06.508   296   296 I         : (4)[296:charger_thread]Can't find closest level
08-07 16:18:06.510   296   296 I         : (4)[296:charger_thread]charging_set_cv_voltage register_value=0x2e 4420000 4420000
08-07 16:18:06.513   296   296 W (4)[296:charger_thread][HL7005]dump:  
08-07 16:18:06.513   296   296 W         : (4)[296:charger_thread][0x0]=0xd0
08-07 16:18:06.513   296   296 W         : (4)[296:charger_thread][0x1]=0xb8
08-07 16:18:06.514   296   296 W         : (4)[296:charger_thread][0x2]=0xba
08-07 16:18:06.514   296   296 W         : (4)[296:charger_thread][0x3]=0x54
08-07 16:18:06.514   296   296 W         : (4)[296:charger_thread][0x4]=0x1
08-07 16:18:06.514   296   296 W         : (4)[296:charger_thread][0x5]=0x13
08-07 16:18:06.514   296   296 W         : (4)[296:charger_thread][0x6]=0x8a
08-07 16:18:06.514   296   296 W         : (4)[296:charger_thread][0x7]=0x9
08-07 16:18:06.514     0     0 W         : (4)[296:charger_thread]
08-07 16:18:06.556    36    36 I         : (5)[36:kworker/5:0]MTP, <do_monitor_work(), 1800> IN <1 0 0 0 1 1 0 0 0 >
08-07 16:18:06.556    36    36 I         : (5)[36:kworker/5:0]MTP, <do_monitor_work(), 1805> OUT <0 0 0 0 1 0 0 0 0 >
08-07 16:18:07.439     0     0 I (5)[0:swapper/5]Power/swap DP: No enter --- SODI3: No enter --- SODI: No enter ---
08-07 16:18:07.439     0     0 I (5)[0:swapper/5]mcdi cpu: 140, 0, 0, 5, 429, 421, 292, 81, cluster : 135, 649, pause = 677, multi core = 42, latency = 0, residency = 2, last core = 670, avail cpu = 00ff, cluster = 0003, enabled = 1, max_s_state = 5, system_idle_hint = 00000000
08-07 16:18:07.507   236   236 I         : (4)[236:battery_thread][fg_drv_update_hw_status]=>
08-07 16:18:07.508   236   236 I         : (4)[236:battery_thread][fgauge_read_current] final current=1150 (ratio=920)
08-07 16:18:07.508   236   236 I         : (4)[236:battery_thread][CH3_DBG] bat_cur = -1150
08-07 16:18:07.508   236   236 W -(6)[236:battery_thread]mt635x_auxadc_read_raw: 4 callbacks suppressed
08-07 16:18:07.508   236   236 I (6)[236:battery_thread]mt635x-auxadc mt-pmic: mt635x-auxadc: name:BAT_TEMP, channel=3, adc_out=0x507, adc_result=565
08-07 16:18:07.508   236   236 I         : (6)[236:battery_thread][fgauge_read_current] final current=1037 (ratio=920)
08-07 16:18:07.509   236   236 I         : (6)[236:battery_thread][BattVoltToTemp] 566 16900 1800 1
08-07 16:18:07.509   236   236 I         : (6)[236:battery_thread][force_get_tbat] 565,566,0,103,100,320 r:75 100 0
08-07 16:18:07.509   236   236 I (6)[236:battery_thread][force_get_tbat] t: 32 precise:320
08-07 16:18:07.509   236   236 I         : (6)[236:battery_thread][fg_bat_temp_int_sw_check] tmp 32 lt 65535 ht 65535
08-07 16:18:07.509   236   236 I         : (6)[236:battery_thread][fg_bat_sw_temp_int_l_handler]
08-07 16:18:07.509   236   236 I         : (6)[236:battery_thread][fgauge_read_current] final current=1037 (ratio=920)
08-07 16:18:07.509   236   236 I         : (6)[236:battery_thread][CH3_DBG] bat_cur = -1037
08-07 16:18:07.510   236   236 I (6)[236:battery_thread]mt635x-auxadc mt-pmic: mt635x-auxadc: name:BAT_TEMP, channel=3, adc_out=0x508, adc_result=566
08-07 16:18:07.510   236   236 I         : (6)[236:battery_thread][fgauge_read_current] final current=1037 (ratio=920)
08-07 16:18:07.510   236   236 I         : (6)[236:battery_thread][BattVoltToTemp] 567 16900 1800 1
08-07 16:18:07.510   236   236 I         : (6)[236:battery_thread][force_get_tbat] 566,567,0,103,100,319 r:75 100 0
08-07 16:18:07.510   236   236 I (6)[236:battery_thread][force_get_tbat] t: 31 precise:319
08-07 16:18:07.510   236   236 I         : (6)[236:battery_thread]mtk_battery boot mode =2
08-07 16:18:07.510   236   236 I         : (6)[236:battery_thread][fgauge_read_current] final current=1037 (ratio=920)
08-07 16:18:07.510   236   236 I         : (6)[236:battery_thread][CH3_DBG] bat_cur = -1037
08-07 16:18:07.511   236   236 I (6)[236:battery_thread]mt635x-auxadc mt-pmic: mt635x-auxadc: name:BAT_TEMP, channel=3, adc_out=0x508, adc_result=566
08-07 16:18:07.511   236   236 I         : (6)[236:battery_thread][fgauge_read_current] final current=1124 (ratio=920)
08-07 16:18:07.511   236   236 I         : (6)[236:battery_thread][BattVoltToTemp] 567 16900 1800 1
08-07 16:18:07.511   236   236 I         : (6)[236:battery_thread][force_get_tbat] 566,567,0,112,100,319 r:75 100 0
08-07 16:18:07.511   236   236 I (6)[236:battery_thread][force_get_tbat] t: 31 precise:319
08-07 16:18:07.511   236   236 I (6)[236:battery_thread]act: 5 table: 50 25 10 0 -10 -25 -30 -35 -40 -45
08-07 16:18:07.511   236   236 I         : (6)[236:battery_thread]active_table_no is 5, 0 1
08-07 16:18:07.511   236   236 I (6)[236:battery_thread]table[0]: 50
08-07 16:18:07.511   236   236 I (6)[236:battery_thread]table[1]: 25
08-07 16:18:07.511   236   236 I (6)[236:battery_thread]table[2]: 10
08-07 16:18:07.511   236   236 I (6)[236:battery_thread]table[3]: 0
08-07 16:18:07.511   236   236 I (6)[236:battery_thread]table[4]: -10
08-07 16:18:07.511   236   236 I         : (6)[236:battery_thread][fr] FG_DAEMON_CMD_GET_RAC = 212
08-07 16:18:07.511   236   236 I (6)[236:battery_thread]send_to_kernel=FG_DAEMON_CMD_GET_RAC: 0 212
08-07 16:18:07.519   236   236 I         : (6)[236:battery_thread][fgauge_read_IM_current] final current=1127 (ratio=920)
08-07 16:18:07.519   236   236 I (6)[236:battery_thread]do_ptim_internal: bat 37622 cur 1127
08-07 16:18:07.519   236   236 I         : (6)[236:battery_thread][fr] PTIM V 37622 I -1127
08-07 16:18:07.519   236   236 I (6)[236:battery_thread]send_to_kernel=FG_DAEMON_CMD_GET_PTIM_VBAT: 0 37622
08-07 16:18:07.519   236   236 I         : (6)[236:battery_thread][fr] FG_DAEMON_CMD_GET_PTIM_I = -1127
08-07 16:18:07.519   236   236 I (6)[236:battery_thread]send_to_kernel=FG_DAEMON_CMD_GET_PTIM_I: 0 -1127
08-07 16:18:07.519   236   236 I         : (6)[236:battery_thread][fgauge_read_current] final current=1171 (ratio=920)
08-07 16:18:07.519   236   236 I         : (6)[236:battery_thread][CH3_DBG] bat_cur = -1171
08-07 16:18:07.520   236   236 I (6)[236:battery_thread]mt635x-auxadc mt-pmic: mt635x-auxadc: name:BAT_TEMP, channel=3, adc_out=0x509, adc_result=566
08-07 16:18:07.520   236   236 I         : (6)[236:battery_thread][fgauge_read_current] final current=1176 (ratio=920)
08-07 16:18:07.520   236   236 I         : (6)[236:battery_thread][BattVoltToTemp] 568 16900 1800 2
08-07 16:18:07.520   236   236 I         : (6)[236:battery_thread][force_get_tbat] 566,568,0,117,100,319 r:75 100 0
08-07 16:18:07.520   236   236 I (6)[236:battery_thread][force_get_tbat] t: 31 precise:319
08-07 16:18:07.520   236   236 I         : (6)[236:battery_thread][fg_construct_vboot] idx 254 T_NEW 31 T_table 0 T_table_c 31 qmax_sel 1
08-07 16:18:07.520   236   236 I         : (6)[236:battery_thread][fg_construct_by_vboot]index 254 idx:100 _vboot:33606 0 qmax_t_0ma_tb1:44020
08-07 16:18:07.520   236   236 I (6)[236:battery_thread][fg_compensate_battery_voltage_from_low]size: 100 oriv=33500 I:-5000
08-07 16:18:07.520   236   236 I         : (6)[236:battery_thread][fg_compensate_battery_voltage_from_low]find high=99,[10000][9898]
08-07 16:18:07.520   236   236 I         : (6)[236:battery_thread][fg_compensate_battery_voltage_from_low] h_percent=[9898,9798],high=98,fg_volt_withIR=33997 > oriv=33500
08-07 16:18:07.520   236   236 I (6)[236:battery_thread][fg_compensate_battery_voltage_from_low]fg_volt=34671,98,IR=-1153,orig_33500,+IR=33518,percent=9878,
08-07 16:18:07.520   236   236 I         : (6)[236:battery_thread][fg_construct_by_vboot]index 254 idx:98 _vboot:34671 34556 qmax_t_0ma_tb1:43486
08-07 16:18:07.520   236   236 I         : (6)[236:battery_thread][fg_construct_vboot]idx 254 T_NEW 31 T_table 0 T_table_c 31 qmax_sel 1 vboot_t=[33606:0:34671] 33500 5000 rac 212
08-07 16:18:07.520   236   236 I         : (6)[236:battery_thread][fg_construct_vboot] qmax_sel=1 iboot_sel=0 iboot:5000 vbat:37622 i:-1127 vboot:0 34671 33606
08-07 16:18:07.521   236   236 I         : (6)[236:battery_thread][fg_construct_vboot][by_vboot]qmax_sel 1 vboot_t 33606 vboot 0 34671 pmic_min_vol 33500 iboot 5000 rac 212
08-07 16:18:07.521   236   236 I         : (6)[236:battery_thread][fg_update_c_dod]
08-07 16:18:07.521   236   236 I         : (6)[236:battery_thread][fgauge_read_columb_internal] CAR=-65 r_fg_value=100 car_tune_value=920
08-07 16:18:07.521   236   236 I         : (6)[236:battery_thread][fr] BATTERY_METER_CMD_GET_FG_HW_CAR = -65
08-07 16:18:07.521   236   236 I (6)[236:battery_thread]send_to_kernel=FG_DAEMON_CMD_GET_FG_HW_CAR: 0 -65
08-07 16:18:07.521   236   236 I         : (6)[236:battery_thread][fg_update_quse]aging_sel 0 qmax_t_0ma_tb1 43486 quse_tb1 [43486] aging[10000]
08-07 16:18:07.521   236   236 I (6)[236:battery_thread][FGADC] OCV_to_DOD: voltage:37881 dod:6799 highidx:67
08-07 16:18:07.521   236   236 I         : (6)[236:battery_thread][fg_update_c_dod] fg_c_dod 6813 fg_c_d0_dod 6799 car -65 quse_tb1 43486 fg_c_soc 3187
08-07 16:18:07.521   236   236 I         : (6)[236:battery_thread][fgauge_read_current] final current=1176 (ratio=920)
08-07 16:18:07.521   236   236 I         : (6)[236:battery_thread][CH3_DBG] bat_cur = -1176
08-07 16:18:07.522   236   236 I (6)[236:battery_thread]mt635x-auxadc mt-pmic: mt635x-auxadc: name:BAT_TEMP, channel=3, adc_out=0x508, adc_result=566
08-07 16:18:07.522   236   236 I         : (6)[236:battery_thread][fgauge_read_current] final current=1147 (ratio=920)
08-07 16:18:07.522   236   236 I         : (6)[236:battery_thread][BattVoltToTemp] 567 16900 1800 1
08-07 16:18:07.522   236   236 I         : (6)[236:battery_thread][force_get_tbat] 566,567,0,114,100,319 r:75 100 0
08-07 16:18:07.522   236   236 I (6)[236:battery_thread][force_get_tbat] t: 31 precise:319
08-07 16:18:07.522   236   236 I         : (6)[236:battery_thread][fr][FG_TEMP_INT] FG_DAEMON_CMD_SET_FG_BAT_TMP_C_GAP = 1 ht:32 lt:30
08-07 16:18:07.522   236   236 I         : (6)[236:battery_thread]send_to_kernel=FG_DAEMON_CMD_SET_FG_BAT_TMP_C_GAP 1 1
08-07 16:18:07.522   236   236 I         : (6)[236:battery_thread][fgauge_read_columb_internal] CAR=-65 r_fg_value=100 car_tune_value=920
08-07 16:18:07.522   236   236 I         : (6)[236:battery_thread][fr] BATTERY_METER_CMD_GET_FG_HW_CAR = -65
08-07 16:18:07.522   236   236 I (6)[236:battery_thread]send_to_kernel=FG_DAEMON_CMD_GET_FG_HW_CAR: 0 -65
08-07 16:18:07.523   236   236 I         : (6)[236:battery_thread][fgauge_read_columb_internal] CAR=-65 r_fg_value=100 car_tune_value=920
08-07 16:18:07.523   236   236 I         : (6)[236:battery_thread][read_fg_hw_info] curr_1 -1147 curr_2 -1136 car -65
08-07 16:18:07.523   236   236 I (6)[236:battery_thread]send_to_kernel=FG_DAEMON_CMD_GET_HW_INFO: 1024 1024
08-07 16:18:07.525   236   236 I         : (6)[236:battery_thread][fr] FG_DAEMON_CMD_GET_VBAT = 37590
08-07 16:18:07.525   236   236 I (6)[236:battery_thread]send_to_kernel=FG_DAEMON_CMD_GET_VBAT: 0 37590
08-07 16:18:07.525   236   236 I         : (6)[236:battery_thread][fgauge_read_current] final current=1095 (ratio=920)
08-07 16:18:07.525   236   236 I         : (6)[236:battery_thread][CH3_DBG] bat_cur = -1095
08-07 16:18:07.526   236   236 I         : (6)[236:battery_thread][fgauge_read_current] final current=1147 (ratio=920)
08-07 16:18:07.526   236   236 I         : (6)[236:battery_thread][BattVoltToTemp] 566 16900 1800 1
08-07 16:18:07.526   236   236 I         : (6)[236:battery_thread][force_get_tbat] 565,566,0,114,100,320 r:75 100 0
08-07 16:18:07.526   236   236 I (6)[236:battery_thread][force_get_tbat] t: 32 precise:320
08-07 16:18:07.526   236   236 I         : (6)[236:battery_thread][fg_res]FG_DAEMON_CMD_SET_KERNEL_SOC = 3187 32, type:0
08-07 16:18:07.526   236   236 I         : (6)[236:battery_thread]send_to_kernel=FG_DAEMON_CMD_SET_KERNEL_SOC 3187 3187
08-07 16:18:07.526   236   236 I         : (6)[236:battery_thread][fg_res] FG_DAEMON_CMD_SET_KERNEL_UISOC = 3800 38 GM3:0
08-07 16:18:07.528   236   236 I         : (6)[236:battery_thread][fgauge_read_current] final current=1211 (ratio=920)
08-07 16:18:07.528   236   236 I         : (6)[236:battery_thread][CH3_DBG] bat_cur = -1211
08-07 16:18:07.529   236   236 I         : (6)[236:battery_thread][fgauge_read_current] final current=1211 (ratio=920)
08-07 16:18:07.529   236   236 I         : (6)[236:battery_thread][BattVoltToTemp] 567 16900 1800 2
08-07 16:18:07.529   236   236 I         : (6)[236:battery_thread][force_get_tbat] 565,567,0,121,100,319 r:75 100 0
08-07 16:18:07.529   236   236 I (6)[236:battery_thread][force_get_tbat] t: 31 precise:319
08-07 16:18:07.530   245   245 I         : (6)[245:kworker/6:1][fgauge_read_current] final current=1211 (ratio=920)
08-07 16:18:07.530   236   236 I         : (6)[236:battery_thread]send_to_kernel=FG_DAEMON_CMD_SET_KERNEL_UISOC 3800 3800
08-07 16:18:07.530   236   236 I -(6)[236:battery_thread]mtk_rtc_hal_common: hal_rtc_get_spare_register: cmd[0], get rg[0x5aa, 0xff , 8] = 0xa6
08-07 16:18:07.530   236   236 I -(6)[236:battery_thread]mtk_rtc_hal_common: hal_rtc_set_spare_register: cmd[0], set rg[0x5aa, 0xff , 8] = 0xa6
08-07 16:18:07.530   236   236 I         : (6)[236:battery_thread][fg_set_rtc_ui_soc] rtc_ui_soc 38 spare3_reg 0xa6 new_spare3_reg 0xa6
08-07 16:18:07.530   236   236 I         : (6)[236:battery_thread][fr] BATTERY_METER_CMD_SET_RTC_UI_SOC=38
08-07 16:18:07.530   236   236 I         : (6)[236:battery_thread]send_to_kernel=FG_DAEMON_CMD_SET_RTC_UI_SOC 38 38
08-07 16:18:07.530   236   236 I         : (6)[236:battery_thread][fg_res] FG_DAEMON_CMD_SET_CON0_SOC = 3187
08-07 16:18:07.530   236   236 I         : (6)[236:battery_thread]send_to_kernel=FG_DAEMON_CMD_SET_CON0_SOC 3187 3187
08-07 16:18:07.532   236   236 I (6)[236:battery_thread]get_shutdown_cond ret: 0 0 0 0 vbat:3754
08-07 16:18:07.532   236   236 I (6)[236:battery_thread][FGADC_intr_end][FG_INTR_BAT_TEMP_LT]soc: 3187, c_soc:3187 ui_soc:3800 VBAT 37590 T:[32 C:31] car:-65
08-07 16:18:07.532   236   236 I         : (6)[236:battery_thread][wakeup_fg_algo_recovery] intr_num=0x800000
08-07 16:18:07.532   236   236 I         : (6)[236:battery_thread]mtk_battery boot mode =2
08-07 16:18:07.532   236   236 I         : (6)[236:battery_thread][wakeup_fg_algo_recovery] intr_num=0x400
08-07 16:18:07.532   236   236 I         : (6)[236:battery_thread][TempConverBattThermistor] [7769] 30 8315 35 6948 32
08-07 16:18:07.532   236   236 I         : (6)[236:battery_thread][fgauge_read_current] final current=1121 (ratio=920)
08-07 16:18:07.532   236   236 I         : (6)[236:battery_thread][TempToBattVolt] temp 32 R_NTC 7769 V(5668 5649) I 1121 CHG 0
08-07 16:18:07.532   236   236 I         : (6)[236:battery_thread][TempConverBattThermistor] [8315] 25 10000 30 8315 30
08-07 16:18:07.532   236   236 I         : (6)[236:battery_thread][TempToBattVolt] temp 30 R_NTC 8315 V(5935 5916) I 1121 CHG 0
08-07 16:18:07.532   236   236 I         : (6)[236:battery_thread][fg_bat_temp_int_internal][FG_TEMP_INT] T[31] V[65535 65535] C[32 30] h[5916 5649]
08-07 16:18:07.535   236   236 I         : (6)[236:battery_thread][fgauge_read_current] final current=1207 (ratio=920)
08-07 16:18:07.535   236   236 I         : (6)[236:battery_thread][CH3_DBG] bat_cur = -1207
08-07 16:18:07.535   236   236 I         : (6)[236:battery_thread][fgauge_read_current] final current=1207 (ratio=920)
08-07 16:18:07.536   236   236 I         : (6)[236:battery_thread][BattVoltToTemp] 567 16900 1800 2
08-07 16:18:07.536   236   236 I         : (6)[236:battery_thread][force_get_tbat] 565,567,0,120,100,319 r:75 100 0
08-07 16:18:07.536   236   236 I (6)[236:battery_thread][force_get_tbat] t: 31 precise:319
08-07 16:18:07.536   236   236 I (6)[236:battery_thread][fg_update_sw_iavg]diff time: 10 iavg:-3660
08-07 16:18:07.536   245   245 I         : (6)[245:kworker/6:1][fgauge_read_current] final current=1468 (ratio=920)
08-07 16:18:07.539   236   236 I         : (4)[236:battery_thread][read_boot_battery_plug_out_status] rtc_invalid 0 plugout 1 bat_plug_out_time 31 sp3:0xa6 pl:0 0
08-07 16:18:07.539   236   236 I         : (4)[236:battery_thread][fgauge_read_current] final current=1448 (ratio=920)
08-07 16:18:07.540   236   236 I         : (4)[236:battery_thread][fgauge_read_columb_internal] CAR=-65 r_fg_value=100 car_tune_value=920
08-07 16:18:07.542   236   236 I         : (4)[236:battery_thread][fgauge_read_current] final current=1309 (ratio=920)
08-07 16:18:07.542   236   236 I         : (4)[236:battery_thread][CH3_DBG] bat_cur = -1309
08-07 16:18:07.543   236   236 I         : (4)[236:battery_thread][fgauge_read_current] final current=1309 (ratio=920)
08-07 16:18:07.543   236   236 I         : (4)[236:battery_thread][BattVoltToTemp] 568 16900 1800 2
08-07 16:18:07.543   236   236 I         : (4)[236:battery_thread][force_get_tbat] 566,568,0,130,100,319 r:75 100 0
08-07 16:18:07.543   236   236 I (4)[236:battery_thread][force_get_tbat] t: 31 precise:319
08-07 16:18:07.543   236   236 I         : (4)[236:battery_thread]lbat 0 0 1 34500
08-07 16:18:07.543   236   236 I (4)[236:battery_thread]car[-65,217,-217,434,-183, cycle_car:-57,ncar:68] c: 0 1448 vbat:3759 vbus:4153 soc:32 38 gm3:0 0 0 0
08-07 16:18:07.543   236   236 I         : (4)[236:battery_thread][fgauge_read_columb_internal] CAR=-65 r_fg_value=100 car_tune_value=920
08-07 16:18:07.544   236   236 I         : (4)[236:battery_thread][fg_bat_nafg][fgauge_get_nafg_cnt] 0 [25_16 0 15_0 0]
08-07 16:18:07.544   236   236 I (4)[236:battery_thread][fg_nafg_monitor]time: 71 nafg_cnt:0, now:71, last_t:0
08-07 16:18:07.544   236   236 I (4)[236:battery_thread]tmp: 31 65535 65535 hcar2:434 lcar2:183 time:71 sw_iavg:-3660 -3660 0 nafg_m:0 0 0
08-07 16:18:07.544   236   236 I         : (4)[236:battery_thread][fgauge_read_columb_internal] CAR=-65 r_fg_value=100 car_tune_value=920
08-07 16:18:07.546   236   236 I         : (4)[236:battery_thread][fgauge_read_current] final current=1306 (ratio=920)
08-07 16:18:07.546   236   236 I         : (4)[236:battery_thread][fgauge_read_current] final current=1306 (ratio=920)
08-07 16:18:07.546   236   236 I         : (4)[236:battery_thread][CH3_DBG] bat_cur = -1306
08-07 16:18:07.547   236   236 I         : (4)[236:battery_thread][fgauge_read_current] final current=1306 (ratio=920)
08-07 16:18:07.547   236   236 I         : (4)[236:battery_thread][BattVoltToTemp] 568 16900 1800 2
08-07 16:18:07.547   236   236 I         : (4)[236:battery_thread][force_get_tbat] 566,568,0,130,100,319 r:75 100 0
08-07 16:18:07.547   236   236 I (4)[236:battery_thread][force_get_tbat] t: 31 precise:319
08-07 16:18:07.547   236   236 I         : (4)[236:battery_thread][fg_is_battery_exist] PMIC_RGS_BATON_UNDET = 1
08-07 16:18:07.547   236   236 I         : (4)[236:battery_thread]GM3log1 71 71 3758 -1306 -3660 27890 -76 31 1 1 212 1 0
08-07 16:18:07.548   236   236 I         : (4)[236:battery_thread]GM3log2 71 0 0 0 0 37622 1127 0 4153
08-07 16:18:07.548   236   236 I         : (4)[236:battery_thread]GM3log3 71 0 36684 -5228 0
08-07 16:18:07.548   236   236 I         : (4)[236:battery_thread]GM3log4 0 38 0 1 31 0 1 1 1 1 32
08-07 16:18:07.548   236   236 I         : (4)[236:battery_thread]GM3log int 71 71 0 0 0 0
08-07 16:18:07.548   236   236 I         : (4)[236:battery_thread]GM3log phone_state 0 0
08-07 16:18:07.548   236   236 I (4)[236:battery_thread]GM3 car: -65 car_diff:-11
08-07 16:18:07.548   236   236 I (4)[236:battery_thread][fg_bat_nafg][fgauge_get_nafg_dltv] mV: Reg [17285:10489]
08-07 16:18:07.548   236   236 I         : (4)[236:battery_thread][fg_bat_nafg][fgauge_get_nafg_cnt] 0 [25_16 0 15_0 0]
08-07 16:18:07.548   236   236 I (4)[236:battery_thread][fg_bat_nafg][fgauge_get_nafg_c_dltv] mV: Reg[0:0][b10:0][26_16(0x0000) 15_00(0x0000)]
08-07 16:18:07.548   236   236 I         : (4)[236:battery_thread]GM3log-nint-nafg 71 71 0 36714 17285 0 0
08-07 16:18:07.548   236   236 I         : (4)[236:battery_thread]mtk_battery boot mode =2
08-07 16:18:07.548   236   236 I         : (4)[236:battery_thread][wakeup_fg_algo_recovery] intr_num=0x2000000
08-07 16:18:07.580    36    36 I         : (5)[36:kworker/5:0]MTP, <do_monitor_work(), 1800> IN <1 0 0 0 1 1 0 0 0 >
08-07 16:18:07.580    36    36 I         : (5)[36:kworker/5:0]MTP, <do_monitor_work(), 1805> OUT <0 0 0 0 1 0 0 0 0 >
08-07 16:18:08.604    36    36 I         : (5)[36:kworker/5:0]MTP, <do_monitor_work(), 1800> IN <1 0 0 0 1 1 0 0 0 >
08-07 16:18:08.604    36    36 I         : (5)[36:kworker/5:0]MTP, <do_monitor_work(), 1805> OUT <0 0 0 0 1 0 0 0 0 >
08-07 16:18:08.646   107   107 W -(4)[107:dlpt_notify_thr]mt635x_auxadc_read_raw: 13 callbacks suppressed
08-07 16:18:08.646   107   107 I (4)[107:dlpt_notify_thr]mt635x-auxadc mt-pmic: mt635x-auxadc: name:BATADC, channel=0, adc_out=0x591d, adc_result=3759
08-07 16:18:08.648   107   107 I (4)[107:dlpt_notify_thr]mt635x-auxadc mt-pmic: mt635x-auxadc: name:BATADC, channel=0, adc_out=0x592a, adc_result=3761
08-07 16:18:08.648   107   107 I         : (4)[107:dlpt_notify_thr][PBM] [ma_to_mw] 3761(mV) * 2797(mA) = 10519(mW)
08-07 16:18:08.648   107   107 I         : (4)[107:dlpt_notify_thr][DLPT_final] 2797,38,38,1,5500
08-07 16:18:08.893   247   247 I         : (6)[247:kworker/u16:4][fgauge_read_current] final current=1231 (ratio=920)
08-07 16:18:08.893   247   247 I         : (6)[247:kworker/u16:4][CH3_DBG] bat_cur = -1231
08-07 16:18:08.893   247   247 I (6)[247:kworker/u16:4]mt635x-auxadc mt-pmic: mt635x-auxadc: name:BAT_TEMP, channel=3, adc_out=0x509, adc_result=566
08-07 16:18:08.894   247   247 I         : (6)[247:kworker/u16:4][fgauge_read_current] final current=1133 (ratio=920)
08-07 16:18:08.894   247   247 I         : (6)[247:kworker/u16:4][BattVoltToTemp] 567 16900 1800 1
08-07 16:18:08.894   247   247 I         : (6)[247:kworker/u16:4][force_get_tbat] 566,567,0,113,100,319 r:75 100 0
08-07 16:18:08.894   247   247 I (6)[247:kworker/u16:4][force_get_tbat] t: 31 precise:319
08-07 16:18:09.149   247   247 I (5)[247:kworker/u16:4]mt635x-auxadc mt-pmic: mt635x-auxadc: name:VPROC_TEMP, channel=4, adc_out=0x5e3, adc_result=662
08-07 16:18:09.149   248   248 I (4)[248:kworker/u16:5]mt635x-auxadc mt-pmic: mt635x-auxadc: name:VCORE_TEMP, channel=4, adc_out=0x5f0, adc_result=667
