08-07 14:32:21.392   237   237 I         : (5)[237:battery_thread][fgauge_read_current] final current=1063 (ratio=920)
08-07 14:32:21.392   237   237 I         : (5)[237:battery_thread][BattVoltToTemp] 548 16900 1800 1
08-07 14:32:21.392   237   237 I         : (5)[237:battery_thread][force_get_tbat] 547,548,0,106,100,333 r:75 100 0
08-07 14:32:21.392   237   237 I (5)[237:battery_thread][force_get_tbat] t: 33 precise:333
08-07 14:32:21.392   237   237 I (5)[237:battery_thread]act: 5 table: 50 25 10 0 -10 -25 -30 -35 -40 -45
08-07 14:32:21.392   237   237 I         : (5)[237:battery_thread]active_table_no is 5, 0 1
08-07 14:32:21.392   237   237 I (5)[237:battery_thread]table[0]: 50
08-07 14:32:21.392   237   237 I (5)[237:battery_thread]table[1]: 25
08-07 14:32:21.392   237   237 I (5)[237:battery_thread]table[2]: 10
08-07 14:32:21.392   237   237 I (5)[237:battery_thread]table[3]: 0
08-07 14:32:21.392   237   237 I (5)[237:battery_thread]table[4]: -10
08-07 14:32:21.392   237   237 I         : (5)[237:battery_thread][fr] FG_DAEMON_CMD_GET_RAC = 216
08-07 14:32:21.392   237   237 I (5)[237:battery_thread]send_to_kernel=FG_DAEMON_CMD_GET_RAC: 0 216
08-07 14:32:21.399   237   237 I         : (5)[237:battery_thread][fgauge_read_IM_current] final current=1252 (ratio=920)
08-07 14:32:21.399   237   237 I (5)[237:battery_thread]do_ptim_internal: bat 38074 cur 1252
08-07 14:32:21.399   237   237 I         : (5)[237:battery_thread][fr] PTIM V 38074 I -1252
08-07 14:32:21.399   237   237 I (5)[237:battery_thread]send_to_kernel=FG_DAEMON_CMD_GET_PTIM_VBAT: 0 38074
08-07 14:32:21.399   237   237 I         : (5)[237:battery_thread][fr] FG_DAEMON_CMD_GET_PTIM_I = -1252
08-07 14:32:21.399   237   237 I (5)[237:battery_thread]send_to_kernel=FG_DAEMON_CMD_GET_PTIM_I: 0 -1252
08-07 14:32:21.399   237   237 I         : (5)[237:battery_thread][fgauge_read_current] final current=1252 (ratio=920)
08-07 14:32:21.399   237   237 I         : (5)[237:battery_thread][CH3_DBG] bat_cur = -1252
08-07 14:32:21.400   237   237 I (5)[237:battery_thread]mt635x-auxadc mt-pmic: mt635x-auxadc: name:BAT_TEMP, channel=3, adc_out=0x4e1, adc_result=548
08-07 14:32:21.400   237   237 I         : (5)[237:battery_thread][fgauge_read_current] final current=1252 (ratio=920)
08-07 14:32:21.400   237   237 I         : (5)[237:battery_thread][BattVoltToTemp] 550 16900 1800 2
08-07 14:32:21.400   237   237 I         : (5)[237:battery_thread][force_get_tbat] 548,550,0,125,100,332 r:75 100 0
08-07 14:32:21.400   237   237 I (5)[237:battery_thread][force_get_tbat] t: 33 precise:332
08-07 14:32:21.400   237   237 I         : (5)[237:battery_thread][fg_construct_vboot] idx 254 T_NEW 33 T_table 0 T_table_c 33 qmax_sel 1
08-07 14:32:21.400   237   237 I         : (5)[237:battery_thread][fg_construct_by_vboot]index 254 idx:100 _vboot:33608 0 qmax_t_0ma_tb1:44020
08-07 14:32:21.400   237   237 I (5)[237:battery_thread][fg_compensate_battery_voltage_from_low]size: 100 oriv=33500 I:-5000
08-07 14:32:21.400   237   237 I         : (5)[237:battery_thread][fg_compensate_battery_voltage_from_low]find high=99,[10000][9898]
08-07 14:32:21.400   237   237 I         : (5)[237:battery_thread][fg_compensate_battery_voltage_from_low] h_percent=[9898,9798],high=98,fg_volt_withIR=33997 > oriv=33500
08-07 14:32:21.400   237   237 I (5)[237:battery_thread][fg_compensate_battery_voltage_from_low]fg_volt=34671,98,IR=-1153,orig_33500,+IR=33518,percent=9878,
08-07 14:32:21.400   237   237 I         : (5)[237:battery_thread][fg_construct_by_vboot]index 254 idx:98 _vboot:34671 34556 qmax_t_0ma_tb1:43486
08-07 14:32:21.400   237   237 I         : (5)[237:battery_thread][fg_construct_vboot]idx 254 T_NEW 33 T_table 0 T_table_c 33 qmax_sel 1 vboot_t=[33608:0:34671] 33500 5000 rac 216
08-07 14:32:21.400   237   237 I         : (5)[237:battery_thread][fg_construct_vboot] qmax_sel=1 iboot_sel=0 iboot:5000 vbat:38074 i:-1252 vboot:0 34671 33608
08-07 14:32:21.400   237   237 I         : (5)[237:battery_thread][fg_construct_vboot][by_vboot]qmax_sel 1 vboot_t 33608 vboot 0 34671 pmic_min_vol 33500 iboot 5000 rac 216
08-07 14:32:21.400   237   237 I         : (5)[237:battery_thread][fg_update_c_dod]
08-07 14:32:21.401   237   237 I         : (5)[237:battery_thread][fgauge_read_columb_internal] CAR=-4 r_fg_value=100 car_tune_value=920
08-07 14:32:21.401   237   237 I         : (5)[237:battery_thread][fr] BATTERY_METER_CMD_GET_FG_HW_CAR = -4
08-07 14:32:21.401   237   237 I (5)[237:battery_thread]send_to_kernel=FG_DAEMON_CMD_GET_FG_HW_CAR: 0 -4
08-07 14:32:21.401   237   237 I         : (5)[237:battery_thread][fg_update_quse]aging_sel 0 qmax_t_0ma_tb1 43486 quse_tb1 [43486] aging[10000]
08-07 14:32:21.401   237   237 I (5)[237:battery_thread][FGADC] OCV_to_DOD: voltage:38187 dod:5899 highidx:58
08-07 14:32:21.401   237   237 I         : (5)[237:battery_thread][fg_update_c_dod] fg_c_dod 5899 fg_c_d0_dod 5899 car -4 quse_tb1 43486 fg_c_soc 4101
08-07 14:32:21.401   237   237 I         : (5)[237:battery_thread][fgauge_read_current] final current=1138 (ratio=920)
08-07 14:32:21.401   237   237 I         : (5)[237:battery_thread][CH3_DBG] bat_cur = -1138
08-07 14:32:21.402   237   237 I (5)[237:battery_thread]mt635x-auxadc mt-pmic: mt635x-auxadc: name:BAT_TEMP, channel=3, adc_out=0x4e0, adc_result=548
08-07 14:32:21.402   237   237 I         : (5)[237:battery_thread][fgauge_read_current] final current=1138 (ratio=920)
08-07 14:32:21.402   237   237 I         : (5)[237:battery_thread][BattVoltToTemp] 549 16900 1800 1
08-07 14:32:21.402   237   237 I         : (5)[237:battery_thread][force_get_tbat] 548,549,0,113,100,332 r:75 100 0
08-07 14:32:21.402   237   237 I (5)[237:battery_thread][force_get_tbat] t: 33 precise:332
08-07 14:32:21.402   237   237 I         : (5)[237:battery_thread][fr][FG_TEMP_INT] FG_DAEMON_CMD_SET_FG_BAT_TMP_C_GAP = 1 ht:34 lt:32
08-07 14:32:21.402   237   237 I         : (5)[237:battery_thread]send_to_kernel=FG_DAEMON_CMD_SET_FG_BAT_TMP_C_GAP 1 1
08-07 14:32:21.402   237   237 I         : (5)[237:battery_thread][fgauge_read_columb_internal] CAR=-4 r_fg_value=100 car_tune_value=920
08-07 14:32:21.402   237   237 I         : (5)[237:battery_thread][fr] BATTERY_METER_CMD_GET_FG_HW_CAR = -4
08-07 14:32:21.402   237   237 I (5)[237:battery_thread]send_to_kernel=FG_DAEMON_CMD_GET_FG_HW_CAR: 0 -4
08-07 14:32:21.403   237   237 I         : (5)[237:battery_thread][fgauge_read_columb_internal] CAR=-4 r_fg_value=100 car_tune_value=920
08-07 14:32:21.403   237   237 I         : (5)[237:battery_thread][read_fg_hw_info] curr_1 -1187 curr_2 -1133 car -4
08-07 14:32:21.403   237   237 I (5)[237:battery_thread]send_to_kernel=FG_DAEMON_CMD_GET_HW_INFO: 512 512
08-07 14:32:21.405   237   237 I         : (5)[237:battery_thread][fr] FG_DAEMON_CMD_GET_VBAT = 38040
08-07 14:32:21.405   237   237 I (5)[237:battery_thread]send_to_kernel=FG_DAEMON_CMD_GET_VBAT: 0 38040
08-07 14:32:21.405   237   237 I         : (5)[237:battery_thread][fgauge_read_current] final current=1240 (ratio=920)
08-07 14:32:21.405   237   237 I         : (5)[237:battery_thread][CH3_DBG] bat_cur = -1240
08-07 14:32:21.406   237   237 I         : (5)[237:battery_thread][fgauge_read_current] final current=1240 (ratio=920)
08-07 14:32:21.406   237   237 I         : (5)[237:battery_thread][BattVoltToTemp] 550 16900 1800 2
08-07 14:32:21.406   237   237 I         : (5)[237:battery_thread][force_get_tbat] 548,550,0,124,100,332 r:75 100 0
08-07 14:32:21.406   237   237 I (5)[237:battery_thread][force_get_tbat] t: 33 precise:332
08-07 14:32:21.406   237   237 I         : (5)[237:battery_thread][fg_res]FG_DAEMON_CMD_SET_KERNEL_SOC = 4101 41, type:0
08-07 14:32:21.406   237   237 I         : (5)[237:battery_thread]send_to_kernel=FG_DAEMON_CMD_SET_KERNEL_SOC 4101 4101
08-07 14:32:21.406   237   237 I         : (5)[237:battery_thread][fg_res] FG_DAEMON_CMD_SET_KERNEL_UISOC = 4700 47 GM3:0
08-07 14:32:21.408   237   237 I         : (5)[237:battery_thread][fgauge_read_current] final current=1225 (ratio=920)
08-07 14:32:21.408   237   237 I         : (5)[237:battery_thread][CH3_DBG] bat_cur = -1225
08-07 14:32:21.409   237   237 I         : (5)[237:battery_thread][fgauge_read_current] final current=1225 (ratio=920)
08-07 14:32:21.409   237   237 I         : (5)[237:battery_thread][BattVoltToTemp] 550 16900 1800 2
08-07 14:32:21.409   237   237 I         : (5)[237:battery_thread][force_get_tbat] 548,550,0,122,100,332 r:75 100 0
08-07 14:32:21.409   237   237 I (5)[237:battery_thread][force_get_tbat] t: 33 precise:332
08-07 14:32:21.409   237   237 I         : (5)[237:battery_thread]send_to_kernel=FG_DAEMON_CMD_SET_KERNEL_UISOC 4700 4700
08-07 14:32:21.409   295   295 I         : (5)[295:kworker/5:1][fgauge_read_current] final current=1225 (ratio=920)
08-07 14:32:21.410   237   237 I -(5)[237:battery_thread]mtk_rtc_hal_common: hal_rtc_get_spare_register: cmd[0], get rg[0x5aa, 0xff , 8] = 0xaf
08-07 14:32:21.410   237   237 I -(5)[237:battery_thread]mtk_rtc_hal_common: hal_rtc_set_spare_register: cmd[0], set rg[0x5aa, 0xff , 8] = 0xaf
08-07 14:32:21.410   237   237 I         : (5)[237:battery_thread][fg_set_rtc_ui_soc] rtc_ui_soc 47 spare3_reg 0xaf new_spare3_reg 0xaf
08-07 14:32:21.410   237   237 I         : (5)[237:battery_thread][fr] BATTERY_METER_CMD_SET_RTC_UI_SOC=47
08-07 14:32:21.410   237   237 I         : (5)[237:battery_thread]send_to_kernel=FG_DAEMON_CMD_SET_RTC_UI_SOC 47 47
08-07 14:32:21.410   237   237 I         : (5)[237:battery_thread][fg_res] FG_DAEMON_CMD_SET_CON0_SOC = 4101
08-07 14:32:21.410   237   237 I         : (5)[237:battery_thread]send_to_kernel=FG_DAEMON_CMD_SET_CON0_SOC 4101 4101
08-07 14:32:21.412   237   237 I (5)[237:battery_thread]get_shutdown_cond ret: 0 0 0 0 vbat:3801
08-07 14:32:21.412   237   237 I (5)[237:battery_thread][FGADC_intr_end][FG_INTR_BAT_TEMP_HT]soc: 4101, c_soc:4101 ui_soc:4700 VBAT 38040 T:[33 C:33] car:-4
08-07 14:32:21.412   237   237 I         : (5)[237:battery_thread][wakeup_fg_algo_recovery] intr_num=0x400000
08-07 14:32:21.412   237   237 I         : (5)[237:battery_thread]mtk_battery boot mode =2
08-07 14:32:21.412   237   237 I         : (5)[237:battery_thread][wakeup_fg_algo_recovery] intr_num=0x400
08-07 14:32:21.412   237   237 I         : (5)[237:battery_thread][TempConverBattThermistor] [7222] 30 8315 35 6948 34
08-07 14:32:21.412   237   237 I         : (5)[237:battery_thread][fgauge_read_current] final current=1202 (ratio=920)
08-07 14:32:21.412   237   237 I         : (5)[237:battery_thread][TempToBattVolt] temp 34 R_NTC 7222 V(5389 5368) I 1202 CHG 0
08-07 14:32:21.412   237   237 I         : (5)[237:battery_thread][TempConverBattThermistor] [7769] 30 8315 35 6948 32
08-07 14:32:21.412   237   237 I         : (5)[237:battery_thread][TempToBattVolt] temp 32 R_NTC 7769 V(5668 5647) I 1202 CHG 0
08-07 14:32:21.412   237   237 I         : (5)[237:battery_thread][fg_bat_temp_int_internal][FG_TEMP_INT] T[33] V[65535 65535] C[34 32] h[5647 5368]
08-07 14:32:21.414   237   237 I         : (5)[237:battery_thread][fgauge_read_current] final current=1323 (ratio=920)
08-07 14:32:21.414   237   237 I         : (5)[237:battery_thread][CH3_DBG] bat_cur = -1323
08-07 14:32:21.415   237   237 I         : (5)[237:battery_thread][fgauge_read_current] final current=1323 (ratio=920)
08-07 14:32:21.415   237   237 I         : (5)[237:battery_thread][BattVoltToTemp] 550 16900 1800 2
08-07 14:32:21.415   237   237 I         : (5)[237:battery_thread][force_get_tbat] 548,550,0,132,100,332 r:75 100 0
08-07 14:32:21.415   237   237 I (5)[237:battery_thread][force_get_tbat] t: 33 precise:332
08-07 14:32:21.415   237   237 I (5)[237:battery_thread][fg_update_sw_iavg]diff time: 10 iavg:0
08-07 14:32:21.416   295   295 I         : (5)[295:kworker/5:1][fgauge_read_current] final current=1323 (ratio=920)
08-07 14:32:21.416   237   237 I         : (5)[237:battery_thread][read_boot_battery_plug_out_status] rtc_invalid 0 plugout 0 bat_plug_out_time 31 sp3:0xaf pl:0 0
08-07 14:32:21.416   237   237 I         : (5)[237:battery_thread][fgauge_read_current] final current=1434 (ratio=920)
08-07 14:32:21.416   237   237 I         : (5)[237:battery_thread][fgauge_read_columb_internal] CAR=-4 r_fg_value=100 car_tune_value=920
08-07 14:32:21.418     0     0 I (5)[0:swapper/5]Power/swap DP: No enter --- SODI3: No enter --- SODI: No enter ---
08-07 14:32:21.418     0     0 I (5)[0:swapper/5]mcdi cpu: 74, 0, 2, 0, 129, 49, 19, 10, cluster : 75, 140, pause = 209, multi core = 8, latency = 0, residency = 0, last core = 208, avail cpu = 00ff, cluster = 0003, enabled = 1, max_s_state = 5, system_idle_hint = 00000000
08-07 14:32:21.420   237   237 I         : (5)[237:battery_thread][fgauge_read_current] final current=1252 (ratio=920)
08-07 14:32:21.420   237   237 I         : (5)[237:battery_thread][CH3_DBG] bat_cur = -1252
08-07 14:32:21.421   237   237 I         : (5)[237:battery_thread][fgauge_read_current] final current=1252 (ratio=920)
08-07 14:32:21.421   237   237 I         : (5)[237:battery_thread][BattVoltToTemp] 551 16900 1800 2
08-07 14:32:21.421   237   237 I         : (5)[237:battery_thread][force_get_tbat] 549,551,0,125,100,331 r:75 100 0
08-07 14:32:21.421   237   237 I (5)[237:battery_thread][force_get_tbat] t: 33 precise:331
08-07 14:32:21.421   237   237 I         : (5)[237:battery_thread]lbat 0 0 1 34500
08-07 14:32:21.421   237   237 I (5)[237:battery_thread]car[-4,217,-217,434,-189, cycle_car:-3,ncar:5] c: 0 1434 vbat:3799 vbus:4125 soc:41 47 gm3:0 0 0 0
08-07 14:32:21.422   237   237 I         : (5)[237:battery_thread][fgauge_read_columb_internal] CAR=-4 r_fg_value=100 car_tune_value=920
08-07 14:32:21.422   237   237 I         : (5)[237:battery_thread][fg_bat_nafg][fgauge_get_nafg_cnt] 0 [25_16 0 15_0 0]
08-07 14:32:21.422   237   237 I (5)[237:battery_thread][fg_nafg_monitor]time: 11 nafg_cnt:0, now:11, last_t:0
08-07 14:32:21.422   237   237 I (5)[237:battery_thread]tmp: 33 65535 65535 hcar2:434 lcar2:189 time:11 sw_iavg:0 0 0 nafg_m:0 0 0
08-07 14:32:21.422   237   237 I (5)[237:battery_thread]1st chr_zcv: 0 pmic_zcv:0 0 pmic_in_zcv:0 swocv:0 zcv_from:0 tmp:0
08-07 14:32:21.422   237   237 I (5)[237:battery_thread]chr_zcv: 0 pmic_zcv:0 0 pmic_in_zcv:0 swocv:0 zcv_from:0 tmp:0
08-07 14:32:21.422   237   237 I         : (5)[237:battery_thread][fgauge_read_columb_internal] CAR=-4 r_fg_value=100 car_tune_value=920
08-07 14:32:21.424   237   237 I         : (5)[237:battery_thread][fgauge_read_current] final current=1500 (ratio=920)
08-07 14:32:21.424   237   237 I         : (5)[237:battery_thread][fgauge_read_current] final current=1500 (ratio=920)
08-07 14:32:21.424   237   237 I         : (5)[237:battery_thread][CH3_DBG] bat_cur = -1500
08-07 14:32:21.425   237   237 I         : (5)[237:battery_thread][fgauge_read_current] final current=1500 (ratio=920)
08-07 14:32:21.425   237   237 I         : (5)[237:battery_thread][BattVoltToTemp] 550 16900 1800 2
08-07 14:32:21.425   237   237 I         : (5)[237:battery_thread][force_get_tbat] 548,550,0,150,100,332 r:75 100 0
08-07 14:32:21.425   237   237 I (5)[237:battery_thread][force_get_tbat] t: 33 precise:332
08-07 14:32:21.425   237   237 I         : (5)[237:battery_thread][fg_is_battery_exist] PMIC_RGS_BATON_UNDET = 1
08-07 14:32:21.425   237   237 I         : (5)[237:battery_thread]GM3log1 11 11 3805 -1500 0 0 -6 33 1 1 216 1 0
08-07 14:32:21.426   237   237 I         : (5)[237:battery_thread]GM3log2 11 0 0 0 0 38074 1252 0 4144
08-07 14:32:21.426   237   237 I         : (5)[237:battery_thread]GM3log3 11 0 37232 -5135 0
08-07 14:32:21.426   237   237 I         : (5)[237:battery_thread]GM3log4 0 47 0 0 31 0 0 1 1 1 41
08-07 14:32:21.426   237   237 I         : (5)[237:battery_thread]GM3log int 11 11 0 0 0 0
08-07 14:32:21.426   237   237 I         : (5)[237:battery_thread]GM3log phone_state 0 0
08-07 14:32:21.426   237   237 I (5)[237:battery_thread]GM3 car: -4 car_diff:-2
08-07 14:32:21.426   237   237 I (5)[237:battery_thread][fg_bat_nafg][fgauge_get_nafg_dltv] mV: Reg [15894:9645]
08-07 14:32:21.426   237   237 I         : (5)[237:battery_thread][fg_bat_nafg][fgauge_get_nafg_cnt] 0 [25_16 0 15_0 0]
08-07 14:32:21.426   237   237 I (5)[237:battery_thread][fg_bat_nafg][fgauge_get_nafg_c_dltv] mV: Reg[0:0][b10:0][26_16(0x0000) 15_00(0x0000)]
08-07 14:32:21.426   237   237 I         : (5)[237:battery_thread]GM3log-nint-nafg 11 11 0 38105 15894 0 0
08-07 14:32:21.426   237   237 I         : (5)[237:battery_thread]mtk_battery boot mode =2
08-07 14:32:21.426   237   237 I         : (5)[237:battery_thread][wakeup_fg_algo_recovery] intr_num=0x2000000
08-07 14:32:21.460   101   101 I         : (4)[101:kworker/u16:1][fgauge_read_current] final current=1257 (ratio=920)
08-07 14:32:21.460   101   101 I         : (4)[101:kworker/u16:1][CH3_DBG] bat_cur = -1257
08-07 14:32:21.461   101   101 I         : (4)[101:kworker/u16:1][fgauge_read_current] final current=1231 (ratio=920)
08-07 14:32:21.461   101   101 I         : (4)[101:kworker/u16:1][BattVoltToTemp] 550 16900 1800 2
08-07 14:32:21.461   101   101 I         : (4)[101:kworker/u16:1][force_get_tbat] 548,550,0,123,100,332 r:75 100 0
08-07 14:32:21.461   101   101 I (4)[101:kworker/u16:1][force_get_tbat] t: 33 precise:332
08-07 14:32:22.291   336   336 W HidlServiceManagement: Waited one second for android.hardware.keymaster@4.0::IKeymasterDevice/default
08-07 14:32:22.292   327   327 I hwservicemanager: Since android.hardware.keymaster@4.0::IKeymasterDevice/default is not registered, trying to start it as a lazy HAL.
08-07 14:32:22.292   336   336 I HidlServiceManagement: getService: Trying again for android.hardware.keymaster@4.0::IKeymasterDevice/default...
08-07 14:32:22.294   327   383 W libc    : Unable to set property "ctl.interface_start" to "android.hardware.keymaster@4.0::IKeymasterDevice/default": error code: 0x20
08-07 14:32:22.299     1     1 E (4)[1:init]: Control message: Could not find 'android.hardware.keymaster@4.0::IKeymasterDevice/default' for ctl.interface_start from pid: 327 (/system/bin/hwservicemanager)
08-07 14:32:23.293   336   336 W HidlServiceManagement: Waited one second for android.hardware.keymaster@4.0::IKeymasterDevice/default
08-07 14:32:23.294   327   327 I hwservicemanager: Since android.hardware.keymaster@4.0::IKeymasterDevice/default is not registered, trying to start it as a lazy HAL.
08-07 14:32:23.294   336   336 I HidlServiceManagement: getService: Trying again for android.hardware.keymaster@4.0::IKeymasterDevice/default...
08-07 14:32:23.296   327   384 W libc    : Unable to set property "ctl.interface_start" to "android.hardware.keymaster@4.0::IKeymasterDevice/default": error code: 0x20
08-07 14:32:24.295   336   336 W HidlServiceManagement: Waited one second for android.hardware.keymaster@4.0::IKeymasterDevice/default
08-07 14:32:24.296   327   327 I hwservicemanager: Since android.hardware.keymaster@4.0::IKeymasterDevice/default is not registered, trying to start it as a lazy HAL.
08-07 14:32:24.296   336   336 I HidlServiceManagement: getService: Trying again for android.hardware.keymaster@4.0::IKeymasterDevice/default...
08-07 14:32:24.297   327   385 W libc    : Unable to set property "ctl.interface_start" to "android.hardware.keymaster@4.0::IKeymasterDevice/default": error code: 0x20
08-07 14:32:24.303     1     1 E (4)[1:init]: Control message: Could not find 'android.hardware.keymaster@4.0::IKeymasterDevice/default' for ctl.interface_start from pid: 327 (/system/bin/hwservicemanager)
08-07 14:32:24.792   101   101 I (6)[101:kworker/u16:1][SCP] scp_ipi_send: SCP A not ready
08-07 14:32:24.792   101   101 E         : (6)[101:kworker/u16:1][sensorHub] scp_ipi_send fail
08-07 14:32:24.793   244   244 E         : (2)[244:kworker/2:2][sensorHub] scp_sensorHub_req_send fail!
08-07 14:32:24.984     0     0 I         : -(5)[0:swapper/5]tick broadcast enter counter cpu: 259, 2, 12, 2, 236, 237, 273, 27, success counter cpu: 0, 0, 1, 0, 101, 114, 171, 4, fail counter cpu: 0, 0, 0, 0, 0, 0, 0, 0, interrupt counter cpu: 3, 1, 10, 1, 163, 172, 236, 10, o: 0-4,6-7, p: , f: 5, t:  21857560076, 19369343769, 15804000000, 21857562538, 15326707845, 15008824000, 15044000000, 21857727692,
08-07 14:32:25.297   336   336 W HidlServiceManagement: Waited one second for android.hardware.keymaster@4.0::IKeymasterDevice/default
08-07 14:32:25.298   327   327 I hwservicemanager: Since android.hardware.keymaster@4.0::IKeymasterDevice/default is not registered, trying to start it as a lazy HAL.
08-07 14:32:25.299   336   336 I HidlServiceManagement: getService: Trying again for android.hardware.keymaster@4.0::IKeymasterDevice/default...
08-07 14:32:25.300   327   386 W libc    : Unable to set property "ctl.interface_start" to "android.hardware.keymaster@4.0::IKeymasterDevice/default": error code: 0x20
08-07 14:32:25.305     1     1 E (5)[1:init]: Control message: Could not find 'android.hardware.keymaster@4.0::IKeymasterDevice/default' for ctl.interface_start from pid: 327 (/system/bin/hwservicemanager)
08-07 14:32:26.299   336   336 W HidlServiceManagement: Waited one second for android.hardware.keymaster@4.0::IKeymasterDevice/default
08-07 14:32:26.300   327   327 I hwservicemanager: Since android.hardware.keymaster@4.0::IKeymasterDevice/default is not registered, trying to start it as a lazy HAL.
08-07 14:32:26.301   336   336 I HidlServiceManagement: getService: Trying again for android.hardware.keymaster@4.0::IKeymasterDevice/default...
08-07 14:32:26.302   327   387 W libc    : Unable to set property "ctl.interface_start" to "android.hardware.keymaster@4.0::IKeymasterDevice/default": error code: 0x20
08-07 14:32:26.307     1     1 E (5)[1:init]: Control message: Could not find 'android.hardware.keymaster@4.0::IKeymasterDevice/default' for ctl.interface_start from pid: 327 (/system/bin/hwservicemanager)
08-07 14:32:26.419     0     0 I (0)[0:swapper/0]Power/swap DP: No enter --- SODI3: No enter --- SODI: No enter ---
08-07 14:32:26.419     0     0 I (0)[0:swapper/0]mcdi cpu: 259, 1, 10, 1, 144, 242, 273, 125, cluster : 271, 533, pause = 809, multi core = 29, latency = 0, residency = 1, last core = 808, avail cpu = 00ff, cluster = 0003, enabled = 1, max_s_state = 5, system_idle_hint = 00000000
08-07 14:32:26.580   101   101 I         : (6)[101:kworker/u16:1][fgauge_read_current] final current=1072 (ratio=920)
08-07 14:32:26.580   101   101 I         : (6)[101:kworker/u16:1][CH3_DBG] bat_cur = -1072
08-07 14:32:26.581   101   101 W -(6)[101:kworker/u16:1]mt635x_auxadc_read_raw: 16 callbacks suppressed
08-07 14:32:26.581   101   101 I (6)[101:kworker/u16:1]mt635x-auxadc mt-pmic: mt635x-auxadc: name:BAT_TEMP, channel=3, adc_out=0x4df, adc_result=547
08-07 14:32:26.581   101   101 I         : (6)[101:kworker/u16:1][fgauge_read_current] final current=1072 (ratio=920)
08-07 14:32:26.581   101   101 I         : (6)[101:kworker/u16:1][BattVoltToTemp] 548 16900 1800 1
08-07 14:32:26.581   101   101 I         : (6)[101:kworker/u16:1][force_get_tbat] 547,548,0,107,100,333 r:75 100 0
08-07 14:32:26.581   101   101 I (6)[101:kworker/u16:1][force_get_tbat] t: 33 precise:333
08-07 14:32:26.836     5     5 I (6)[5:kworker/u16:0]mt635x-auxadc mt-pmic: mt635x-auxadc: name:VPROC_TEMP, channel=4, adc_out=0x5dd, adc_result=659
08-07 14:32:26.837   101   101 I (5)[101:kworker/u16:1]mt635x-auxadc mt-pmic: mt635x-auxadc: name:VCORE_TEMP, channel=4, adc_out=0x5ea, adc_result=665
08-07 14:32:27.301   336   336 W HidlServiceManagement: Waited one second for android.hardware.keymaster@4.0::IKeymasterDevice/default
08-07 14:32:27.302   327   327 I hwservicemanager: Since android.hardware.keymaster@4.0::IKeymasterDevice/default is not registered, trying to start it as a lazy HAL.
08-07 14:32:27.303   336   336 I HidlServiceManagement: getService: Trying again for android.hardware.keymaster@4.0::IKeymasterDevice/default...
08-07 14:32:27.304   327   388 W libc    : Unable to set property "ctl.interface_start" to "android.hardware.keymaster@4.0::IKeymasterDevice/default": error code: 0x20
08-07 14:32:27.310     1     1 E (5)[1:init]: Control message: Could not find 'android.hardware.keymaster@4.0::IKeymasterDevice/default' for ctl.interface_start from pid: 327 (/system/bin/hwservicemanager)
08-07 14:32:28.304   336   336 W HidlServiceManagement: Waited one second for android.hardware.keymaster@4.0::IKeymasterDevice/default
08-07 14:32:28.305   327   327 I hwservicemanager: Since android.hardware.keymaster@4.0::IKeymasterDevice/default is not registered, trying to start it as a lazy HAL.
08-07 14:32:28.305   336   336 I HidlServiceManagement: getService: Trying again for android.hardware.keymaster@4.0::IKeymasterDevice/default...
08-07 14:32:28.307   327   389 W libc    : Unable to set property "ctl.interface_start" to "android.hardware.keymaster@4.0::IKeymasterDevice/default": error code: 0x20
08-07 14:32:28.312     1     1 E (5)[1:init]: Control message: Could not find 'android.hardware.keymaster@4.0::IKeymasterDevice/default' for ctl.interface_start from pid: 327 (/system/bin/hwservicemanager)
08-07 14:32:29.306   336   336 W HidlServiceManagement: Waited one second for android.hardware.keymaster@4.0::IKeymasterDevice/default
08-07 14:32:29.307   327   327 I hwservicemanager: Since android.hardware.keymaster@4.0::IKeymasterDevice/default is not registered, trying to start it as a lazy HAL.
08-07 14:32:29.308   336   336 I HidlServiceManagement: getService: Trying again for android.hardware.keymaster@4.0::IKeymasterDevice/default...
08-07 14:32:29.309   327   390 W libc    : Unable to set property "ctl.interface_start" to "android.hardware.keymaster@4.0::IKeymasterDevice/default": error code: 0x20
08-07 14:32:29.314     1     1 E (4)[1:init]: Control message: Could not find 'android.hardware.keymaster@4.0::IKeymasterDevice/default' for ctl.interface_start from pid: 327 (/system/bin/hwservicemanager)
08-07 14:32:29.732     0     0 I -(4)[0:swapper/4]mtk_charger_alarm_timer_func: not suspend, wake up charger
08-07 14:32:29.733   298   298 I         : (4)[298:charger_thread][fgauge_read_current] final current=1393 (ratio=920)
08-07 14:32:29.735   298   298 I (4)[298:charger_thread]mt635x-auxadc mt-pmic: mt635x-auxadc: name:ISENSE, channel=0, adc_out=0x5a52, adc_result=3810
08-07 14:32:29.737   298   298 I         : (4)[298:charger_thread][MDRT_ADC] OLD = 0x3203, NOW = 0x3219, CNT = 0
08-07 14:32:29.737   298   298 I (4)[298:charger_thread]mt635x-auxadc mt-pmic: mt635x-auxadc: name:BATADC, channel=0, adc_out=0x5a29, adc_result=3803
08-07 14:32:29.739   298   298 I (4)[298:charger_thread]mt635x-auxadc mt-pmic: mt635x-auxadc: name:BATADC, channel=0, adc_out=0x5a48, adc_result=3808
08-07 14:32:29.739   298   298 I (4)[298:charger_thread]mt635x-auxadc mt-pmic: mt635x-auxadc: name:VCDT, channel=2, adc_out=0x3e3, adc_result=437
08-07 14:32:29.739   298   298 I         : (4)[298:charger_thread][fgauge_read_current] final current=1240 (ratio=920)
08-07 14:32:29.739   298   298 I         : (4)[298:charger_thread][CH3_DBG] bat_cur = -1240
08-07 14:32:29.740   298   298 I (4)[298:charger_thread]mt635x-auxadc mt-pmic: mt635x-auxadc: name:BAT_TEMP, channel=3, adc_out=0x4e1, adc_result=548
08-07 14:32:29.740   298   298 I         : (4)[298:charger_thread][fgauge_read_current] final current=1323 (ratio=920)
08-07 14:32:29.740   298   298 I         : (4)[298:charger_thread][BattVoltToTemp] 550 16900 1800 2
08-07 14:32:29.740   298   298 I         : (4)[298:charger_thread][force_get_tbat] 548,550,0,132,100,332 r:75 100 0
08-07 14:32:29.740   298   298 I (4)[298:charger_thread][force_get_tbat] t: 33 precise:332
08-07 14:32:29.740   298   298 I (4)[298:charger_thread]Vbat=3808,Ibat=-1393,I=125,VChr=4134,T=33,Soc=41: 47,CT:1:1 hv:1 pd:0:0
08-07 14:32:29.740   298   298 I (4)[298:charger_thread]mtk_charger_start_timer: alarm timer start:0, 29 764830077
08-07 14:32:29.740   298   298 I         : -(4)[298:charger_thread]alarmtimer_enqueue, 29764830077
08-07 14:32:29.741   298   298 I         : (4)[298:charger_thread][fgauge_read_current] final current=1323 (ratio=920)
08-07 14:32:29.741   298   298 I         : (4)[298:charger_thread][CH3_DBG] bat_cur = -1323
08-07 14:32:29.741   298   298 I         : (4)[298:charger_thread][fgauge_read_current] final current=1323 (ratio=920)
08-07 14:32:29.741   298   298 I         : (4)[298:charger_thread][BattVoltToTemp] 550 16900 1800 2
08-07 14:32:29.741   298   298 I         : (4)[298:charger_thread][force_get_tbat] 548,550,0,132,100,332 r:75 100 0
08-07 14:32:29.741   298   298 I (4)[298:charger_thread][force_get_tbat] t: 33 precise:332
08-07 14:32:29.742   298   298 I         : (4)[298:charger_thread][fg_is_battery_exist] PMIC_RGS_BATON_UNDET = 1
08-07 14:32:29.742   298   298 I chatty  : uid=1036(auditd) identical 1 line
08-07 14:32:29.742   298   298 I         : (4)[298:charger_thread][fg_is_battery_exist] PMIC_RGS_BATON_UNDET = 1
08-07 14:32:29.744   298   298 I (4)[298:charger_thread]tmp: 33 (jeita:0 sm:0 cv:0 en:0) (sm:1) en:1 c:0 s:0 ov:0 1 1
08-07 14:32:29.744   298   298 I         : (4)[298:charger_thread]info->chr_type =1
08-07 14:32:29.744   298   298 I         : (4)[298:charger_thread]mtk_switch_charging_run [1 0], timer=0
08-07 14:32:29.744   298   298 I         : (4)[298:charger_thread][fgauge_read_current] final current=1147 (ratio=920)
08-07 14:32:29.744   298   298 I         : (4)[298:charger_thread][CH3_DBG] bat_cur = -1147
08-07 14:32:29.745   298   298 I         : (4)[298:charger_thread][fgauge_read_current] final current=1147 (ratio=920)
08-07 14:32:29.745   298   298 I         : (4)[298:charger_thread][BattVoltToTemp] 550 16900 1800 1
08-07 14:32:29.745   298   298 I         : (4)[298:charger_thread][force_get_tbat] 549,550,0,114,100,332 r:75 100 0
08-07 14:32:29.745   298   298 I (4)[298:charger_thread][force_get_tbat] t: 33 precise:332
08-07 14:32:29.745   298   298 I (4)[298:charger_thread]pe40_ready: 0 hv:1 thermal:-1,-1 tmp:33,39,16 pps:0 en:0 ibus:0 80
08-07 14:32:29.745   298   298 W         : (4)[298:charger_thread]PRIZE master  charge current 500000:500000
08-07 14:32:29.745   298   298 I (4)[298:charger_thread]force: 0 thermal:-1,-1 pe4:-1,-1,0 setting:500 500 type:1 usb_unlimited:0 usbif:0 usbsm:2 aicl:-1 atm:0
08-07 14:32:29.746   298   298 I         : (4)[298:charger_thread]Can't find closest level
08-07 14:32:29.749   298   298 I         : (5)[298:charger_thread]charging_set_cv_voltage register_value=0x2e 4420000 4420000
08-07 14:32:29.752   298   298 W (5)[298:charger_thread][HL7005]dump:  
08-07 14:32:29.752   298   298 W         : (5)[298:charger_thread][0x0]=0xd0
08-07 14:32:29.752   298   298 W         : (5)[298:charger_thread][0x1]=0xb8
08-07 14:32:29.752   298   298 W         : (5)[298:charger_thread][0x2]=0xba
08-07 14:32:29.752   298   298 W         : (5)[298:charger_thread][0x3]=0x54
08-07 14:32:29.752   298   298 W         : (5)[298:charger_thread][0x4]=0x1
08-07 14:32:29.752   298   298 W         : (5)[298:charger_thread][0x5]=0x13
08-07 14:32:29.752   298   298 W         : (5)[298:charger_thread][0x6]=0x8a
08-07 14:32:29.752   298   298 W         : (5)[298:charger_thread][0x7]=0x9
08-07 14:32:29.752     0     0 W         : (5)[298:charger_thread]
08-07 14:32:29.988     0     0 I         : -(0)[0:swapper/0]tick broadcast enter counter cpu: 251, 1, 6, 0, 129, 146, 81, 444, success counter cpu: 0, 0, 0, 0, 5, 32, 14, 306, fail counter cpu: 0, 0, 0, 0, 0, 0, 0, 0, interrupt counter cpu: 0, 1, 6, 0, 59, 89, 41, 427, o: 1-7, p: , f: , t:  21857560076, 20496302230, 20796000000, 21857562538, 20016000000, 20337916537, 20019170308, 21857727692,
08-07 14:32:30.308   336   336 W HidlServiceManagement: Waited one second for android.hardware.keymaster@4.0::IKeymasterDevice/default
08-07 14:32:30.309   327   327 I hwservicemanager: Since android.hardware.keymaster@4.0::IKeymasterDevice/default is not registered, trying to start it as a lazy HAL.
08-07 14:32:30.310   336   336 I HidlServiceManagement: getService: Trying again for android.hardware.keymaster@4.0::IKeymasterDevice/default...
08-07 14:32:30.311   327   391 W libc    : Unable to set property "ctl.interface_start" to "android.hardware.keymaster@4.0::IKeymasterDevice/default": error code: 0x20
08-07 14:32:30.316     1     1 E (4)[1:init]: Control message: Could not find 'android.hardware.keymaster@4.0::IKeymasterDevice/default' for ctl.interface_start from pid: 327 (/system/bin/hwservicemanager)
08-07 14:32:31.310   336   336 W HidlServiceManagement: Waited one second for android.hardware.keymaster@4.0::IKeymasterDevice/default
08-07 14:32:31.311   327   327 I hwservicemanager: Since android.hardware.keymaster@4.0::IKeymasterDevice/default is not registered, trying to start it as a lazy HAL.
08-07 14:32:31.312   336   336 I HidlServiceManagement: getService: Trying again for android.hardware.keymaster@4.0::IKeymasterDevice/default...
08-07 14:32:31.313   327   392 W libc    : Unable to set property "ctl.interface_start" to "android.hardware.keymaster@4.0::IKeymasterDevice/default": error code: 0x20
08-07 14:32:31.318     1     1 E (4)[1:init]: Control message: Could not find 'android.hardware.keymaster@4.0::IKeymasterDevice/default' for ctl.interface_start from pid: 327 (/system/bin/hwservicemanager)
08-07 14:32:31.422     0     0 I (5)[0:swapper/5]Power/swap DP: No enter --- SODI3: No enter --- SODI: No enter ---
08-07 14:32:31.422     0     0 I (5)[0:swapper/5]mcdi cpu: 253, 2, 6, 0, 200, 135, 101, 340, cluster : 260, 549, pause = 812, multi core = 26, latency = 0, residency = 0, last core = 810, avail cpu = 00ff, cluster = 0003, enabled = 1, max_s_state = 5, system_idle_hint = 00000000
08-07 14:32:31.426   237   237 I         : (5)[237:battery_thread][fg_drv_update_hw_status]=>
08-07 14:32:31.426   237   237 I         : (5)[237:battery_thread][fgauge_read_current] final current=1187 (ratio=920)
08-07 14:32:31.426   237   237 I         : (5)[237:battery_thread][CH3_DBG] bat_cur = -1187
08-07 14:32:31.427   237   237 W -(5)[237:battery_thread]mt635x_auxadc_read_raw: 4 callbacks suppressed
08-07 14:32:31.427   237   237 I (5)[237:battery_thread]mt635x-auxadc mt-pmic: mt635x-auxadc: name:BAT_TEMP, channel=3, adc_out=0x4e1, adc_result=548
08-07 14:32:31.427   237   237 I         : (5)[237:battery_thread][fgauge_read_current] final current=1187 (ratio=920)
08-07 14:32:31.427   237   237 I         : (5)[237:battery_thread][BattVoltToTemp] 550 16900 1800 2
08-07 14:32:31.427   237   237 I         : (5)[237:battery_thread][force_get_tbat] 548,550,0,118,100,332 r:75 100 0
08-07 14:32:31.428   237   237 I (5)[237:battery_thread][force_get_tbat] t: 33 precise:332
08-07 14:32:31.428   237   237 I         : (5)[237:battery_thread][fg_bat_temp_int_sw_check] tmp 33 lt 65535 ht 65535
08-07 14:32:31.428   237   237 I         : (5)[237:battery_thread][fg_bat_sw_temp_int_l_handler]
08-07 14:32:31.428   237   237 I         : (5)[237:battery_thread][fgauge_read_current] final current=1205 (ratio=920)
08-07 14:32:31.428   237   237 I         : (5)[237:battery_thread][CH3_DBG] bat_cur = -1205
08-07 14:32:31.429   237   237 I (5)[237:battery_thread]mt635x-auxadc mt-pmic: mt635x-auxadc: name:BAT_TEMP, channel=3, adc_out=0x4e2, adc_result=549
08-07 14:32:31.429   237   237 I         : (5)[237:battery_thread][fgauge_read_current] final current=1205 (ratio=920)
08-07 14:32:31.429   237   237 I         : (5)[237:battery_thread][BattVoltToTemp] 551 16900 1800 2
08-07 14:32:31.429   237   237 I         : (5)[237:battery_thread][force_get_tbat] 549,551,0,120,100,331 r:75 100 0
08-07 14:32:31.429   237   237 I (5)[237:battery_thread][force_get_tbat] t: 33 precise:331
08-07 14:32:31.429   237   237 I         : (5)[237:battery_thread]mtk_battery boot mode =2
08-07 14:32:31.429   237   237 I         : (5)[237:battery_thread][wakeup_fg_algo_recovery] intr_num=0x400
08-07 14:32:31.429   237   237 I         : (5)[237:battery_thread][TempConverBattThermistor] [7222] 30 8315 35 6948 34
08-07 14:32:31.429   237   237 I         : (5)[237:battery_thread][fgauge_read_current] final current=1205 (ratio=920)
08-07 14:32:31.429   237   237 I         : (5)[237:battery_thread][TempToBattVolt] temp 34 R_NTC 7222 V(5389 5368) I 1205 CHG 0
08-07 14:32:31.429   237   237 I         : (5)[237:battery_thread][TempConverBattThermistor] [7769] 30 8315 35 6948 32
08-07 14:32:31.429   237   237 I         : (5)[237:battery_thread][TempToBattVolt] temp 32 R_NTC 7769 V(5668 5647) I 1205 CHG 0
08-07 14:32:31.429   237   237 I         : (5)[237:battery_thread][fg_bat_temp_int_internal][FG_TEMP_INT] T[33] V[65535 65535] C[34 32] h[5647 5368]
08-07 14:32:31.431   237   237 I (5)[237:battery_thread]mt635x-auxadc mt-pmic: mt635x-auxadc: name:BATADC, channel=0, adc_out=0x5a45, adc_result=3808
08-07 14:32:31.431   237   237 I         : (5)[237:battery_thread][fgauge_read_current] final current=1106 (ratio=920)
08-07 14:32:31.431   237   237 I         : (5)[237:battery_thread][CH3_DBG] bat_cur = -1106
08-07 14:32:31.432   237   237 I (5)[237:battery_thread]mt635x-auxadc mt-pmic: mt635x-auxadc: name:BAT_TEMP, channel=3, adc_out=0x4e1, adc_result=548
08-07 14:32:31.433   237   237 I         : (5)[237:battery_thread][fgauge_read_current] final current=1234 (ratio=920)
08-07 14:32:31.433   237   237 I         : (5)[237:battery_thread][BattVoltToTemp] 550 16900 1800 2
08-07 14:32:31.433   237   237 I         : (5)[237:battery_thread][force_get_tbat] 548,550,0,123,100,332 r:75 100 0
08-07 14:32:31.433   237   237 I (5)[237:battery_thread][force_get_tbat] t: 33 precise:332
08-07 14:32:31.433   237   237 I (5)[237:battery_thread][fg_update_sw_iavg]diff time: 20 iavg:0
08-07 14:32:31.433   295   295 I         : (5)[295:kworker/5:1][fgauge_read_current] final current=1234 (ratio=920)
08-07 14:32:31.433   237   237 I         : (5)[237:battery_thread][read_boot_battery_plug_out_status] rtc_invalid 0 plugout 0 bat_plug_out_time 31 sp3:0xaf pl:0 0
08-07 14:32:31.433   237   237 I         : (5)[237:battery_thread][fgauge_read_current] final current=1231 (ratio=920)
08-07 14:32:31.434   237   237 I         : (5)[237:battery_thread][fgauge_read_columb_internal] CAR=-7 r_fg_value=100 car_tune_value=920
08-07 14:32:31.436   237   237 I (4)[237:battery_thread]mt635x-auxadc mt-pmic: mt635x-auxadc: name:BATADC, channel=0, adc_out=0x5a18, adc_result=3800
08-07 14:32:31.436   237   237 I         : (4)[237:battery_thread][fgauge_read_current] final current=1196 (ratio=920)
08-07 14:32:31.436   237   237 I         : (4)[237:battery_thread][CH3_DBG] bat_cur = -1196
08-07 14:32:31.437   237   237 I         : (4)[237:battery_thread][fgauge_read_current] final current=1196 (ratio=920)
08-07 14:32:31.437   237   237 I         : (4)[237:battery_thread][BattVoltToTemp] 550 16900 1800 2
08-07 14:32:31.437   237   237 I         : (4)[237:battery_thread][force_get_tbat] 548,550,0,119,100,332 r:75 100 0
08-07 14:32:31.437   237   237 I (4)[237:battery_thread][force_get_tbat] t: 33 precise:332
08-07 14:32:31.437   237   237 I         : (4)[237:battery_thread]lbat 0 0 1 34500
08-07 14:32:31.437   237   237 I (4)[237:battery_thread]car[-7,217,-217,434,-189, cycle_car:-3,ncar:5] c: 0 1231 vbat:3800 vbus:4153 soc:41 47 gm3:0 0 0 0
08-07 14:32:31.438   237   237 I         : (4)[237:battery_thread][fgauge_read_columb_internal] CAR=-7 r_fg_value=100 car_tune_value=920
08-07 14:32:31.438   237   237 I         : (4)[237:battery_thread][fg_bat_nafg][fgauge_get_nafg_cnt] 0 [25_16 0 15_0 0]
08-07 14:32:31.438   237   237 I (4)[237:battery_thread][fg_nafg_monitor]time: 21 nafg_cnt:0, now:21, last_t:0
08-07 14:32:31.438   237   237 I (4)[237:battery_thread]tmp: 33 65535 65535 hcar2:434 lcar2:189 time:21 sw_iavg:0 0 0 nafg_m:0 0 0
08-07 14:32:31.438   237   237 I         : (4)[237:battery_thread][fgauge_read_columb_internal] CAR=-7 r_fg_value=100 car_tune_value=920
08-07 14:32:31.440   237   237 I         : (7)[237:battery_thread][fgauge_read_current] final current=1474 (ratio=920)
08-07 14:32:31.440   237   237 I         : (7)[237:battery_thread][fgauge_read_current] final current=1474 (ratio=920)
08-07 14:32:31.440   237   237 I         : (7)[237:battery_thread][CH3_DBG] bat_cur = -1474
08-07 14:32:31.441   237   237 I         : (7)[237:battery_thread][fgauge_read_current] final current=1506 (ratio=920)
08-07 14:32:31.441   237   237 I         : (7)[237:battery_thread][BattVoltToTemp] 551 16900 1800 2
08-07 14:32:31.441   237   237 I         : (7)[237:battery_thread][force_get_tbat] 549,551,0,150,100,331 r:75 100 0
08-07 14:32:31.441   237   237 I (7)[237:battery_thread][force_get_tbat] t: 33 precise:331
08-07 14:32:31.441   237   237 I         : (7)[237:battery_thread][fg_is_battery_exist] PMIC_RGS_BATON_UNDET = 1
08-07 14:32:31.441   237   237 I         : (7)[237:battery_thread]GM3log1 21 21 3806 -1474 0 0 -9 33 1 1 216 1 0
08-07 14:32:31.442   237   237 I         : (7)[237:battery_thread]GM3log2 21 0 0 0 0 38074 1252 0 4144
08-07 14:32:31.442   237   237 I         : (7)[237:battery_thread]GM3log3 21 0 37232 -5135 0
08-07 14:32:31.442   237   237 I         : (7)[237:battery_thread]GM3log4 0 47 0 0 31 0 0 1 1 1 41
08-07 14:32:31.442   237   237 I         : (7)[237:battery_thread]GM3log int 21 21 0 0 0 0
08-07 14:32:31.442   237   237 I         : (7)[237:battery_thread]GM3log phone_state 0 0
08-07 14:32:31.442   237   237 I (7)[237:battery_thread]GM3 car: -7 car_diff:-2
08-07 14:32:31.442   237   237 I (7)[237:battery_thread][fg_bat_nafg][fgauge_get_nafg_dltv] mV: Reg [15894:9645]
08-07 14:32:31.442   237   237 I         : (7)[237:battery_thread][fg_bat_nafg][fgauge_get_nafg_cnt] 0 [25_16 0 15_0 0]
08-07 14:32:31.442   237   237 I (7)[237:battery_thread][fg_bat_nafg][fgauge_get_nafg_c_dltv] mV: Reg[0:0][b10:0][26_16(0x0000) 15_00(0x0000)]
08-07 14:32:31.442   237   237 I         : (7)[237:battery_thread]GM3log-nint-nafg 21 21 0 38105 15894 0 0
08-07 14:32:31.442   237   237 I         : (7)[237:battery_thread]mtk_battery boot mode =2
08-07 14:32:31.442   237   237 I         : (7)[237:battery_thread][wakeup_fg_algo_recovery] intr_num=0x2000000
08-07 14:32:31.700   101   101 I         : (4)[101:kworker/u16:1][fgauge_read_current] final current=1083 (ratio=920)
08-07 14:32:31.700   101   101 I         : (4)[101:kworker/u16:1][CH3_DBG] bat_cur = -1083
08-07 14:32:31.701   101   101 I         : (6)[101:kworker/u16:1][fgauge_read_current] final current=1121 (ratio=920)
08-07 14:32:31.701   101   101 I         : (6)[101:kworker/u16:1][BattVoltToTemp] 548 16900 1800 1
08-07 14:32:31.701   101   101 I         : (6)[101:kworker/u16:1][force_get_tbat] 547,548,0,112,100,333 r:75 100 0
08-07 14:32:31.701   101   101 I (6)[101:kworker/u16:1][force_get_tbat] t: 33 precise:333
08-07 14:32:31.742     0     0 I         : (5)[305:wdtk-5][wdk-c] cpu=5,lbit=0x20,cbit=0xff,0,1,1762814388,[21771925205,20000000,41766354]
08-07 14:32:31.742     0     0 I         : (5)[305:wdtk-5][thread:305][RT:21771988282] 2022-08-07 14:32:31.736784 UTC;android time 2022-08-07 14:32:31.736784
08-07 14:32:31.752     0     0 I         : (6)[306:wdtk-6][wdk-c] cpu=6,lbit=0x60,cbit=0xff,0,1,1762814388,[21782013820,19989911,41766354]
08-07 14:32:31.796     0     0 I         : (2)[302:wdtk-2][wdk-c] cpu=2,lbit=0x64,cbit=0xff,0,1,1762814388,[21826156436,19945769,41766354]
08-07 14:32:31.796     0     0 I         : (4)[304:wdtk-4][wdk-c] cpu=4,lbit=0x74,cbit=0xff,0,1,1762814388,[21826203359,19945722,41766354]
08-07 14:32:31.833     0     0 I         : (1)[301:wdtk-1][wdk-c] cpu=1,lbit=0x76,cbit=0xff,0,1,1762814388,[21863292820,19908632,41766354]
08-07 14:32:31.833     0     0 I         : (0)[300:wdtk-0][wdk-c] cpu=0,lbit=0x77,cbit=0xff,0,1,1762814388,[21863352359,19908573,41766354]
08-07 14:32:31.833     0     0 I         : (3)[303:wdtk-3][wdk-c] cpu=3,lbit=0x7f,cbit=0xff,0,1,1762814388,[21863386974,19908538,41766354]
08-07 14:32:31.834     0     0 W         : (7)[307:wdtk-7][wdk-k] cpu=7,lbit=0xff,cbit=0xff,0,1,1762814388,[21863666205,19908259,41766354]
08-07 14:32:32.312   336   336 W HidlServiceManagement: Waited one second for android.hardware.keymaster@4.0::IKeymasterDevice/default
08-07 14:32:32.313   327   327 I hwservicemanager: Since android.hardware.keymaster@4.0::IKeymasterDevice/default is not registered, trying to start it as a lazy HAL.
08-07 14:32:32.314   336   336 I HidlServiceManagement: getService: Trying again for android.hardware.keymaster@4.0::IKeymasterDevice/default...
08-07 14:32:32.315   327   393 W libc    : Unable to set property "ctl.interface_start" to "android.hardware.keymaster@4.0::IKeymasterDevice/default": error code: 0x20
08-07 14:32:32.320     1     1 E (4)[1:init]: Control message: Could not find 'android.hardware.keymaster@4.0::IKeymasterDevice/default' for ctl.interface_start from pid: 327 (/system/bin/hwservicemanager)
08-07 14:32:33.314   336   336 W HidlServiceManagement: Waited one second for android.hardware.keymaster@4.0::IKeymasterDevice/default
08-07 14:32:33.315   327   327 I hwservicemanager: Since android.hardware.keymaster@4.0::IKeymasterDevice/default is not registered, trying to start it as a lazy HAL.
08-07 14:32:33.316   336   336 I HidlServiceManagement: getService: Trying again for android.hardware.keymaster@4.0::IKeymasterDevice/default...
08-07 14:32:33.317   327   394 W libc    : Unable to set property "ctl.interface_start" to "android.hardware.keymaster@4.0::IKeymasterDevice/default": error code: 0x20
08-07 14:32:33.322     1     1 E (7)[1:init]: Control message: Could not find 'android.hardware.keymaster@4.0::IKeymasterDevice/default' for ctl.interface_start from pid: 327 (/system/bin/hwservicemanager)
08-07 14:32:33.492   246   246 I         : (0)[246:kworker/0:1]usb_state<CONFIGURED>
08-07 14:32:33.492   227   227 I         : (4)[227:mtk_io_boost]failed to open task file, ret=-2
08-07 14:32:34.316   336   336 W HidlServiceManagement: Waited one second for android.hardware.keymaster@4.0::IKeymasterDevice/default
08-07 14:32:34.317   327   327 I hwservicemanager: Since android.hardware.keymaster@4.0::IKeymasterDevice/default is not registered, trying to start it as a lazy HAL.
08-07 14:32:34.318   336   336 I HidlServiceManagement: getService: Trying again for android.hardware.keymaster@4.0::IKeymasterDevice/default...
08-07 14:32:34.319   327   395 W libc    : Unable to set property "ctl.interface_start" to "android.hardware.keymaster@4.0::IKeymasterDevice/default": error code: 0x20
08-07 14:32:34.325     1     1 E (5)[1:init]: Control message: Could not find 'android.hardware.keymaster@4.0::IKeymasterDevice/default' for ctl.interface_start from pid: 327 (/system/bin/hwservicemanager)
08-07 14:32:34.988     0     0 I         : -(5)[0:swapper/5]tick broadcast enter counter cpu: 261, 3, 7, 1, 209, 395, 95, 12, success counter cpu: 1, 0, 1, 0, 103, 265, 45, 1, fail counter cpu: 0, 0, 0, 0, 0, 0, 0, 0, interrupt counter cpu: 2, 3, 7, 0, 148, 329, 71, 3, o: 0-4,6-7, p: , f: 5, t:  41866373770, 41866399000, 25052000000, 41866374154, 25084000000, 25012483308, 25348398461, 31466725923,
08-07 14:32:35.028   242   242 I (6)[242:kworker/u16:3][SCP] scp_ipi_send: SCP A not ready
08-07 14:32:35.028   242   242 E         : (6)[242:kworker/u16:3][sensorHub] scp_ipi_send fail
08-07 14:32:35.028   244   244 E         : (2)[244:kworker/2:2][sensorHub] scp_sensorHub_req_send fail!
08-07 14:32:35.319   336   336 W HidlServiceManagement: Waited one second for android.hardware.keymaster@4.0::IKeymasterDevice/default
08-07 14:32:35.320   327   327 I hwservicemanager: Since android.hardware.keymaster@4.0::IKeymasterDevice/default is not registered, trying to start it as a lazy HAL.
08-07 14:32:35.320   336   336 I HidlServiceManagement: getService: Trying again for android.hardware.keymaster@4.0::IKeymasterDevice/default...
08-07 14:32:35.322   327   396 W libc    : Unable to set property "ctl.interface_start" to "android.hardware.keymaster@4.0::IKeymasterDevice/default": error code: 0x20
08-07 14:32:35.327     1     1 E (5)[1:init]: Control message: Could not find 'android.hardware.keymaster@4.0::IKeymasterDevice/default' for ctl.interface_start from pid: 327 (/system/bin/hwservicemanager)
08-07 14:32:36.321   336   336 W HidlServiceManagement: Waited one second for android.hardware.keymaster@4.0::IKeymasterDevice/default
08-07 14:32:36.322   327   327 I hwservicemanager: Since android.hardware.keymaster@4.0::IKeymasterDevice/default is not registered, trying to start it as a lazy HAL.
08-07 14:32:36.323   336   336 I HidlServiceManagement: getService: Trying again for android.hardware.keymaster@4.0::IKeymasterDevice/default...
08-07 14:32:36.324   327   397 W libc    : Unable to set property "ctl.interface_start" to "android.hardware.keymaster@4.0::IKeymasterDevice/default": error code: 0x20
08-07 14:32:36.330     1     1 E (5)[1:init]: Control message: Could not find 'android.hardware.keymaster@4.0::IKeymasterDevice/default' for ctl.interface_start from pid: 327 (/system/bin/hwservicemanager)
08-07 14:32:36.425     0     0 I (5)[0:swapper/5]Power/swap DP: No enter --- SODI3: No enter --- SODI: No enter ---
08-07 14:32:36.425     0     0 I (5)[0:swapper/5]mcdi cpu: 258, 2, 10, 1, 157, 478, 67, 17, cluster : 268, 502, pause = 769, multi core = 24, latency = 0, residency = 0, last core = 766, avail cpu = 00ff, cluster = 0003, enabled = 1, max_s_state = 5, system_idle_hint = 00000000
08-07 14:32:36.821   242   242 I         : (5)[242:kworker/u16:3][fgauge_read_current] final current=1136 (ratio=920)
08-07 14:32:36.821   242   242 I         : (5)[242:kworker/u16:3][CH3_DBG] bat_cur = -1136
08-07 14:32:36.822   242   242 W -(5)[242:kworker/u16:3]mt635x_auxadc_read_raw: 8 callbacks suppressed
08-07 14:32:36.822   242   242 I (5)[242:kworker/u16:3]mt635x-auxadc mt-pmic: mt635x-auxadc: name:BAT_TEMP, channel=3, adc_out=0x4e3, adc_result=549
08-07 14:32:36.822   242   242 I         : (5)[242:kworker/u16:3][fgauge_read_current] final current=1136 (ratio=920)
08-07 14:32:36.822   242   242 I         : (5)[242:kworker/u16:3][BattVoltToTemp] 550 16900 1800 1
