08-07 14:32:16.092   336   336 I recovery: type=1400 audit(0.0:160): avc: denied { open } for path="/dev/__properties__/u:object_r:lowpan_prop:s0" dev="tmpfs" ino=11688 scontext=u:r:recovery:s0 tcontext=u:object_r:lowpan_prop:s0 tclass=file permissive=1
08-07 14:32:16.092   336   336 I recovery: type=1400 audit(0.0:161): avc: denied { getattr } for path="/dev/__properties__/u:object_r:lowpan_prop:s0" dev="tmpfs" ino=11688 scontext=u:r:recovery:s0 tcontext=u:object_r:lowpan_prop:s0 tclass=file permissive=1
08-07 14:32:16.092   336   336 I recovery: type=1400 audit(0.0:162): avc: denied { open } for path="/dev/__properties__/u:object_r:lpdumpd_prop:s0" dev="tmpfs" ino=11689 scontext=u:r:recovery:s0 tcontext=u:object_r:lpdumpd_prop:s0 tclass=file permissive=1
08-07 14:32:16.092   336   336 I recovery: type=1400 audit(0.0:163): avc: denied { getattr } for path="/dev/__properties__/u:object_r:lpdumpd_prop:s0" dev="tmpfs" ino=11689 scontext=u:r:recovery:s0 tcontext=u:object_r:lpdumpd_prop:s0 tclass=file permissive=1
08-07 14:32:16.092   336   336 I recovery: type=1400 audit(0.0:164): avc: denied { open } for path="/dev/__properties__/u:object_r:media_variant_prop:s0" dev="tmpfs" ino=11690 scontext=u:r:recovery:s0 tcontext=u:object_r:media_variant_prop:s0 tclass=file permissive=1
08-07 14:32:16.092   336   336 I recovery: type=1400 audit(0.0:165): avc: denied { getattr } for path="/dev/__properties__/u:object_r:media_variant_prop:s0" dev="tmpfs" ino=11690 scontext=u:r:recovery:s0 tcontext=u:object_r:media_variant_prop:s0 tclass=file permissive=1
08-07 14:32:16.092   336   336 I recovery: type=1400 audit(0.0:166): avc: denied { open } for path="/dev/__properties__/u:object_r:mmc_prop:s0" dev="tmpfs" ino=11691 scontext=u:r:recovery:s0 tcontext=u:object_r:mmc_prop:s0 tclass=file permissive=1
08-07 14:32:16.092   336   336 I recovery: type=1400 audit(0.0:167): avc: denied { getattr } for path="/dev/__properties__/u:object_r:mmc_prop:s0" dev="tmpfs" ino=11691 scontext=u:r:recovery:s0 tcontext=u:object_r:mmc_prop:s0 tclass=file permissive=1
08-07 14:32:16.092   336   336 I recovery: type=1400 audit(0.0:168): avc: denied { open } for path="/dev/__properties__/u:object_r:mock_ota_prop:s0" dev="tmpfs" ino=11692 scontext=u:r:recovery:s0 tcontext=u:object_r:mock_ota_prop:s0 tclass=file permissive=1
08-07 14:32:16.092   336   336 I recovery: type=1400 audit(0.0:169): avc: denied { getattr } for path="/dev/__properties__/u:object_r:mock_ota_prop:s0" dev="tmpfs" ino=11692 scontext=u:r:recovery:s0 tcontext=u:object_r:mock_ota_prop:s0 tclass=file permissive=1
08-07 14:32:16.092   336   336 I recovery: type=1400 audit(0.0:170): avc: denied { open } for path="/dev/__properties__/u:object_r:net_dns_prop:s0" dev="tmpfs" ino=11694 scontext=u:r:recovery:s0 tcontext=u:object_r:net_dns_prop:s0 tclass=file permissive=1
08-07 14:32:16.092   336   336 I recovery: type=1400 audit(0.0:171): avc: denied { getattr } for path="/dev/__properties__/u:object_r:net_dns_prop:s0" dev="tmpfs" ino=11694 scontext=u:r:recovery:s0 tcontext=u:object_r:net_dns_prop:s0 tclass=file permissive=1
08-07 14:32:16.092   336   336 I recovery: type=1400 audit(0.0:172): avc: denied { open } for path="/dev/__properties__/u:object_r:netd_stable_secret_prop:s0" dev="tmpfs" ino=11696 scontext=u:r:recovery:s0 tcontext=u:object_r:netd_stable_secret_prop:s0 tclass=file permissive=1
08-07 14:32:16.092   336   336 I recovery: type=1400 audit(0.0:173): avc: denied { getattr } for path="/dev/__properties__/u:object_r:netd_stable_secret_prop:s0" dev="tmpfs" ino=11696 scontext=u:r:recovery:s0 tcontext=u:object_r:netd_stable_secret_prop:s0 tclass=file permissive=1
08-07 14:32:16.092   336   336 I recovery: type=1400 audit(0.0:174): avc: denied { open } for path="/dev/__properties__/u:object_r:nnapi_ext_deny_product_prop:s0" dev="tmpfs" ino=11698 scontext=u:r:recovery:s0 tcontext=u:object_r:nnapi_ext_deny_product_prop:s0 tclass=file permissive=1
08-07 14:32:16.092   336   336 I recovery: type=1400 audit(0.0:175): avc: denied { getattr } for path="/dev/__properties__/u:object_r:nnapi_ext_deny_product_prop:s0" dev="tmpfs" ino=11698 scontext=u:r:recovery:s0 tcontext=u:object_r:nnapi_ext_deny_product_prop:s0 tclass=file permissive=1
08-07 14:32:16.092   336   336 I recovery: type=1400 audit(0.0:176): avc: denied { open } for path="/dev/__properties__/u:object_r:overlay_prop:s0" dev="tmpfs" ino=11700 scontext=u:r:recovery:s0 tcontext=u:object_r:overlay_prop:s0 tclass=file permissive=1
08-07 14:32:16.092   336   336 I recovery: type=1400 audit(0.0:177): avc: denied { getattr } for path="/dev/__properties__/u:object_r:overlay_prop:s0" dev="tmpfs" ino=11700 scontext=u:r:recovery:s0 tcontext=u:object_r:overlay_prop:s0 tclass=file permissive=1
08-07 14:32:16.092   336   336 I recovery: type=1400 audit(0.0:178): avc: denied { open } for path="/dev/__properties__/u:object_r:persistent_properties_ready_prop:s0" dev="tmpfs" ino=11703 scontext=u:r:recovery:s0 tcontext=u:object_r:persistent_properties_ready_prop:s0 tclass=file permissive=1
08-07 14:32:16.092   336   336 I recovery: type=1400 audit(0.0:179): avc: denied { getattr } for path="/dev/__properties__/u:object_r:persistent_properties_ready_prop:s0" dev="tmpfs" ino=11703 scontext=u:r:recovery:s0 tcontext=u:object_r:persistent_properties_ready_prop:s0 tclass=file permissive=1
08-07 14:32:16.092   336   336 I recovery: type=1400 audit(0.0:180): avc: denied { open } for path="/dev/__properties__/u:object_r:rebootescrow_hal_prop:s0" dev="tmpfs" ino=11707 scontext=u:r:recovery:s0 tcontext=u:object_r:rebootescrow_hal_prop:s0 tclass=file permissive=1
08-07 14:32:16.092   336   336 I recovery: type=1400 audit(0.0:181): avc: denied { getattr } for path="/dev/__properties__/u:object_r:rebootescrow_hal_prop:s0" dev="tmpfs" ino=11707 scontext=u:r:recovery:s0 tcontext=u:object_r:rebootescrow_hal_prop:s0 tclass=file permissive=1
08-07 14:32:16.092   336   336 I recovery: type=1400 audit(0.0:182): avc: denied { open } for path="/dev/__properties__/u:object_r:safemode_prop:s0" dev="tmpfs" ino=11709 scontext=u:r:recovery:s0 tcontext=u:object_r:safemode_prop:s0 tclass=file permissive=1
08-07 14:32:16.092   336   336 I recovery: type=1400 audit(0.0:183): avc: denied { getattr } for path="/dev/__properties__/u:object_r:safemode_prop:s0" dev="tmpfs" ino=11709 scontext=u:r:recovery:s0 tcontext=u:object_r:safemode_prop:s0 tclass=file permissive=1
08-07 14:32:16.092   336   336 I recovery: type=1400 audit(0.0:184): avc: denied { open } for path="/dev/__properties__/u:object_r:surfaceflinger_display_prop:s0" dev="tmpfs" ino=11714 scontext=u:r:recovery:s0 tcontext=u:object_r:surfaceflinger_display_prop:s0 tclass=file permissive=1
08-07 14:32:16.092   336   336 I recovery: type=1400 audit(0.0:185): avc: denied { getattr } for path="/dev/__properties__/u:object_r:surfaceflinger_display_prop:s0" dev="tmpfs" ino=11714 scontext=u:r:recovery:s0 tcontext=u:object_r:surfaceflinger_display_prop:s0 tclass=file permissive=1
08-07 14:32:16.092   336   336 I recovery: type=1400 audit(0.0:186): avc: denied { open } for path="/dev/__properties__/u:object_r:system_adbd_prop:s0" dev="tmpfs" ino=11715 scontext=u:r:recovery:s0 tcontext=u:object_r:system_adbd_prop:s0 tclass=file permissive=1
08-07 14:32:16.092   336   336 I recovery: type=1400 audit(0.0:187): avc: denied { getattr } for path="/dev/__properties__/u:object_r:system_adbd_prop:s0" dev="tmpfs" ino=11715 scontext=u:r:recovery:s0 tcontext=u:object_r:system_adbd_prop:s0 tclass=file permissive=1
08-07 14:32:16.092   336   336 I recovery: type=1400 audit(0.0:188): avc: denied { open } for path="/dev/__properties__/u:object_r:system_boot_reason_prop:s0" dev="tmpfs" ino=11716 scontext=u:r:recovery:s0 tcontext=u:object_r:system_boot_reason_prop:s0 tclass=file permissive=1
08-07 14:32:16.092   336   336 I recovery: type=1400 audit(0.0:189): avc: denied { getattr } for path="/dev/__properties__/u:object_r:system_boot_reason_prop:s0" dev="tmpfs" ino=11716 scontext=u:r:recovery:s0 tcontext=u:object_r:system_boot_reason_prop:s0 tclass=file permissive=1
08-07 14:32:16.092   336   336 I recovery: type=1400 audit(0.0:190): avc: denied { open } for path="/dev/__properties__/u:object_r:system_jvmti_agent_prop:s0" dev="tmpfs" ino=11717 scontext=u:r:recovery:s0 tcontext=u:object_r:system_jvmti_agent_prop:s0 tclass=file permissive=1
08-07 14:32:16.092   336   336 I recovery: type=1400 audit(0.0:191): avc: denied { getattr } for path="/dev/__properties__/u:object_r:system_jvmti_agent_prop:s0" dev="tmpfs" ino=11717 scontext=u:r:recovery:s0 tcontext=u:object_r:system_jvmti_agent_prop:s0 tclass=file permissive=1
08-07 14:32:16.092   336   336 I recovery: type=1400 audit(0.0:192): avc: denied { open } for path="/dev/__properties__/u:object_r:system_lmk_prop:s0" dev="tmpfs" ino=11718 scontext=u:r:recovery:s0 tcontext=u:object_r:system_lmk_prop:s0 tclass=file permissive=1
08-07 14:32:16.092   336   336 I recovery: type=1400 audit(0.0:193): avc: denied { getattr } for path="/dev/__properties__/u:object_r:system_lmk_prop:s0" dev="tmpfs" ino=11718 scontext=u:r:recovery:s0 tcontext=u:object_r:system_lmk_prop:s0 tclass=file permissive=1
08-07 14:32:16.092   336   336 I recovery: type=1400 audit(0.0:194): avc: denied { open } for path="/dev/__properties__/u:object_r:system_trace_prop:s0" dev="tmpfs" ino=11721 scontext=u:r:recovery:s0 tcontext=u:object_r:system_trace_prop:s0 tclass=file permissive=1
08-07 14:32:16.092   336   336 I recovery: type=1400 audit(0.0:195): avc: denied { getattr } for path="/dev/__properties__/u:object_r:system_trace_prop:s0" dev="tmpfs" ino=11721 scontext=u:r:recovery:s0 tcontext=u:object_r:system_trace_prop:s0 tclass=file permissive=1
08-07 14:32:16.092   336   336 I recovery: type=1400 audit(0.0:196): avc: denied { open } for path="/dev/__properties__/u:object_r:test_boot_reason_prop:s0" dev="tmpfs" ino=11722 scontext=u:r:recovery:s0 tcontext=u:object_r:test_boot_reason_prop:s0 tclass=file permissive=1
08-07 14:32:16.092   336   336 I recovery: type=1400 audit(0.0:197): avc: denied { getattr } for path="/dev/__properties__/u:object_r:test_boot_reason_prop:s0" dev="tmpfs" ino=11722 scontext=u:r:recovery:s0 tcontext=u:object_r:test_boot_reason_prop:s0 tclass=file permissive=1
08-07 14:32:16.096   336   336 I recovery: type=1400 audit(0.0:198): avc: denied { open } for path="/dev/__properties__/u:object_r:test_harness_prop:s0" dev="tmpfs" ino=11723 scontext=u:r:recovery:s0 tcontext=u:object_r:test_harness_prop:s0 tclass=file permissive=1
08-07 14:32:16.096   336   336 I recovery: type=1400 audit(0.0:199): avc: denied { getattr } for path="/dev/__properties__/u:object_r:test_harness_prop:s0" dev="tmpfs" ino=11723 scontext=u:r:recovery:s0 tcontext=u:object_r:test_harness_prop:s0 tclass=file permissive=1
08-07 14:32:16.096   336   336 I recovery: type=1400 audit(0.0:200): avc: denied { open } for path="/dev/__properties__/u:object_r:theme_prop:s0" dev="tmpfs" ino=11724 scontext=u:r:recovery:s0 tcontext=u:object_r:theme_prop:s0 tclass=file permissive=1
08-07 14:32:16.096   336   336 I recovery: type=1400 audit(0.0:201): avc: denied { getattr } for path="/dev/__properties__/u:object_r:theme_prop:s0" dev="tmpfs" ino=11724 scontext=u:r:recovery:s0 tcontext=u:object_r:theme_prop:s0 tclass=file permissive=1
08-07 14:32:16.096   336   336 I recovery: type=1400 audit(0.0:202): avc: denied { open } for path="/dev/__properties__/u:object_r:time_prop:s0" dev="tmpfs" ino=11725 scontext=u:r:recovery:s0 tcontext=u:object_r:time_prop:s0 tclass=file permissive=1
08-07 14:32:16.096   336   336 I recovery: type=1400 audit(0.0:203): avc: denied { getattr } for path="/dev/__properties__/u:object_r:time_prop:s0" dev="tmpfs" ino=11725 scontext=u:r:recovery:s0 tcontext=u:object_r:time_prop:s0 tclass=file permissive=1
08-07 14:32:16.096   336   336 I recovery: type=1400 audit(0.0:204): avc: denied { open } for path="/dev/__properties__/u:object_r:traced_enabled_prop:s0" dev="tmpfs" ino=11726 scontext=u:r:recovery:s0 tcontext=u:object_r:traced_enabled_prop:s0 tclass=file permissive=1
08-07 14:32:16.096   336   336 I recovery: type=1400 audit(0.0:205): avc: denied { getattr } for path="/dev/__properties__/u:object_r:traced_enabled_prop:s0" dev="tmpfs" ino=11726 scontext=u:r:recovery:s0 tcontext=u:object_r:traced_enabled_prop:s0 tclass=file permissive=1
08-07 14:32:16.096   336   336 I recovery: type=1400 audit(0.0:206): avc: denied { open } for path="/dev/__properties__/u:object_r:traced_lazy_prop:s0" dev="tmpfs" ino=11727 scontext=u:r:recovery:s0 tcontext=u:object_r:traced_lazy_prop:s0 tclass=file permissive=1
08-07 14:32:16.096   336   336 I recovery: type=1400 audit(0.0:207): avc: denied { getattr } for path="/dev/__properties__/u:object_r:traced_lazy_prop:s0" dev="tmpfs" ino=11727 scontext=u:r:recovery:s0 tcontext=u:object_r:traced_lazy_prop:s0 tclass=file permissive=1
08-07 14:32:16.096   336   336 I recovery: type=1400 audit(0.0:208): avc: denied { open } for path="/dev/__properties__/u:object_r:traced_perf_enabled_prop:s0" dev="tmpfs" ino=11728 scontext=u:r:recovery:s0 tcontext=u:object_r:traced_perf_enabled_prop:s0 tclass=file permissive=1
08-07 14:32:16.096   336   336 I recovery: type=1400 audit(0.0:209): avc: denied { getattr } for path="/dev/__properties__/u:object_r:traced_perf_enabled_prop:s0" dev="tmpfs" ino=11728 scontext=u:r:recovery:s0 tcontext=u:object_r:traced_perf_enabled_prop:s0 tclass=file permissive=1
08-07 14:32:16.096   336   336 I recovery: type=1400 audit(0.0:210): avc: denied { open } for path="/dev/__properties__/u:object_r:userspace_reboot_config_prop:s0" dev="tmpfs" ino=11730 scontext=u:r:recovery:s0 tcontext=u:object_r:userspace_reboot_config_prop:s0 tclass=file permissive=1
08-07 14:32:16.096   336   336 I recovery: type=1400 audit(0.0:211): avc: denied { getattr } for path="/dev/__properties__/u:object_r:userspace_reboot_config_prop:s0" dev="tmpfs" ino=11730 scontext=u:r:recovery:s0 tcontext=u:object_r:userspace_reboot_config_prop:s0 tclass=file permissive=1
08-07 14:32:16.096   336   336 I recovery: type=1400 audit(0.0:212): avc: denied { open } for path="/dev/__properties__/u:object_r:userspace_reboot_exported_prop:s0" dev="tmpfs" ino=11731 scontext=u:r:recovery:s0 tcontext=u:object_r:userspace_reboot_exported_prop:s0 tclass=file permissive=1
08-07 14:32:16.096   336   336 I recovery: type=1400 audit(0.0:213): avc: denied { getattr } for path="/dev/__properties__/u:object_r:userspace_reboot_exported_prop:s0" dev="tmpfs" ino=11731 scontext=u:r:recovery:s0 tcontext=u:object_r:userspace_reboot_exported_prop:s0 tclass=file permissive=1
08-07 14:32:16.096   336   336 I recovery: type=1400 audit(0.0:214): avc: denied { open } for path="/dev/__properties__/u:object_r:userspace_reboot_log_prop:s0" dev="tmpfs" ino=11732 scontext=u:r:recovery:s0 tcontext=u:object_r:userspace_reboot_log_prop:s0 tclass=file permissive=1
08-07 14:32:16.096   336   336 I recovery: type=1400 audit(0.0:215): avc: denied { getattr } for path="/dev/__properties__/u:object_r:userspace_reboot_log_prop:s0" dev="tmpfs" ino=11732 scontext=u:r:recovery:s0 tcontext=u:object_r:userspace_reboot_log_prop:s0 tclass=file permissive=1
08-07 14:32:16.096   336   336 I recovery: type=1400 audit(0.0:216): avc: denied { open } for path="/dev/__properties__/u:object_r:userspace_reboot_test_prop:s0" dev="tmpfs" ino=11733 scontext=u:r:recovery:s0 tcontext=u:object_r:userspace_reboot_test_prop:s0 tclass=file permissive=1
08-07 14:32:16.096   336   336 I recovery: type=1400 audit(0.0:217): avc: denied { getattr } for path="/dev/__properties__/u:object_r:userspace_reboot_test_prop:s0" dev="tmpfs" ino=11733 scontext=u:r:recovery:s0 tcontext=u:object_r:userspace_reboot_test_prop:s0 tclass=file permissive=1
08-07 14:32:16.096   336   336 I recovery: type=1400 audit(0.0:218): avc: denied { open } for path="/dev/__properties__/u:object_r:vehicle_hal_prop:s0" dev="tmpfs" ino=11734 scontext=u:r:recovery:s0 tcontext=u:object_r:vehicle_hal_prop:s0 tclass=file permissive=1
08-07 14:32:16.096   336   336 I recovery: type=1400 audit(0.0:219): avc: denied { getattr } for path="/dev/__properties__/u:object_r:vehicle_hal_prop:s0" dev="tmpfs" ino=11734 scontext=u:r:recovery:s0 tcontext=u:object_r:vehicle_hal_prop:s0 tclass=file permissive=1
08-07 14:32:16.096   336   336 I recovery: type=1400 audit(0.0:220): avc: denied { open } for path="/dev/__properties__/u:object_r:vendor_security_patch_level_prop:s0" dev="tmpfs" ino=11736 scontext=u:r:recovery:s0 tcontext=u:object_r:vendor_security_patch_level_prop:s0 tclass=file permissive=1
08-07 14:32:16.096   336   336 I recovery: type=1400 audit(0.0:221): avc: denied { getattr } for path="/dev/__properties__/u:object_r:vendor_security_patch_level_prop:s0" dev="tmpfs" ino=11736 scontext=u:r:recovery:s0 tcontext=u:object_r:vendor_security_patch_level_prop:s0 tclass=file permissive=1
08-07 14:32:16.096   336   336 I recovery: type=1400 audit(0.0:222): avc: denied { open } for path="/dev/__properties__/u:object_r:wifi_prop:s0" dev="tmpfs" ino=11742 scontext=u:r:recovery:s0 tcontext=u:object_r:wifi_prop:s0 tclass=file permissive=1
08-07 14:32:16.096   336   336 I recovery: type=1400 audit(0.0:223): avc: denied { getattr } for path="/dev/__properties__/u:object_r:wifi_prop:s0" dev="tmpfs" ino=11742 scontext=u:r:recovery:s0 tcontext=u:object_r:wifi_prop:s0 tclass=file permissive=1
08-07 14:32:16.096   336   336 I recovery: type=1400 audit(0.0:224): avc: denied { write } for name="etc" dev="rootfs" ino=7002 scontext=u:r:recovery:s0 tcontext=u:object_r:rootfs:s0 tclass=dir permissive=1
08-07 14:32:16.096   336   336 I recovery: type=1400 audit(0.0:225): avc: denied { add_name } for name="mtab" scontext=u:r:recovery:s0 tcontext=u:object_r:rootfs:s0 tclass=dir permissive=1
08-07 14:32:16.096   336   336 I recovery: type=1400 audit(0.0:226): avc: denied { create } for name="mtab" scontext=u:r:recovery:s0 tcontext=u:object_r:rootfs:s0 tclass=lnk_file permissive=1
08-07 14:32:16.096   336   336 I recovery: type=1400 audit(0.0:227): avc: denied { create } for name="system_root" scontext=u:r:recovery:s0 tcontext=u:object_r:rootfs:s0 tclass=dir permissive=1
08-07 14:32:16.096   336   336 I recovery: type=1400 audit(0.0:228): avc: denied { remove_name } for name="product" dev="rootfs" ino=6637 scontext=u:r:recovery:s0 tcontext=u:object_r:rootfs:s0 tclass=dir permissive=1
08-07 14:32:16.096   336   336 I recovery: type=1400 audit(0.0:229): avc: denied { unlink } for name="product" dev="rootfs" ino=6637 scontext=u:r:recovery:s0 tcontext=u:object_r:rootfs:s0 tclass=lnk_file permissive=1
08-07 14:32:16.107   336   336 I recovery: [libfs_mgr]Created logical partition product on device /dev/block/dm-0
08-07 14:32:16.112   336   336 I recovery: [libfs_mgr]Created logical partition system on device /dev/block/dm-1
08-07 14:32:16.114   336   336 I recovery: [libfs_mgr]Created logical partition vendor on device /dev/block/dm-2
08-07 14:32:16.132   336   336 I recovery: type=1400 audit(0.0:230): avc: denied { ioctl } for path="/dev/block/dm-1" dev="tmpfs" ino=15523 ioctlcmd=0x5331 scontext=u:r:recovery:s0 tcontext=u:object_r:dm_device:s0 tclass=blk_file permissive=1
08-07 14:32:16.150   336   336 I (0)[336:recovery]EXT4-fs (dm-1): mounted filesystem without journal. Opts:
08-07 14:32:16.156   336   336 I recovery: type=1400 audit(0.0:231): avc: denied { ioctl } for path="/dev/block/dm-2" dev="tmpfs" ino=15526 ioctlcmd=0x5331 scontext=u:r:recovery:s0 tcontext=u:object_r:dm_device:s0 tclass=blk_file permissive=1
08-07 14:32:16.174   336   336 I (0)[336:recovery]EXT4-fs (dm-2): mounted filesystem without journal. Opts:
08-07 14:32:16.200   336   336 I recovery: type=1400 audit(0.0:232): avc: denied { ioctl } for path="/dev/block/dm-0" dev="tmpfs" ino=15518 ioctlcmd=0x5331 scontext=u:r:recovery:s0 tcontext=u:object_r:dm_device:s0 tclass=blk_file permissive=1
08-07 14:32:16.218   336   336 I (0)[336:recovery]EXT4-fs (dm-0): mounted filesystem without journal. Opts:
08-07 14:32:16.236   336   336 I recovery: type=1400 audit(0.0:233): avc: denied { read } for name="mmcblk0p37" dev="sysfs" ino=28663 scontext=u:r:recovery:s0 tcontext=u:object_r:sysfs:s0 tclass=dir permissive=1
08-07 14:32:16.236   336   336 I recovery: type=1400 audit(0.0:234): avc: denied { open } for path="/sys/devices/platform/bootdevice/mmc_host/mmc0/mmc0:0001/block/mmcblk0/mmcblk0p37" dev="sysfs" ino=28663 scontext=u:r:recovery:s0 tcontext=u:object_r:sysfs:s0 tclass=dir permissive=1
08-07 14:32:16.244   336   336 I recovery: type=1400 audit(0.0:235): avc: denied { search } for name="unencrypted" dev="mmcblk0p37" ino=917505 scontext=u:r:recovery:s0 tcontext=u:object_r:unencrypted_data_file:s0 tclass=dir permissive=1
08-07 14:32:16.248   336   336 I recovery: type=1400 audit(0.0:236): avc: denied { getattr } for path="/data/unencrypted/key/version" dev="mmcblk0p37" ino=917507 scontext=u:r:recovery:s0 tcontext=u:object_r:unencrypted_data_file:s0 tclass=file permissive=1
08-07 14:32:16.248     1     1 I unknown : type=1107 audit(0.0:237): uid=0 auid=4294967295 ses=4294967295 subj=u:r:init:s0 msg='avc: denied { set } for property=ro.crypto.state pid=336 uid=0 gid=0 scontext=u:r:recovery:s0 tcontext=u:object_r:exported_vold_prop:s0 tclass=property_service permissive=1'
08-07 14:32:16.254   336   336 I (0)[336:recovery]EXT4-fs (mmcblk0p37): mounted filesystem with ordered data mode. Opts: noauto_da_alloc
08-07 14:32:16.415     0     0 I (7)[0:swapper/7]Power/swap DP: No enter --- SODI3: No enter --- SODI: No enter ---
08-07 14:32:16.415     0     0 I (4)[0:swapper/4]mcdi cpu: 0, 0, 0, 0, 0, 0, 0, 0, cluster : 0, 0, pause = 0, multi core = 0, latency = 0, residency = 0, last core = 0, avail cpu = 00ff, cluster = 0003, enabled = 1, max_s_state = 5, system_idle_hint = 00000000
08-07 14:32:16.596   101   101 I (6)[101:kworker/u16:1]mt635x-auxadc mt-pmic: mt635x-auxadc: name:VPROC_TEMP, channel=4, adc_out=0x5dc, adc_result=659
08-07 14:32:16.597     5     5 I (4)[5:kworker/u16:0]mt635x-auxadc mt-pmic: mt635x-auxadc: name:VCORE_TEMP, channel=4, adc_out=0x5e8, adc_result=664
08-07 14:32:16.597   250   250 I         : (5)[250:kworker/u16:6]ldo vmch enable
08-07 14:32:16.601   250   250 I         : (5)[250:kworker/u16:6]ldo vmc enable
08-07 14:32:16.628   250   250 I         : (4)[250:kworker/u16:6][msdc]msdc1 -> !!! Set<260KHz> Source<200000KHz> -> sclk<259KHz> timing<0> mode<0> div<193> hs400_div_dis<0>
08-07 14:32:16.629   250   250 I         : (4)[250:kworker/u16:6][msdc]msdc1 -> !!! Set<400KHz> Source<200000KHz> -> sclk<400KHz> timing<0> mode<0> div<125> hs400_div_dis<0>
08-07 14:32:16.818   308   308 I         : (6)[308:kworker/6:1][msdc]msdc change<3000000> to <1800000>
08-07 14:32:16.818   308   308 I         : (6)[308:kworker/6:1]ldo vmc disable
08-07 14:32:16.818   308   308 I         : (6)[308:kworker/6:1]ldo vmc enable
08-07 14:32:16.848   308   308 I         : (6)[308:kworker/6:1][msdc]msdc1 -> !!! Set<400KHz> Source<200000KHz> -> sclk<400KHz> timing<0> mode<0> div<125> hs400_div_dis<0>
08-07 14:32:16.861   308   308 I         : (6)[308:kworker/6:1][msdc]msdc1 -> !!! Set<50000KHz> Source<200000KHz> -> sclk<50000KHz> timing<7> mode<2> div<0> hs400_div_dis<0>
08-07 14:32:16.862   308   308 I (6)[308:kworker/6:1]mmc1: new ultra high speed DDR50 SDHC card at address aaaa
08-07 14:32:16.864   308   308 I (6)[308:kworker/6:1]mmcblk1: mmc1:aaaa SL16G 14.8 GiB
08-07 14:32:16.876   308   308 I (6)[308:kworker/6:1] mmcblk1: p1
08-07 14:32:17.248   336   336 I recovery: type=1400 audit(0.0:238): avc: denied { read } for name="version" dev="mmcblk0p37" ino=917507 scontext=u:r:recovery:s0 tcontext=u:object_r:unencrypted_data_file:s0 tclass=file permissive=1
08-07 14:32:17.248   336   336 I recovery: type=1400 audit(0.0:239): avc: denied { open } for path="/data/unencrypted/key/version" dev="mmcblk0p37" ino=917507 scontext=u:r:recovery:s0 tcontext=u:object_r:unencrypted_data_file:s0 tclass=file permissive=1
08-07 14:32:17.252   336   336 I recovery: fscrypt_initialize_systemwide_keys
08-07 14:32:17.252   336   336 W recovery: [libfs_mgr]Warning: unknown flag: resize
08-07 14:32:17.253   336   336 I recovery: Key exists, using: /data/unencrypted/key
08-07 14:32:17.256   336   336 I recovery: type=1400 audit(0.0:240): avc: denied { call } for scontext=u:r:recovery:s0 tcontext=u:r:recovery:s0 tclass=binder permissive=1
08-07 14:32:17.256   327   327 I hwservicemanage: type=1400 audit(0.0:241): avc: denied { transfer } for scontext=u:r:recovery:s0 tcontext=u:r:recovery:s0 tclass=binder permissive=1
08-07 14:32:17.258   336   336 E cutils-trace: Error opening trace file: No such file or directory (2)
08-07 14:32:17.259   327   327 E cutils-trace: Error opening trace file: No such file or directory (2)
08-07 14:32:17.259   327   327 I hwservicemanager: getFrameworkHalManifest: Reading VINTF information.
08-07 14:32:17.260   327   327 I hwservicemanage: type=1400 audit(0.0:242): avc: denied { compute_av } for scontext=u:r:recovery:s0 tcontext=u:object_r:kernel:s0 tclass=security permissive=1
08-07 14:32:17.261   327   327 I hwservicemanager: getFrameworkHalManifest: Successfully processed VINTF information
08-07 14:32:17.263   327   327 E SELinux : avc:  denied  { find } for interface=android.hardware.keymaster::IKeymasterDevice sid=u:r:recovery:s0 pid=336 scontext=u:r:recovery:s0 tcontext=u:object_r:hal_keymaster_hwservice:s0 tclass=hwservice_manager permissive=1
08-07 14:32:17.263   327   327 I hwservicemanager: getDeviceHalManifest: Reading VINTF information.
08-07 14:32:17.280     1     1 I unknown : type=1107 audit(0.0:243): uid=0 auid=4294967295 ses=4294967295 subj=u:r:init:s0 msg='avc: denied { set } for property=ctl.interface_start$android.hardware.keymaster@4.0::IKeymasterDevice/default pid=327 uid=0 gid=0 scontext=u:r:recovery:s0 tcontext=u:object_r:ctl_interface_start_prop:s0 tclass=property_service permissive=1'
08-07 14:32:17.281   327   327 I hwservicemanager: getDeviceHalManifest: Successfully processed VINTF information
08-07 14:32:17.281   327   327 I hwservicemanager: Since android.hardware.keymaster@4.0::IKeymasterDevice/default is not registered, trying to start it as a lazy HAL.
08-07 14:32:17.282   327   327 I hwservicemanager: Since android.hardware.keymaster@4.0::IKeymasterDevice/default is not registered, trying to start it as a lazy HAL.
08-07 14:32:17.283   336   336 I HidlServiceManagement: getService: Trying again for android.hardware.keymaster@4.0::IKeymasterDevice/default...
08-07 14:32:17.284   327   367 W libc    : Unable to set property "ctl.interface_start" to "android.hardware.keymaster@4.0::IKeymasterDevice/default": error code: 0x20
08-07 14:32:17.284   327   369 W libc    : Unable to set property "ctl.interface_start" to "android.hardware.keymaster@4.0::IKeymasterDevice/default": error code: 0x20
08-07 14:32:18.283   336   336 W HidlServiceManagement: Waited one second for android.hardware.keymaster@4.0::IKeymasterDevice/default
08-07 14:32:18.284   327   327 I hwservicemanager: Since android.hardware.keymaster@4.0::IKeymasterDevice/default is not registered, trying to start it as a lazy HAL.
08-07 14:32:18.284   336   336 I HidlServiceManagement: getService: Trying again for android.hardware.keymaster@4.0::IKeymasterDevice/default...
08-07 14:32:18.285   327   370 W libc    : Unable to set property "ctl.interface_start" to "android.hardware.keymaster@4.0::IKeymasterDevice/default": error code: 0x20
08-07 14:32:19.284   336   336 W HidlServiceManagement: Waited one second for android.hardware.keymaster@4.0::IKeymasterDevice/default
08-07 14:32:19.285   327   327 I hwservicemanager: Since android.hardware.keymaster@4.0::IKeymasterDevice/default is not registered, trying to start it as a lazy HAL.
08-07 14:32:19.285   336   336 I HidlServiceManagement: getService: Trying again for android.hardware.keymaster@4.0::IKeymasterDevice/default...
08-07 14:32:19.287   327   371 W libc    : Unable to set property "ctl.interface_start" to "android.hardware.keymaster@4.0::IKeymasterDevice/default": error code: 0x20
08-07 14:32:19.292     1     1 E (7)[1:init]: Control message: Could not find 'android.hardware.keymaster@4.0::IKeymasterDevice/default' for ctl.interface_start from pid: 327 (/system/bin/hwservicemanager)
08-07 14:32:19.366     1     1 I (7)[1:init]: starting service 'adbd'...
08-07 14:32:19.368     1     1 I (7)[1:init]: Created socket '/dev/socket/adbd', mode 660, user 1000, group 1000
08-07 14:32:19.412   372   375 I adbd    : opening control endpoint /dev/usb-ffs/adb/ep0
08-07 14:32:19.412   372   373 I adbd    : Waiting for persist.adb.tls_server.enable=1
08-07 14:32:19.413   372   375 I adbd    : UsbFfsConnection constructed
08-07 14:32:19.413   372   377 I adbd    : UsbFfs-monitor thread spawned
08-07 14:32:19.415   372   377 I adbd    : USB event: FUNCTIONFS_BIND
08-07 14:32:19.418     0     0 I         : (7)[375:usb ffs open]read descriptors
08-07 14:32:19.418     0     0 I         : (7)[375:usb ffs open]skip os descriptor, os_descs_count:2, len:119 all to 0
08-07 14:32:19.418     0     0 I         : (7)[375:usb ffs open]read strings
08-07 14:32:19.419     1     1 I (5)[1:init]: processing action (sys.usb.config=adb && sys.usb.configfs=1 && sys.usb.ffs.ready=1) from (/system/etc/init/hw/init.rc:199)
08-07 14:32:19.420     1     1 I         : (5)[1:init]config_usb_cfg_link b.1<-->ffs.adb
08-07 14:32:19.420     1     1 I         : (5)[1:init]usb_get_function usb_function_driver name=ffs
08-07 14:32:19.420     1     1 I         : (5)[1:init]usb_get_function usb_function name=Function FS Gadget
08-07 14:32:19.420     1     1 I         : (5)[1:init]gadget_dev_desc_UDC_store write musb-hdrc
08-07 14:32:19.420     1     1 I         : (5)[1:init]usb_gadget_probe_driver musb-hdrc musb-hdrc
08-07 14:32:19.421     1     1 I         : (5)[1:init]configfs_composite_bind
08-07 14:32:19.421     1     1 I (5)[1:init]configfs-gadget gadget: adding 'Function FS Gadget'/00000000f679ef5e to config 'b'/0000000053204caf
08-07 14:32:19.421     1     1 I (5)[1:init][MUSB]musb_gadget_start 2599: musb_gadget_start
08-07 14:32:19.421     1     1 I (5)[1:init][MUSB]musb_gadget_pullup 2382: is_on=1, softconnect=0 ++
08-07 14:32:19.421     1     1 I -(5)[1:init][MUSB]musb_gadget_pullup 2395: is_on=1, softconnect=0 ++
08-07 14:32:19.421     1     1 I -(5)[1:init][MUSB]musb_pullup 2325: MUSB: gadget pull up 1 start, musb->power:0
08-07 14:32:19.421     1     1 I -(5)[1:init][MUSB]musb_pullup 2334: MUSB: gadget pull up 1 end
08-07 14:32:19.421     1     1 I -(5)[1:init][MUSB]set_usb_rdy 2365: set usb_rdy, wake up bat
08-07 14:32:19.421     1     1 I -(5)[1:init][MUSB]musb_gadget_pullup 2407: mt_usb_connect() on is_ready begin
08-07 14:32:19.421     1     1 I -(5)[1:init][MUSB]mt_usb_connect 679: [MUSB] USB connect
08-07 14:32:19.421     1     1 I -(5)[1:init][MUSB]issue_connection_work 673: issue work, ops<2>
08-07 14:32:19.421   250   250 I (4)[250:kworker/u16:6][MUSB]do_connection_work 578: is_host<0>, power<0>, ops<2>
08-07 14:32:19.421   250   250 I (4)[250:kworker/u16:6][MUSB]usb_cable_connected 545: connected=0 vbus_exist=0 type=0
08-07 14:32:19.421     1     1 I (5)[1:init]BOOTPROF: 9450.843791:USB ready
08-07 14:32:19.421   250   250 I (4)[250:kworker/u16:6][MUSB]cmode_effect_on 565: cable_mode=1, effect=0
08-07 14:32:19.421   250   250 I -(4)[250:kworker/u16:6][MUSB]do_connection_work 618: lock
08-07 14:32:19.421   250   250 I -(4)[250:kworker/u16:6][MUSB]musb_start 1340: start, is_host=0 is_active=0
08-07 14:32:19.421   250   250 I -(4)[250:kworker/u16:6][MUSB]mt_usb_enable 346: begin <0,0>,<2,1,1,1>
08-07 14:32:19.421   250   250 W -(4)[250:kworker/u16:6]usb_6765_dpidle_request: 5 callbacks suppressed
08-07 14:32:19.421   250   250 I -(4)[250:kworker/u16:6][MUSB]usb_6765_dpidle_request 104: USB_DPIDLE_FORBIDDEN, skip_cnt<5>
08-07 14:32:19.422     1     1 I (5)[1:init]: processing action (sys.usb.config=adb && sys.usb.configfs=1 && sys.usb.ffs.ready=1) from (/init.recovery.usb.rc:79)
08-07 14:32:19.423     1     1 I (5)[1:init]: Command 'symlink /config/usb_gadget/g1/functions/ffs.adb /config/usb_gadget/g1/configs/b.1/f1' action=sys.usb.config=adb && sys.usb.configfs=1 && sys.usb.ffs.ready=1 (/init.recovery.usb.rc:81) took 0ms and failed: symlink() failed: File exists
08-07 14:32:19.424     1     1 I         : (5)[1:init]gadget_dev_desc_UDC_store write musb-hdrc
08-07 14:32:19.424     1     1 I (5)[1:init]: Command 'write /config/usb_gadget/g1/UDC ${sys.usb.controller}' action=sys.usb.config=adb && sys.usb.configfs=1 && sys.usb.ffs.ready=1 (/init.recovery.usb.rc:82) took 0ms and failed: Unable to write to file '/config/usb_gadget/g1/UDC': Unable to write file contents: Device or resource busy
08-07 14:32:19.428   246   246 I         : (0)[246:kworker/0:1]usb_state<DISCONNECTED>
08-07 14:32:19.432   250   250 I -(4)[250:kworker/u16:6][MUSB]set_usb_phy_mode 516: force PHY to mode 1, 0x6c=3f2f
08-07 14:32:19.432   250   250 I -(4)[250:kworker/u16:6][MUSB]usb_phy_recover 766: apply efuse setting, RG_USB20_INTR_CAL=0x13
08-07 14:32:19.432   250   250 I -(4)[250:kworker/u16:6][MUSB]usb_phy_recover 776: usb recovery success
08-07 14:32:19.432   250   250 I -(4)[250:kworker/u16:6][MUSB]mt_usb_enable 379: end, <2,1,2,1>
08-07 14:32:19.432   250   250 I -(4)[250:kworker/u16:6][MUSB]musb_start 1385: set ignore babble MUSB_ULPI_REG_DATA=81
08-07 14:32:19.432   250   250 I -(4)[250:kworker/u16:6][MUSB]musb_start 1393: add softconn
08-07 14:32:19.432   245   245 I (4)[245:kworker/4:1]musb-hdrc musb-hdrc: prop=1, power=1, is_host=0
08-07 14:32:19.432   245   245 I (4)[245:kworker/4:1]musb-hdrc musb-hdrc: prop=2, power=1, is_host=0
08-07 14:32:19.432   245   245 I (4)[245:kworker/4:1]musb-hdrc musb-hdrc: prop=3, power=1, is_host=0
08-07 14:32:19.484   244   244 I         : (2)[244:kworker/2:2]CDP, free
08-07 14:32:19.544   244   244 I (2)[244:kworker/2:2][MUSB]Charger_Detect_Init 798: Charger_Detect_Init
08-07 14:32:19.720   244   244 I (2)[244:kworker/2:2][MUSB]Charger_Detect_Release 818: Charger_Detect_Release
08-07 14:32:19.720   244   244 I (2)[244:kworker/2:2]charger type: 1, Standard USB Host
08-07 14:32:19.720   244   244 I (2)[244:kworker/2:2]charger type: chrdet_inform_psy_changed: online = 1, type = 1
08-07 14:32:19.720   244   244 I         : (2)[244:kworker/2:2]mt_charger_set_property
08-07 14:32:19.720   244   244 I         : (2)[244:kworker/2:2]mt_charger_set_property
08-07 14:32:19.720   244   244 I (2)[244:kworker/2:2]dump_charger_name: charger type: 1, Standard USB Host
08-07 14:32:19.720   244   244 I (2)[244:kworker/2:2][MUSB]mt_usb_connect 679: [MUSB] USB connect
08-07 14:32:19.720   244   244 I (2)[244:kworker/2:2][MUSB]issue_connection_work 673: issue work, ops<2>
08-07 14:32:19.720   250   250 I (6)[250:kworker/u16:6][MUSB]do_connection_work 578: is_host<0>, power<1>, ops<2>
08-07 14:32:19.720   101   101 I         : (7)[101:kworker/u16:1]mtk_charger_int_handler
08-07 14:32:19.720   101   101 I (7)[101:kworker/u16:1]battery_callback: 1
08-07 14:32:19.720   250   250 I (6)[250:kworker/u16:6][MUSB]usb_cable_connected 545: connected=1 vbus_exist=1 type=1
08-07 14:32:19.720   250   250 I (6)[250:kworker/u16:6][MUSB]cmode_effect_on 565: cable_mode=1, effect=0
08-07 14:32:19.720   250   250 I -(6)[250:kworker/u16:6][MUSB]do_connection_work 639: do nothing, usb_on:1, power:1
08-07 14:32:19.720   101   101 I         : (7)[101:kworker/u16:1][fgauge_read_columb_internal] CAR=-3 r_fg_value=100 car_tune_value=920
08-07 14:32:19.721   101   101 I         : (7)[101:kworker/u16:1][fgauge_read_columb_internal] CAR=-3 r_fg_value=100 car_tune_value=920
08-07 14:32:19.721   101   101 I         : (7)[101:kworker/u16:1][read_fg_hw_info] curr_1 -942 curr_2 -1040 car -3
08-07 14:32:19.721   101   101 I (7)[101:kworker/u16:1][fg_sw_bat_cycle_accu]car[o:0 n:-3],diff_car: -3,ncar[o:2 n:5 hw:0] thr 0
08-07 14:32:19.723   101   101 I         : (4)[101:kworker/u16:1][MDRT_ADC] OLD = 0x3246, NOW = 0x3203, CNT = 0
08-07 14:32:19.723   101   101 I (4)[101:kworker/u16:1]mt635x-auxadc mt-pmic: mt635x-auxadc: name:BATADC, channel=0, adc_out=0x5a3a, adc_result=3806
08-07 14:32:19.723   101   101 I         : (4)[101:kworker/u16:1][fgauge_read_current] final current=1060 (ratio=920)
08-07 14:32:19.723   101   101 I         : (4)[101:kworker/u16:1][CH3_DBG] bat_cur = -1060
08-07 14:32:19.724   101   101 I (5)[101:kworker/u16:1]mt635x-auxadc mt-pmic: mt635x-auxadc: name:BAT_TEMP, channel=3, adc_out=0x4e0, adc_result=548
08-07 14:32:19.724   101   101 I         : (5)[101:kworker/u16:1][fgauge_read_current] final current=1060 (ratio=920)
08-07 14:32:19.724   101   101 I         : (5)[101:kworker/u16:1][BattVoltToTemp] 549 16900 1800 1
08-07 14:32:19.724   101   101 I         : (5)[101:kworker/u16:1][force_get_tbat] 548,549,0,106,100,332 r:75 100 0
08-07 14:32:19.724   101   101 I (5)[101:kworker/u16:1][force_get_tbat] t: 33 precise:332
08-07 14:32:19.724   101   101 I         : (5)[101:kworker/u16:1]wake_up_charger
08-07 14:32:19.724   101   101 I         : (5)[101:kworker/u16:1][fg_charger_in_handler] notify daemon 0 1
08-07 14:32:19.724   101   101 I         : (5)[101:kworker/u16:1]mtk_battery boot mode =2
08-07 14:32:19.724   101   101 I         : (5)[101:kworker/u16:1][wakeup_fg_algo_recovery] intr_num=0x8
08-07 14:32:19.724   298   298 I         : (4)[298:charger_thread][fgauge_read_current] final current=1060 (ratio=920)
08-07 14:32:19.725   295   295 I         : (5)[295:kworker/5:1][fgauge_read_current] final current=1037 (ratio=920)
08-07 14:32:19.726   298   298 I (4)[298:charger_thread]mt635x-auxadc mt-pmic: mt635x-auxadc: name:ISENSE, channel=0, adc_out=0x5a28, adc_result=3803
08-07 14:32:19.728   298   298 I (4)[298:charger_thread]mt635x-auxadc mt-pmic: mt635x-auxadc: name:BATADC, channel=0, adc_out=0x5a12, adc_result=3799
08-07 14:32:19.730   298   298 I (4)[298:charger_thread]mt635x-auxadc mt-pmic: mt635x-auxadc: name:BATADC, channel=0, adc_out=0x5a2a, adc_result=3803
08-07 14:32:19.731   298   298 I         : (4)[298:charger_thread][fgauge_read_current] final current=1465 (ratio=920)
08-07 14:32:19.731   298   298 I         : (4)[298:charger_thread][CH3_DBG] bat_cur = -1465
08-07 14:32:19.732   298   298 I         : (4)[298:charger_thread][fgauge_read_current] final current=1465 (ratio=920)
08-07 14:32:19.732   298   298 I         : (4)[298:charger_thread][BattVoltToTemp] 550 16900 1800 2
08-07 14:32:19.732   298   298 I         : (4)[298:charger_thread][force_get_tbat] 548,550,0,146,100,332 r:75 100 0
08-07 14:32:19.732   298   298 I (4)[298:charger_thread][force_get_tbat] t: 33 precise:332
08-07 14:32:19.732   298   298 I (4)[298:charger_thread]Vbat=3803,Ibat=-1060,I=71,VChr=4125,T=33,Soc=41: 47,CT:1:0 hv:1 pd:0:0
08-07 14:32:19.732   298   298 I         : (4)[298:charger_thread]mtk_is_charger_on plug in, type:1
08-07 14:32:19.732   298   298 I         : (4)[298:charger_thread]Can't find closest level
08-07 14:32:19.732   298   298 I (4)[298:charger_thread]mtk_charger_start_timer: alarm timer start:1, 19 757001000
08-07 14:32:19.732   298   298 I         : -(4)[298:charger_thread]alarmtimer_enqueue, 19757001000
08-07 14:32:19.733   298   298 I         : (4)[298:charger_thread][fgauge_read_current] final current=1425 (ratio=920)
08-07 14:32:19.733   298   298 I         : (4)[298:charger_thread][CH3_DBG] bat_cur = -1425
08-07 14:32:19.734   298   298 I         : (4)[298:charger_thread][fgauge_read_current] final current=1425 (ratio=920)
08-07 14:32:19.734   298   298 I         : (4)[298:charger_thread][BattVoltToTemp] 549 16900 1800 2
08-07 14:32:19.734   298   298 I         : (4)[298:charger_thread][force_get_tbat] 547,549,0,142,100,332 r:75 100 0
08-07 14:32:19.734   298   298 I (4)[298:charger_thread][force_get_tbat] t: 33 precise:332
08-07 14:32:19.734   298   298 I         : (4)[298:charger_thread][fg_is_battery_exist] PMIC_RGS_BATON_UNDET = 1
08-07 14:32:19.734   298   298 I chatty  : uid=1036(auditd) identical 1 line
08-07 14:32:19.734   298   298 I         : (4)[298:charger_thread][fg_is_battery_exist] PMIC_RGS_BATON_UNDET = 1
08-07 14:32:19.735   298   298 I (4)[298:charger_thread]tmp: 33 (jeita:0 sm:0 cv:0 en:0) (sm:1) en:1 c:0 s:0 ov:0 1 1
08-07 14:32:19.735   298   298 I         : (4)[298:charger_thread]info->chr_type =1
08-07 14:32:19.735   298   298 I         : (4)[298:charger_thread]mtk_switch_charging_run [1 0], timer=0
08-07 14:32:19.735   298   298 I         : (4)[298:charger_thread][fgauge_read_current] final current=1292 (ratio=920)
08-07 14:32:19.735   298   298 I         : (4)[298:charger_thread][CH3_DBG] bat_cur = -1292
08-07 14:32:19.736   298   298 I         : (4)[298:charger_thread][fgauge_read_current] final current=1292 (ratio=920)
08-07 14:32:19.736   298   298 I         : (4)[298:charger_thread][BattVoltToTemp] 549 16900 1800 2
08-07 14:32:19.736   298   298 I         : (4)[298:charger_thread][force_get_tbat] 547,549,0,129,100,332 r:75 100 0
08-07 14:32:19.736   298   298 I (4)[298:charger_thread][force_get_tbat] t: 33 precise:332
08-07 14:32:19.736   298   298 I (4)[298:charger_thread]pe40_ready: 0 hv:1 thermal:-1,-1 tmp:33,39,16 pps:0 en:0 ibus:0 80
08-07 14:32:19.736   298   298 W         : (4)[298:charger_thread]PRIZE master  charge current 500000:500000
08-07 14:32:19.736   298   298 I (4)[298:charger_thread]force: 0 thermal:-1,-1 pe4:-1,-1,0 setting:500 500 type:1 usb_unlimited:0 usbif:0 usbsm:0 aicl:-1 atm:0
08-07 14:32:19.737   298   298 I         : (4)[298:charger_thread]Can't find closest level
08-07 14:32:19.739   298   298 I         : (4)[298:charger_thread]charging_set_cv_voltage register_value=0x2e 4420000 4420000
08-07 14:32:19.743   298   298 W (4)[298:charger_thread][HL7005]dump:  
08-07 14:32:19.743   298   298 W         : (4)[298:charger_thread][0x0]=0xd0
08-07 14:32:19.743   298   298 W         : (4)[298:charger_thread][0x1]=0xb8
08-07 14:32:19.743   298   298 W         : (4)[298:charger_thread][0x2]=0xba
08-07 14:32:19.743   298   298 W         : (4)[298:charger_thread][0x3]=0x54
08-07 14:32:19.743   298   298 W         : (4)[298:charger_thread][0x4]=0x1
08-07 14:32:19.743   298   298 W         : (4)[298:charger_thread][0x5]=0x13
08-07 14:32:19.743   298   298 W         : (4)[298:charger_thread][0x6]=0x8a
08-07 14:32:19.743   298   298 W         : (4)[298:charger_thread][0x7]=0x9
08-07 14:32:19.743     0     0 W         : (4)[298:charger_thread]
08-07 14:32:19.854     0     0 I -(6)[0:swapper/6][MUSB]musb_stage0_irq 1208: musb_stage0_irq:1208 MUSB_INTR_RESET (b_idle)
08-07 14:32:19.854     0     0 I         : -(6)[0:swapper/6]QMU_WARN,<musb_disable_q_all 333>, disable_q_all
08-07 14:32:19.854     0     0 I         : -(6)[0:swapper/6]BATTERY_SetUSBState Success! Set 1
08-07 14:32:19.924   308   308 I         : (6)[308:kworker/6:1][msdc]msdc power off
08-07 14:32:19.924   308   308 I         : (6)[308:kworker/6:1]ldo vmch disable
08-07 14:32:19.924   308   308 I         : (6)[308:kworker/6:1][msdc]msdc power off
08-07 14:32:19.924   308   308 I         : (6)[308:kworker/6:1]ldo vmc disable
08-07 14:32:19.977   245   245 I (4)[245:kworker/4:1]android_work: sent uevent USB_STATE=CONNECTED
08-07 14:32:19.978     0     0 I         : -(5)[0:swapper/5]tick broadcast enter counter cpu: 286, 347, 353, 289, 199, 471, 279, 294, success counter cpu: 23, 10, 12, 4, 31, 286, 5, 20, fail counter cpu: 0, 0, 0, 0, 0, 0, 0, 0, interrupt counter cpu: 35, 25, 57, 6, 85, 405, 30, 38, o: 0-3,6, p: , f: , t:  10315400384, 14369343769, 10812000000, 11755998692, 10004000000, 10002670307, 10460000000, 10004000000,
08-07 14:32:19.978     0     0 I         : -(5)[0:swapper/5]MCDI bootup check: PASS
08-07 14:32:19.984     0     0 I -(0)[0:swapper/0][MUSB]musb_stage0_irq 1208: musb_stage0_irq:1208 MUSB_INTR_RESET (b_peripheral)
08-07 14:32:19.984     0     0 I         : -(0)[0:swapper/0]QMU_WARN,<musb_disable_q_all 333>, disable_q_all
08-07 14:32:19.984     0     0 I         : -(0)[0:swapper/0]BATTERY_SetUSBState Success! Set 1
08-07 14:32:19.984     0     0 I         : -(0)[0:swapper/0]android_disconnect
08-07 14:32:19.984   246   246 I (0)[246:kworker/0:1]android_work: sent uevent USB_STATE=DISCONNECTED
08-07 14:32:20.120   246   246 I (0)[246:kworker/0:1]android_work: sent uevent USB_STATE=CONNECTED
08-07 14:32:20.145   372   377 I adbd    : USB event: FUNCTIONFS_ENABLE
08-07 14:32:20.145   372   378 I adbd    : UsbFfs-worker thread spawned
08-07 14:32:20.149     0     0 I -(0)[0:swapper/0]configfs-gadget gadget: high-speed config #1: b
08-07 14:32:20.150     0     0 I -(0)[0:swapper/0][MUSB]fifo_setup 1347: musb type=BULK
08-07 14:32:20.150     0     0 I -(0)[0:swapper/0][MUSB]fifo_setup 1393: fifo size is 6 after 512, fifo address is 512, epnum 1,hwepnum 1
08-07 14:32:20.150     0     0 I         : -(0)[0:swapper/0]QMU_WARN,<mtk_qmu_enable 631>, enable RQ(1)
08-07 14:32:20.150     0     0 I -(0)[0:swapper/0][MUSB]musb_gadget_enable 1596: musb-hdrc periph: enabled ep1out for bulk OUT, maxpacket 512
08-07 14:32:20.150     0     0 I -(0)[0:swapper/0][MUSB]fifo_setup 1347: musb type=BULK
08-07 14:32:20.150     0     0 I -(0)[0:swapper/0][MUSB]fifo_setup 1393: fifo size is 6 after 512, fifo address is 1024, epnum 1,hwepnum 1
08-07 14:32:20.150     0     0 I         : -(0)[0:swapper/0]QMU_WARN,<mtk_qmu_enable 709>, enable TQ(1)
08-07 14:32:20.150     0     0 I -(0)[0:swapper/0][MUSB]musb_gadget_enable 1596: musb-hdrc periph: enabled ep1in for bulk IN, maxpacket 512
08-07 14:32:20.150     0     0 I         : -(0)[0:swapper/0]BATTERY_SetUSBState Success! Set 2
08-07 14:32:20.150   246   246 I (0)[246:kworker/0:1]android_work: sent uevent USB_STATE=CONFIGURED
08-07 14:32:20.150   246   246 I (0)[246:kworker/0:1]BOOTPROF: 10179.947639:USB configured
08-07 14:32:20.286   336   336 W HidlServiceManagement: Waited one second for android.hardware.keymaster@4.0::IKeymasterDevice/default
08-07 14:32:20.287   327   327 I hwservicemanager: Since android.hardware.keymaster@4.0::IKeymasterDevice/default is not registered, trying to start it as a lazy HAL.
08-07 14:32:20.288   336   336 I HidlServiceManagement: getService: Trying again for android.hardware.keymaster@4.0::IKeymasterDevice/default...
08-07 14:32:20.289   327   379 W libc    : Unable to set property "ctl.interface_start" to "android.hardware.keymaster@4.0::IKeymasterDevice/default": error code: 0x20
08-07 14:32:20.294     1     1 E (4)[1:init]: Control message: Could not find 'android.hardware.keymaster@4.0::IKeymasterDevice/default' for ctl.interface_start from pid: 327 (/system/bin/hwservicemanager)
08-07 14:32:21.206   372   372 I adbd    : UsbFfs: already offline
08-07 14:32:21.206   372   372 I adbd    : authentication not required
08-07 14:32:21.289   336   336 W HidlServiceManagement: Waited one second for android.hardware.keymaster@4.0::IKeymasterDevice/default
08-07 14:32:21.289   327   327 I hwservicemanager: Since android.hardware.keymaster@4.0::IKeymasterDevice/default is not registered, trying to start it as a lazy HAL.
08-07 14:32:21.290   336   336 I HidlServiceManagement: getService: Trying again for android.hardware.keymaster@4.0::IKeymasterDevice/default...
08-07 14:32:21.291   327   380 W libc    : Unable to set property "ctl.interface_start" to "android.hardware.keymaster@4.0::IKeymasterDevice/default": error code: 0x20
08-07 14:32:21.297     1     1 E (4)[1:init]: Control message: Could not find 'android.hardware.keymaster@4.0::IKeymasterDevice/default' for ctl.interface_start from pid: 327 (/system/bin/hwservicemanager)
08-07 14:32:21.388   237   237 I         : (4)[237:battery_thread][fg_drv_update_hw_status]=>
08-07 14:32:21.389   237   237 I         : (4)[237:battery_thread][fgauge_read_current] final current=1260 (ratio=920)
08-07 14:32:21.389   237   237 I         : (4)[237:battery_thread][CH3_DBG] bat_cur = -1260
08-07 14:32:21.389   237   237 W -(4)[237:battery_thread]mt635x_auxadc_read_raw: 6 callbacks suppressed
08-07 14:32:21.389   237   237 I (4)[237:battery_thread]mt635x-auxadc mt-pmic: mt635x-auxadc: name:BAT_TEMP, channel=3, adc_out=0x4e1, adc_result=548
08-07 14:32:21.390   237   237 I         : (4)[237:battery_thread][fgauge_read_current] final current=1260 (ratio=920)
08-07 14:32:21.390   237   237 I         : (4)[237:battery_thread][BattVoltToTemp] 550 16900 1800 2
08-07 14:32:21.390   237   237 I         : (4)[237:battery_thread][force_get_tbat] 548,550,0,126,100,332 r:75 100 0
08-07 14:32:21.390   237   237 I (4)[237:battery_thread][force_get_tbat] t: 33 precise:332
08-07 14:32:21.390   237   237 I         : (4)[237:battery_thread][fg_bat_temp_int_sw_check] tmp 33 lt 65535 ht 65535
08-07 14:32:21.390   237   237 I         : (4)[237:battery_thread][fg_bat_sw_temp_int_l_handler]
08-07 14:32:21.390   237   237 I         : (4)[237:battery_thread][fgauge_read_current] final current=1260 (ratio=920)
08-07 14:32:21.390   237   237 I         : (4)[237:battery_thread][CH3_DBG] bat_cur = -1260
08-07 14:32:21.391   237   237 I (4)[237:battery_thread]mt635x-auxadc mt-pmic: mt635x-auxadc: name:BAT_TEMP, channel=3, adc_out=0x4e0, adc_result=548
08-07 14:32:21.391   237   237 I         : (4)[237:battery_thread][fgauge_read_current] final current=1063 (ratio=920)
08-07 14:32:21.391   237   237 I         : (4)[237:battery_thread][BattVoltToTemp] 549 16900 1800 1
08-07 14:32:21.391   237   237 I         : (4)[237:battery_thread][force_get_tbat] 548,549,0,106,100,332 r:75 100 0
08-07 14:32:21.391   237   237 I (4)[237:battery_thread][force_get_tbat] t: 33 precise:332
08-07 14:32:21.391   237   237 I         : (4)[237:battery_thread]mtk_battery boot mode =2
08-07 14:32:21.391   237   237 I         : (4)[237:battery_thread][fgauge_read_current] final current=1063 (ratio=920)
08-07 14:32:21.391   237   237 I         : (4)[237:battery_thread][CH3_DBG] bat_cur = -1063
08-07 14:32:21.392   237   237 I (5)[237:battery_thread]mt635x-auxadc mt-pmic: mt635x-auxadc: name:BAT_TEMP, channel=3, adc_out=0x4df, adc_result=547
