--------- beginning of main
07-17 13:05:06.208   320   320 W auditd  : type=2000 audit(0.0:1): initialized
07-17 13:05:06.880   320   320 I auditd  : type=1403 audit(0.0:2): policy loaded auid=4294967295 ses=4294967295
07-17 13:05:07.224     1     1 I init    : type=1400 audit(0.0:3): avc: denied { module_request } for kmod="fs-binder" scontext=u:r:init:s0 tcontext=u:r:kernel:s0 tclass=system permissive=1
07-17 13:05:07.228   320   320 I init    : type=1400 audit(0.0:4): avc: denied { entrypoint } for path="/system/bin/logd" dev="rootfs" ino=6854 scontext=u:r:logd:s0 tcontext=u:object_r:rootfs:s0 tclass=file permissive=1
07-17 13:05:07.232   320   320 I logd    : type=1400 audit(0.0:5): avc: denied { read } for path="/system/bin/logd" dev="rootfs" ino=6854 scontext=u:r:logd:s0 tcontext=u:object_r:rootfs:s0 tclass=file permissive=1
07-17 13:05:07.232   320   320 I logd    : type=1400 audit(0.0:6): avc: denied { execute } for path="/system/bin/logd" dev="rootfs" ino=6854 scontext=u:r:logd:s0 tcontext=u:object_r:rootfs:s0 tclass=file permissive=1
07-17 13:05:07.232   320   320 I logd    : type=1400 audit(0.0:7): avc: denied { getattr } for path="/system/bin/logd" dev="rootfs" ino=6854 scontext=u:r:logd:s0 tcontext=u:object_r:rootfs:s0 tclass=file permissive=1
07-17 13:05:07.232   320   320 I logd    : type=1400 audit(0.0:8): avc: denied { read } for name="bin" dev="rootfs" ino=6749 scontext=u:r:logd:s0 tcontext=u:object_r:rootfs:s0 tclass=dir permissive=1
07-17 13:05:07.232   320   320 I logd    : type=1400 audit(0.0:9): avc: denied { open } for path="/system/lib64/libsysutils.so" dev="rootfs" ino=10202 scontext=u:r:logd:s0 tcontext=u:object_r:rootfs:s0 tclass=file permissive=1
07-17 13:05:07.240   320   320 I logd    : type=1400 audit(0.0:10): avc: denied { write } for name="socket" dev="tmpfs" ino=32 scontext=u:r:logd:s0 tcontext=u:object_r:socket_device:s0 tclass=dir permissive=1
07-17 13:05:07.241   320   320 E libprocessgroup: Failed to read task profiles from /etc/task_profiles.json
07-17 13:05:07.241   320   320 E libprocessgroup: Loading /etc/task_profiles.json for [320] failed
07-17 13:05:07.241   320   320 W libprocessgroup: Failed to find SCHED_SP_BACKGROUNDtask profile: No such file or directory
07-17 13:05:07.252   322   322 I servicemanager: type=1400 audit(0.0:13): avc: denied { create } for scontext=u:r:recovery:s0 tcontext=u:r:recovery:s0 tclass=netlink_selinux_socket permissive=1
07-17 13:05:07.252   323   323 I vndservicemanag: type=1400 audit(0.0:14): avc: denied { read } for name="vndbinder" dev="tmpfs" ino=10632 scontext=u:r:recovery:s0 tcontext=u:object_r:vndbinder_device:s0 tclass=chr_file permissive=1
07-17 13:05:07.252   322   322 I servicemanager: type=1400 audit(0.0:15): avc: denied { bind } for scontext=u:r:recovery:s0 tcontext=u:r:recovery:s0 tclass=netlink_selinux_socket permissive=1
07-17 13:05:07.252   323   323 I vndservicemanag: type=1400 audit(0.0:16): avc: denied { write } for name="vndbinder" dev="tmpfs" ino=10632 scontext=u:r:recovery:s0 tcontext=u:object_r:vndbinder_device:s0 tclass=chr_file permissive=1
07-17 13:05:07.252   323   323 I vndservicemanag: type=1400 audit(0.0:17): avc: denied { open } for path="/dev/vndbinder" dev="tmpfs" ino=10632 scontext=u:r:recovery:s0 tcontext=u:object_r:vndbinder_device:s0 tclass=chr_file permissive=1
07-17 13:05:07.252   322   322 I servicemanager: type=1400 audit(0.0:18): avc: denied { read } for name="perms" dev="selinuxfs" ino=67112389 scontext=u:r:recovery:s0 tcontext=u:object_r:selinuxfs:s0 tclass=dir permissive=1
07-17 13:05:07.252   322   322 I servicemanager: type=1400 audit(0.0:19): avc: denied { open } for path="/sys/fs/selinux/class/service_manager/perms" dev="selinuxfs" ino=67112389 scontext=u:r:recovery:s0 tcontext=u:object_r:selinuxfs:s0 tclass=dir permissive=1
07-17 13:05:07.252   323   323 I vndservicemanag: type=1400 audit(0.0:20): avc: denied { ioctl } for path="/dev/vndbinder" dev="tmpfs" ino=10632 ioctlcmd=0x6209 scontext=u:r:recovery:s0 tcontext=u:object_r:vndbinder_device:s0 tclass=chr_file permissive=1
07-17 13:05:07.252   322   322 I servicemanager: type=1400 audit(0.0:21): avc: denied { write } for name="access" dev="selinuxfs" ino=6 scontext=u:r:recovery:s0 tcontext=u:object_r:selinuxfs:s0 tclass=file permissive=1
07-17 13:05:07.252   322   322 I servicemanager: type=1400 audit(0.0:22): avc: denied { compute_av } for scontext=u:r:recovery:s0 tcontext=u:object_r:kernel:s0 tclass=security permissive=1
07-17 13:05:07.252   322   322 I servicemanager: type=1400 audit(0.0:23): avc: denied { set_context_mgr } for scontext=u:r:recovery:s0 tcontext=u:r:recovery:s0 tclass=binder permissive=1
07-17 13:05:07.252   322   322 I servicemanager: type=1400 audit(0.0:24): avc: denied { wake_alarm } for capability=35 scontext=u:r:recovery:s0 tcontext=u:r:recovery:s0 tclass=capability2 permissive=1
07-17 13:05:07.252   322   322 I SELinux : SELinux: Loaded service_contexts from:
07-17 13:05:07.252   322   322 I SELinux :     /system/etc/selinux/plat_service_contexts
07-17 13:05:07.253   322   322 E SELinux : avc:  denied  { add } for pid=322 uid=0 name=manager scontext=u:r:recovery:s0 tcontext=u:object_r:service_manager_service:s0 tclass=service_manager permissive=1
07-17 13:05:07.253   323   323 I SELinux : SELinux: Loaded service_contexts from:
07-17 13:05:07.253   323   323 I SELinux :     /vendor/etc/selinux/vndservice_contexts
07-17 13:05:07.254   323   323 E SELinux : avc:  denied  { add } for pid=323 uid=0 name=manager scontext=u:r:recovery:s0 tcontext=u:object_r:service_manager_vndservice:s0 tclass=service_manager permissive=1
07-17 13:05:07.260     1     1 I unknown : type=1107 audit(0.0:25): uid=0 auid=4294967295 ses=4294967295 subj=u:r:init:s0 msg='avc: denied { set } for property=hwservicemanager.ready pid=321 uid=0 gid=0 scontext=u:r:recovery:s0 tcontext=u:object_r:hwservicemanager_prop:s0 tclass=property_service permissive=1'
07-17 13:05:07.260   321   321 E SELinux : avc:  denied  { add } for interface=android.hidl.base::IBase sid=u:r:recovery:s0 pid=321 scontext=u:r:recovery:s0 tcontext=u:object_r:hidl_base_hwservice:s0 tclass=hwservice_manager permissive=1
07-17 13:05:07.260   321   321 E SELinux : avc:  denied  { add } for interface=android.hidl.manager::IServiceManager sid=u:r:recovery:s0 pid=321 scontext=u:r:recovery:s0 tcontext=u:object_r:hidl_manager_hwservice:s0 tclass=hwservice_manager permissive=1
07-17 13:05:07.261   321   321 E SELinux : avc:  denied  { add } for interface=android.hidl.token::ITokenManager sid=u:r:recovery:s0 pid=321 scontext=u:r:recovery:s0 tcontext=u:object_r:hidl_token_hwservice:s0 tclass=hwservice_manager permissive=1
07-17 13:05:07.262   321   321 I hwservicemanager: hwservicemanager is ready now.
07-17 13:05:07.308   329   329 I recovery: type=1400 audit(0.0:26): avc: denied { getattr } for path="/sys/devices/virtual/thermal/thermal_zone1/temp" dev="sysfs" ino=21541 scontext=u:r:recovery:s0 tcontext=u:object_r:sysfs:s0 tclass=file permissive=1
07-17 13:05:07.308   329   329 I recovery: type=1400 audit(0.0:27): avc: denied { write } for name="brightness" dev="sysfs" ino=27412 scontext=u:r:recovery:s0 tcontext=u:object_r:sysfs:s0 tclass=file permissive=1
07-17 13:05:07.308   329   329 I recovery: type=1400 audit(0.0:28): avc: denied { open } for path="/sys/devices/platform/leds-mt65xx/leds/lcd-backlight/brightness" dev="sysfs" ino=27412 scontext=u:r:recovery:s0 tcontext=u:object_r:sysfs:s0 tclass=file permissive=1
07-17 13:05:07.308     1     1 I unknown : type=1107 audit(0.0:29): uid=0 auid=4294967295 ses=4294967295 subj=u:r:init:s0 msg='avc: denied { set } for property=ro.twrp.boot pid=329 uid=0 gid=0 scontext=u:r:recovery:s0 tcontext=u:object_r:default_prop:s0 tclass=property_service permissive=1'
07-17 13:05:07.312   329   329 I recovery: type=1400 audit(0.0:30): avc: denied { read write } for name="card0" dev="tmpfs" ino=18438 scontext=u:r:recovery:s0 tcontext=u:object_r:device:s0 tclass=chr_file permissive=1
07-17 13:05:07.312   329   329 I recovery: type=1400 audit(0.0:31): avc: denied { open } for path="/dev/dri/card0" dev="tmpfs" ino=18438 scontext=u:r:recovery:s0 tcontext=u:object_r:device:s0 tclass=chr_file permissive=1
07-17 13:05:07.968   329   329 I recovery: type=1400 audit(0.0:32): avc: denied { execmem } for scontext=u:r:recovery:s0 tcontext=u:r:recovery:s0 tclass=process permissive=1
07-17 13:05:07.968   329   329 I recovery: type=1400 audit(0.0:33): avc: denied { execute } for path="/dev/ashmem1d08b5a6-b576-4805-8eab-c98cc7d04ea5" dev="tmpfs" ino=10637 scontext=u:r:recovery:s0 tcontext=u:object_r:ashmem_libcutils_device:s0 tclass=chr_file permissive=1
07-17 13:05:07.973   329   329 I ArmToArm64Assembler: generated scanline__00000077:03010101_00008001_00000000 [195 ipp] (241 ins) at [0x6deab023c0:0x6deab02784] in 225308ns
07-17 13:05:08.010   329   329 I ArmToArm64Assembler: generated scanline__00000077:03545401_00000A01_00000000 [ 69 ipp] (113 ins) at [0x6deab02790:0x6deab02954] in 85539ns
07-17 13:05:08.020   329   329 I ArmToArm64Assembler: generated scanline__00000077:03545401_00000A08_00000000 [ 69 ipp] (116 ins) at [0x6deab02960:0x6deab02b30] in 78615ns
07-17 13:05:08.244   329   329 I recovery: type=1400 audit(0.0:34): avc: denied { read } for name="temp" dev="sysfs" ino=21541 scontext=u:r:recovery:s0 tcontext=u:object_r:sysfs:s0 tclass=file permissive=1
07-17 13:05:08.800   329   329 I recovery: type=1400 audit(0.0:35): avc: denied { getattr } for path="/linkerconfig" dev="tmpfs" ino=208 scontext=u:r:recovery:s0 tcontext=u:object_r:linkerconfig_file:s0 tclass=dir permissive=1
07-17 13:05:08.800   329   329 I recovery: type=1400 audit(0.0:36): avc: denied { getattr } for path="/system/bin/init" dev="rootfs" ino=6836 scontext=u:r:recovery:s0 tcontext=u:object_r:init_exec:s0 tclass=file permissive=1
07-17 13:05:08.991   329   329 E recovery: [libfs_mgr]Error parsing fs_mgr_options
07-17 13:05:08.992   329   329 I recovery: type=1400 audit(0.0:37): avc: denied { open } for path="/dev/__properties__/u:object_r:adbd_prop:s0" dev="tmpfs" ino=47 scontext=u:r:recovery:s0 tcontext=u:object_r:adbd_prop:s0 tclass=file permissive=1
07-17 13:05:08.992   329   329 I recovery: type=1400 audit(0.0:38): avc: denied { getattr } for path="/dev/__properties__/u:object_r:adbd_prop:s0" dev="tmpfs" ino=47 scontext=u:r:recovery:s0 tcontext=u:object_r:adbd_prop:s0 tclass=file permissive=1
07-17 13:05:08.992   329   329 I recovery: type=1400 audit(0.0:39): avc: denied { open } for path="/dev/__properties__/u:object_r:apexd_prop:s0" dev="tmpfs" ino=48 scontext=u:r:recovery:s0 tcontext=u:object_r:apexd_prop:s0 tclass=file permissive=1
07-17 13:05:08.992   329   329 I recovery: type=1400 audit(0.0:40): avc: denied { getattr } for path="/dev/__properties__/u:object_r:apexd_prop:s0" dev="tmpfs" ino=48 scontext=u:r:recovery:s0 tcontext=u:object_r:apexd_prop:s0 tclass=file permissive=1
07-17 13:05:08.992   329   329 I recovery: type=1400 audit(0.0:41): avc: denied { open } for path="/dev/__properties__/u:object_r:apk_verity_prop:s0" dev="tmpfs" ino=49 scontext=u:r:recovery:s0 tcontext=u:object_r:apk_verity_prop:s0 tclass=file permissive=1
07-17 13:05:08.992   329   329 I recovery: type=1400 audit(0.0:42): avc: denied { getattr } for path="/dev/__properties__/u:object_r:apk_verity_prop:s0" dev="tmpfs" ino=49 scontext=u:r:recovery:s0 tcontext=u:object_r:apk_verity_prop:s0 tclass=file permissive=1
07-17 13:05:08.992   329   329 I recovery: type=1400 audit(0.0:43): avc: denied { open } for path="/dev/__properties__/u:object_r:bluetooth_a2dp_offload_prop:s0" dev="tmpfs" ino=54 scontext=u:r:recovery:s0 tcontext=u:object_r:bluetooth_a2dp_offload_prop:s0 tclass=file permissive=1
07-17 13:05:08.992   329   329 I recovery: type=1400 audit(0.0:44): avc: denied { getattr } for path="/dev/__properties__/u:object_r:bluetooth_a2dp_offload_prop:s0" dev="tmpfs" ino=54 scontext=u:r:recovery:s0 tcontext=u:object_r:bluetooth_a2dp_offload_prop:s0 tclass=file permissive=1
07-17 13:05:08.992   329   329 I recovery: type=1400 audit(0.0:45): avc: denied { open } for path="/dev/__properties__/u:object_r:bluetooth_audio_hal_prop:s0" dev="tmpfs" ino=55 scontext=u:r:recovery:s0 tcontext=u:object_r:bluetooth_audio_hal_prop:s0 tclass=file permissive=1
07-17 13:05:08.992   329   329 I recovery: type=1400 audit(0.0:46): avc: denied { getattr } for path="/dev/__properties__/u:object_r:bluetooth_audio_hal_prop:s0" dev="tmpfs" ino=55 scontext=u:r:recovery:s0 tcontext=u:object_r:bluetooth_audio_hal_prop:s0 tclass=file permissive=1
07-17 13:05:08.992   329   329 I recovery: type=1400 audit(0.0:47): avc: denied { open } for path="/dev/__properties__/u:object_r:bluetooth_prop:s0" dev="tmpfs" ino=56 scontext=u:r:recovery:s0 tcontext=u:object_r:bluetooth_prop:s0 tclass=file permissive=1
07-17 13:05:08.992   329   329 I recovery: type=1400 audit(0.0:48): avc: denied { getattr } for path="/dev/__properties__/u:object_r:bluetooth_prop:s0" dev="tmpfs" ino=56 scontext=u:r:recovery:s0 tcontext=u:object_r:bluetooth_prop:s0 tclass=file permissive=1
07-17 13:05:08.992   329   329 I recovery: type=1400 audit(0.0:49): avc: denied { open } for path="/dev/__properties__/u:object_r:boottime_prop:s0" dev="tmpfs" ino=58 scontext=u:r:recovery:s0 tcontext=u:object_r:boottime_prop:s0 tclass=file permissive=1
07-17 13:05:08.992   329   329 I recovery: type=1400 audit(0.0:50): avc: denied { getattr } for path="/dev/__properties__/u:object_r:boottime_prop:s0" dev="tmpfs" ino=58 scontext=u:r:recovery:s0 tcontext=u:object_r:boottime_prop:s0 tclass=file permissive=1
07-17 13:05:08.992   329   329 I recovery: type=1400 audit(0.0:51): avc: denied { open } for path="/dev/__properties__/u:object_r:boottime_public_prop:s0" dev="tmpfs" ino=59 scontext=u:r:recovery:s0 tcontext=u:object_r:boottime_public_prop:s0 tclass=file permissive=1
07-17 13:05:08.992   329   329 I recovery: type=1400 audit(0.0:52): avc: denied { getattr } for path="/dev/__properties__/u:object_r:boottime_public_prop:s0" dev="tmpfs" ino=59 scontext=u:r:recovery:s0 tcontext=u:object_r:boottime_public_prop:s0 tclass=file permissive=1
07-17 13:05:08.992   329   329 I recovery: type=1400 audit(0.0:53): avc: denied { open } for path="/dev/__properties__/u:object_r:bpf_progs_loaded_prop:s0" dev="tmpfs" ino=60 scontext=u:r:recovery:s0 tcontext=u:object_r:bpf_progs_loaded_prop:s0 tclass=file permissive=1
07-17 13:05:08.992   329   329 I recovery: type=1400 audit(0.0:54): avc: denied { getattr } for path="/dev/__properties__/u:object_r:bpf_progs_loaded_prop:s0" dev="tmpfs" ino=60 scontext=u:r:recovery:s0 tcontext=u:object_r:bpf_progs_loaded_prop:s0 tclass=file permissive=1
07-17 13:05:08.992   329   329 I recovery: type=1400 audit(0.0:55): avc: denied { open } for path="/dev/__properties__/u:object_r:charger_prop:s0" dev="tmpfs" ino=62 scontext=u:r:recovery:s0 tcontext=u:object_r:charger_prop:s0 tclass=file permissive=1
07-17 13:05:08.992   329   329 I recovery: type=1400 audit(0.0:56): avc: denied { getattr } for path="/dev/__properties__/u:object_r:charger_prop:s0" dev="tmpfs" ino=62 scontext=u:r:recovery:s0 tcontext=u:object_r:charger_prop:s0 tclass=file permissive=1
07-17 13:05:08.992   329   329 I recovery: type=1400 audit(0.0:57): avc: denied { open } for path="/dev/__properties__/u:object_r:cold_boot_done_prop:s0" dev="tmpfs" ino=63 scontext=u:r:recovery:s0 tcontext=u:object_r:cold_boot_done_prop:s0 tclass=file permissive=1
07-17 13:05:08.992   329   329 I recovery: type=1400 audit(0.0:58): avc: denied { getattr } for path="/dev/__properties__/u:object_r:cold_boot_done_prop:s0" dev="tmpfs" ino=63 scontext=u:r:recovery:s0 tcontext=u:object_r:cold_boot_done_prop:s0 tclass=file permissive=1
07-17 13:05:08.992   329   329 I recovery: type=1400 audit(0.0:59): avc: denied { open } for path="/dev/__properties__/u:object_r:cpu_variant_prop:s0" dev="tmpfs" ino=66 scontext=u:r:recovery:s0 tcontext=u:object_r:cpu_variant_prop:s0 tclass=file permissive=1
07-17 13:05:08.992   329   329 I recovery: type=1400 audit(0.0:60): avc: denied { getattr } for path="/dev/__properties__/u:object_r:cpu_variant_prop:s0" dev="tmpfs" ino=66 scontext=u:r:recovery:s0 tcontext=u:object_r:cpu_variant_prop:s0 tclass=file permissive=1
07-17 13:05:08.992   329   329 I recovery: type=1400 audit(0.0:61): avc: denied { open } for path="/dev/__properties__/u:object_r:ctl_adbd_prop:s0" dev="tmpfs" ino=67 scontext=u:r:recovery:s0 tcontext=u:object_r:ctl_adbd_prop:s0 tclass=file permissive=1
07-17 13:05:08.992   329   329 I recovery: type=1400 audit(0.0:62): avc: denied { getattr } for path="/dev/__properties__/u:object_r:ctl_adbd_prop:s0" dev="tmpfs" ino=67 scontext=u:r:recovery:s0 tcontext=u:object_r:ctl_adbd_prop:s0 tclass=file permissive=1
07-17 13:05:08.992   329   329 I recovery: type=1400 audit(0.0:63): avc: denied { open } for path="/dev/__properties__/u:object_r:ctl_apexd_prop:s0" dev="tmpfs" ino=68 scontext=u:r:recovery:s0 tcontext=u:object_r:ctl_apexd_prop:s0 tclass=file permissive=1
07-17 13:05:08.992   329   329 I recovery: type=1400 audit(0.0:64): avc: denied { getattr } for path="/dev/__properties__/u:object_r:ctl_apexd_prop:s0" dev="tmpfs" ino=68 scontext=u:r:recovery:s0 tcontext=u:object_r:ctl_apexd_prop:s0 tclass=file permissive=1
07-17 13:05:08.992   329   329 I recovery: type=1400 audit(0.0:65): avc: denied { open } for path="/dev/__properties__/u:object_r:ctl_bootanim_prop:s0" dev="tmpfs" ino=69 scontext=u:r:recovery:s0 tcontext=u:object_r:ctl_bootanim_prop:s0 tclass=file permissive=1
07-17 13:05:08.992   329   329 I recovery: type=1400 audit(0.0:66): avc: denied { getattr } for path="/dev/__properties__/u:object_r:ctl_bootanim_prop:s0" dev="tmpfs" ino=69 scontext=u:r:recovery:s0 tcontext=u:object_r:ctl_bootanim_prop:s0 tclass=file permissive=1
07-17 13:05:08.992   329   329 I recovery: type=1400 audit(0.0:67): avc: denied { open } for path="/dev/__properties__/u:object_r:ctl_bugreport_prop:s0" dev="tmpfs" ino=70 scontext=u:r:recovery:s0 tcontext=u:object_r:ctl_bugreport_prop:s0 tclass=file permissive=1
07-17 13:05:08.992   329   329 I recovery: type=1400 audit(0.0:68): avc: denied { getattr } for path="/dev/__properties__/u:object_r:ctl_bugreport_prop:s0" dev="tmpfs" ino=70 scontext=u:r:recovery:s0 tcontext=u:object_r:ctl_bugreport_prop:s0 tclass=file permissive=1
07-17 13:05:08.992   329   329 I recovery: type=1400 audit(0.0:69): avc: denied { open } for path="/dev/__properties__/u:object_r:ctl_console_prop:s0" dev="tmpfs" ino=71 scontext=u:r:recovery:s0 tcontext=u:object_r:ctl_console_prop:s0 tclass=file permissive=1
07-17 13:05:08.992   329   329 I recovery: type=1400 audit(0.0:70): avc: denied { getattr } for path="/dev/__properties__/u:object_r:ctl_console_prop:s0" dev="tmpfs" ino=71 scontext=u:r:recovery:s0 tcontext=u:object_r:ctl_console_prop:s0 tclass=file permissive=1
07-17 13:05:08.992   329   329 I recovery: type=1400 audit(0.0:71): avc: denied { open } for path="/dev/__properties__/u:object_r:ctl_default_prop:s0" dev="tmpfs" ino=72 scontext=u:r:recovery:s0 tcontext=u:object_r:ctl_default_prop:s0 tclass=file permissive=1
07-17 13:05:08.992   329   329 I recovery: type=1400 audit(0.0:72): avc: denied { getattr } for path="/dev/__properties__/u:object_r:ctl_default_prop:s0" dev="tmpfs" ino=72 scontext=u:r:recovery:s0 tcontext=u:object_r:ctl_default_prop:s0 tclass=file permissive=1
07-17 13:05:08.992   329   329 I recovery: type=1400 audit(0.0:73): avc: denied { open } for path="/dev/__properties__/u:object_r:ctl_dumpstate_prop:s0" dev="tmpfs" ino=73 scontext=u:r:recovery:s0 tcontext=u:object_r:ctl_dumpstate_prop:s0 tclass=file permissive=1
07-17 13:05:08.992   329   329 I recovery: type=1400 audit(0.0:74): avc: denied { getattr } for path="/dev/__properties__/u:object_r:ctl_dumpstate_prop:s0" dev="tmpfs" ino=73 scontext=u:r:recovery:s0 tcontext=u:object_r:ctl_dumpstate_prop:s0 tclass=file permissive=1
07-17 13:05:08.992   329   329 I recovery: type=1400 audit(0.0:75): avc: denied { open } for path="/dev/__properties__/u:object_r:ctl_fuse_prop:s0" dev="tmpfs" ino=74 scontext=u:r:recovery:s0 tcontext=u:object_r:ctl_fuse_prop:s0 tclass=file permissive=1
07-17 13:05:08.992   329   329 I recovery: type=1400 audit(0.0:76): avc: denied { getattr } for path="/dev/__properties__/u:object_r:ctl_fuse_prop:s0" dev="tmpfs" ino=74 scontext=u:r:recovery:s0 tcontext=u:object_r:ctl_fuse_prop:s0 tclass=file permissive=1
07-17 13:05:08.992   329   329 I recovery: type=1400 audit(0.0:77): avc: denied { open } for path="/dev/__properties__/u:object_r:ctl_gsid_prop:s0" dev="tmpfs" ino=75 scontext=u:r:recovery:s0 tcontext=u:object_r:ctl_gsid_prop:s0 tclass=file permissive=1
07-17 13:05:08.992   329   329 I recovery: type=1400 audit(0.0:78): avc: denied { getattr } for path="/dev/__properties__/u:object_r:ctl_gsid_prop:s0" dev="tmpfs" ino=75 scontext=u:r:recovery:s0 tcontext=u:object_r:ctl_gsid_prop:s0 tclass=file permissive=1
07-17 13:05:08.992   329   329 I recovery: type=1400 audit(0.0:79): avc: denied { open } for path="/dev/__properties__/u:object_r:ctl_interface_restart_prop:s0" dev="tmpfs" ino=76 scontext=u:r:recovery:s0 tcontext=u:object_r:ctl_interface_restart_prop:s0 tclass=file permissive=1
07-17 13:05:08.992   329   329 I recovery: type=1400 audit(0.0:80): avc: denied { getattr } for path="/dev/__properties__/u:object_r:ctl_interface_restart_prop:s0" dev="tmpfs" ino=76 scontext=u:r:recovery:s0 tcontext=u:object_r:ctl_interface_restart_prop:s0 tclass=file permissive=1
07-17 13:05:08.992   329   329 I recovery: type=1400 audit(0.0:81): avc: denied { open } for path="/dev/__properties__/u:object_r:ctl_interface_start_prop:s0" dev="tmpfs" ino=77 scontext=u:r:recovery:s0 tcontext=u:object_r:ctl_interface_start_prop:s0 tclass=file permissive=1
07-17 13:05:08.992   329   329 I recovery: type=1400 audit(0.0:82): avc: denied { getattr } for path="/dev/__properties__/u:object_r:ctl_interface_start_prop:s0" dev="tmpfs" ino=77 scontext=u:r:recovery:s0 tcontext=u:object_r:ctl_interface_start_prop:s0 tclass=file permissive=1
07-17 13:05:08.992   329   329 I recovery: type=1400 audit(0.0:83): avc: denied { open } for path="/dev/__properties__/u:object_r:ctl_interface_stop_prop:s0" dev="tmpfs" ino=78 scontext=u:r:recovery:s0 tcontext=u:object_r:ctl_interface_stop_prop:s0 tclass=file permissive=1
07-17 13:05:08.992   329   329 I recovery: type=1400 audit(0.0:84): avc: denied { getattr } for path="/dev/__properties__/u:object_r:ctl_interface_stop_prop:s0" dev="tmpfs" ino=78 scontext=u:r:recovery:s0 tcontext=u:object_r:ctl_interface_stop_prop:s0 tclass=file permissive=1
07-17 13:05:08.992   329   329 I recovery: type=1400 audit(0.0:85): avc: denied { open } for path="/dev/__properties__/u:object_r:ctl_mdnsd_prop:s0" dev="tmpfs" ino=79 scontext=u:r:recovery:s0 tcontext=u:object_r:ctl_mdnsd_prop:s0 tclass=file permissive=1
07-17 13:05:08.992   329   329 I recovery: type=1400 audit(0.0:86): avc: denied { getattr } for path="/dev/__properties__/u:object_r:ctl_mdnsd_prop:s0" dev="tmpfs" ino=79 scontext=u:r:recovery:s0 tcontext=u:object_r:ctl_mdnsd_prop:s0 tclass=file permissive=1
07-17 13:05:08.992   329   329 I recovery: type=1400 audit(0.0:87): avc: denied { open } for path="/dev/__properties__/u:object_r:ctl_restart_prop:s0" dev="tmpfs" ino=80 scontext=u:r:recovery:s0 tcontext=u:object_r:ctl_restart_prop:s0 tclass=file permissive=1
07-17 13:05:08.992   329   329 I recovery: type=1400 audit(0.0:88): avc: denied { getattr } for path="/dev/__properties__/u:object_r:ctl_restart_prop:s0" dev="tmpfs" ino=80 scontext=u:r:recovery:s0 tcontext=u:object_r:ctl_restart_prop:s0 tclass=file permissive=1
07-17 13:05:08.992   329   329 I recovery: type=1400 audit(0.0:89): avc: denied { open } for path="/dev/__properties__/u:object_r:ctl_rildaemon_prop:s0" dev="tmpfs" ino=81 scontext=u:r:recovery:s0 tcontext=u:object_r:ctl_rildaemon_prop:s0 tclass=file permissive=1
07-17 13:05:08.992   329   329 I recovery: type=1400 audit(0.0:90): avc: denied { getattr } for path="/dev/__properties__/u:object_r:ctl_rildaemon_prop:s0" dev="tmpfs" ino=81 scontext=u:r:recovery:s0 tcontext=u:object_r:ctl_rildaemon_prop:s0 tclass=file permissive=1
07-17 13:05:08.992   329   329 I recovery: type=1400 audit(0.0:91): avc: denied { open } for path="/dev/__properties__/u:object_r:ctl_sigstop_prop:s0" dev="tmpfs" ino=82 scontext=u:r:recovery:s0 tcontext=u:object_r:ctl_sigstop_prop:s0 tclass=file permissive=1
07-17 13:05:08.992   329   329 I recovery: type=1400 audit(0.0:92): avc: denied { getattr } for path="/dev/__properties__/u:object_r:ctl_sigstop_prop:s0" dev="tmpfs" ino=82 scontext=u:r:recovery:s0 tcontext=u:object_r:ctl_sigstop_prop:s0 tclass=file permissive=1
07-17 13:05:08.992   329   329 I recovery: type=1400 audit(0.0:93): avc: denied { open } for path="/dev/__properties__/u:object_r:ctl_start_prop:s0" dev="tmpfs" ino=83 scontext=u:r:recovery:s0 tcontext=u:object_r:ctl_start_prop:s0 tclass=file permissive=1
07-17 13:05:08.992   329   329 I recovery: type=1400 audit(0.0:94): avc: denied { getattr } for path="/dev/__properties__/u:object_r:ctl_start_prop:s0" dev="tmpfs" ino=83 scontext=u:r:recovery:s0 tcontext=u:object_r:ctl_start_prop:s0 tclass=file permissive=1
07-17 13:05:08.992   329   329 I recovery: type=1400 audit(0.0:95): avc: denied { open } for path="/dev/__properties__/u:object_r:ctl_stop_prop:s0" dev="tmpfs" ino=84 scontext=u:r:recovery:s0 tcontext=u:object_r:ctl_stop_prop:s0 tclass=file permissive=1
07-17 13:05:08.992   329   329 I recovery: type=1400 audit(0.0:96): avc: denied { getattr } for path="/dev/__properties__/u:object_r:ctl_stop_prop:s0" dev="tmpfs" ino=84 scontext=u:r:recovery:s0 tcontext=u:object_r:ctl_stop_prop:s0 tclass=file permissive=1
07-17 13:05:08.992   329   329 I recovery: type=1400 audit(0.0:97): avc: denied { open } for path="/dev/__properties__/u:object_r:device_config_activity_manager_native_boot_prop:s0" dev="tmpfs" ino=89 scontext=u:r:recovery:s0 tcontext=u:object_r:device_config_activity_manager_native_boot_prop:s0 tclass=file permissive=1
07-17 13:05:08.992   329   329 I recovery: type=1400 audit(0.0:98): avc: denied { getattr } for path="/dev/__properties__/u:object_r:device_config_activity_manager_native_boot_prop:s0" dev="tmpfs" ino=89 scontext=u:r:recovery:s0 tcontext=u:object_r:device_config_activity_manager_native_boot_prop:s0 tclass=file permissive=1
07-17 13:05:08.992   329   329 I recovery: type=1400 audit(0.0:99): avc: denied { open } for path="/dev/__properties__/u:object_r:device_config_boot_count_prop:s0" dev="tmpfs" ino=90 scontext=u:r:recovery:s0 tcontext=u:object_r:device_config_boot_count_prop:s0 tclass=file permissive=1
07-17 13:05:08.992   329   329 I recovery: type=1400 audit(0.0:100): avc: denied { getattr } for path="/dev/__properties__/u:object_r:device_config_boot_count_prop:s0" dev="tmpfs" ino=90 scontext=u:r:recovery:s0 tcontext=u:object_r:device_config_boot_count_prop:s0 tclass=file permissive=1
07-17 13:05:08.992   329   329 I recovery: type=1400 audit(0.0:101): avc: denied { open } for path="/dev/__properties__/u:object_r:device_config_configuration_prop:s0" dev="tmpfs" ino=91 scontext=u:r:recovery:s0 tcontext=u:object_r:device_config_configuration_prop:s0 tclass=file permissive=1
07-17 13:05:08.992   329   329 I recovery: type=1400 audit(0.0:102): avc: denied { getattr } for path="/dev/__properties__/u:object_r:device_config_configuration_prop:s0" dev="tmpfs" ino=91 scontext=u:r:recovery:s0 tcontext=u:object_r:device_config_configuration_prop:s0 tclass=file permissive=1
07-17 13:05:08.992   329   329 I recovery: type=1400 audit(0.0:103): avc: denied { open } for path="/dev/__properties__/u:object_r:device_config_input_native_boot_prop:s0" dev="tmpfs" ino=92 scontext=u:r:recovery:s0 tcontext=u:object_r:device_config_input_native_boot_prop:s0 tclass=file permissive=1
07-17 13:05:08.992   329   329 I recovery: type=1400 audit(0.0:104): avc: denied { getattr } for path="/dev/__properties__/u:object_r:device_config_input_native_boot_prop:s0" dev="tmpfs" ino=92 scontext=u:r:recovery:s0 tcontext=u:object_r:device_config_input_native_boot_prop:s0 tclass=file permissive=1
07-17 13:05:08.992   329   329 I recovery: type=1400 audit(0.0:105): avc: denied { open } for path="/dev/__properties__/u:object_r:device_config_media_native_prop:s0" dev="tmpfs" ino=93 scontext=u:r:recovery:s0 tcontext=u:object_r:device_config_media_native_prop:s0 tclass=file permissive=1
07-17 13:05:08.992   329   329 I recovery: type=1400 audit(0.0:106): avc: denied { getattr } for path="/dev/__properties__/u:object_r:device_config_media_native_prop:s0" dev="tmpfs" ino=93 scontext=u:r:recovery:s0 tcontext=u:object_r:device_config_media_native_prop:s0 tclass=file permissive=1
07-17 13:05:08.992   329   329 I recovery: type=1400 audit(0.0:107): avc: denied { open } for path="/dev/__properties__/u:object_r:device_config_netd_native_prop:s0" dev="tmpfs" ino=94 scontext=u:r:recovery:s0 tcontext=u:object_r:device_config_netd_native_prop:s0 tclass=file permissive=1
07-17 13:05:08.992   329   329 I recovery: type=1400 audit(0.0:108): avc: denied { getattr } for path="/dev/__properties__/u:object_r:device_config_netd_native_prop:s0" dev="tmpfs" ino=94 scontext=u:r:recovery:s0 tcontext=u:object_r:device_config_netd_native_prop:s0 tclass=file permissive=1
07-17 13:05:08.992   329   329 I recovery: type=1400 audit(0.0:109): avc: denied { open } for path="/dev/__properties__/u:object_r:device_config_reset_performed_prop:s0" dev="tmpfs" ino=95 scontext=u:r:recovery:s0 tcontext=u:object_r:device_config_reset_performed_prop:s0 tclass=file permissive=1
07-17 13:05:08.992   329   329 E recovery: [libfs_mgr]ReadFstabFromFile(): failed to load fstab from : '/etc/recovery.fstab'
07-17 13:05:08.992   329   329 E recovery: failed to read default fstab
07-17 13:05:08.992   329   329 E recovery: [libfs_mgr]Error parsing fs_mgr_options
07-17 13:05:08.992   329   329 E recovery: [libfs_mgr]ReadFstabFromFile(): failed to load fstab from : '/etc/recovery.fstab'
07-17 13:05:08.992   329   329 E recovery: Failed to set BCB message: failed to read default fstab
07-17 13:05:08.992   329   329 E recovery: [libfs_mgr]Error parsing fs_mgr_options
07-17 13:05:08.992   329   329 E recovery: [libfs_mgr]ReadFstabFromFile(): failed to load fstab from : '/etc/recovery.fstab'
07-17 13:05:08.996   329   329 I recovery: type=1400 audit(0.0:110): avc: denied { getattr } for path="/dev/__properties__/u:object_r:device_config_reset_performed_prop:s0" dev="tmpfs" ino=95 scontext=u:r:recovery:s0 tcontext=u:object_r:device_config_reset_performed_prop:s0 tclass=file permissive=1
07-17 13:05:08.996   329   329 I recovery: type=1400 audit(0.0:111): avc: denied { open } for path="/dev/__properties__/u:object_r:device_config_runtime_native_boot_prop:s0" dev="tmpfs" ino=96 scontext=u:r:recovery:s0 tcontext=u:object_r:device_config_runtime_native_boot_prop:s0 tclass=file permissive=1
07-17 13:05:08.996   329   329 I recovery: type=1400 audit(0.0:112): avc: denied { getattr } for path="/dev/__properties__/u:object_r:device_config_runtime_native_boot_prop:s0" dev="tmpfs" ino=96 scontext=u:r:recovery:s0 tcontext=u:object_r:device_config_runtime_native_boot_prop:s0 tclass=file permissive=1
07-17 13:05:08.996   329   329 I recovery: type=1400 audit(0.0:113): avc: denied { open } for path="/dev/__properties__/u:object_r:device_config_runtime_native_prop:s0" dev="tmpfs" ino=97 scontext=u:r:recovery:s0 tcontext=u:object_r:device_config_runtime_native_prop:s0 tclass=file permissive=1
07-17 13:05:08.996   329   329 I recovery: type=1400 audit(0.0:114): avc: denied { getattr } for path="/dev/__properties__/u:object_r:device_config_runtime_native_prop:s0" dev="tmpfs" ino=97 scontext=u:r:recovery:s0 tcontext=u:object_r:device_config_runtime_native_prop:s0 tclass=file permissive=1
07-17 13:05:08.996   329   329 I recovery: type=1400 audit(0.0:115): avc: denied { open } for path="/dev/__properties__/u:object_r:device_config_storage_native_boot_prop:s0" dev="tmpfs" ino=98 scontext=u:r:recovery:s0 tcontext=u:object_r:device_config_storage_native_boot_prop:s0 tclass=file permissive=1
07-17 13:05:08.996   329   329 I recovery: type=1400 audit(0.0:116): avc: denied { getattr } for path="/dev/__properties__/u:object_r:device_config_storage_native_boot_prop:s0" dev="tmpfs" ino=98 scontext=u:r:recovery:s0 tcontext=u:object_r:device_config_storage_native_boot_prop:s0 tclass=file permissive=1
07-17 13:05:08.996   329   329 I recovery: type=1400 audit(0.0:117): avc: denied { open } for path="/dev/__properties__/u:object_r:device_config_sys_traced_prop:s0" dev="tmpfs" ino=99 scontext=u:r:recovery:s0 tcontext=u:object_r:device_config_sys_traced_prop:s0 tclass=file permissive=1
07-17 13:05:08.996   329   329 I recovery: type=1400 audit(0.0:118): avc: denied { getattr } for path="/dev/__properties__/u:object_r:device_config_sys_traced_prop:s0" dev="tmpfs" ino=99 scontext=u:r:recovery:s0 tcontext=u:object_r:device_config_sys_traced_prop:s0 tclass=file permissive=1
07-17 13:05:08.996   329   329 I recovery: type=1400 audit(0.0:119): avc: denied { open } for path="/dev/__properties__/u:object_r:device_config_window_manager_native_boot_prop:s0" dev="tmpfs" ino=100 scontext=u:r:recovery:s0 tcontext=u:object_r:device_config_window_manager_native_boot_prop:s0 tclass=file permissive=1
07-17 13:05:08.996   329   329 I recovery: type=1400 audit(0.0:120): avc: denied { getattr } for path="/dev/__properties__/u:object_r:device_config_window_manager_native_boot_prop:s0" dev="tmpfs" ino=100 scontext=u:r:recovery:s0 tcontext=u:object_r:device_config_window_manager_native_boot_prop:s0 tclass=file permissive=1
07-17 13:05:08.996   329   329 I recovery: type=1400 audit(0.0:121): avc: denied { open } for path="/dev/__properties__/u:object_r:device_logging_prop:s0" dev="tmpfs" ino=101 scontext=u:r:recovery:s0 tcontext=u:object_r:device_logging_prop:s0 tclass=file permissive=1
07-17 13:05:08.996   329   329 I recovery: type=1400 audit(0.0:122): avc: denied { getattr } for path="/dev/__properties__/u:object_r:device_logging_prop:s0" dev="tmpfs" ino=101 scontext=u:r:recovery:s0 tcontext=u:object_r:device_logging_prop:s0 tclass=file permissive=1
07-17 13:05:08.996   329   329 I recovery: type=1400 audit(0.0:123): avc: denied { open } for path="/dev/__properties__/u:object_r:dumpstate_options_prop:s0" dev="tmpfs" ino=103 scontext=u:r:recovery:s0 tcontext=u:object_r:dumpstate_options_prop:s0 tclass=file permissive=1
07-17 13:05:08.996   329   329 I recovery: type=1400 audit(0.0:124): avc: denied { getattr } for path="/dev/__properties__/u:object_r:dumpstate_options_prop:s0" dev="tmpfs" ino=103 scontext=u:r:recovery:s0 tcontext=u:object_r:dumpstate_options_prop:s0 tclass=file permissive=1
07-17 13:05:08.996   329   329 I recovery: type=1400 audit(0.0:125): avc: denied { open } for path="/dev/__properties__/u:object_r:dynamic_system_prop:s0" dev="tmpfs" ino=105 scontext=u:r:recovery:s0 tcontext=u:object_r:dynamic_system_prop:s0 tclass=file permissive=1
07-17 13:05:08.996   329   329 I recovery: type=1400 audit(0.0:126): avc: denied { getattr } for path="/dev/__properties__/u:object_r:dynamic_system_prop:s0" dev="tmpfs" ino=105 scontext=u:r:recovery:s0 tcontext=u:object_r:dynamic_system_prop:s0 tclass=file permissive=1
07-17 13:05:08.996   329   329 I recovery: type=1400 audit(0.0:127): avc: denied { open } for path="/dev/__properties__/u:object_r:exported_audio_prop:s0" dev="tmpfs" ino=114 scontext=u:r:recovery:s0 tcontext=u:object_r:exported_audio_prop:s0 tclass=file permissive=1
07-17 13:05:08.996   329   329 I recovery: type=1400 audit(0.0:128): avc: denied { getattr } for path="/dev/__properties__/u:object_r:exported_audio_prop:s0" dev="tmpfs" ino=114 scontext=u:r:recovery:s0 tcontext=u:object_r:exported_audio_prop:s0 tclass=file permissive=1
07-17 13:05:08.996   329   329 I recovery: type=1400 audit(0.0:129): avc: denied { open } for path="/dev/__properties__/u:object_r:exported_bluetooth_prop:s0" dev="tmpfs" ino=115 scontext=u:r:recovery:s0 tcontext=u:object_r:exported_bluetooth_prop:s0 tclass=file permissive=1
07-17 13:05:08.996   329   329 I recovery: type=1400 audit(0.0:130): avc: denied { getattr } for path="/dev/__properties__/u:object_r:exported_bluetooth_prop:s0" dev="tmpfs" ino=115 scontext=u:r:recovery:s0 tcontext=u:object_r:exported_bluetooth_prop:s0 tclass=file permissive=1
07-17 13:05:08.996   329   329 I recovery: type=1400 audit(0.0:131): avc: denied { open } for path="/dev/__properties__/u:object_r:exported_camera_prop:s0" dev="tmpfs" ino=116 scontext=u:r:recovery:s0 tcontext=u:object_r:exported_camera_prop:s0 tclass=file permissive=1
07-17 13:05:08.996   329   329 I recovery: type=1400 audit(0.0:132): avc: denied { getattr } for path="/dev/__properties__/u:object_r:exported_camera_prop:s0" dev="tmpfs" ino=116 scontext=u:r:recovery:s0 tcontext=u:object_r:exported_camera_prop:s0 tclass=file permissive=1
07-17 13:05:08.996   329   329 I recovery: type=1400 audit(0.0:133): avc: denied { open } for path="/dev/__properties__/u:object_r:exported_overlay_prop:s0" dev="tmpfs" ino=123 scontext=u:r:recovery:s0 tcontext=u:object_r:exported_overlay_prop:s0 tclass=file permissive=1
07-17 13:05:08.996   329   329 I recovery: type=1400 audit(0.0:134): avc: denied { getattr } for path="/dev/__properties__/u:object_r:exported_overlay_prop:s0" dev="tmpfs" ino=123 scontext=u:r:recovery:s0 tcontext=u:object_r:exported_overlay_prop:s0 tclass=file permissive=1
07-17 13:05:08.996   329   329 I recovery: type=1400 audit(0.0:135): avc: denied { open } for path="/dev/__properties__/u:object_r:exported_wifi_prop:s0" dev="tmpfs" ino=130 scontext=u:r:recovery:s0 tcontext=u:object_r:exported_wifi_prop:s0 tclass=file permissive=1
07-17 13:05:08.996   329   329 I recovery: type=1400 audit(0.0:136): avc: denied { getattr } for path="/dev/__properties__/u:object_r:exported_wifi_prop:s0" dev="tmpfs" ino=130 scontext=u:r:recovery:s0 tcontext=u:object_r:exported_wifi_prop:s0 tclass=file permissive=1
07-17 13:05:08.996   329   329 I recovery: type=1400 audit(0.0:137): avc: denied { open } for path="/dev/__properties__/u:object_r:firstboot_prop:s0" dev="tmpfs" ino=134 scontext=u:r:recovery:s0 tcontext=u:object_r:firstboot_prop:s0 tclass=file permissive=1
07-17 13:05:08.996   329   329 I recovery: type=1400 audit(0.0:138): avc: denied { getattr } for path="/dev/__properties__/u:object_r:firstboot_prop:s0" dev="tmpfs" ino=134 scontext=u:r:recovery:s0 tcontext=u:object_r:firstboot_prop:s0 tclass=file permissive=1
07-17 13:05:08.996   329   329 I recovery: type=1400 audit(0.0:139): avc: denied { open } for path="/dev/__properties__/u:object_r:graphics_config_prop:s0" dev="tmpfs" ino=135 scontext=u:r:recovery:s0 tcontext=u:object_r:graphics_config_prop:s0 tclass=file permissive=1
07-17 13:05:08.996   329   329 I recovery: type=1400 audit(0.0:140): avc: denied { getattr } for path="/dev/__properties__/u:object_r:graphics_config_prop:s0" dev="tmpfs" ino=135 scontext=u:r:recovery:s0 tcontext=u:object_r:graphics_config_prop:s0 tclass=file permissive=1
07-17 13:05:08.996   329   329 I recovery: type=1400 audit(0.0:141): avc: denied { open } for path="/dev/__properties__/u:object_r:heapprofd_enabled_prop:s0" dev="tmpfs" ino=137 scontext=u:r:recovery:s0 tcontext=u:object_r:heapprofd_enabled_prop:s0 tclass=file permissive=1
07-17 13:05:08.996   329   329 I recovery: type=1400 audit(0.0:142): avc: denied { getattr } for path="/dev/__properties__/u:object_r:heapprofd_enabled_prop:s0" dev="tmpfs" ino=137 scontext=u:r:recovery:s0 tcontext=u:object_r:heapprofd_enabled_prop:s0 tclass=file permissive=1
07-17 13:05:08.996   329   329 I recovery: type=1400 audit(0.0:143): avc: denied { open } for path="/dev/__properties__/u:object_r:incremental_prop:s0" dev="tmpfs" ino=140 scontext=u:r:recovery:s0 tcontext=u:object_r:incremental_prop:s0 tclass=file permissive=1
07-17 13:05:08.996   329   329 I recovery: type=1400 audit(0.0:144): avc: denied { getattr } for path="/dev/__properties__/u:object_r:incremental_prop:s0" dev="tmpfs" ino=140 scontext=u:r:recovery:s0 tcontext=u:object_r:incremental_prop:s0 tclass=file permissive=1
07-17 13:05:08.996   329   329 I recovery: type=1400 audit(0.0:145): avc: denied { open } for path="/dev/__properties__/u:object_r:init_perf_lsm_hooks_prop:s0" dev="tmpfs" ino=141 scontext=u:r:recovery:s0 tcontext=u:object_r:init_perf_lsm_hooks_prop:s0 tclass=file permissive=1
07-17 13:05:08.996   329   329 I recovery: type=1400 audit(0.0:146): avc: denied { getattr } for path="/dev/__properties__/u:object_r:init_perf_lsm_hooks_prop:s0" dev="tmpfs" ino=141 scontext=u:r:recovery:s0 tcontext=u:object_r:init_perf_lsm_hooks_prop:s0 tclass=file permissive=1
07-17 13:05:08.996   329   329 I recovery: type=1400 audit(0.0:147): avc: denied { open } for path="/dev/__properties__/u:object_r:init_svc_debug_prop:s0" dev="tmpfs" ino=142 scontext=u:r:recovery:s0 tcontext=u:object_r:init_svc_debug_prop:s0 tclass=file permissive=1
07-17 13:05:08.996   329   329 I recovery: type=1400 audit(0.0:148): avc: denied { getattr } for path="/dev/__properties__/u:object_r:init_svc_debug_prop:s0" dev="tmpfs" ino=142 scontext=u:r:recovery:s0 tcontext=u:object_r:init_svc_debug_prop:s0 tclass=file permissive=1
07-17 13:05:08.996   329   329 I recovery: type=1400 audit(0.0:149): avc: denied { open } for path="/dev/__properties__/u:object_r:last_boot_reason_prop:s0" dev="tmpfs" ino=143 scontext=u:r:recovery:s0 tcontext=u:object_r:last_boot_reason_prop:s0 tclass=file permissive=1
07-17 13:05:08.996   329   329 I recovery: type=1400 audit(0.0:150): avc: denied { getattr } for path="/dev/__properties__/u:object_r:last_boot_reason_prop:s0" dev="tmpfs" ino=143 scontext=u:r:recovery:s0 tcontext=u:object_r:last_boot_reason_prop:s0 tclass=file permissive=1
07-17 13:05:08.996   329   329 I recovery: type=1400 audit(0.0:151): avc: denied { open } for path="/dev/__properties__/u:object_r:llkd_prop:s0" dev="tmpfs" ino=144 scontext=u:r:recovery:s0 tcontext=u:object_r:llkd_prop:s0 tclass=file permissive=1
07-17 13:05:08.996   329   329 I recovery: type=1400 audit(0.0:152): avc: denied { getattr } for path="/dev/__properties__/u:object_r:llkd_prop:s0" dev="tmpfs" ino=144 scontext=u:r:recovery:s0 tcontext=u:object_r:llkd_prop:s0 tclass=file permissive=1
07-17 13:05:08.996   329   329 I recovery: type=1400 audit(0.0:153): avc: denied { open } for path="/dev/__properties__/u:object_r:lmkd_prop:s0" dev="tmpfs" ino=145 scontext=u:r:recovery:s0 tcontext=u:object_r:lmkd_prop:s0 tclass=file permissive=1
07-17 13:05:08.996   329   329 I recovery: type=1400 audit(0.0:154): avc: denied { getattr } for path="/dev/__properties__/u:object_r:lmkd_prop:s0" dev="tmpfs" ino=145 scontext=u:r:recovery:s0 tcontext=u:object_r:lmkd_prop:s0 tclass=file permissive=1
07-17 13:05:08.996   329   329 I recovery: type=1400 audit(0.0:155): avc: denied { open } for path="/dev/__properties__/u:object_r:logpersistd_logging_prop:s0" dev="tmpfs" ino=149 scontext=u:r:recovery:s0 tcontext=u:object_r:logpersistd_logging_prop:s0 tclass=file permissive=1
07-17 13:05:08.996   329   329 I recovery: type=1400 audit(0.0:156): avc: denied { getattr } for path="/dev/__properties__/u:object_r:logpersistd_logging_prop:s0" dev="tmpfs" ino=149 scontext=u:r:recovery:s0 tcontext=u:object_r:logpersistd_logging_prop:s0 tclass=file permissive=1
07-17 13:05:08.996   329   329 I recovery: type=1400 audit(0.0:157): avc: denied { open } for path="/dev/__properties__/u:object_r:lowpan_prop:s0" dev="tmpfs" ino=150 scontext=u:r:recovery:s0 tcontext=u:object_r:lowpan_prop:s0 tclass=file permissive=1
07-17 13:05:08.996   329   329 I recovery: type=1400 audit(0.0:158): avc: denied { getattr } for path="/dev/__properties__/u:object_r:lowpan_prop:s0" dev="tmpfs" ino=150 scontext=u:r:recovery:s0 tcontext=u:object_r:lowpan_prop:s0 tclass=file permissive=1
07-17 13:05:08.996   329   329 I recovery: type=1400 audit(0.0:159): avc: denied { open } for path="/dev/__properties__/u:object_r:lpdumpd_prop:s0" dev="tmpfs" ino=151 scontext=u:r:recovery:s0 tcontext=u:object_r:lpdumpd_prop:s0 tclass=file permissive=1
07-17 13:05:08.996   329   329 I recovery: type=1400 audit(0.0:160): avc: denied { getattr } for path="/dev/__properties__/u:object_r:lpdumpd_prop:s0" dev="tmpfs" ino=151 scontext=u:r:recovery:s0 tcontext=u:object_r:lpdumpd_prop:s0 tclass=file permissive=1
07-17 13:05:08.996   329   329 I recovery: type=1400 audit(0.0:161): avc: denied { open } for path="/dev/__properties__/u:object_r:media_variant_prop:s0" dev="tmpfs" ino=152 scontext=u:r:recovery:s0 tcontext=u:object_r:media_variant_prop:s0 tclass=file permissive=1
07-17 13:05:08.996   329   329 I recovery: type=1400 audit(0.0:162): avc: denied { getattr } for path="/dev/__properties__/u:object_r:media_variant_prop:s0" dev="tmpfs" ino=152 scontext=u:r:recovery:s0 tcontext=u:object_r:media_variant_prop:s0 tclass=file permissive=1
07-17 13:05:08.996   329   329 I recovery: type=1400 audit(0.0:163): avc: denied { open } for path="/dev/__properties__/u:object_r:mmc_prop:s0" dev="tmpfs" ino=153 scontext=u:r:recovery:s0 tcontext=u:object_r:mmc_prop:s0 tclass=file permissive=1
07-17 13:05:08.996   329   329 I recovery: type=1400 audit(0.0:164): avc: denied { getattr } for path="/dev/__properties__/u:object_r:mmc_prop:s0" dev="tmpfs" ino=153 scontext=u:r:recovery:s0 tcontext=u:object_r:mmc_prop:s0 tclass=file permissive=1
07-17 13:05:08.996   329   329 I recovery: type=1400 audit(0.0:165): avc: denied { open } for path="/dev/__properties__/u:object_r:mock_ota_prop:s0" dev="tmpfs" ino=154 scontext=u:r:recovery:s0 tcontext=u:object_r:mock_ota_prop:s0 tclass=file permissive=1
07-17 13:05:08.996   329   329 I recovery: type=1400 audit(0.0:166): avc: denied { getattr } for path="/dev/__properties__/u:object_r:mock_ota_prop:s0" dev="tmpfs" ino=154 scontext=u:r:recovery:s0 tcontext=u:object_r:mock_ota_prop:s0 tclass=file permissive=1
07-17 13:05:08.996   329   329 I recovery: type=1400 audit(0.0:167): avc: denied { open } for path="/dev/__properties__/u:object_r:net_dns_prop:s0" dev="tmpfs" ino=156 scontext=u:r:recovery:s0 tcontext=u:object_r:net_dns_prop:s0 tclass=file permissive=1
07-17 13:05:08.996   329   329 I recovery: type=1400 audit(0.0:168): avc: denied { getattr } for path="/dev/__properties__/u:object_r:net_dns_prop:s0" dev="tmpfs" ino=156 scontext=u:r:recovery:s0 tcontext=u:object_r:net_dns_prop:s0 tclass=file permissive=1
07-17 13:05:08.996   329   329 I recovery: type=1400 audit(0.0:169): avc: denied { open } for path="/dev/__properties__/u:object_r:netd_stable_secret_prop:s0" dev="tmpfs" ino=158 scontext=u:r:recovery:s0 tcontext=u:object_r:netd_stable_secret_prop:s0 tclass=file permissive=1
07-17 13:05:08.996   329   329 I recovery: type=1400 audit(0.0:170): avc: denied { getattr } for path="/dev/__properties__/u:object_r:netd_stable_secret_prop:s0" dev="tmpfs" ino=158 scontext=u:r:recovery:s0 tcontext=u:object_r:netd_stable_secret_prop:s0 tclass=file permissive=1
07-17 13:05:08.996   329   329 I recovery: type=1400 audit(0.0:171): avc: denied { open } for path="/dev/__properties__/u:object_r:nnapi_ext_deny_product_prop:s0" dev="tmpfs" ino=160 scontext=u:r:recovery:s0 tcontext=u:object_r:nnapi_ext_deny_product_prop:s0 tclass=file permissive=1
07-17 13:05:08.996   329   329 I recovery: type=1400 audit(0.0:172): avc: denied { getattr } for path="/dev/__properties__/u:object_r:nnapi_ext_deny_product_prop:s0" dev="tmpfs" ino=160 scontext=u:r:recovery:s0 tcontext=u:object_r:nnapi_ext_deny_product_prop:s0 tclass=file permissive=1
07-17 13:05:08.996   329   329 I recovery: type=1400 audit(0.0:173): avc: denied { open } for path="/dev/__properties__/u:object_r:overlay_prop:s0" dev="tmpfs" ino=162 scontext=u:r:recovery:s0 tcontext=u:object_r:overlay_prop:s0 tclass=file permissive=1
07-17 13:05:08.996   329   329 I recovery: type=1400 audit(0.0:174): avc: denied { getattr } for path="/dev/__properties__/u:object_r:overlay_prop:s0" dev="tmpfs" ino=162 scontext=u:r:recovery:s0 tcontext=u:object_r:overlay_prop:s0 tclass=file permissive=1
07-17 13:05:08.996   329   329 I recovery: type=1400 audit(0.0:175): avc: denied { open } for path="/dev/__properties__/u:object_r:persistent_properties_ready_prop:s0" dev="tmpfs" ino=165 scontext=u:r:recovery:s0 tcontext=u:object_r:persistent_properties_ready_prop:s0 tclass=file permissive=1
07-17 13:05:08.996   329   329 I recovery: type=1400 audit(0.0:176): avc: denied { getattr } for path="/dev/__properties__/u:object_r:persistent_properties_ready_prop:s0" dev="tmpfs" ino=165 scontext=u:r:recovery:s0 tcontext=u:object_r:persistent_properties_ready_prop:s0 tclass=file permissive=1
07-17 13:05:09.000   329   329 I recovery: type=1400 audit(0.0:177): avc: denied { open } for path="/dev/__properties__/u:object_r:rebootescrow_hal_prop:s0" dev="tmpfs" ino=169 scontext=u:r:recovery:s0 tcontext=u:object_r:rebootescrow_hal_prop:s0 tclass=file permissive=1
07-17 13:05:09.000   329   329 I recovery: type=1400 audit(0.0:178): avc: denied { getattr } for path="/dev/__properties__/u:object_r:rebootescrow_hal_prop:s0" dev="tmpfs" ino=169 scontext=u:r:recovery:s0 tcontext=u:object_r:rebootescrow_hal_prop:s0 tclass=file permissive=1
07-17 13:05:09.000   329   329 I recovery: type=1400 audit(0.0:179): avc: denied { open } for path="/dev/__properties__/u:object_r:safemode_prop:s0" dev="tmpfs" ino=171 scontext=u:r:recovery:s0 tcontext=u:object_r:safemode_prop:s0 tclass=file permissive=1
07-17 13:05:09.000   329   329 I recovery: type=1400 audit(0.0:180): avc: denied { getattr } for path="/dev/__properties__/u:object_r:safemode_prop:s0" dev="tmpfs" ino=171 scontext=u:r:recovery:s0 tcontext=u:object_r:safemode_prop:s0 tclass=file permissive=1
07-17 13:05:09.000   329   329 I recovery: type=1400 audit(0.0:181): avc: denied { open } for path="/dev/__properties__/u:object_r:surfaceflinger_display_prop:s0" dev="tmpfs" ino=176 scontext=u:r:recovery:s0 tcontext=u:object_r:surfaceflinger_display_prop:s0 tclass=file permissive=1
