08-07 16:18:09.358   337   337 I         : (4)[337:recovery][fgauge_read_current] final current=1113 (ratio=920)
08-07 16:18:09.358   337   337 I         : (4)[337:recovery][CH3_DBG] bat_cur = -1113
08-07 16:18:09.359   337   337 I         : (4)[337:recovery][fgauge_read_current] final current=1265 (ratio=920)
08-07 16:18:09.359   337   337 I         : (4)[337:recovery][BattVoltToTemp] 568 16900 1800 2
08-07 16:18:09.359   337   337 I         : (4)[337:recovery][force_get_tbat] 566,568,0,126,100,319 r:75 100 0
08-07 16:18:09.359   337   337 I (4)[337:recovery][force_get_tbat] t: 31 precise:319
08-07 16:18:09.628    36    36 I         : (5)[36:kworker/5:0]MTP, <do_monitor_work(), 1800> IN <1 0 0 0 1 1 0 0 0 >
08-07 16:18:09.628    36    36 I         : (5)[36:kworker/5:0]MTP, <do_monitor_work(), 1805> OUT <0 0 0 0 1 0 0 0 0 >
08-07 16:18:10.652    36    36 I         : (5)[36:kworker/5:0]MTP, <do_monitor_work(), 1800> IN <1 0 0 0 1 1 0 0 0 >
08-07 16:18:10.652    36    36 I         : (5)[36:kworker/5:0]MTP, <do_monitor_work(), 1805> OUT <0 0 0 0 1 0 0 0 0 >
08-07 16:18:11.011     0     0 I         : -(7)[0:swapper/7]tick broadcast enter counter cpu: 173, 0, 0, 5, 469, 339, 367, 175, success counter cpu: 0, 0, 0, 0, 76, 34, 42, 11, fail counter cpu: 0, 0, 0, 0, 0, 0, 0, 0, interrupt counter cpu: 4, 0, 0, 5, 404, 275, 348, 154, o: 0-6, p: , f: 7, t:  81879630464, 81879606079, 76252000000, 75804000000, 75043284003, 75043656003, 75044587618, 75042850234,
08-07 16:18:11.677    36    36 I         : (5)[36:kworker/5:0]MTP, <do_monitor_work(), 1800> IN <1 0 0 0 1 1 0 0 0 >
08-07 16:18:11.677    36    36 I         : (5)[36:kworker/5:0]MTP, <do_monitor_work(), 1805> OUT <0 0 0 0 1 0 0 0 0 >
08-07 16:18:12.220   248   248 I (4)[248:kworker/u16:5][SCP] scp_ipi_send: SCP A not ready
08-07 16:18:12.220   248   248 E         : (4)[248:kworker/u16:5][sensorHub] scp_ipi_send fail
08-07 16:18:12.221   243   243 E         : (2)[243:kworker/2:2][sensorHub] scp_sensorHub_req_send fail!
08-07 16:18:12.441     0     0 I (4)[0:swapper/4]Power/swap DP: No enter --- SODI3: No enter --- SODI: No enter ---
08-07 16:18:12.442     0     0 I (4)[0:swapper/4]mcdi cpu: 190, 0, 3, 5, 500, 310, 371, 232, cluster : 197, 764, pause = 1028, multi core = 65, latency = 0, residency = 2, last core = 1013, avail cpu = 00ff, cluster = 0003, enabled = 1, max_s_state = 5, system_idle_hint = 00000000
08-07 16:18:12.700    36    36 I         : (5)[36:kworker/5:0]MTP, <do_monitor_work(), 1800> IN <1 0 0 0 1 1 0 0 0 >
08-07 16:18:12.700    36    36 I         : (5)[36:kworker/5:0]MTP, <do_monitor_work(), 1805> OUT <0 0 0 0 1 0 0 0 0 >
08-07 16:18:13.724    36    36 I         : (5)[36:kworker/5:0]MTP, <do_monitor_work(), 1800> IN <1 0 0 0 1 1 0 0 0 >
08-07 16:18:13.724    36    36 I         : (5)[36:kworker/5:0]MTP, <do_monitor_work(), 1805> OUT <0 0 0 0 1 0 0 0 0 >
08-07 16:18:14.013   247   247 I         : (4)[247:kworker/u16:4][fgauge_read_current] final current=1104 (ratio=920)
08-07 16:18:14.013   247   247 I         : (4)[247:kworker/u16:4][CH3_DBG] bat_cur = -1104
08-07 16:18:14.013   247   247 W -(7)[247:kworker/u16:4]mt635x_auxadc_read_raw: 1 callbacks suppressed
08-07 16:18:14.013   247   247 I (7)[247:kworker/u16:4]mt635x-auxadc mt-pmic: mt635x-auxadc: name:BAT_TEMP, channel=3, adc_out=0x506, adc_result=565
08-07 16:18:14.014   247   247 I         : (7)[247:kworker/u16:4][fgauge_read_current] final current=1104 (ratio=920)
08-07 16:18:14.014   247   247 I         : (7)[247:kworker/u16:4][BattVoltToTemp] 566 16900 1800 1
08-07 16:18:14.014   247   247 I         : (7)[247:kworker/u16:4][force_get_tbat] 565,566,0,110,100,320 r:75 100 0
08-07 16:18:14.014   247   247 I (7)[247:kworker/u16:4][force_get_tbat] t: 32 precise:320
08-07 16:18:14.270   247   247 I (5)[247:kworker/u16:4]mt635x-auxadc mt-pmic: mt635x-auxadc: name:VPROC_TEMP, channel=4, adc_out=0x5e2, adc_result=661
08-07 16:18:14.270   248   248 I (6)[248:kworker/u16:5]mt635x-auxadc mt-pmic: mt635x-auxadc: name:VCORE_TEMP, channel=4, adc_out=0x5f0, adc_result=667
08-07 16:18:14.748    36    36 I         : (5)[36:kworker/5:0]MTP, <do_monitor_work(), 1800> IN <1 0 0 0 1 1 0 0 0 >
08-07 16:18:14.748    36    36 I         : (5)[36:kworker/5:0]MTP, <do_monitor_work(), 1805> OUT <0 0 0 0 1 0 0 0 0 >
08-07 16:18:15.281     0     0 I -(6)[0:swapper/6]Power/swap CNT(soidle3): [0] = (0), [1] = (0), [2] = (0), [3] = (0), [4] = (0), [5] = (0), [6] = (0), [7] = (0),
08-07 16:18:15.281     0     0 I -(6)[0:swapper/6]Power/swap soidle3_block_cnt: [BY_FRM] = 5198,
08-07 16:18:15.281     0     0 I -(6)[0:swapper/6]Power/swap soidle3_block_mask: 0x00000000, 0x00000000, 0x00000000, 0x00000000, 0x00000000, 0x00000000, idle_pll_block_mask: 0x00000000
08-07 16:18:15.281     0     0 I -(6)[0:swapper/6][resource_req_block] user: 0x4, 0x0
08-07 16:18:15.369   337   337 I         : (5)[337:recovery][fgauge_read_current] final current=1303 (ratio=920)
08-07 16:18:15.369   337   337 I         : (5)[337:recovery][CH3_DBG] bat_cur = -1303
08-07 16:18:15.370   337   337 I (5)[337:recovery]mt635x-auxadc mt-pmic: mt635x-auxadc: name:BAT_TEMP, channel=3, adc_out=0x508, adc_result=566
08-07 16:18:15.370   337   337 I         : (5)[337:recovery][fgauge_read_current] final current=1161 (ratio=920)
08-07 16:18:15.370   337   337 I         : (5)[337:recovery][BattVoltToTemp] 568 16900 1800 2
08-07 16:18:15.370   337   337 I         : (5)[337:recovery][force_get_tbat] 566,568,0,116,100,319 r:75 100 0
08-07 16:18:15.370   337   337 I (5)[337:recovery][force_get_tbat] t: 31 precise:319
08-07 16:18:15.772    36    36 I         : (5)[36:kworker/5:0]MTP, <do_monitor_work(), 1800> IN <1 0 0 0 1 1 0 0 0 >
08-07 16:18:15.772    36    36 I         : (5)[36:kworker/5:0]MTP, <do_monitor_work(), 1805> OUT <0 0 0 0 1 0 0 0 0 >
08-07 16:18:16.017     0     0 I         : -(5)[0:swapper/5]tick broadcast enter counter cpu: 178, 0, 3, 5, 432, 328, 474, 199, success counter cpu: 0, 0, 0, 0, 48, 28, 61, 0, fail counter cpu: 0, 0, 0, 0, 0, 0, 0, 0, interrupt counter cpu: 0, 0, 2, 5, 363, 266, 427, 181, o: 0-4,6-7, p: , f: 5, t:  81879630464, 81879606079, 81879599848, 80796000000, 80067228157, 80048382619, 80054048542, 80052777311,
08-07 16:18:16.503     0     0 I -(6)[0:swapper/6]mtk_charger_alarm_timer_func: not suspend, wake up charger
08-07 16:18:16.503   296   296 I         : (4)[296:charger_thread][fgauge_read_current] final current=1144 (ratio=920)
08-07 16:18:16.505   296   296 I (4)[296:charger_thread]mt635x-auxadc mt-pmic: mt635x-auxadc: name:ISENSE, channel=0, adc_out=0x5943, adc_result=3765
08-07 16:18:16.507   296   296 I         : (4)[296:charger_thread][MDRT_ADC] OLD = 0x3416, NOW = 0x3411, CNT = 0
08-07 16:18:16.507   296   296 I (4)[296:charger_thread]mt635x-auxadc mt-pmic: mt635x-auxadc: name:BATADC, channel=0, adc_out=0x593e, adc_result=3764
08-07 16:18:16.509   296   296 I (4)[296:charger_thread]mt635x-auxadc mt-pmic: mt635x-auxadc: name:BATADC, channel=0, adc_out=0x591f, adc_result=3759
08-07 16:18:16.509   296   296 I (4)[296:charger_thread]mt635x-auxadc mt-pmic: mt635x-auxadc: name:VCDT, channel=2, adc_out=0x3e4, adc_result=437
08-07 16:18:16.510   296   296 I         : (4)[296:charger_thread][fgauge_read_current] final current=1318 (ratio=920)
08-07 16:18:16.510   296   296 I         : (4)[296:charger_thread][CH3_DBG] bat_cur = -1318
08-07 16:18:16.510   296   296 I (4)[296:charger_thread]mt635x-auxadc mt-pmic: mt635x-auxadc: name:BAT_TEMP, channel=3, adc_out=0x507, adc_result=565
08-07 16:18:16.510   296   296 I         : (4)[296:charger_thread][fgauge_read_current] final current=1171 (ratio=920)
08-07 16:18:16.510   296   296 I         : (4)[296:charger_thread][BattVoltToTemp] 567 16900 1800 2
08-07 16:18:16.510   296   296 I         : (4)[296:charger_thread][force_get_tbat] 565,567,0,117,100,319 r:75 100 0
08-07 16:18:16.511   296   296 I (4)[296:charger_thread][force_get_tbat] t: 31 precise:319
08-07 16:18:16.511   296   296 I (4)[296:charger_thread]Vbat=3759,Ibat=-1144,I=17,VChr=4134,T=31,Soc=32: 38,CT:1:1 hv:1 pd:0:0
08-07 16:18:16.511   296   296 I (4)[296:charger_thread]mtk_charger_start_timer: alarm timer start:0, 90 542626696
08-07 16:18:16.511   296   296 I         : -(4)[296:charger_thread]alarmtimer_enqueue, 90542626696
08-07 16:18:16.511   296   296 I         : (4)[296:charger_thread][fgauge_read_current] final current=1171 (ratio=920)
08-07 16:18:16.511   296   296 I         : (4)[296:charger_thread][CH3_DBG] bat_cur = -1171
08-07 16:18:16.512   296   296 I         : (4)[296:charger_thread][fgauge_read_current] final current=1171 (ratio=920)
08-07 16:18:16.512   296   296 I         : (4)[296:charger_thread][BattVoltToTemp] 568 16900 1800 2
08-07 16:18:16.512   296   296 I         : (4)[296:charger_thread][force_get_tbat] 566,568,0,117,100,319 r:75 100 0
08-07 16:18:16.512   296   296 I (4)[296:charger_thread][force_get_tbat] t: 31 precise:319
08-07 16:18:16.512   296   296 I         : (4)[296:charger_thread][fg_is_battery_exist] PMIC_RGS_BATON_UNDET = 1
08-07 16:18:16.512   296   296 I chatty  : uid=1036(auditd) identical 1 line
08-07 16:18:16.512   296   296 I         : (4)[296:charger_thread][fg_is_battery_exist] PMIC_RGS_BATON_UNDET = 1
08-07 16:18:16.513   296   296 I (4)[296:charger_thread]tmp: 31 (jeita:0 sm:0 cv:0 en:0) (sm:1) en:1 c:0 s:0 ov:0 1 1
08-07 16:18:16.513   296   296 I         : (4)[296:charger_thread]info->chr_type =1
08-07 16:18:16.513   296   296 I         : (4)[296:charger_thread]mtk_switch_charging_run [1 0], timer=20
08-07 16:18:16.513   296   296 I         : (4)[296:charger_thread][fgauge_read_current] final current=1184 (ratio=920)
08-07 16:18:16.513   296   296 I         : (4)[296:charger_thread][CH3_DBG] bat_cur = -1184
08-07 16:18:16.514   296   296 I         : (4)[296:charger_thread][fgauge_read_current] final current=1228 (ratio=920)
08-07 16:18:16.514   296   296 I         : (4)[296:charger_thread][BattVoltToTemp] 568 16900 1800 2
08-07 16:18:16.514   296   296 I         : (4)[296:charger_thread][force_get_tbat] 566,568,0,122,100,319 r:75 100 0
08-07 16:18:16.514   296   296 I (4)[296:charger_thread][force_get_tbat] t: 31 precise:319
08-07 16:18:16.514   296   296 I (4)[296:charger_thread]pe40_ready: 0 hv:1 thermal:-1,-1 tmp:31,39,16 pps:0 en:0 ibus:0 80
08-07 16:18:16.514   296   296 W         : (4)[296:charger_thread]PRIZE master  charge current 500000:500000
08-07 16:18:16.515   296   296 I (4)[296:charger_thread]force: 0 thermal:-1,-1 pe4:-1,-1,0 setting:500 500 type:1 usb_unlimited:0 usbif:0 usbsm:2 aicl:-1 atm:0
08-07 16:18:16.515   296   296 I         : (4)[296:charger_thread]Can't find closest level
08-07 16:18:16.518   296   296 I         : (4)[296:charger_thread]charging_set_cv_voltage register_value=0x2e 4420000 4420000
08-07 16:18:16.521   296   296 W (5)[296:charger_thread][HL7005]dump:  
08-07 16:18:16.521   296   296 W         : (5)[296:charger_thread][0x0]=0xd0
08-07 16:18:16.521   296   296 W         : (5)[296:charger_thread][0x1]=0xb8
08-07 16:18:16.521   296   296 W         : (5)[296:charger_thread][0x2]=0xba
08-07 16:18:16.521   296   296 W         : (5)[296:charger_thread][0x3]=0x54
08-07 16:18:16.521   296   296 W         : (5)[296:charger_thread][0x4]=0x1
08-07 16:18:16.521   296   296 W         : (5)[296:charger_thread][0x5]=0x13
08-07 16:18:16.521   296   296 W         : (5)[296:charger_thread][0x6]=0x8a
08-07 16:18:16.521   296   296 W         : (5)[296:charger_thread][0x7]=0x9
08-07 16:18:16.521     0     0 W         : (5)[296:charger_thread]
08-07 16:18:16.796    36    36 I         : (5)[36:kworker/5:0]MTP, <do_monitor_work(), 1800> IN <1 0 0 0 1 1 0 0 0 >
08-07 16:18:16.796    36    36 I         : (5)[36:kworker/5:0]MTP, <do_monitor_work(), 1805> OUT <0 0 0 0 1 0 0 0 0 >
08-07 16:18:17.443     0     0 I (5)[0:swapper/5]Power/swap DP: No enter --- SODI3: No enter --- SODI: No enter ---
08-07 16:18:17.443     0     0 I (5)[0:swapper/5]mcdi cpu: 165, 0, 0, 5, 418, 379, 395, 198, cluster : 170, 708, pause = 924, multi core = 54, latency = 0, residency = 1, last core = 912, avail cpu = 00ff, cluster = 0003, enabled = 1, max_s_state = 5, system_idle_hint = 00000000
08-07 16:18:17.548   236   236 I         : (4)[236:battery_thread][fg_drv_update_hw_status]=>
08-07 16:18:17.548   236   236 I         : (4)[236:battery_thread][fgauge_read_current] final current=1090 (ratio=920)
08-07 16:18:17.548   236   236 I         : (4)[236:battery_thread][CH3_DBG] bat_cur = -1090
08-07 16:18:17.549   236   236 W -(4)[236:battery_thread]mt635x_auxadc_read_raw: 4 callbacks suppressed
08-07 16:18:17.549   236   236 I (4)[236:battery_thread]mt635x-auxadc mt-pmic: mt635x-auxadc: name:BAT_TEMP, channel=3, adc_out=0x508, adc_result=566
08-07 16:18:17.549   236   236 I         : (4)[236:battery_thread][fgauge_read_current] final current=1090 (ratio=920)
08-07 16:18:17.549   236   236 I         : (4)[236:battery_thread][BattVoltToTemp] 567 16900 1800 1
08-07 16:18:17.549   236   236 I         : (4)[236:battery_thread][force_get_tbat] 566,567,0,109,100,319 r:75 100 0
08-07 16:18:17.549   236   236 I (4)[236:battery_thread][force_get_tbat] t: 31 precise:319
08-07 16:18:17.549   236   236 I         : (4)[236:battery_thread][fg_bat_temp_int_sw_check] tmp 31 lt 65535 ht 65535
08-07 16:18:17.549   236   236 I         : (4)[236:battery_thread][fg_bat_sw_temp_int_l_handler]
08-07 16:18:17.550   236   236 I         : (4)[236:battery_thread][fgauge_read_current] final current=1040 (ratio=920)
08-07 16:18:17.550   236   236 I         : (4)[236:battery_thread][CH3_DBG] bat_cur = -1040
08-07 16:18:17.550   236   236 I (4)[236:battery_thread]mt635x-auxadc mt-pmic: mt635x-auxadc: name:BAT_TEMP, channel=3, adc_out=0x508, adc_result=566
08-07 16:18:17.551   236   236 I         : (4)[236:battery_thread][fgauge_read_current] final current=1040 (ratio=920)
08-07 16:18:17.551   236   236 I         : (4)[236:battery_thread][BattVoltToTemp] 567 16900 1800 1
08-07 16:18:17.551   236   236 I         : (4)[236:battery_thread][force_get_tbat] 566,567,0,104,100,319 r:75 100 0
08-07 16:18:17.551   236   236 I (4)[236:battery_thread][force_get_tbat] t: 31 precise:319
08-07 16:18:17.551   236   236 I         : (4)[236:battery_thread]mtk_battery boot mode =2
08-07 16:18:17.551   236   236 I         : (4)[236:battery_thread][wakeup_fg_algo_recovery] intr_num=0x400
08-07 16:18:17.551   236   236 I         : (4)[236:battery_thread][TempConverBattThermistor] [7769] 30 8315 35 6948 32
08-07 16:18:17.551   236   236 I         : (4)[236:battery_thread][fgauge_read_current] final current=1040 (ratio=920)
08-07 16:18:17.551   236   236 I         : (4)[236:battery_thread][TempToBattVolt] temp 32 R_NTC 7769 V(5668 5650) I 1040 CHG 0
08-07 16:18:17.551   236   236 I         : (4)[236:battery_thread][TempConverBattThermistor] [8315] 25 10000 30 8315 30
08-07 16:18:17.551   236   236 I         : (4)[236:battery_thread][TempToBattVolt] temp 30 R_NTC 8315 V(5935 5917) I 1040 CHG 0
08-07 16:18:17.551   236   236 I         : (4)[236:battery_thread][fg_bat_temp_int_internal][FG_TEMP_INT] T[31] V[65535 65535] C[32 30] h[5917 5650]
08-07 16:18:17.553   236   236 I (4)[236:battery_thread]mt635x-auxadc mt-pmic: mt635x-auxadc: name:BATADC, channel=0, adc_out=0x5926, adc_result=3760
08-07 16:18:17.553   236   236 I         : (4)[236:battery_thread][fgauge_read_current] final current=1058 (ratio=920)
08-07 16:18:17.553   236   236 I         : (4)[236:battery_thread][CH3_DBG] bat_cur = -1058
08-07 16:18:17.554   236   236 I (4)[236:battery_thread]mt635x-auxadc mt-pmic: mt635x-auxadc: name:BAT_TEMP, channel=3, adc_out=0x508, adc_result=566
08-07 16:18:17.554   236   236 I         : (4)[236:battery_thread][fgauge_read_current] final current=1098 (ratio=920)
08-07 16:18:17.554   236   236 I         : (4)[236:battery_thread][BattVoltToTemp] 567 16900 1800 1
08-07 16:18:17.554   236   236 I         : (4)[236:battery_thread][force_get_tbat] 566,567,0,109,100,319 r:75 100 0
08-07 16:18:17.554   236   236 I (4)[236:battery_thread][force_get_tbat] t: 31 precise:319
08-07 16:18:17.554   236   236 I (4)[236:battery_thread][fg_update_sw_iavg]diff time: 20 iavg:-3660
08-07 16:18:17.555   394   394 I         : (4)[394:kworker/4:2][fgauge_read_current] final current=1098 (ratio=920)
08-07 16:18:17.555   236   236 I         : (4)[236:battery_thread][read_boot_battery_plug_out_status] rtc_invalid 0 plugout 1 bat_plug_out_time 31 sp3:0xa6 pl:0 0
08-07 16:18:17.555   236   236 I         : (4)[236:battery_thread][fgauge_read_current] final current=1098 (ratio=920)
08-07 16:18:17.555   236   236 I         : (4)[236:battery_thread][fgauge_read_columb_internal] CAR=-69 r_fg_value=100 car_tune_value=920
08-07 16:18:17.557   236   236 I (7)[236:battery_thread]mt635x-auxadc mt-pmic: mt635x-auxadc: name:BATADC, channel=0, adc_out=0x5914, adc_result=3757
08-07 16:18:17.558   236   236 I         : (7)[236:battery_thread][fgauge_read_current] final current=1217 (ratio=920)
08-07 16:18:17.558   236   236 I         : (7)[236:battery_thread][CH3_DBG] bat_cur = -1217
08-07 16:18:17.559   236   236 I         : (7)[236:battery_thread][fgauge_read_current] final current=1217 (ratio=920)
08-07 16:18:17.559   236   236 I         : (7)[236:battery_thread][BattVoltToTemp] 567 16900 1800 2
08-07 16:18:17.559   236   236 I         : (7)[236:battery_thread][force_get_tbat] 565,567,0,121,100,319 r:75 100 0
08-07 16:18:17.559   236   236 I (7)[236:battery_thread][force_get_tbat] t: 31 precise:319
08-07 16:18:17.559   236   236 I         : (7)[236:battery_thread]lbat 0 0 1 34500
08-07 16:18:17.559   236   236 I (7)[236:battery_thread]car[-69,217,-217,434,-183, cycle_car:-57,ncar:68] c: 0 1098 vbat:3757 vbus:4144 soc:32 38 gm3:0 0 0 0
08-07 16:18:17.559   236   236 I         : (7)[236:battery_thread][fgauge_read_columb_internal] CAR=-69 r_fg_value=100 car_tune_value=920
08-07 16:18:17.559   236   236 I         : (7)[236:battery_thread][fg_bat_nafg][fgauge_get_nafg_cnt] 0 [25_16 0 15_0 0]
08-07 16:18:17.559   236   236 I (7)[236:battery_thread][fg_nafg_monitor]time: 81 nafg_cnt:0, now:81, last_t:0
08-07 16:18:17.559   236   236 I (7)[236:battery_thread]tmp: 31 65535 65535 hcar2:434 lcar2:183 time:81 sw_iavg:-3660 -3660 0 nafg_m:0 0 0
08-07 16:18:17.560   236   236 I         : (7)[236:battery_thread][fgauge_read_columb_internal] CAR=-69 r_fg_value=100 car_tune_value=920
08-07 16:18:17.562   236   236 I         : (7)[236:battery_thread][fgauge_read_current] final current=1384 (ratio=920)
08-07 16:18:17.562   236   236 I         : (7)[236:battery_thread][fgauge_read_current] final current=1384 (ratio=920)
08-07 16:18:17.562   236   236 I         : (7)[236:battery_thread][CH3_DBG] bat_cur = -1384
08-07 16:18:17.563   236   236 I         : (7)[236:battery_thread][fgauge_read_current] final current=1384 (ratio=920)
08-07 16:18:17.563   236   236 I         : (7)[236:battery_thread][BattVoltToTemp] 568 16900 1800 2
08-07 16:18:17.563   236   236 I         : (7)[236:battery_thread][force_get_tbat] 566,568,0,138,100,319 r:75 100 0
08-07 16:18:17.563   236   236 I (7)[236:battery_thread][force_get_tbat] t: 31 precise:319
08-07 16:18:17.563   236   236 I         : (7)[236:battery_thread][fg_is_battery_exist] PMIC_RGS_BATON_UNDET = 1
08-07 16:18:17.563   236   236 I         : (7)[236:battery_thread]GM3log1 81 81 3761 -1384 -3660 27970 -80 31 1 1 212 1 0
08-07 16:18:17.563   236   236 I         : (7)[236:battery_thread]GM3log2 81 0 0 0 0 37622 1127 0 4153
08-07 16:18:17.563   236   236 I         : (7)[236:battery_thread]GM3log3 81 0 36684 -5228 0
08-07 16:18:17.563   236   236 I         : (7)[236:battery_thread]GM3log4 0 38 0 1 31 0 1 1 1 1 32
08-07 16:18:17.563   236   236 I         : (7)[236:battery_thread]GM3log int 81 81 0 0 0 0
08-07 16:18:17.563   236   236 I         : (7)[236:battery_thread]GM3log phone_state 0 0
08-07 16:18:17.563   236   236 I (7)[236:battery_thread]GM3 car: -69 car_diff:-11
08-07 16:18:17.563   236   236 I (7)[236:battery_thread][fg_bat_nafg][fgauge_get_nafg_dltv] mV: Reg [17285:10489]
08-07 16:18:17.564   236   236 I         : (7)[236:battery_thread][fg_bat_nafg][fgauge_get_nafg_cnt] 0 [25_16 0 15_0 0]
08-07 16:18:17.564   236   236 I (7)[236:battery_thread][fg_bat_nafg][fgauge_get_nafg_c_dltv] mV: Reg[0:0][b10:0][26_16(0x0000) 15_00(0x0000)]
08-07 16:18:17.564   236   236 I         : (7)[236:battery_thread]GM3log-nint-nafg 81 81 0 36714 17285 0 0
08-07 16:18:17.564   236   236 I         : (7)[236:battery_thread]mtk_battery boot mode =2
08-07 16:18:17.564   236   236 I         : (7)[236:battery_thread][wakeup_fg_algo_recovery] intr_num=0x2000000
08-07 16:18:17.750     0     0 I         : (7)[305:wdtk-7][wdk-c] cpu=7,lbit=0x80,cbit=0xff,0,1,1763461927,[81783969810,20000000,101782209]
08-07 16:18:17.750     0     0 I         : (7)[305:wdtk-7][thread:305][RT:81784037964] 2022-08-07 16:18:17.748965 UTC;android time 2022-08-07 16:18:17.748965
08-07 16:18:17.752     0     0 I         : (5)[303:wdtk-5][wdk-c] cpu=5,lbit=0xa0,cbit=0xff,0,1,1763461927,[81785990194,19997980,101782209]
08-07 16:18:17.757     0     0 I         : (3)[301:wdtk-3][wdk-c] cpu=3,lbit=0xa8,cbit=0xff,0,1,1763461927,[81790331118,19993639,101782209]
08-07 16:18:17.805     0     0 I         : (6)[304:wdtk-6][wdk-c] cpu=6,lbit=0xe8,cbit=0xff,0,1,1763461927,[81838392579,19945578,101782209]
08-07 16:18:17.820    36    36 I         : (5)[36:kworker/5:0]MTP, <do_monitor_work(), 1800> IN <1 0 0 0 1 1 0 0 0 >
08-07 16:18:17.820    36    36 I         : (5)[36:kworker/5:0]MTP, <do_monitor_work(), 1805> OUT <0 0 0 0 1 0 0 0 0 >
08-07 16:18:17.840     0     0 I         : (4)[302:wdtk-4][wdk-c] cpu=4,lbit=0xf8,cbit=0xff,0,1,1763461927,[81874017195,19909953,101782209]
08-07 16:18:17.848     0     0 I         : (2)[300:wdtk-2][wdk-c] cpu=2,lbit=0xfc,cbit=0xff,0,1,1763461927,[81881682810,19902287,101782209]
08-07 16:18:17.848     0     0 I         : (1)[299:wdtk-1][wdk-c] cpu=1,lbit=0xfe,cbit=0xff,0,1,1763461927,[81881800579,19902169,101782209]
08-07 16:18:17.848     0     0 W         : (0)[298:wdtk-0][wdk-k] cpu=0,lbit=0xff,cbit=0xff,0,1,1763461927,[81881834041,19902136,101782209]
08-07 16:18:18.844    36    36 I         : (5)[36:kworker/5:0]MTP, <do_monitor_work(), 1800> IN <1 0 0 0 1 1 0 0 0 >
08-07 16:18:18.844    36    36 I         : (5)[36:kworker/5:0]MTP, <do_monitor_work(), 1805> OUT <0 0 0 0 1 0 0 0 0 >
08-07 16:18:18.898   107   107 W -(6)[107:dlpt_notify_thr]mt635x_auxadc_read_raw: 5 callbacks suppressed
08-07 16:18:18.898   107   107 I (6)[107:dlpt_notify_thr]mt635x-auxadc mt-pmic: mt635x-auxadc: name:BATADC, channel=0, adc_out=0x593a, adc_result=3764
08-07 16:18:18.900   107   107 I (6)[107:dlpt_notify_thr]mt635x-auxadc mt-pmic: mt635x-auxadc: name:BATADC, channel=0, adc_out=0x592d, adc_result=3762
08-07 16:18:18.900   107   107 I         : (6)[107:dlpt_notify_thr][PBM] [ma_to_mw] 3762(mV) * 2818(mA) = 10601(mW)
08-07 16:18:18.900   107   107 I         : (6)[107:dlpt_notify_thr][DLPT_final] 2818,38,38,1,5500
08-07 16:18:19.133   248   248 I         : (4)[248:kworker/u16:5][fgauge_read_current] final current=1211 (ratio=920)
08-07 16:18:19.133   248   248 I         : (4)[248:kworker/u16:5][CH3_DBG] bat_cur = -1211
08-07 16:18:19.133   248   248 I (4)[248:kworker/u16:5]mt635x-auxadc mt-pmic: mt635x-auxadc: name:BAT_TEMP, channel=3, adc_out=0x509, adc_result=566
08-07 16:18:19.133   248   248 I         : (4)[248:kworker/u16:5][fgauge_read_current] final current=1179 (ratio=920)
08-07 16:18:19.134   248   248 I         : (4)[248:kworker/u16:5][BattVoltToTemp] 568 16900 1800 2
08-07 16:18:19.134   248   248 I         : (4)[248:kworker/u16:5][force_get_tbat] 566,568,0,117,100,319 r:75 100 0
08-07 16:18:19.134   248   248 I (4)[248:kworker/u16:5][force_get_tbat] t: 31 precise:319
08-07 16:18:19.389   247   247 I (6)[247:kworker/u16:4]mt635x-auxadc mt-pmic: mt635x-auxadc: name:VPROC_TEMP, channel=4, adc_out=0x5e3, adc_result=662
08-07 16:18:19.389   248   248 I (4)[248:kworker/u16:5]mt635x-auxadc mt-pmic: mt635x-auxadc: name:VCORE_TEMP, channel=4, adc_out=0x5f0, adc_result=667
08-07 16:18:19.868    36    36 I         : (5)[36:kworker/5:0]MTP, <do_monitor_work(), 1800> IN <1 0 0 0 1 1 0 0 0 >
08-07 16:18:19.868    36    36 I         : (5)[36:kworker/5:0]MTP, <do_monitor_work(), 1805> OUT <0 0 0 0 1 0 0 0 0 >
08-07 16:18:20.282     0     0 I -(7)[0:swapper/7]Power/swap CNT(dpidle): [0] = (0), [1] = (0), [2] = (0), [3] = (0), [4] = (0), [5] = (0), [6] = (0), [7] = (0),
08-07 16:18:20.282     0     0 I -(7)[0:swapper/7]Power/swap dpidle_block_cnt: [BY_FRM] = 5279,
08-07 16:18:20.282     0     0 I -(7)[0:swapper/7]Power/swap dpidle_block_mask: 0x00000000, 0x00000000, 0x00000000, 0x00000000, 0x00000000, 0x00000000, idle_pll_block_mask: 0x00000000
08-07 16:18:20.282     0     0 I -(7)[0:swapper/7][resource_req_block] user: 0x4, 0x0
08-07 16:18:20.892    36    36 I         : (5)[36:kworker/5:0]MTP, <do_monitor_work(), 1800> IN <1 0 0 0 1 1 0 0 0 >
08-07 16:18:20.892    36    36 I         : (5)[36:kworker/5:0]MTP, <do_monitor_work(), 1805> OUT <0 0 0 0 1 0 0 0 0 >
08-07 16:18:20.924   226   226 I         : (4)[226:mtk_io_boost]failed to open task file, ret=-2
08-07 16:18:21.019     0     0 I         : -(7)[0:swapper/7]tick broadcast enter counter cpu: 175, 1, 1, 5, 458, 450, 382, 248, success counter cpu: 0, 0, 0, 0, 56, 42, 30, 3, fail counter cpu: 0, 0, 0, 0, 0, 0, 0, 0, interrupt counter cpu: 2, 0, 1, 5, 382, 391, 346, 215, o: 0-6, p: , f: 7, t:  101340000000, 101882227927, 86492000000, 85788000000, 85059582696, 85053241465, 85052307850, 85050882004,
08-07 16:18:21.380   337   337 I         : (4)[337:recovery][fgauge_read_current] final current=1110 (ratio=920)
08-07 16:18:21.380   337   337 I         : (4)[337:recovery][CH3_DBG] bat_cur = -1110
08-07 16:18:21.381   337   337 I (4)[337:recovery]mt635x-auxadc mt-pmic: mt635x-auxadc: name:BAT_TEMP, channel=3, adc_out=0x509, adc_result=566
08-07 16:18:21.381   337   337 I         : (4)[337:recovery][fgauge_read_current] final current=1110 (ratio=920)
08-07 16:18:21.381   337   337 I         : (4)[337:recovery][BattVoltToTemp] 567 16900 1800 1
08-07 16:18:21.381   337   337 I         : (4)[337:recovery][force_get_tbat] 566,567,0,111,100,319 r:75 100 0
08-07 16:18:21.381   337   337 I (4)[337:recovery][force_get_tbat] t: 31 precise:319
08-07 16:18:21.916    36    36 I         : (5)[36:kworker/5:0]MTP, <do_monitor_work(), 1800> IN <1 0 0 0 1 1 0 0 0 >
08-07 16:18:21.916    36    36 I         : (5)[36:kworker/5:0]MTP, <do_monitor_work(), 1805> OUT <0 0 0 0 1 0 0 0 0 >
08-07 16:18:22.443     0     0 I (7)[0:swapper/7]Power/swap DP: No enter --- SODI3: No enter --- SODI: No enter ---
08-07 16:18:22.447     0     0 I (5)[0:swapper/5]mcdi cpu: 174, 1, 1, 5, 456, 455, 373, 306, cluster : 179, 874, pause = 1140, multi core = 70, latency = 0, residency = 1, last core = 1122, avail cpu = 00ff, cluster = 0003, enabled = 1, max_s_state = 5, system_idle_hint = 00000000
08-07 16:18:22.460   247   247 I (4)[247:kworker/u16:4][SCP] scp_ipi_send: SCP A not ready
08-07 16:18:22.460   247   247 E         : (4)[247:kworker/u16:4][sensorHub] scp_ipi_send fail
08-07 16:18:22.460   243   243 E         : (2)[243:kworker/2:2][sensorHub] scp_sensorHub_req_send fail!
08-07 16:18:22.940    36    36 I         : (5)[36:kworker/5:0]MTP, <do_monitor_work(), 1800> IN <1 0 0 0 1 1 0 0 0 >
08-07 16:18:22.940    36    36 I         : (5)[36:kworker/5:0]MTP, <do_monitor_work(), 1805> OUT <0 0 0 0 1 0 0 0 0 >
08-07 16:18:23.964    36    36 I         : (5)[36:kworker/5:0]MTP, <do_monitor_work(), 1800> IN <1 0 0 0 1 1 0 0 0 >
08-07 16:18:23.964    36    36 I         : (5)[36:kworker/5:0]MTP, <do_monitor_work(), 1805> OUT <0 0 0 0 1 0 0 0 0 >
08-07 16:18:24.253   248   248 I         : (5)[248:kworker/u16:5][fgauge_read_current] final current=1280 (ratio=920)
08-07 16:18:24.253   248   248 I         : (5)[248:kworker/u16:5][CH3_DBG] bat_cur = -1280
08-07 16:18:24.253   248   248 I (5)[248:kworker/u16:5]mt635x-auxadc mt-pmic: mt635x-auxadc: name:BAT_TEMP, channel=3, adc_out=0x509, adc_result=566
08-07 16:18:24.254   248   248 I         : (5)[248:kworker/u16:5][fgauge_read_current] final current=1280 (ratio=920)
08-07 16:18:24.254   248   248 I         : (5)[248:kworker/u16:5][BattVoltToTemp] 568 16900 1800 2
08-07 16:18:24.254   248   248 I         : (5)[248:kworker/u16:5][force_get_tbat] 566,568,0,128,100,319 r:75 100 0
08-07 16:18:24.254   248   248 I (5)[248:kworker/u16:5][force_get_tbat] t: 31 precise:319
08-07 16:18:24.509   247   247 I (5)[247:kworker/u16:4]mt635x-auxadc mt-pmic: mt635x-auxadc: name:VCORE_TEMP, channel=4, adc_out=0x5f0, adc_result=667
08-07 16:18:24.509   248   248 I (4)[248:kworker/u16:5]mt635x-auxadc mt-pmic: mt635x-auxadc: name:VPROC_TEMP, channel=4, adc_out=0x5e3, adc_result=662
08-07 16:18:24.988    36    36 I         : (5)[36:kworker/5:0]MTP, <do_monitor_work(), 1800> IN <1 0 0 0 1 1 0 0 0 >
08-07 16:18:24.988    36    36 I         : (5)[36:kworker/5:0]MTP, <do_monitor_work(), 1805> OUT <0 0 0 0 1 0 0 0 0 >
08-07 16:18:25.286     0     0 I -(6)[0:swapper/6]Power/swap CNT(soidle): [0] = (0), [1] = (0), [2] = (0), [3] = (0), [4] = (0), [5] = (0), [6] = (0), [7] = (0),
08-07 16:18:25.286     0     0 I -(6)[0:swapper/6]Power/swap soidle_block_cnt: [BY_FRM] = 5541,
08-07 16:18:25.286     0     0 I -(6)[0:swapper/6]Power/swap soidle_block_mask: 0x00000000, 0x00000000, 0x00000000, 0x00000000, 0x00000000, 0x00000000, idle_pll_block_mask: 0x00000000
08-07 16:18:25.286     0     0 I -(6)[0:swapper/6][resource_req_block] user: 0x4, 0x0
08-07 16:18:26.012    36    36 I         : (5)[36:kworker/5:0]MTP, <do_monitor_work(), 1800> IN <1 0 0 0 1 1 0 0 0 >
08-07 16:18:26.012    36    36 I         : (5)[36:kworker/5:0]MTP, <do_monitor_work(), 1805> OUT <0 0 0 0 1 0 0 0 0 >
08-07 16:18:26.020     0     0 I         : -(5)[0:swapper/5]tick broadcast enter counter cpu: 172, 0, 2, 5, 427, 458, 374, 407, success counter cpu: 0, 0, 1, 0, 20, 27, 19, 13, fail counter cpu: 0, 0, 0, 0, 0, 0, 0, 0, interrupt counter cpu: 0, 0, 2, 4, 349, 383, 339, 381, o: 0-3,6-7, p: , f: , t:  101340000000, 101882227927, 93148000000, 90780000000, 90056000000, 90060000000, 90052403081, 90059313773,
08-07 16:18:26.511     0     0 I -(4)[0:swapper/4]mtk_charger_alarm_timer_func: not suspend, wake up charger
08-07 16:18:26.511   296   296 I         : (5)[296:charger_thread][fgauge_read_current] final current=1069 (ratio=920)
08-07 16:18:26.513   296   296 I (5)[296:charger_thread]mt635x-auxadc mt-pmic: mt635x-auxadc: name:ISENSE, channel=0, adc_out=0x593c, adc_result=3764
08-07 16:18:26.515   296   296 I         : (5)[296:charger_thread][MDRT_ADC] OLD = 0x3411, NOW = 0x340c, CNT = 0
08-07 16:18:26.515   296   296 I (5)[296:charger_thread]mt635x-auxadc mt-pmic: mt635x-auxadc: name:BATADC, channel=0, adc_out=0x5937, adc_result=3763
08-07 16:18:26.517   296   296 I (5)[296:charger_thread]mt635x-auxadc mt-pmic: mt635x-auxadc: name:BATADC, channel=0, adc_out=0x5930, adc_result=3762
08-07 16:18:26.517   296   296 I (5)[296:charger_thread]mt635x-auxadc mt-pmic: mt635x-auxadc: name:VCDT, channel=2, adc_out=0x3e8, adc_result=439
08-07 16:18:26.518   296   296 I         : (5)[296:charger_thread][fgauge_read_current] final current=1364 (ratio=920)
08-07 16:18:26.518   296   296 I         : (5)[296:charger_thread][CH3_DBG] bat_cur = -1364
08-07 16:18:26.518   296   296 I (5)[296:charger_thread]mt635x-auxadc mt-pmic: mt635x-auxadc: name:BAT_TEMP, channel=3, adc_out=0x507, adc_result=565
08-07 16:18:26.519   296   296 I         : (5)[296:charger_thread][fgauge_read_current] final current=1173 (ratio=920)
08-07 16:18:26.519   296   296 I         : (5)[296:charger_thread][BattVoltToTemp] 567 16900 1800 2
08-07 16:18:26.519   296   296 I         : (5)[296:charger_thread][force_get_tbat] 565,567,0,117,100,319 r:75 100 0
08-07 16:18:26.519   296   296 I (5)[296:charger_thread][force_get_tbat] t: 31 precise:319
08-07 16:18:26.519   296   296 I (5)[296:charger_thread]Vbat=3762,Ibat=-1069,I=17,VChr=4153,T=31,Soc=32: 38,CT:1:1 hv:1 pd:0:0
08-07 16:18:26.519   296   296 I (5)[296:charger_thread]mtk_charger_start_timer: alarm timer start:0, 100 550787312
08-07 16:18:26.519   296   296 I         : -(5)[296:charger_thread]alarmtimer_enqueue, 100550787312
08-07 16:18:26.519   296   296 I         : (5)[296:charger_thread][fgauge_read_current] final current=1173 (ratio=920)
08-07 16:18:26.519   296   296 I         : (5)[296:charger_thread][CH3_DBG] bat_cur = -1173
08-07 16:18:26.520   296   296 I         : (5)[296:charger_thread][fgauge_read_current] final current=1173 (ratio=920)
08-07 16:18:26.520   296   296 I         : (5)[296:charger_thread][BattVoltToTemp] 568 16900 1800 2
08-07 16:18:26.520   296   296 I         : (5)[296:charger_thread][force_get_tbat] 566,568,0,117,100,319 r:75 100 0
08-07 16:18:26.520   296   296 I (5)[296:charger_thread][force_get_tbat] t: 31 precise:319
08-07 16:18:26.520   296   296 I         : (5)[296:charger_thread][fg_is_battery_exist] PMIC_RGS_BATON_UNDET = 1
08-07 16:18:26.520   296   296 I chatty  : uid=1036(auditd) identical 1 line
08-07 16:18:26.520   296   296 I         : (5)[296:charger_thread][fg_is_battery_exist] PMIC_RGS_BATON_UNDET = 1
08-07 16:18:26.521   296   296 I (5)[296:charger_thread]tmp: 31 (jeita:0 sm:0 cv:0 en:0) (sm:1) en:1 c:0 s:0 ov:0 1 1
08-07 16:18:26.521   296   296 I         : (5)[296:charger_thread]info->chr_type =1
08-07 16:18:26.521   296   296 I         : (5)[296:charger_thread]mtk_switch_charging_run [1 0], timer=30
08-07 16:18:26.522   296   296 I         : (5)[296:charger_thread][fgauge_read_current] final current=1156 (ratio=920)
08-07 16:18:26.522   296   296 I         : (5)[296:charger_thread][CH3_DBG] bat_cur = -1156
08-07 16:18:26.522   296   296 I         : (5)[296:charger_thread][fgauge_read_current] final current=1245 (ratio=920)
08-07 16:18:26.523   296   296 I         : (5)[296:charger_thread][BattVoltToTemp] 568 16900 1800 2
08-07 16:18:26.523   296   296 I         : (5)[296:charger_thread][force_get_tbat] 566,568,0,124,100,319 r:75 100 0
08-07 16:18:26.523   296   296 I (5)[296:charger_thread][force_get_tbat] t: 31 precise:319
08-07 16:18:26.523   296   296 I (5)[296:charger_thread]pe40_ready: 0 hv:1 thermal:-1,-1 tmp:31,39,16 pps:0 en:0 ibus:0 80
08-07 16:18:26.523   296   296 W         : (5)[296:charger_thread]PRIZE master  charge current 500000:500000
08-07 16:18:26.523   296   296 I (5)[296:charger_thread]force: 0 thermal:-1,-1 pe4:-1,-1,0 setting:500 500 type:1 usb_unlimited:0 usbif:0 usbsm:2 aicl:-1 atm:0
08-07 16:18:26.523   296   296 I         : (5)[296:charger_thread]Can't find closest level
08-07 16:18:26.526   296   296 I         : (5)[296:charger_thread]charging_set_cv_voltage register_value=0x2e 4420000 4420000
08-07 16:18:26.529   296   296 W (5)[296:charger_thread][HL7005]dump:  
08-07 16:18:26.529   296   296 W         : (5)[296:charger_thread][0x0]=0xd0
08-07 16:18:26.529   296   296 W         : (5)[296:charger_thread][0x1]=0xb8
08-07 16:18:26.529   296   296 W         : (5)[296:charger_thread][0x2]=0xba
08-07 16:18:26.529   296   296 W         : (5)[296:charger_thread][0x3]=0x54
08-07 16:18:26.529   296   296 W         : (5)[296:charger_thread][0x4]=0x1
08-07 16:18:26.529   296   296 W         : (5)[296:charger_thread][0x5]=0x13
08-07 16:18:26.529   296   296 W         : (5)[296:charger_thread][0x6]=0x8a
08-07 16:18:26.529   296   296 W         : (5)[296:charger_thread][0x7]=0x9
08-07 16:18:26.529     0     0 W         : (5)[296:charger_thread]
08-07 16:18:27.036    36    36 I         : (5)[36:kworker/5:0]MTP, <do_monitor_work(), 1800> IN <1 0 0 0 1 1 0 0 0 >
08-07 16:18:27.036    36    36 I         : (5)[36:kworker/5:0]MTP, <do_monitor_work(), 1805> OUT <0 0 0 0 1 0 0 0 0 >
08-07 16:18:27.393   337   337 I         : (4)[337:recovery][fgauge_read_current] final current=1196 (ratio=920)
08-07 16:18:27.393   337   337 I         : (4)[337:recovery][CH3_DBG] bat_cur = -1196
08-07 16:18:27.394   337   337 I         : (4)[337:recovery][fgauge_read_current] final current=1101 (ratio=920)
08-07 16:18:27.394   337   337 I         : (4)[337:recovery][BattVoltToTemp] 567 16900 1800 1
08-07 16:18:27.394   337   337 I         : (4)[337:recovery][force_get_tbat] 566,567,0,110,100,319 r:75 100 0
08-07 16:18:27.394   337   337 I (4)[337:recovery][force_get_tbat] t: 31 precise:319
08-07 16:18:27.449     0     0 I (5)[0:swapper/5]Power/swap DP: No enter --- SODI3: No enter --- SODI: No enter ---
08-07 16:18:27.449     0     0 I (5)[0:swapper/5]mcdi cpu: 176, 0, 2, 5, 373, 449, 493, 412, cluster : 182, 993, pause = 1302, multi core = 87, latency = 0, residency = 2, last core = 1288, avail cpu = 00ff, cluster = 0003, enabled = 1, max_s_state = 5, system_idle_hint = 00000000
08-07 16:18:27.564   236   236 I         : (7)[236:battery_thread][fg_drv_update_hw_status]=>
08-07 16:18:27.564   236   236 I         : (7)[236:battery_thread][fgauge_read_current] final current=1179 (ratio=920)
08-07 16:18:27.564   236   236 I         : (7)[236:battery_thread][CH3_DBG] bat_cur = -1179
08-07 16:18:27.565   236   236 I (7)[236:battery_thread]BAT_TEMP_PREV: 566,BAT_TEMP:565,VBIF28:1795
08-07 16:18:27.565   236   236 W -(7)[236:battery_thread]mt635x_auxadc_read_raw: 5 callbacks suppressed
08-07 16:18:27.565   236   236 I (7)[236:battery_thread]mt635x-auxadc mt-pmic: mt635x-auxadc: name:BAT_TEMP, channel=3, adc_out=0x507, adc_result=565
08-07 16:18:27.566   236   236 I         : (7)[236:battery_thread][fgauge_read_current] final current=1275 (ratio=920)
08-07 16:18:27.566   236   236 I         : (7)[236:battery_thread][BattVoltToTemp] 567 16900 1800 2
08-07 16:18:27.566   236   236 I         : (7)[236:battery_thread][force_get_tbat] 565,567,0,127,100,319 r:75 100 0
08-07 16:18:27.566   236   236 I (7)[236:battery_thread][force_get_tbat] t: 31 precise:319
08-07 16:18:27.566   236   236 I         : (7)[236:battery_thread][fg_bat_temp_int_sw_check] tmp 31 lt 65535 ht 65535
08-07 16:18:27.566   236   236 I         : (7)[236:battery_thread][fg_bat_sw_temp_int_l_handler]
08-07 16:18:27.566   236   236 I         : (7)[236:battery_thread][fgauge_read_current] final current=1275 (ratio=920)
08-07 16:18:27.566   236   236 I         : (7)[236:battery_thread][CH3_DBG] bat_cur = -1275
08-07 16:18:27.567   236   236 I (7)[236:battery_thread]mt635x-auxadc mt-pmic: mt635x-auxadc: name:BAT_TEMP, channel=3, adc_out=0x509, adc_result=566
08-07 16:18:27.567   236   236 I         : (7)[236:battery_thread][fgauge_read_current] final current=1275 (ratio=920)
08-07 16:18:27.567   236   236 I         : (7)[236:battery_thread][BattVoltToTemp] 568 16900 1800 2
08-07 16:18:27.567   236   236 I         : (7)[236:battery_thread][force_get_tbat] 566,568,0,127,100,319 r:75 100 0
08-07 16:18:27.567   236   236 I (7)[236:battery_thread][force_get_tbat] t: 31 precise:319
08-07 16:18:27.567   236   236 I         : (7)[236:battery_thread]mtk_battery boot mode =2
08-07 16:18:27.567   236   236 I         : (7)[236:battery_thread][wakeup_fg_algo_recovery] intr_num=0x400
08-07 16:18:27.567   236   236 I         : (7)[236:battery_thread][TempConverBattThermistor] [7769] 30 8315 35 6948 32
08-07 16:18:27.567   236   236 I         : (7)[236:battery_thread][fgauge_read_current] final current=1127 (ratio=920)
08-07 16:18:27.567   236   236 I         : (7)[236:battery_thread][TempToBattVolt] temp 32 R_NTC 7769 V(5668 5649) I 1127 CHG 0
08-07 16:18:27.567   236   236 I         : (7)[236:battery_thread][TempConverBattThermistor] [8315] 25 10000 30 8315 30
08-07 16:18:27.567   236   236 I         : (7)[236:battery_thread][TempToBattVolt] temp 30 R_NTC 8315 V(5935 5916) I 1127 CHG 0
08-07 16:18:27.567   236   236 I         : (7)[236:battery_thread][fg_bat_temp_int_internal][FG_TEMP_INT] T[31] V[65535 65535] C[32 30] h[5916 5649]
08-07 16:18:27.569   236   236 I (6)[236:battery_thread]mt635x-auxadc mt-pmic: mt635x-auxadc: name:BATADC, channel=0, adc_out=0x5915, adc_result=3758
08-07 16:18:27.570   236   236 I         : (6)[236:battery_thread][fgauge_read_current] final current=1234 (ratio=920)
08-07 16:18:27.570   236   236 I         : (6)[236:battery_thread][CH3_DBG] bat_cur = -1234
08-07 16:18:27.570   236   236 I (6)[236:battery_thread]mt635x-auxadc mt-pmic: mt635x-auxadc: name:BAT_TEMP, channel=3, adc_out=0x507, adc_result=565
08-07 16:18:27.571   236   236 I         : (6)[236:battery_thread][fgauge_read_current] final current=1234 (ratio=920)
08-07 16:18:27.571   236   236 I         : (6)[236:battery_thread][BattVoltToTemp] 567 16900 1800 2
08-07 16:18:27.571   236   236 I         : (6)[236:battery_thread][force_get_tbat] 565,567,0,123,100,319 r:75 100 0
08-07 16:18:27.571   236   236 I (6)[236:battery_thread][force_get_tbat] t: 31 precise:319
08-07 16:18:27.571   236   236 I (6)[236:battery_thread][fg_update_sw_iavg]diff time: 30 iavg:-3660
08-07 16:18:27.571   245   245 I         : (6)[245:kworker/6:1][fgauge_read_current] final current=1205 (ratio=920)
08-07 16:18:27.571   236   236 I         : (6)[236:battery_thread][read_boot_battery_plug_out_status] rtc_invalid 0 plugout 1 bat_plug_out_time 31 sp3:0xa6 pl:0 0
08-07 16:18:27.572   236   236 I         : (6)[236:battery_thread][fgauge_read_current] final current=1205 (ratio=920)
08-07 16:18:27.572   236   236 I         : (6)[236:battery_thread][fgauge_read_columb_internal] CAR=-71 r_fg_value=100 car_tune_value=920
08-07 16:18:27.574   236   236 I (6)[236:battery_thread]mt635x-auxadc mt-pmic: mt635x-auxadc: name:BATADC, channel=0, adc_out=0x591e, adc_result=3759
08-07 16:18:27.576   236   236 I         : (6)[236:battery_thread][fgauge_read_current] final current=1349 (ratio=920)
08-07 16:18:27.576   236   236 I         : (6)[236:battery_thread][CH3_DBG] bat_cur = -1349
08-07 16:18:27.577   236   236 I         : (6)[236:battery_thread][fgauge_read_current] final current=1381 (ratio=920)
08-07 16:18:27.577   236   236 I         : (6)[236:battery_thread][BattVoltToTemp] 568 16900 1800 2
08-07 16:18:27.577   236   236 I         : (6)[236:battery_thread][force_get_tbat] 566,568,0,138,100,319 r:75 100 0
08-07 16:18:27.577   236   236 I (6)[236:battery_thread][force_get_tbat] t: 31 precise:319
08-07 16:18:27.577   236   236 I         : (6)[236:battery_thread]lbat 0 0 1 34500
08-07 16:18:27.577   236   236 I (6)[236:battery_thread]car[-71,217,-217,434,-183, cycle_car:-57,ncar:68] c: 0 1205 vbat:3759 vbus:4144 soc:32 38 gm3:0 0 0 0
08-07 16:18:27.577   236   236 I         : (6)[236:battery_thread][fgauge_read_columb_internal] CAR=-71 r_fg_value=100 car_tune_value=920
08-07 16:18:27.577   236   236 I         : (6)[236:battery_thread][fg_bat_nafg][fgauge_get_nafg_cnt] 0 [25_16 0 15_0 0]
08-07 16:18:27.577   236   236 I (6)[236:battery_thread][fg_nafg_monitor]time: 91 nafg_cnt:0, now:91, last_t:0
08-07 16:18:27.577   236   236 I (6)[236:battery_thread]tmp: 31 65535 65535 hcar2:434 lcar2:183 time:91 sw_iavg:-3660 -3660 0 nafg_m:0 0 0
08-07 16:18:27.578   236   236 I         : (6)[236:battery_thread][fgauge_read_columb_internal] CAR=-71 r_fg_value=100 car_tune_value=920
08-07 16:18:27.580   236   236 I         : (6)[236:battery_thread][fgauge_read_current] final current=1468 (ratio=920)
08-07 16:18:27.580   236   236 I         : (6)[236:battery_thread][fgauge_read_current] final current=1468 (ratio=920)
08-07 16:18:27.580   236   236 I         : (6)[236:battery_thread][CH3_DBG] bat_cur = -1468
08-07 16:18:27.581   236   236 I         : (6)[236:battery_thread][fgauge_read_current] final current=1349 (ratio=920)
08-07 16:18:27.581   236   236 I         : (6)[236:battery_thread][BattVoltToTemp] 568 16900 1800 2
08-07 16:18:27.581   236   236 I         : (6)[236:battery_thread][force_get_tbat] 566,568,0,134,100,319 r:75 100 0
08-07 16:18:27.581   236   236 I (6)[236:battery_thread][force_get_tbat] t: 31 precise:319
08-07 16:18:27.581   236   236 I         : (6)[236:battery_thread][fg_is_battery_exist] PMIC_RGS_BATON_UNDET = 1
08-07 16:18:27.581   236   236 I         : (6)[236:battery_thread]GM3log1 91 91 3762 -1468 -3660 28180 -82 31 1 1 212 1 0
08-07 16:18:27.582   236   236 I         : (6)[236:battery_thread]GM3log2 91 0 0 0 0 37622 1127 0 4144
08-07 16:18:27.582   236   236 I         : (6)[236:battery_thread]GM3log3 91 0 36684 -5228 0
08-07 16:18:27.582   236   236 I         : (6)[236:battery_thread]GM3log4 0 38 0 1 31 0 1 1 1 1 32
08-07 16:18:27.582   236   236 I         : (6)[236:battery_thread]GM3log int 91 91 0 0 0 0
08-07 16:18:27.582   236   236 I         : (6)[236:battery_thread]GM3log phone_state 0 0
08-07 16:18:27.582   236   236 I (6)[236:battery_thread]GM3 car: -71 car_diff:-11
08-07 16:18:27.582   236   236 I (6)[236:battery_thread][fg_bat_nafg][fgauge_get_nafg_dltv] mV: Reg [17285:10489]
08-07 16:18:27.582   236   236 I         : (6)[236:battery_thread][fg_bat_nafg][fgauge_get_nafg_cnt] 0 [25_16 0 15_0 0]
08-07 16:18:27.582   236   236 I (6)[236:battery_thread][fg_bat_nafg][fgauge_get_nafg_c_dltv] mV: Reg[0:0][b10:0][26_16(0x0000) 15_00(0x0000)]
08-07 16:18:27.582   236   236 I         : (6)[236:battery_thread]GM3log-nint-nafg 91 91 0 36714 17285 0 0
08-07 16:18:27.582   236   236 I         : (6)[236:battery_thread]mtk_battery boot mode =2
08-07 16:18:27.582   236   236 I         : (6)[236:battery_thread][wakeup_fg_algo_recovery] intr_num=0x2000000
08-07 16:18:28.060    36    36 I         : (5)[36:kworker/5:0]MTP, <do_monitor_work(), 1800> IN <1 0 0 0 1 1 0 0 0 >
08-07 16:18:28.060    36    36 I         : (5)[36:kworker/5:0]MTP, <do_monitor_work(), 1805> OUT <0 0 0 0 1 0 0 0 0 >
08-07 16:18:29.084    36    36 I         : (5)[36:kworker/5:0]MTP, <do_monitor_work(), 1800> IN <1 0 0 0 1 1 0 0 0 >
08-07 16:18:29.084    36    36 I         : (5)[36:kworker/5:0]MTP, <do_monitor_work(), 1805> OUT <0 0 0 0 1 0 0 0 0 >
08-07 16:18:29.330   107   107 W -(5)[107:dlpt_notify_thr]mt635x_auxadc_read_raw: 5 callbacks suppressed
08-07 16:18:29.330   107   107 I (5)[107:dlpt_notify_thr]mt635x-auxadc mt-pmic: mt635x-auxadc: name:BATADC, channel=0, adc_out=0x5933, adc_result=3763
08-07 16:18:29.332   107   107 I (5)[107:dlpt_notify_thr]mt635x-auxadc mt-pmic: mt635x-auxadc: name:BATADC, channel=0, adc_out=0x594c, adc_result=3767
08-07 16:18:29.332   107   107 I         : (5)[107:dlpt_notify_thr][PBM] [ma_to_mw] 3767(mV) * 2814(mA) = 10600(mW)
08-07 16:18:29.332   107   107 I         : (5)[107:dlpt_notify_thr][DLPT_final] 2814,38,38,1,5500
08-07 16:18:29.372   248   248 I         : (4)[248:kworker/u16:5][fgauge_read_current] final current=1081 (ratio=920)
08-07 16:18:29.373   248   248 I         : (4)[248:kworker/u16:5][CH3_DBG] bat_cur = -1081
08-07 16:18:29.373   248   248 I (5)[248:kworker/u16:5]mt635x-auxadc mt-pmic: mt635x-auxadc: name:BAT_TEMP, channel=3, adc_out=0x507, adc_result=565
08-07 16:18:29.373   248   248 I         : (5)[248:kworker/u16:5][fgauge_read_current] final current=1081 (ratio=920)
08-07 16:18:29.374   248   248 I         : (5)[248:kworker/u16:5][BattVoltToTemp] 566 16900 1800 1
08-07 16:18:29.374   248   248 I         : (5)[248:kworker/u16:5][force_get_tbat] 565,566,0,108,100,320 r:75 100 0
08-07 16:18:29.374   248   248 I (5)[248:kworker/u16:5][force_get_tbat] t: 32 precise:320
08-07 16:18:29.629   241   241 I (5)[241:kworker/u16:3]mt635x-auxadc mt-pmic: mt635x-auxadc: name:VPROC_TEMP, channel=4, adc_out=0x5e3, adc_result=662
08-07 16:18:29.629   248   248 I (6)[248:kworker/u16:5]mt635x-auxadc mt-pmic: mt635x-auxadc: name:VCORE_TEMP, channel=4, adc_out=0x5f0, adc_result=667
08-07 16:18:30.108    36    36 I         : (5)[36:kworker/5:0]MTP, <do_monitor_work(), 1800> IN <1 0 0 0 1 1 0 0 0 >
08-07 16:18:30.108    36    36 I         : (5)[36:kworker/5:0]MTP, <do_monitor_work(), 1805> OUT <0 0 0 0 1 0 0 0 0 >
08-07 16:18:31.021     0     0 I         : -(0)[0:swapper/0]tick broadcast enter counter cpu: 172, 0, 1, 5, 369, 517, 318, 348, success counter cpu: 0, 0, 0, 0, 15, 56, 15, 15, fail counter cpu: 0, 0, 0, 0, 0, 0, 0, 0, interrupt counter cpu: 0, 0, 1, 5, 310, 450, 286, 323, o: 1-7, p: , f: , t:  101340000000, 101882227927, 96732000000, 95804000000, 95058608543, 95061895235, 95056498850, 95071831850,
08-07 16:18:31.132    36    36 I         : (5)[36:kworker/5:0]MTP, <do_monitor_work(), 1800> IN <1 0 0 0 1 1 0 0 0 >
08-07 16:18:31.132    36    36 I         : (5)[36:kworker/5:0]MTP, <do_monitor_work(), 1805> OUT <0 0 0 0 1 0 0 0 0 >
08-07 16:18:32.156    36    36 I         : (5)[36:kworker/5:0]MTP, <do_monitor_work(), 1800> IN <1 0 0 0 1 1 0 0 0 >
08-07 16:18:32.156    36    36 I         : (5)[36:kworker/5:0]MTP, <do_monitor_work(), 1805> OUT <0 0 0 0 1 0 0 0 0 >
08-07 16:18:32.452     0     0 I (5)[0:swapper/5]Power/swap DP: No enter --- SODI3: No enter --- SODI: No enter ---
08-07 16:18:32.452     0     0 I (4)[0:swapper/4]mcdi cpu: 168, 0, 1, 5, 422, 505, 272, 286, cluster : 174, 812, pause = 1059, multi core = 69, latency = 0, residency = 1, last core = 1037, avail cpu = 00ff, cluster = 0003, enabled = 1, max_s_state = 5, system_idle_hint = 00000000
08-07 16:18:32.701   241   241 I (5)[241:kworker/u16:3][SCP] scp_ipi_send: SCP A not ready
08-07 16:18:32.701   241   241 E         : (5)[241:kworker/u16:3][sensorHub] scp_ipi_send fail
08-07 16:18:32.701   243   243 E         : (2)[243:kworker/2:2][sensorHub] scp_sensorHub_req_send fail!
08-07 16:18:33.180    36    36 I         : (5)[36:kworker/5:0]MTP, <do_monitor_work(), 1800> IN <1 0 0 0 1 1 0 0 0 >
08-07 16:18:33.181    36    36 I         : (5)[36:kworker/5:0]MTP, <do_monitor_work(), 1805> OUT <0 0 0 0 1 0 0 0 0 >
08-07 16:18:33.404   337   337 I         : (4)[337:recovery][fgauge_read_current] final current=1257 (ratio=920)
08-07 16:18:33.404   337   337 I         : (4)[337:recovery][CH3_DBG] bat_cur = -1257
08-07 16:18:33.404   337   337 I (4)[337:recovery]mt635x-auxadc mt-pmic: mt635x-auxadc: name:BAT_TEMP, channel=3, adc_out=0x508, adc_result=566
08-07 16:18:33.404   337   337 I         : (4)[337:recovery][fgauge_read_current] final current=1257 (ratio=920)
08-07 16:18:33.404   337   337 I         : (4)[337:recovery][BattVoltToTemp] 568 16900 1800 2
